
 Start  Stop   Length Name               Class

 00000H 0AC2EH 0AC2FH _TEXT              CODE
 0AC2FH 1631BH 0B6EDH APP_MAIN_TEXT      CODE
 16320H 19F79H 03C5AH _BGI_TEXT          CODE
 19F80H 1A547H 005C8H E87_PROG           CODE
 1A550H 1A550H 00000H _FARDATA           FAR_DATA
 1A550H 22331H 07DE2H APP_MAIN_DATA      FAR_DATA
 22332H 22332H 00000H ATOF_DATA          FAR_DATA
 22332H 22355H 00024H HUGEVAL_DATA       FAR_DATA
 22356H 22356H 00000H LDTRUNC_DATA       FAR_DATA
 22356H 22398H 00043H MATHWHY_DATA       FAR_DATA
 2239AH 2239AH 00000H REALCVT_DATA       FAR_DATA
 2239AH 223B1H 00018H SCANTOD_DATA       FAR_DATA
 223B2H 223B2H 00000H STRTOD_DATA        FAR_DATA
 223B2H 223B2H 00000H XCVT_DATA          FAR_DATA
 223B2H 2244BH 0009AH FPERR_DATA         FAR_DATA
 2244CH 2244CH 00000H FPRESET_DATA       FAR_DATA
 2244CH 224CBH 00080H _POW10_DATA        FAR_DATA
 224CCH 224CCH 00000H POW10D_DATA        FAR_DATA
 224CCH 224CCH 00000H MATHERR_DATA       FAR_DATA
 224CCH 224D8H 0000DH SQRT_DATA          FAR_DATA
 224DAH 224E9H 00010H POW_DATA           FAR_DATA
 224EAH 224F5H 0000CH SIN_DATA           FAR_DATA
 224F6H 22503H 0000EH _MATHERR_DATA      FAR_DATA
 22504H 2250FH 0000CH COS_DATA           FAR_DATA
 22510H 22521H 00012H ACOSASIN_DATA      FAR_DATA
 22530H 22531H 00002H FSBDTR5_DATA       FAR_DATA
 22540H 22555H 00016H STDTR5_DATA        FAR_DATA
 22560H 22560H 00000H _FARBSS            FAR_BSS
 22560H 22560H 00000H _OVERLAY_          OVRINFO
 22560H 22560H 00000H _1STUB_            STUBSEG
 22560H 233B3H 00E54H _DATA              DATA
 233B4H 233B7H 00004H _CVTSEG            DATA
 233B8H 233C3H 0000CH _SCNSEG            DATA
 233C4H 233C4H 00000H GRAPH              DATA
 233C4H 233C4H 00000H _CONST             CONST
 233C4H 233F3H 00030H _INIT_             INITDATA
 233F4H 233F4H 00000H _INITEND_          INITDATA
 233F4H 2340BH 00018H _EXIT_             EXITDATA
 2340CH 2340CH 00000H _EXITEND_          EXITDATA
 23410H 2351FH 00110H _STACK             STACK


Detailed map of segments

 0000:0000 0257 C=CODE   S=_TEXT          G=(none)  M=C0.ASM     ACBP=28
 0000:0257 020E C=CODE   S=_TEXT          G=(none)  M=FP87INIT   ACBP=28
 0000:0465 0000 C=CODE   S=_TEXT          G=(none)  M=E87TRAP    ACBP=28
 0000:0465 0000 C=CODE   S=_TEXT          G=(none)  M=PROTFLAG   ACBP=28
 0000:0465 0000 C=CODE   S=_TEXT          G=(none)  M=DEFLT87    ACBP=28
 0000:0465 001E C=CODE   S=_TEXT          G=(none)  M=ATOF       ACBP=28
 0000:0483 0000 C=CODE   S=_TEXT          G=(none)  M=HUGEVAL    ACBP=28
 0000:0483 00A7 C=CODE   S=_TEXT          G=(none)  M=LDTRUNC    ACBP=28
 0000:052A 0000 C=CODE   S=_TEXT          G=(none)  M=MATHWHY    ACBP=28
 0000:052A 01D2 C=CODE   S=_TEXT          G=(none)  M=REALCVT    ACBP=28
 0000:06FC 03BD C=CODE   S=_TEXT          G=(none)  M=SCANTOD    ACBP=28
 0000:0AB9 00FA C=CODE   S=_TEXT          G=(none)  M=STRTOD     ACBP=28
 0000:0BB3 020F C=CODE   S=_TEXT          G=(none)  M=XCVT       ACBP=28
 0000:0DC2 00D2 C=CODE   S=_TEXT          G=(none)  M=FPERR      ACBP=28
 0000:0E94 000F C=CODE   S=_TEXT          G=(none)  M=FPRESET    ACBP=28
 0000:0EA3 00D5 C=CODE   S=_TEXT          G=(none)  M=_POW10     ACBP=28
 0000:0F78 0012 C=CODE   S=_TEXT          G=(none)  M=POW10D     ACBP=28
 0000:0F8A 0031 C=CODE   S=_TEXT          G=(none)  M=MATHERR    ACBP=28
 0000:0FBB 0049 C=CODE   S=_TEXT          G=(none)  M=SQRT       ACBP=28
 0000:1004 0214 C=CODE   S=_TEXT          G=(none)  M=POW        ACBP=28
 0000:1218 005D C=CODE   S=_TEXT          G=(none)  M=SIN        ACBP=28
 0000:1275 00C0 C=CODE   S=_TEXT          G=(none)  M=_MATHERR   ACBP=28
 0000:1335 005D C=CODE   S=_TEXT          G=(none)  M=COS        ACBP=28
 0000:1392 0154 C=CODE   S=_TEXT          G=(none)  M=ACOSASIN   ACBP=28
 0000:14E6 002C C=CODE   S=_TEXT          G=(none)  M=FFTOL      ACBP=28
 0000:1512 002C C=CODE   S=_TEXT          G=(none)  M=NFTOL      ACBP=28
 0000:153E 0034 C=CODE   S=_TEXT          G=(none)  M=ATEXIT     ACBP=28
 0000:1572 0000 C=CODE   S=_TEXT          G=(none)  M=CTYPE      ACBP=28
 0000:1572 0019 C=CODE   S=_TEXT          G=(none)  M=DEL        ACBP=28
 0000:158B 0169 C=CODE   S=_TEXT          G=(none)  M=DOSENV     ACBP=28
 0000:16F4 004B C=CODE   S=_TEXT          G=(none)  M=DOSFATTR   ACBP=28
 0000:173F 006E C=CODE   S=_TEXT          G=(none)  M=DOSFIND    ACBP=28
 0000:17AD 0044 C=CODE   S=_TEXT          G=(none)  M=DOSGDATE   ACBP=28
 0000:17F1 00D0 C=CODE   S=_TEXT          G=(none)  M=EXIT       ACBP=28
 0000:18C1 0000 C=CODE   S=_TEXT          G=(none)  M=FILES      ACBP=28
 0000:18C1 0000 C=CODE   S=_TEXT          G=(none)  M=FILES2     ACBP=28
 0000:18C1 0000 C=CODE   S=_TEXT          G=(none)  M=FMODE      ACBP=28
 0000:18C1 0000 C=CODE   S=_TEXT          G=(none)  M=FPSTKLEN   ACBP=28
 0000:18C1 0017 C=CODE   S=_TEXT          G=(none)  M=F_LXMUL    ACBP=28
 0000:18D8 001C C=CODE   S=_TEXT          G=(none)  M=F_SCOPY    ACBP=28
 0000:18F4 0034 C=CODE   S=_TEXT          G=(none)  M=GETDATE    ACBP=28
 0000:1928 0025 C=CODE   S=_TEXT          G=(none)  M=GETSWIT    ACBP=28
 0000:194D 002E C=CODE   S=_TEXT          G=(none)  M=GETVECT    ACBP=28
 0000:197B 00AE C=CODE   S=_TEXT          G=(none)  M=H_LDIV     ACBP=28
 0000:1A29 0021 C=CODE   S=_TEXT          G=(none)  M=H_LLSH     ACBP=28
 0000:1A4A 0020 C=CODE   S=_TEXT          G=(none)  M=H_LRSH     ACBP=28
 0000:1A6A 0088 C=CODE   S=_TEXT          G=(none)  M=H_PADA     ACBP=28
 0000:1AF2 0060 C=CODE   S=_TEXT          G=(none)  M=H_PADD     ACBP=28
 0000:1B52 0027 C=CODE   S=_TEXT          G=(none)  M=H_SPUSH    ACBP=28
 0000:1B79 005F C=CODE   S=_TEXT          G=(none)  M=IOERROR    ACBP=28
 0000:1BD8 0018 C=CODE   S=_TEXT          G=(none)  M=ISATTY     ACBP=28
 0000:1BF0 00B0 C=CODE   S=_TEXT          G=(none)  M=LONGTOA    ACBP=28
 0000:1CA0 0036 C=CODE   S=_TEXT          G=(none)  M=LSEEK      ACBP=28
 0000:1CD6 00C2 C=CODE   S=_TEXT          G=(none)  M=MKNAME     ACBP=28
 0000:1D98 007A C=CODE   S=_TEXT          G=(none)  M=NEW        ACBP=28
 0000:1E12 0065 C=CODE   S=_TEXT          G=(none)  M=NEWF       ACBP=28
 0000:1E77 0017 C=CODE   S=_TEXT          G=(none)  M=N_LXMUL    ACBP=28
 0000:1E8E 0021 C=CODE   S=_TEXT          G=(none)  M=N_PCMP     ACBP=28
 0000:1EAF 0045 C=CODE   S=_TEXT          G=(none)  M=RAND       ACBP=28
 0000:1EF4 003C C=CODE   S=_TEXT          G=(none)  M=READA      ACBP=28
 0000:1F30 001F C=CODE   S=_TEXT          G=(none)  M=REMOVE     ACBP=28
 0000:1F4F 050D C=CODE   S=_TEXT          G=(none)  M=SCANNER    ACBP=28
 0000:245C 01E0 C=CODE   S=_TEXT          G=(none)  M=SCANTOL    ACBP=28
 0000:263C 002A C=CODE   S=_TEXT          G=(none)  M=SEGREAD    ACBP=28
 0000:2666 00FB C=CODE   S=_TEXT          G=(none)  M=SETUPIO    ACBP=28
 0000:2761 0000 C=CODE   S=_TEXT          G=(none)  M=SIGDATA    ACBP=28
 0000:2761 0000 C=CODE   S=_TEXT          G=(none)  M=STKLEN     ACBP=28
 0000:2761 001F C=CODE   S=_TEXT          G=(none)  M=TELL       ACBP=28
 0000:2780 001F C=CODE   S=_TEXT          G=(none)  M=UNLINK     ACBP=28
 0000:279F 019C C=CODE   S=_TEXT          G=(none)  M=VDELF      ACBP=28
 0000:293B 01F1 C=CODE   S=_TEXT          G=(none)  M=VNEWF      ACBP=28
 0000:2B2C 04CB C=CODE   S=_TEXT          G=(none)  M=VPRINTER   ACBP=28
 0000:2FF7 00C5 C=CODE   S=_TEXT          G=(none)  M=VRAM       ACBP=28
 0000:30BC 0000 C=CODE   S=_TEXT          G=(none)  M=WSCROLL    ACBP=28
 0000:30BC 003B C=CODE   S=_TEXT          G=(none)  M=_STPCPY    ACBP=28
 0000:30F7 002C C=CODE   S=_TEXT          G=(none)  M=BIOS_KEY   ACBP=28
 0000:3123 0051 C=CODE   S=_TEXT          G=(none)  M=CLRSCR     ACBP=28
 0000:3174 00AD C=CODE   S=_TEXT          G=(none)  M=COLOR      ACBP=28
 0000:3221 01B3 C=CODE   S=_TEXT          G=(none)  M=CPRINTF    ACBP=28
 0000:33D4 01DC C=CODE   S=_TEXT          G=(none)  M=CRTINIT    ACBP=28
 0000:35B0 0024 C=CODE   S=_TEXT          G=(none)  M=CVTFAK     ACBP=28
 0000:35D4 00B9 C=CODE   S=_TEXT          G=(none)  M=DELAY      ACBP=28
 0000:368D 0432 C=CODE   S=_TEXT          G=(none)  M=FARHEAP    ACBP=28
 0000:3ABF 01BF C=CODE   S=_TEXT          G=(none)  M=FBRK       ACBP=28
 0000:3C7E 0098 C=CODE   S=_TEXT          G=(none)  M=GETCH      ACBP=28
 0000:3D16 0015 C=CODE   S=_TEXT          G=(none)  M=GEXIT      ACBP=28
 0000:3D2B 0019 C=CODE   S=_TEXT          G=(none)  M=GFREEMEM   ACBP=28
 0000:3D44 0015 C=CODE   S=_TEXT          G=(none)  M=GGETMEM    ACBP=28
 0000:3D59 006F C=CODE   S=_TEXT          G=(none)  M=GOTOXY     ACBP=28
 0000:3DC8 00A7 C=CODE   S=_TEXT          G=(none)  M=GPTEXT     ACBP=28
 0000:3E6F 00D8 C=CODE   S=_TEXT          G=(none)  M=INT86      ACBP=28
 0000:3F47 0030 C=CODE   S=_TEXT          G=(none)  M=IOCTL      ACBP=28
 0000:3F77 0019 C=CODE   S=_TEXT          G=(none)  M=KBHIT      ACBP=28
 0000:3F90 00A4 C=CODE   S=_TEXT          G=(none)  M=MOVETEXT   ACBP=28
 0000:4034 001C C=CODE   S=_TEXT          G=(none)  M=PUTCH      ACBP=28
 0000:4050 000A C=CODE   S=_TEXT          G=(none)  M=REALCVT    ACBP=28
 0000:405A 001E C=CODE   S=_TEXT          G=(none)  M=SCANTOD    ACBP=28
 0000:4078 020C C=CODE   S=_TEXT          G=(none)  M=SCREEN     ACBP=28
 0000:4284 01B4 C=CODE   S=_TEXT          G=(none)  M=SCROLL     ACBP=28
 0000:4438 0023 C=CODE   S=_TEXT          G=(none)  M=SETBLOCK   ACBP=28
 0000:445B 0058 C=CODE   S=_TEXT          G=(none)  M=SETENVP    ACBP=28
 0000:44B3 0078 C=CODE   S=_TEXT          G=(none)  M=SETJMP     ACBP=28
 0000:452B 0453 C=CODE   S=_TEXT          G=(none)  M=SIGNAL     ACBP=28
 0000:497E 0070 C=CODE   S=_TEXT          G=(none)  M=SLEEP      ACBP=28
 0000:49EE 0041 C=CODE   S=_TEXT          G=(none)  M=SOUND      ACBP=28
 0000:4A2F 00D0 C=CODE   S=_TEXT          G=(none)  M=SPAWN      ACBP=28
 0000:4AFF 01B2 C=CODE   S=_TEXT          G=(none)  M=SYSTEM     ACBP=28
 0000:4CB1 0038 C=CODE   S=_TEXT          G=(none)  M=TEXTMODE   ACBP=28
 0000:4CE9 004D C=CODE   S=_TEXT          G=(none)  M=WHEREXY    ACBP=28
 0000:4D36 0099 C=CODE   S=_TEXT          G=(none)  M=ATOL       ACBP=28
 0000:4DCF 0024 C=CODE   S=_TEXT          G=(none)  M=CHMODA     ACBP=28
 0000:4DF3 003B C=CODE   S=_TEXT          G=(none)  M=CLOSE      ACBP=28
 0000:4E2E 002B C=CODE   S=_TEXT          G=(none)  M=CLOSEA     ACBP=28
 0000:4E59 0089 C=CODE   S=_TEXT          G=(none)  M=EOF        ACBP=28
 0000:4EE2 00B2 C=CODE   S=_TEXT          G=(none)  M=FCLOSE     ACBP=28
 0000:4F94 00D4 C=CODE   S=_TEXT          G=(none)  M=FFLUSH     ACBP=28
 0000:5068 00A3 C=CODE   S=_TEXT          G=(none)  M=FGETS      ACBP=28
 0000:510B 0051 C=CODE   S=_TEXT          G=(none)  M=FLUSHALL   ACBP=28
 0000:515C 023C C=CODE   S=_TEXT          G=(none)  M=FOPEN      ACBP=28
 0000:5398 0023 C=CODE   S=_TEXT          G=(none)  M=FPRINTF    ACBP=28
 0000:53BB 004F C=CODE   S=_TEXT          G=(none)  M=FPUTS      ACBP=28
 0000:540A 0190 C=CODE   S=_TEXT          G=(none)  M=FREAD      ACBP=28
 0000:559A 002B C=CODE   S=_TEXT          G=(none)  M=FSCANF     ACBP=28
 0000:55C5 016F C=CODE   S=_TEXT          G=(none)  M=FSEEK      ACBP=28
 0000:5734 0092 C=CODE   S=_TEXT          G=(none)  M=FWRITE     ACBP=28
 0000:57C6 01F0 C=CODE   S=_TEXT          G=(none)  M=GETC       ACBP=28
 0000:59B6 007C C=CODE   S=_TEXT          G=(none)  M=GETENV     ACBP=28
 0000:5A32 0027 C=CODE   S=_TEXT          G=(none)  M=MEMCPY     ACBP=28
 0000:5A59 01CC C=CODE   S=_TEXT          G=(none)  M=OPEN       ACBP=28
 0000:5C25 005C C=CODE   S=_TEXT          G=(none)  M=OPENA      ACBP=28
 0000:5C81 0025 C=CODE   S=_TEXT          G=(none)  M=PRINTF     ACBP=28
 0000:5CA6 03F3 C=CODE   S=_TEXT          G=(none)  M=PUTC       ACBP=28
 0000:6099 00EF C=CODE   S=_TEXT          G=(none)  M=READ       ACBP=28
 0000:6188 0003 C=CODE   S=_TEXT          G=(none)  M=READU      ACBP=28
 0000:618B 0024 C=CODE   S=_TEXT          G=(none)  M=RENAME     ACBP=28
 0000:61AF 002D C=CODE   S=_TEXT          G=(none)  M=SCANF      ACBP=28
 0000:61DC 0129 C=CODE   S=_TEXT          G=(none)  M=SETVBUF    ACBP=28
 0000:6305 0098 C=CODE   S=_TEXT          G=(none)  M=SPRINTF    ACBP=28
 0000:639D 0096 C=CODE   S=_TEXT          G=(none)  M=SSCANF     ACBP=28
 0000:6433 0044 C=CODE   S=_TEXT          G=(none)  M=STRCAT     ACBP=28
 0000:6477 0033 C=CODE   S=_TEXT          G=(none)  M=STRCMP     ACBP=28
 0000:64AA 002E C=CODE   S=_TEXT          G=(none)  M=STRCPY     ACBP=28
 0000:64D8 011F C=CODE   S=_TEXT          G=(none)  M=STRDATE    ACBP=28
 0000:65F7 0026 C=CODE   S=_TEXT          G=(none)  M=STRLEN     ACBP=28
 0000:661D 0036 C=CODE   S=_TEXT          G=(none)  M=STRNCPY    ACBP=28
 0000:6653 0050 C=CODE   S=_TEXT          G=(none)  M=TMPFILE    ACBP=28
 0000:66A3 001D C=CODE   S=_TEXT          G=(none)  M=TMPNAM     ACBP=28
 0000:66C0 0075 C=CODE   S=_TEXT          G=(none)  M=UNGETC     ACBP=28
 0000:6735 016E C=CODE   S=_TEXT          G=(none)  M=WRITE      ACBP=28
 0000:68A3 004F C=CODE   S=_TEXT          G=(none)  M=WRITEA     ACBP=28
 0000:68F2 0003 C=CODE   S=_TEXT          G=(none)  M=WRITEU     ACBP=28
 0000:68F5 0048 C=CODE   S=_TEXT          G=(none)  M=XFCLOSE    ACBP=28
 0000:693D 0041 C=CODE   S=_TEXT          G=(none)  M=XFFLUSH    ACBP=28
 0000:697E 0252 C=CODE   S=_TEXT          G=(none)  M=IOSTSTD    ACBP=28
 0000:6BD0 0030 C=CODE   S=_TEXT          G=(none)  M=OSTENDL    ACBP=28
 0000:6C00 00AE C=CODE   S=_TEXT          G=(none)  M=FSBCLOSE   ACBP=28
 0000:6CAE 011C C=CODE   S=_TEXT          G=(none)  M=FSBCTR1    ACBP=28
 0000:6DCA 011D C=CODE   S=_TEXT          G=(none)  M=FSBCTR2    ACBP=28
 0000:6EE7 00A2 C=CODE   S=_TEXT          G=(none)  M=FSBDTR     ACBP=28
 0000:6F89 0187 C=CODE   S=_TEXT          G=(none)  M=FSBOFLOW   ACBP=28
 0000:7110 0166 C=CODE   S=_TEXT          G=(none)  M=FSBOPEN    ACBP=28
 0000:7276 00C3 C=CODE   S=_TEXT          G=(none)  M=FSBSBUF    ACBP=28
 0000:7339 01BC C=CODE   S=_TEXT          G=(none)  M=FSBSKOFF   ACBP=28
 0000:74F5 010A C=CODE   S=_TEXT          G=(none)  M=FSBSYNC    ACBP=28
 0000:75FF 01EA C=CODE   S=_TEXT          G=(none)  M=FSBUFLOW   ACBP=28
 0000:77E9 0045 C=CODE   S=_TEXT          G=(none)  M=FSCLOSE    ACBP=28
 0000:782E 00AF C=CODE   S=_TEXT          G=(none)  M=FSCTR1     ACBP=28
 0000:78DD 00CC C=CODE   S=_TEXT          G=(none)  M=FSCTR2     ACBP=28
 0000:79A9 008E C=CODE   S=_TEXT          G=(none)  M=FSDTR      ACBP=28
 0000:7A37 006D C=CODE   S=_TEXT          G=(none)  M=FSOPEN     ACBP=28
 0000:7AA4 00FC C=CODE   S=_TEXT          G=(none)  M=IOFSCTR1   ACBP=28
 0000:7BA0 0108 C=CODE   S=_TEXT          G=(none)  M=IOFSCTR2   ACBP=28
 0000:7CA8 00D9 C=CODE   S=_TEXT          G=(none)  M=IOFSDTR    ACBP=28
 0000:7D81 00D3 C=CODE   S=_TEXT          G=(none)  M=IOSTCTR2   ACBP=28
 0000:7E54 00BA C=CODE   S=_TEXT          G=(none)  M=IOSTDTR1   ACBP=28
 0000:7F0E 0027 C=CODE   S=_TEXT          G=(none)  M=ISTASN2    ACBP=28
 0000:7F35 008E C=CODE   S=_TEXT          G=(none)  M=ISTCTR1    ACBP=28
 0000:7FC3 0097 C=CODE   S=_TEXT          G=(none)  M=ISTCTR4    ACBP=28
 0000:805A 009B C=CODE   S=_TEXT          G=(none)  M=ISTDGET    ACBP=28
 0000:80F5 00C2 C=CODE   S=_TEXT          G=(none)  M=ISTDIPFX   ACBP=28
 0000:81B7 0078 C=CODE   S=_TEXT          G=(none)  M=ISTDTR1    ACBP=28
 0000:822F 0089 C=CODE   S=_TEXT          G=(none)  M=ISTDTR2    ACBP=28
 0000:82B8 00DD C=CODE   S=_TEXT          G=(none)  M=ISTEATWH   ACBP=28
 0000:8395 0092 C=CODE   S=_TEXT          G=(none)  M=ISTEDBL    ACBP=28
 0000:8427 0041 C=CODE   S=_TEXT          G=(none)  M=ISTEINT    ACBP=28
 0000:8468 0785 C=CODE   S=_TEXT          G=(none)  M=ISTELDBL   ACBP=28
 0000:8BED 0585 C=CODE   S=_TEXT          G=(none)  M=ISTELNG    ACBP=28
 0000:9172 00F1 C=CODE   S=_TEXT          G=(none)  M=ISTGSCHR   ACBP=28
 0000:9263 00F1 C=CODE   S=_TEXT          G=(none)  M=ISTGUCHR   ACBP=28
 0000:9354 0113 C=CODE   S=_TEXT          G=(none)  M=ISTREAD    ACBP=28
 0000:9467 0060 C=CODE   S=_TEXT          G=(none)  M=ISTSKOFF   ACBP=28
 0000:94C7 068A C=CODE   S=_TEXT          G=(none)  M=OSTFLOAT   ACBP=28
 0000:9B51 0027 C=CODE   S=_TEXT          G=(none)  M=OSTASN2    ACBP=28
 0000:9B78 0085 C=CODE   S=_TEXT          G=(none)  M=OSTCTR1    ACBP=28
 0000:9BFD 0097 C=CODE   S=_TEXT          G=(none)  M=OSTCTR3    ACBP=28
 0000:9C94 0085 C=CODE   S=_TEXT          G=(none)  M=OSTDTR1    ACBP=28
 0000:9D19 0089 C=CODE   S=_TEXT          G=(none)  M=OSTDTR2    ACBP=28
 0000:9DA2 0045 C=CODE   S=_TEXT          G=(none)  M=OSTFLUSH   ACBP=28
 0000:9DE7 00D7 C=CODE   S=_TEXT          G=(none)  M=OSTISCHR   ACBP=28
 0000:9EBE 003A C=CODE   S=_TEXT          G=(none)  M=OSTOPFX    ACBP=28
 0000:9EF8 005B C=CODE   S=_TEXT          G=(none)  M=OSTOSFX    ACBP=28
 0000:9F53 031A C=CODE   S=_TEXT          G=(none)  M=OSTOUTST   ACBP=28
 0000:A26D 0060 C=CODE   S=_TEXT          G=(none)  M=OSTSKOFF   ACBP=28
 0000:A2CD 0053 C=CODE   S=_TEXT          G=(none)  M=OSTWRITE   ACBP=28
 0000:A320 0051 C=CODE   S=_TEXT          G=(none)  M=STBALC     ACBP=28
 0000:A371 00D4 C=CODE   S=_TEXT          G=(none)  M=STBCTR1    ACBP=28
 0000:A445 0034 C=CODE   S=_TEXT          G=(none)  M=STBDNEXT   ACBP=28
 0000:A479 00B7 C=CODE   S=_TEXT          G=(none)  M=STBDSGTN   ACBP=28
 0000:A530 00A9 C=CODE   S=_TEXT          G=(none)  M=STBDSPTN   ACBP=28
 0000:A5D9 007C C=CODE   S=_TEXT          G=(none)  M=STBDTR     ACBP=28
 0000:A655 000F C=CODE   S=_TEXT          G=(none)  M=STBOFLOW   ACBP=28
 0000:A664 000F C=CODE   S=_TEXT          G=(none)  M=STBPBFL    ACBP=28
 0000:A673 0033 C=CODE   S=_TEXT          G=(none)  M=STBSBUF    ACBP=28
 0000:A6A6 00B6 C=CODE   S=_TEXT          G=(none)  M=STBSETB    ACBP=28
 0000:A75C 0071 C=CODE   S=_TEXT          G=(none)  M=STBSETG    ACBP=28
 0000:A7CD 0053 C=CODE   S=_TEXT          G=(none)  M=STBSETP    ACBP=28
 0000:A820 0012 C=CODE   S=_TEXT          G=(none)  M=STBSKOFF   ACBP=28
 0000:A832 002B C=CODE   S=_TEXT          G=(none)  M=STBSKPOS   ACBP=28
 0000:A85D 007D C=CODE   S=_TEXT          G=(none)  M=STBSPUTN   ACBP=28
 0000:A8DA 0053 C=CODE   S=_TEXT          G=(none)  M=STBSYNC    ACBP=28
 0000:A92D 003A C=CODE   S=_TEXT          G=(none)  M=STBUFLOW   ACBP=28
 0000:A967 0041 C=CODE   S=_TEXT          G=(none)  M=STCLEAR    ACBP=28
 0000:A9A8 004C C=CODE   S=_TEXT          G=(none)  M=STCTR1     ACBP=28
 0000:A9F4 0057 C=CODE   S=_TEXT          G=(none)  M=STDTR      ACBP=28
 0000:AA4B 005B C=CODE   S=_TEXT          G=(none)  M=STINIT     ACBP=28
 0000:AAA6 00EB C=CODE   S=_TEXT          G=(none)  M=STSETF1    ACBP=28
 0000:AB91 002D C=CODE   S=_TEXT          G=(none)  M=STSETST    ACBP=28
 0000:ABBE 0071 C=CODE   S=_TEXT          G=(none)  M=STTIE      ACBP=28
 0AC2:000F B6ED C=CODE   S=APP_MAIN_TEXT  G=(none)  M=MY_APP\APP_MAIN.CPP ACBP=28
 1632:0000 188F C=CODE   S=_BGI_TEXT      G=(none)  M=GRAPHC     ACBP=28
 1632:188F 0A27 C=CODE   S=_BGI_TEXT      G=(none)  M=GRAPH      ACBP=28
 1632:22C0 199A C=CODE   S=_BGI_TEXT      G=(none)  M=BGIOVR     ACBP=68
 19F8:0000 0000 C=CODE   S=E87_PROG       G=(none)  M=FP87INIT   ACBP=68
 19F8:0000 03E3 C=CODE   S=E87_PROG       G=(none)  M=EMU087     ACBP=68
 19F8:03F0 01D8 C=CODE   S=E87_PROG       G=(none)  M=E87TRAP    ACBP=68
 1A55:0000 0000 C=FAR_DATA S=_FARDATA       G=(none)  M=C0.ASM     ACBP=68
 1A55:0000 7DE2 C=FAR_DATA S=APP_MAIN_DATA  G=(none)  M=MY_APP\APP_MAIN.CPP ACBP=48
 2233:0002 0000 C=FAR_DATA S=ATOF_DATA      G=(none)  M=ATOF       ACBP=48
 2233:0002 0024 C=FAR_DATA S=HUGEVAL_DATA   G=(none)  M=HUGEVAL    ACBP=48
 2235:0006 0000 C=FAR_DATA S=LDTRUNC_DATA   G=(none)  M=LDTRUNC    ACBP=48
 2235:0006 0043 C=FAR_DATA S=MATHWHY_DATA   G=(none)  M=MATHWHY    ACBP=48
 2239:000A 0000 C=FAR_DATA S=REALCVT_DATA   G=(none)  M=REALCVT    ACBP=48
 2239:000A 0018 C=FAR_DATA S=SCANTOD_DATA   G=(none)  M=SCANTOD    ACBP=48
 223B:0002 0000 C=FAR_DATA S=STRTOD_DATA    G=(none)  M=STRTOD     ACBP=48
 223B:0002 0000 C=FAR_DATA S=XCVT_DATA      G=(none)  M=XCVT       ACBP=48
 223B:0002 009A C=FAR_DATA S=FPERR_DATA     G=(none)  M=FPERR      ACBP=48
 2244:000C 0000 C=FAR_DATA S=FPRESET_DATA   G=(none)  M=FPRESET    ACBP=48
 2244:000C 0080 C=FAR_DATA S=_POW10_DATA    G=(none)  M=_POW10     ACBP=48
 224C:000C 0000 C=FAR_DATA S=POW10D_DATA    G=(none)  M=POW10D     ACBP=48
 224C:000C 0000 C=FAR_DATA S=MATHERR_DATA   G=(none)  M=MATHERR    ACBP=48
 224C:000C 000D C=FAR_DATA S=SQRT_DATA      G=(none)  M=SQRT       ACBP=48
 224D:000A 0010 C=FAR_DATA S=POW_DATA       G=(none)  M=POW        ACBP=48
 224E:000A 000C C=FAR_DATA S=SIN_DATA       G=(none)  M=SIN        ACBP=48
 224F:0006 000E C=FAR_DATA S=_MATHERR_DATA  G=(none)  M=_MATHERR   ACBP=48
 2250:0004 000C C=FAR_DATA S=COS_DATA       G=(none)  M=COS        ACBP=48
 2251:0000 0012 C=FAR_DATA S=ACOSASIN_DATA  G=(none)  M=ACOSASIN   ACBP=48
 2253:0000 0002 C=FAR_DATA S=FSBDTR5_DATA   G=(none)  M=FSBDTR     ACBP=68
 2254:0000 0016 C=FAR_DATA S=STDTR5_DATA    G=(none)  M=STDTR      ACBP=68
 2256:0000 0000 C=FAR_BSS S=_FARBSS        G=(none)  M=C0.ASM     ACBP=68
 2256:0000 0000 C=OVRINFO S=_OVERLAY_      G=(none)  M=C0.ASM     ACBP=68
 2256:0000 0000 C=STUBSEG S=_1STUB_        G=(none)  M=C0.ASM     ACBP=68
 2256:0000 0091 C=DATA   S=_DATA          G=DGROUP  M=C0.ASM     ACBP=68
 2256:0092 0006 C=DATA   S=_DATA          G=DGROUP  M=GLOAD      ACBP=48
 2256:0098 065B C=DATA   S=_DATA          G=DGROUP  M=GRAPHC     ACBP=48
 2256:06F4 000B C=DATA   S=_DATA          G=DGROUP  M=GRAPH      ACBP=48
 2256:0700 0002 C=DATA   S=_DATA          G=DGROUP  M=FP87INIT   ACBP=68
 2256:0710 0000 C=DATA   S=_DATA          G=DGROUP  M=E87TRAP    ACBP=68
 2256:0710 0003 C=DATA   S=_DATA          G=DGROUP  M=PROTFLAG   ACBP=48
 2256:0714 0002 C=DATA   S=_DATA          G=DGROUP  M=DEFLT87    ACBP=48
 2256:0716 0000 C=DATA   S=_DATA          G=DGROUP  M=FFTOL      ACBP=48
 2256:0716 0000 C=DATA   S=_DATA          G=DGROUP  M=NFTOL      ACBP=48
 2256:0716 0082 C=DATA   S=_DATA          G=DGROUP  M=ATEXIT     ACBP=48
 2256:0798 0101 C=DATA   S=_DATA          G=DGROUP  M=CTYPE      ACBP=48
 2256:089A 0000 C=DATA   S=_DATA          G=DGROUP  M=DEL        ACBP=48
 2256:089A 0000 C=DATA   S=_DATA          G=DGROUP  M=DOSENV     ACBP=48
 2256:089A 0000 C=DATA   S=_DATA          G=DGROUP  M=DOSFATTR   ACBP=48
 2256:089A 0000 C=DATA   S=_DATA          G=DGROUP  M=DOSFIND    ACBP=48
 2256:089A 0000 C=DATA   S=_DATA          G=DGROUP  M=DOSGDATE   ACBP=48
 2256:089A 000C C=DATA   S=_DATA          G=DGROUP  M=EXIT       ACBP=48
 2256:08A6 0190 C=DATA   S=_DATA          G=DGROUP  M=FILES      ACBP=48
 2256:0A36 002A C=DATA   S=_DATA          G=DGROUP  M=FILES2     ACBP=48
 2256:0A60 0004 C=DATA   S=_DATA          G=DGROUP  M=FMODE      ACBP=48
 2256:0A64 0002 C=DATA   S=_DATA          G=DGROUP  M=FPSTKLEN   ACBP=48
 2256:0A66 0000 C=DATA   S=_DATA          G=DGROUP  M=F_LXMUL    ACBP=48
 2256:0A66 0000 C=DATA   S=_DATA          G=DGROUP  M=F_SCOPY    ACBP=48
 2256:0A66 0000 C=DATA   S=_DATA          G=DGROUP  M=GETDATE    ACBP=48
 2256:0A66 0000 C=DATA   S=_DATA          G=DGROUP  M=GETSWIT    ACBP=48
 2256:0A66 0000 C=DATA   S=_DATA          G=DGROUP  M=GETVECT    ACBP=48
 2256:0A66 0000 C=DATA   S=_DATA          G=DGROUP  M=H_LDIV     ACBP=48
 2256:0A66 0000 C=DATA   S=_DATA          G=DGROUP  M=H_LLSH     ACBP=48
 2256:0A66 0000 C=DATA   S=_DATA          G=DGROUP  M=H_LRSH     ACBP=48
 2256:0A66 0000 C=DATA   S=_DATA          G=DGROUP  M=H_PADA     ACBP=48
 2256:0A66 0000 C=DATA   S=_DATA          G=DGROUP  M=H_PADD     ACBP=48
 2256:0A66 0000 C=DATA   S=_DATA          G=DGROUP  M=H_SPUSH    ACBP=48
 2256:0A66 005B C=DATA   S=_DATA          G=DGROUP  M=IOERROR    ACBP=48
 2256:0AC2 0000 C=DATA   S=_DATA          G=DGROUP  M=ISATTY     ACBP=48
 2256:0AC2 0000 C=DATA   S=_DATA          G=DGROUP  M=LONGTOA    ACBP=48
 2256:0AC2 0000 C=DATA   S=_DATA          G=DGROUP  M=LSEEK      ACBP=48
 2256:0AC2 0016 C=DATA   S=_DATA          G=DGROUP  M=MKNAME     ACBP=48
 2256:0AD8 0004 C=DATA   S=_DATA          G=DGROUP  M=NEW        ACBP=48
 2256:0ADC 0000 C=DATA   S=_DATA          G=DGROUP  M=NEWF       ACBP=48
 2256:0ADC 0000 C=DATA   S=_DATA          G=DGROUP  M=N_LXMUL    ACBP=48
 2256:0ADC 0000 C=DATA   S=_DATA          G=DGROUP  M=N_PCMP     ACBP=48
 2256:0ADC 0004 C=DATA   S=_DATA          G=DGROUP  M=RAND       ACBP=48
 2256:0AE0 0000 C=DATA   S=_DATA          G=DGROUP  M=READA      ACBP=48
 2256:0AE0 0000 C=DATA   S=_DATA          G=DGROUP  M=REMOVE     ACBP=48
 2256:0AE0 0080 C=DATA   S=_DATA          G=DGROUP  M=SCANNER    ACBP=48
 2256:0B60 0000 C=DATA   S=_DATA          G=DGROUP  M=SCANTOL    ACBP=48
 2256:0B60 0000 C=DATA   S=_DATA          G=DGROUP  M=SEGREAD    ACBP=48
 2256:0B60 0000 C=DATA   S=_DATA          G=DGROUP  M=SETUPIO    ACBP=48
 2256:0B60 0004 C=DATA   S=_DATA          G=DGROUP  M=SIGDATA    ACBP=48
 2256:0B64 0002 C=DATA   S=_DATA          G=DGROUP  M=STKLEN     ACBP=48
 2256:0B66 0000 C=DATA   S=_DATA          G=DGROUP  M=TELL       ACBP=48
 2256:0B66 0000 C=DATA   S=_DATA          G=DGROUP  M=UNLINK     ACBP=48
 2256:0B66 0000 C=DATA   S=_DATA          G=DGROUP  M=VDELF      ACBP=48
 2256:0B66 0000 C=DATA   S=_DATA          G=DGROUP  M=VNEWF      ACBP=48
 2256:0B66 0067 C=DATA   S=_DATA          G=DGROUP  M=VPRINTER   ACBP=48
 2256:0BCE 0000 C=DATA   S=_DATA          G=DGROUP  M=VRAM       ACBP=48
 2256:0BCE 0002 C=DATA   S=_DATA          G=DGROUP  M=WSCROLL    ACBP=48
 2256:0BD0 0000 C=DATA   S=_DATA          G=DGROUP  M=_STPCPY    ACBP=48
 2256:0BD0 0000 C=DATA   S=_DATA          G=DGROUP  M=BIOS_KEY   ACBP=48
 2256:0BD0 0000 C=DATA   S=_DATA          G=DGROUP  M=CLRSCR     ACBP=48
 2256:0BD0 0000 C=DATA   S=_DATA          G=DGROUP  M=COLOR      ACBP=48
 2256:0BD0 0000 C=DATA   S=_DATA          G=DGROUP  M=CPRINTF    ACBP=48
 2256:0BD0 0018 C=DATA   S=_DATA          G=DGROUP  M=CRTINIT    ACBP=48
 2256:0BE8 0031 C=DATA   S=_DATA          G=DGROUP  M=CVTFAK     ACBP=48
 2256:0C1A 0004 C=DATA   S=_DATA          G=DGROUP  M=DELAY      ACBP=48
 2256:0C1E 0000 C=DATA   S=_DATA          G=DGROUP  M=FARHEAP    ACBP=48
 2256:0C1E 0002 C=DATA   S=_DATA          G=DGROUP  M=FBRK       ACBP=48
 2256:0C20 0000 C=DATA   S=_DATA          G=DGROUP  M=GETCH      ACBP=48
 2256:0C20 0000 C=DATA   S=_DATA          G=DGROUP  M=GEXIT      ACBP=48
 2256:0C20 0000 C=DATA   S=_DATA          G=DGROUP  M=GFREEMEM   ACBP=48
 2256:0C20 0000 C=DATA   S=_DATA          G=DGROUP  M=GGETMEM    ACBP=48
 2256:0C20 0000 C=DATA   S=_DATA          G=DGROUP  M=GOTOXY     ACBP=48
 2256:0C20 0000 C=DATA   S=_DATA          G=DGROUP  M=GPTEXT     ACBP=48
 2256:0C20 0000 C=DATA   S=_DATA          G=DGROUP  M=INT86      ACBP=48
 2256:0C20 0000 C=DATA   S=_DATA          G=DGROUP  M=IOCTL      ACBP=48
 2256:0C20 0002 C=DATA   S=_DATA          G=DGROUP  M=KBHIT      ACBP=48
 2256:0C22 0000 C=DATA   S=_DATA          G=DGROUP  M=MOVETEXT   ACBP=48
 2256:0C22 0000 C=DATA   S=_DATA          G=DGROUP  M=PUTCH      ACBP=48
 2256:0C22 0000 C=DATA   S=_DATA          G=DGROUP  M=REALCVT    ACBP=48
 2256:0C22 0000 C=DATA   S=_DATA          G=DGROUP  M=SCANTOD    ACBP=48
 2256:0C22 0000 C=DATA   S=_DATA          G=DGROUP  M=SCREEN     ACBP=48
 2256:0C22 0000 C=DATA   S=_DATA          G=DGROUP  M=SCROLL     ACBP=48
 2256:0C22 0000 C=DATA   S=_DATA          G=DGROUP  M=SETBLOCK   ACBP=48
 2256:0C22 0004 C=DATA   S=_DATA          G=DGROUP  M=SETENVP    ACBP=48
 2256:0C26 0000 C=DATA   S=_DATA          G=DGROUP  M=SETJMP     ACBP=48
 2256:0C26 002F C=DATA   S=_DATA          G=DGROUP  M=SIGNAL     ACBP=48
 2256:0C56 0000 C=DATA   S=_DATA          G=DGROUP  M=SLEEP      ACBP=48
 2256:0C56 0000 C=DATA   S=_DATA          G=DGROUP  M=SOUND      ACBP=48
 2256:0C56 0000 C=DATA   S=_DATA          G=DGROUP  M=SPAWN      ACBP=48
 2256:0C56 0013 C=DATA   S=_DATA          G=DGROUP  M=SYSTEM     ACBP=48
 2256:0C6A 0000 C=DATA   S=_DATA          G=DGROUP  M=TEXTMODE   ACBP=48
 2256:0C6A 0000 C=DATA   S=_DATA          G=DGROUP  M=WHEREXY    ACBP=48
 2256:0C6A 0000 C=DATA   S=_DATA          G=DGROUP  M=ATOL       ACBP=48
 2256:0C6A 0000 C=DATA   S=_DATA          G=DGROUP  M=CHMODA     ACBP=48
 2256:0C6A 0000 C=DATA   S=_DATA          G=DGROUP  M=CLOSE      ACBP=48
 2256:0C6A 0000 C=DATA   S=_DATA          G=DGROUP  M=CLOSEA     ACBP=48
 2256:0C6A 0000 C=DATA   S=_DATA          G=DGROUP  M=EOF        ACBP=48
 2256:0C6A 0000 C=DATA   S=_DATA          G=DGROUP  M=FCLOSE     ACBP=48
 2256:0C6A 0000 C=DATA   S=_DATA          G=DGROUP  M=FFLUSH     ACBP=48
 2256:0C6A 0000 C=DATA   S=_DATA          G=DGROUP  M=FGETS      ACBP=48
 2256:0C6A 0000 C=DATA   S=_DATA          G=DGROUP  M=FLUSHALL   ACBP=48
 2256:0C6A 0000 C=DATA   S=_DATA          G=DGROUP  M=FOPEN      ACBP=48
 2256:0C6A 0000 C=DATA   S=_DATA          G=DGROUP  M=FPRINTF    ACBP=48
 2256:0C6A 0000 C=DATA   S=_DATA          G=DGROUP  M=FPUTS      ACBP=48
 2256:0C6A 0000 C=DATA   S=_DATA          G=DGROUP  M=FREAD      ACBP=48
 2256:0C6A 0000 C=DATA   S=_DATA          G=DGROUP  M=FSCANF     ACBP=48
 2256:0C6A 0000 C=DATA   S=_DATA          G=DGROUP  M=FSEEK      ACBP=48
 2256:0C6A 0000 C=DATA   S=_DATA          G=DGROUP  M=FWRITE     ACBP=48
 2256:0C6A 0001 C=DATA   S=_DATA          G=DGROUP  M=GETC       ACBP=48
 2256:0C6C 0000 C=DATA   S=_DATA          G=DGROUP  M=GETENV     ACBP=48
 2256:0C6C 0000 C=DATA   S=_DATA          G=DGROUP  M=MEMCPY     ACBP=48
 2256:0C6C 0000 C=DATA   S=_DATA          G=DGROUP  M=OPEN       ACBP=48
 2256:0C6C 0000 C=DATA   S=_DATA          G=DGROUP  M=OPENA      ACBP=48
 2256:0C6C 0000 C=DATA   S=_DATA          G=DGROUP  M=PRINTF     ACBP=48
 2256:0C6C 0002 C=DATA   S=_DATA          G=DGROUP  M=PUTC       ACBP=48
 2256:0C6E 0000 C=DATA   S=_DATA          G=DGROUP  M=READ       ACBP=48
 2256:0C6E 0000 C=DATA   S=_DATA          G=DGROUP  M=READU      ACBP=48
 2256:0C6E 0000 C=DATA   S=_DATA          G=DGROUP  M=RENAME     ACBP=48
 2256:0C6E 0000 C=DATA   S=_DATA          G=DGROUP  M=SCANF      ACBP=48
 2256:0C6E 0004 C=DATA   S=_DATA          G=DGROUP  M=SETVBUF    ACBP=48
 2256:0C72 0000 C=DATA   S=_DATA          G=DGROUP  M=SPRINTF    ACBP=48
 2256:0C72 0000 C=DATA   S=_DATA          G=DGROUP  M=SSCANF     ACBP=48
 2256:0C72 0000 C=DATA   S=_DATA          G=DGROUP  M=STRCAT     ACBP=48
 2256:0C72 0000 C=DATA   S=_DATA          G=DGROUP  M=STRCMP     ACBP=48
 2256:0C72 0000 C=DATA   S=_DATA          G=DGROUP  M=STRCPY     ACBP=48
 2256:0C72 0000 C=DATA   S=_DATA          G=DGROUP  M=STRDATE    ACBP=48
 2256:0C72 0000 C=DATA   S=_DATA          G=DGROUP  M=STRLEN     ACBP=48
 2256:0C72 0000 C=DATA   S=_DATA          G=DGROUP  M=STRNCPY    ACBP=48
 2256:0C72 0006 C=DATA   S=_DATA          G=DGROUP  M=TMPFILE    ACBP=48
 2256:0C78 0000 C=DATA   S=_DATA          G=DGROUP  M=TMPNAM     ACBP=48
 2256:0C78 0000 C=DATA   S=_DATA          G=DGROUP  M=UNGETC     ACBP=48
 2256:0C78 0000 C=DATA   S=_DATA          G=DGROUP  M=WRITE      ACBP=48
 2256:0C78 0000 C=DATA   S=_DATA          G=DGROUP  M=WRITEA     ACBP=48
 2256:0C78 0000 C=DATA   S=_DATA          G=DGROUP  M=WRITEU     ACBP=48
 2256:0C78 0000 C=DATA   S=_DATA          G=DGROUP  M=XFCLOSE    ACBP=48
 2256:0C78 0000 C=DATA   S=_DATA          G=DGROUP  M=XFFLUSH    ACBP=48
 2256:0C78 00CE C=DATA   S=_DATA          G=DGROUP  M=IOSTSTD    ACBP=48
 2256:0D46 0000 C=DATA   S=_DATA          G=DGROUP  M=OSTENDL    ACBP=48
 2256:0D46 0000 C=DATA   S=_DATA          G=DGROUP  M=FSBCLOSE   ACBP=48
 2256:0D46 0000 C=DATA   S=_DATA          G=DGROUP  M=FSBCTR1    ACBP=48
 2256:0D46 0000 C=DATA   S=_DATA          G=DGROUP  M=FSBCTR2    ACBP=48
 2256:0D46 0000 C=DATA   S=_DATA          G=DGROUP  M=FSBDTR     ACBP=48
 2256:0D46 0000 C=DATA   S=_DATA          G=DGROUP  M=FSBOFLOW   ACBP=48
 2256:0D46 0000 C=DATA   S=_DATA          G=DGROUP  M=FSBOPEN    ACBP=48
 2256:0D46 0000 C=DATA   S=_DATA          G=DGROUP  M=FSBSBUF    ACBP=48
 2256:0D46 0000 C=DATA   S=_DATA          G=DGROUP  M=FSBSKOFF   ACBP=48
 2256:0D46 0000 C=DATA   S=_DATA          G=DGROUP  M=FSBSYNC    ACBP=48
 2256:0D46 0000 C=DATA   S=_DATA          G=DGROUP  M=FSBUFLOW   ACBP=48
 2256:0D46 0000 C=DATA   S=_DATA          G=DGROUP  M=FSCLOSE    ACBP=48
 2256:0D46 0000 C=DATA   S=_DATA          G=DGROUP  M=FSCTR1     ACBP=48
 2256:0D46 0000 C=DATA   S=_DATA          G=DGROUP  M=FSCTR2     ACBP=48
 2256:0D46 0000 C=DATA   S=_DATA          G=DGROUP  M=FSDTR      ACBP=48
 2256:0D46 0000 C=DATA   S=_DATA          G=DGROUP  M=FSOPEN     ACBP=48
 2256:0D46 0000 C=DATA   S=_DATA          G=DGROUP  M=IOFSCTR1   ACBP=48
 2256:0D46 0000 C=DATA   S=_DATA          G=DGROUP  M=IOFSCTR2   ACBP=48
 2256:0D46 0000 C=DATA   S=_DATA          G=DGROUP  M=IOFSDTR    ACBP=48
 2256:0D46 0000 C=DATA   S=_DATA          G=DGROUP  M=IOSTCTR2   ACBP=48
 2256:0D46 0000 C=DATA   S=_DATA          G=DGROUP  M=IOSTDTR1   ACBP=48
 2256:0D46 0000 C=DATA   S=_DATA          G=DGROUP  M=ISTASN2    ACBP=48
 2256:0D46 0000 C=DATA   S=_DATA          G=DGROUP  M=ISTCTR1    ACBP=48
 2256:0D46 0000 C=DATA   S=_DATA          G=DGROUP  M=ISTCTR4    ACBP=48
 2256:0D46 0000 C=DATA   S=_DATA          G=DGROUP  M=ISTDGET    ACBP=48
 2256:0D46 0000 C=DATA   S=_DATA          G=DGROUP  M=ISTDIPFX   ACBP=48
 2256:0D46 0000 C=DATA   S=_DATA          G=DGROUP  M=ISTDTR1    ACBP=48
 2256:0D46 0000 C=DATA   S=_DATA          G=DGROUP  M=ISTDTR2    ACBP=48
 2256:0D46 0000 C=DATA   S=_DATA          G=DGROUP  M=ISTEATWH   ACBP=48
 2256:0D46 0000 C=DATA   S=_DATA          G=DGROUP  M=ISTEDBL    ACBP=48
 2256:0D46 0000 C=DATA   S=_DATA          G=DGROUP  M=ISTEINT    ACBP=48
 2256:0D46 000E C=DATA   S=_DATA          G=DGROUP  M=ISTELDBL   ACBP=48
 2256:0D54 0000 C=DATA   S=_DATA          G=DGROUP  M=ISTELNG    ACBP=48
 2256:0D54 0000 C=DATA   S=_DATA          G=DGROUP  M=ISTGSCHR   ACBP=48
 2256:0D54 0000 C=DATA   S=_DATA          G=DGROUP  M=ISTGUCHR   ACBP=48
 2256:0D54 0000 C=DATA   S=_DATA          G=DGROUP  M=ISTREAD    ACBP=48
 2256:0D54 0000 C=DATA   S=_DATA          G=DGROUP  M=ISTSKOFF   ACBP=48
 2256:0D54 00FF C=DATA   S=_DATA          G=DGROUP  M=OSTFLOAT   ACBP=48
 2256:0E54 0000 C=DATA   S=_DATA          G=DGROUP  M=OSTASN2    ACBP=48
 2256:0E54 0000 C=DATA   S=_DATA          G=DGROUP  M=OSTCTR1    ACBP=48
 2256:0E54 0000 C=DATA   S=_DATA          G=DGROUP  M=OSTCTR3    ACBP=48
 2256:0E54 0000 C=DATA   S=_DATA          G=DGROUP  M=OSTDTR1    ACBP=48
 2256:0E54 0000 C=DATA   S=_DATA          G=DGROUP  M=OSTDTR2    ACBP=48
 2256:0E54 0000 C=DATA   S=_DATA          G=DGROUP  M=OSTFLUSH   ACBP=48
 2256:0E54 0000 C=DATA   S=_DATA          G=DGROUP  M=OSTISCHR   ACBP=48
 2256:0E54 0000 C=DATA   S=_DATA          G=DGROUP  M=OSTOPFX    ACBP=48
 2256:0E54 0000 C=DATA   S=_DATA          G=DGROUP  M=OSTOSFX    ACBP=48
 2256:0E54 0000 C=DATA   S=_DATA          G=DGROUP  M=OSTOUTST   ACBP=48
 2256:0E54 0000 C=DATA   S=_DATA          G=DGROUP  M=OSTSKOFF   ACBP=48
 2256:0E54 0000 C=DATA   S=_DATA          G=DGROUP  M=OSTWRITE   ACBP=48
 2256:0E54 0000 C=DATA   S=_DATA          G=DGROUP  M=STBALC     ACBP=48
 2256:0E54 0000 C=DATA   S=_DATA          G=DGROUP  M=STBCTR1    ACBP=48
 2256:0E54 0000 C=DATA   S=_DATA          G=DGROUP  M=STBDNEXT   ACBP=48
 2256:0E54 0000 C=DATA   S=_DATA          G=DGROUP  M=STBDSGTN   ACBP=48
 2256:0E54 0000 C=DATA   S=_DATA          G=DGROUP  M=STBDSPTN   ACBP=48
 2256:0E54 0000 C=DATA   S=_DATA          G=DGROUP  M=STBDTR     ACBP=48
 2256:0E54 0000 C=DATA   S=_DATA          G=DGROUP  M=STBOFLOW   ACBP=48
 2256:0E54 0000 C=DATA   S=_DATA          G=DGROUP  M=STBPBFL    ACBP=48
 2256:0E54 0000 C=DATA   S=_DATA          G=DGROUP  M=STBSBUF    ACBP=48
 2256:0E54 0000 C=DATA   S=_DATA          G=DGROUP  M=STBSETB    ACBP=48
 2256:0E54 0000 C=DATA   S=_DATA          G=DGROUP  M=STBSETG    ACBP=48
 2256:0E54 0000 C=DATA   S=_DATA          G=DGROUP  M=STBSETP    ACBP=48
 2256:0E54 0000 C=DATA   S=_DATA          G=DGROUP  M=STBSKOFF   ACBP=48
 2256:0E54 0000 C=DATA   S=_DATA          G=DGROUP  M=STBSKPOS   ACBP=48
 2256:0E54 0000 C=DATA   S=_DATA          G=DGROUP  M=STBSPUTN   ACBP=48
 2256:0E54 0000 C=DATA   S=_DATA          G=DGROUP  M=STBSYNC    ACBP=48
 2256:0E54 0000 C=DATA   S=_DATA          G=DGROUP  M=STBUFLOW   ACBP=48
 2256:0E54 0000 C=DATA   S=_DATA          G=DGROUP  M=STCLEAR    ACBP=48
 2256:0E54 0000 C=DATA   S=_DATA          G=DGROUP  M=STCTR1     ACBP=48
 2256:0E54 0000 C=DATA   S=_DATA          G=DGROUP  M=STDTR      ACBP=48
 2256:0E54 0000 C=DATA   S=_DATA          G=DGROUP  M=STINIT     ACBP=48
 2256:0E54 0000 C=DATA   S=_DATA          G=DGROUP  M=STSETF1    ACBP=48
 2256:0E54 0000 C=DATA   S=_DATA          G=DGROUP  M=STSETST    ACBP=48
 2256:0E54 0000 C=DATA   S=_DATA          G=DGROUP  M=STTIE      ACBP=48
 2256:0E54 0000 C=DATA   S=_CVTSEG        G=DGROUP  M=C0.ASM     ACBP=48
 2256:0E54 0002 C=DATA   S=_CVTSEG        G=DGROUP  M=REALCVT    ACBP=48
 2256:0E56 0002 C=DATA   S=_CVTSEG        G=DGROUP  M=CVTFAK     ACBP=48
 2256:0E58 0000 C=DATA   S=_CVTSEG        G=DGROUP  M=REALCVT    ACBP=48
 2256:0E58 0000 C=DATA   S=_SCNSEG        G=DGROUP  M=C0.ASM     ACBP=48
 2256:0E58 0006 C=DATA   S=_SCNSEG        G=DGROUP  M=SCANTOD    ACBP=48
 2256:0E5E 0006 C=DATA   S=_SCNSEG        G=DGROUP  M=CVTFAK     ACBP=48
 2256:0E64 0000 C=DATA   S=_SCNSEG        G=DGROUP  M=SCANTOD    ACBP=48
 2256:0E64 0000 C=DATA   S=GRAPH          G=DGROUP  M=GRAPHC     ACBP=48
 2256:0E64 0000 C=CONST  S=_CONST         G=DGROUP  M=C0.ASM     ACBP=48
 2256:0E64 0000 C=INITDATA S=_INIT_         G=DGROUP  M=C0.ASM     ACBP=48
 2256:0E64 0006 C=INITDATA S=_INIT_         G=DGROUP  M=MY_APP\APP_MAIN.CPP ACBP=48
 2256:0E6A 0006 C=INITDATA S=_INIT_         G=DGROUP  M=FP87INIT   ACBP=48
 2256:0E70 0006 C=INITDATA S=_INIT_         G=DGROUP  M=SETUPIO    ACBP=48
 2256:0E76 0006 C=INITDATA S=_INIT_         G=DGROUP  M=CRTINIT    ACBP=48
 2256:0E7C 0006 C=INITDATA S=_INIT_         G=DGROUP  M=DELAY      ACBP=48
 2256:0E82 0006 C=INITDATA S=_INIT_         G=DGROUP  M=SETENVP    ACBP=48
 2256:0E88 000C C=INITDATA S=_INIT_         G=DGROUP  M=IOSTSTD    ACBP=48
 2256:0E94 0000 C=INITDATA S=_INITEND_      G=DGROUP  M=C0.ASM     ACBP=28
 2256:0E94 0000 C=EXITDATA S=_EXIT_         G=DGROUP  M=C0.ASM     ACBP=48
 2256:0E94 0006 C=EXITDATA S=_EXIT_         G=DGROUP  M=MY_APP\APP_MAIN.CPP ACBP=48
 2256:0E9A 0006 C=EXITDATA S=_EXIT_         G=DGROUP  M=FP87INIT   ACBP=48
 2256:0EA0 000C C=EXITDATA S=_EXIT_         G=DGROUP  M=IOSTSTD    ACBP=48
 2256:0EAC 0000 C=EXITDATA S=_EXITEND_      G=DGROUP  M=C0.ASM     ACBP=28
 2341:0000 0110 C=STACK  S=_STACK         G=(none)  M=C0.ASM     ACBP=74
 2341:0000 0080 C=STACK  S=_STACK         G=(none)  M=EMUVARS    ACBP=78

  Address         Publics by Name

 0AC2:731B idle  operator +(const vec3d far&,const vec3d far&)
 0000:1572       operator delete(void far*)
 0AC2:75D7 idle  operator /(const vec3d far&,const double far&)
 0AC2:7271 idle  operator ==(const vec3d far&,const vec3d far&)
 0AC2:716F idle  operator <<(ostream far&,const vec3d far&)
 0AC2:7557 idle  operator *(const vec3d far&,const double far&)
 0AC2:74D7 idle  operator *(const double far&,const vec3d far&)
 0AC2:72C6 idle  operator !=(const vec3d far&,const vec3d far&)
 0000:1DC9       operator new(unsigned int)
 0000:1E12       operator new(unsigned long)
 0AC2:7421 idle  operator -(const vec3d far&)
 0AC2:739E idle  operator -(const vec3d far&,const vec3d far&)
 0AC2:8D26 idle  add_rec_link(record_type far*far*,char far*,char,unsigned int)
 0AC2:5BDA idle  alrot(line3d far&,int,int,int)
 0AC2:5CB8 idle  alscale(line3d far&,double,double,double)
 0AC2:5997 idle  altrans(line3d far&,double,double,double)
 0AC2:7B3F idle  anglebetweendeg(vec3d,vec3d)
 0AC2:7AC0 idle  anglebetweenrad(vec3d,vec3d)
 0AC2:7C2F idle  anglefromplanedeg(vec3d)
 0AC2:7BCB idle  anglefromplanerad(vec3d)
 0AC2:668B idle  aorot(gllineobject far&,int,int,int)
 0AC2:66E3 idle  aoscale(gllineobject far&,double,double,double)
 0AC2:6600 idle  aotrans(gllineobject far&,double,double,double)
 0AC2:9FDF idle  application()
 0AC2:8FD1 idle  ask_values(record_type far*)
 0AC2:5C18 idle  atrot(triangle3d far&,int,int,int)
 0AC2:5D28 idle  atscale(triangle3d far&,double,double,double)
 0AC2:5A07 idle  attrans(triangle3d far&,double,double,double)
 0AC2:54BC idle  bcm::choice()
 0AC2:55F2 idle  bcm::initiate(char far*)
 0AC2:542F idle  bcm::movebcm(int,int)
 0AC2:17B2 idle  bitmap::load_palette()
 0AC2:174F idle  bitmap::open_file()
 0AC2:16F1 idle  bitmap::power(int)
 0AC2:166D idle  bitmap::put_pixel(int far&,int far&,unsigned char far&,int)
 0AC2:1B38 idle  bitmap::setpalette(char far*)
 0AC2:1CC3 idle  bitmap::show_bmp(char far*)
 0AC2:1A34 idle  bitmap::show_eight_bit_bitmap()
 0AC2:1A08 idle  bitmap::show_four_bit_bitmap()
 0AC2:171C idle  bitmap::show_message(char far*)
 0AC2:182D idle  bitmap::show_one_bit_bitmap()
 0AC2:40CB idle  boxin(int,int,int,int,char far*)
 0AC2:3AB9 idle  bright(char,char)
 0AC2:0CD6 idle  changeacceleration(unsigned int)
 0AC2:4556 idle  changefileext(char far*,char far*)
 0AC2:0C9E idle  changespeed(unsigned int)
 0AC2:388C idle  checkerrors()
 0AC2:11B3 idle  checkhardware()
 0AC2:0BF8 idle  checkmouse()
 0AC2:11EA idle  checksvga(int far&,int far&)
 0AC2:8E6E idle  clear_list_rec(record_type far*)
 0AC2:B433       colorpalette::colorpalette()
 0AC2:8B42 idle  command(char far*)
 0AC2:5779 idle  complexsquare(complex)
 0AC2:8B8E idle  configure()
 0AC2:6564 idle  conplot(point3d,int)
 0AC2:9434 idle  create()
 0AC2:4A8B idle  crossline(int,int)
 0AC2:7936 idle  crossp(const vec3d far&,const vec3d far&)
 0AC2:3E6F idle  cuttonextline()
 0AC2:AEF5 idle  database()
 0AC2:8CB9 idle  db()
 0AC2:0567 idle  detectbgivga256()
 0AC2:0449 idle  detecttwk16()
 0AC2:04D8 idle  detecttwk256()
 0AC2:03BA idle  detectvga16()
 0AC2:029C idle  detectvga24bit()
 0AC2:00E3 idle  detectvga256()
 0AC2:032B idle  detectvga32k()
 0AC2:020D idle  detectvga64k()
 0AC2:0172 idle  detectvgas3()
 1632:188F idle  @dgroup
 0AC2:352D idle  digital(int,int,int)
 0AC2:47A7 idle  digitaltime(int,int)
 0AC2:2F6B idle  digit_write(int,int,int)
 0AC2:3A03 idle  dim(char,char)
 0AC2:39B1 idle  display_err(char far*)
 0AC2:539E idle  display_globjects(int,int,int,int)
 0AC2:3951 idle  display_icon(int,int,char far*)
 0AC2:79F5 idle  distancebetween(const vec3d far&,const vec3d far&)
 0AC2:85D5 idle  distancebetween(const point3d far&,const point3d far&)
 0AC2:78E9 idle  dotp(const vec3d far&,const vec3d far&)
 0AC2:6427 idle  drawaxis(int)
 0AC2:0AB3 idle  drawcursor(unsigned char)
 0AC2:6227 idle  drawline(line3d,int)
 0AC2:69C2 idle  drawobj(gllineobject,int)
 0AC2:6096 idle  drawpoint(point3d,int)
 0AC2:6136 idle  drawpointc(point3dc,int)
 0AC2:6368 idle  drawtriangle(triangle3d,int)
 0000:6BD0       endl(ostream far&)
 0AC2:3B6F idle  enlarge(int,int,char far*)
 0AC2:A187 idle  entercore()
 0AC2:8D09 idle  etc()
 0AC2:4AC1 idle  explode_rectangle(int,int,int,int)
 0AC2:15C1 idle  fadein()
 0000:6DCA       filebuf::filebuf(int)
 0000:6CAE       filebuf::filebuf()
 0000:6EE7       filebuf::~filebuf()
 0000:6C00       filebuf::close()
 0000:7110       filebuf::open(const char far*,int,int)
 2253:0000       filebuf::openprot
 0000:6F89       filebuf::overflow(int)
 0000:7339       filebuf::seekoff(long,seek_dir,int)
 0000:7276       filebuf::setbuf(char far*,int)
 0000:74F5       filebuf::sync()
 0000:75FF       filebuf::underflow()
 0AC2:000F idle  float_trap(int)
 0000:94C7 idle  fpclass(long double)
 0000:9511 idle  fpcopysign(long double,long double)
 0000:7BA0       fstream::fstream(const char far*,int,int)
 0000:7AA4       fstream::fstream()
 0000:7CA8       fstream::~fstream()
 0000:78DD       fstreambase::fstreambase(const char far*,int,int)
 0000:782E       fstreambase::fstreambase()
 0000:79A9       fstreambase::~fstreambase()
 0000:77E9       fstreambase::close()
 0000:7A37       fstreambase::open(const char far*,int,int)
 0AC2:8CD8 idle  getint()
 0AC2:0659 idle  getmodeinfo(int,modeinfo far*)
 0AC2:42E8 idle  getpass(char far*)
 0AC2:0784 idle  getpixel(int,int)
 0AC2:090D idle  getsvgainfo()
 0AC2:1277 idle  getsvgapixel(int,int)
 0AC2:0637 idle  getvesainfo(vesainfo far*)
 0AC2:0932 idle  getvesainfo()
 0AC2:0957 idle  getvesamdeinfo(int,modeinfo far*)
 0AC2:160D idle  get_svga_color()
 0AC2:1618 idle  get_svga_maxx()
 0AC2:1624 idle  get_svga_maxy()
 0AC2:3D1A idle  gin()
 0AC2:3E36 idle  glnextline()
 0AC2:3E85 idle  glouttext(char far*)
 0AC2:3F73 idle  glprintf(char far*,...)
 0AC2:3FB4 idle  glscanf(char far*,...)
 0AC2:6F07 idle  glsetup(int)
 0AC2:28B9 idle  gtclr(const int)
 0AC2:8C22 idle  helpnavigator(char far*)
 0AC2:0979 idle  hidemouse()
 0AC2:0B68 idle  initmouse()
 0AC2:0572 idle  initsvga()
 0AC2:5E76 idle  intersect(const box far&,const box far&)
 0AC2:A0AA idle  introduction()
 0000:A9A8       ios::ios()
 0000:A9F4       ios::~ios()
 2254:0004       ios::adjustfield
 2254:0000       ios::basefield
 0000:A967       ios::clear(int)
 2254:0008       ios::floatfield
 0000:AA4B       ios::init(streambuf far*)
 2254:000C       ios::nextbit
 0000:AAA6       ios::setf(long)
 0000:AB91       ios::setstate(int)
 2254:0012       ios::stdioflush
 0000:ABBE       ios::tie(ostream far*)
 2254:0010       ios::usercount
 0000:7D81       iostream::iostream()
 0000:7E54       iostream::~iostream()
 0000:6AC8 idle  iostream_delete()
 0AC2:5F20 idle  isection(const box far&,const box far&)
 0AC2:0D04 idle  ismouse(int,int,int,int)
 0000:7F35       istream::istream()
 0000:81B7       istream::~istream()
 0000:8395       istream::operator >>(double far&)
 0000:8468       istream::operator >>(long double far&)
 0000:8427       istream::operator >>(int far&)
 0000:8F02       istream::operator >>(long far&)
 0000:805A       istream::do_get()
 0000:82B8       istream::eatwhite()
 0000:9263       istream::get(unsigned char far&)
 0000:9172       istream::get(char far&)
 0000:80F5       istream::ipfx(int)
 0000:9354       istream::read(char far*,int)
 0000:9467       istream::seekg(long,seek_dir)
 0000:7F0E       istream_withassign::operator =(streambuf far*)
 0000:7FC3       istream_withassign::istream_withassign()
 0000:822F       istream_withassign::~istream_withassign()
 0AC2:57CB idle  iterate(complex,int)
 0AC2:2E3D idle  ldbar(int)
 0AC2:2D69 idle  ldbar_perc()
 0AC2:2C15 idle  ldbmp(const int,const ...
 0AC2:9689 idle  load()
 0AC2:A25E idle  loadreactor()
 0AC2:0FC9 idle  loadvoice(wavedata far*,char far*)
 0AC2:4C64 idle  lockon_rectangle(int,int)
 0AC2:37BD idle  log(char far*)
 0AC2:9F17 idle  main_menu()
 0AC2:5849 idle  mandelbrot(int,int,int,int,int,float,float,float,float)
 0AC2:0D37 idle  mclick(int,int,int,int)
 0AC2:591E idle  mod(double)
 0AC2:0D73 idle  moving()
 0AC2:3F38 idle  msg_n_gin(int,int,char far*)
 0000:9B78       ostream::ostream()
 0000:9C94       ostream::~ostream()
 0000:9A2C       ostream::operator <<(long double)
 0000:9DE7       ostream::operator <<(char)
 0000:9EBE       ostream::do_opfx()
 0000:9EF8       ostream::do_osfx()
 0000:9DA2       ostream::flush()
 0000:9F53       ostream::outstr(const char far*,const char far*)
 0000:A26D       ostream::seekp(long,seek_dir)
 0000:A2CD       ostream::write(const char far*,int)
 0000:9B51       ostream_withassign::operator =(streambuf far*)
 0000:9BFD       ostream_withassign::ostream_withassign()
 0000:9D19       ostream_withassign::~ostream_withassign()
 0AC2:38D3 idle  pageflip()
 0AC2:7CA0 idle  perpprojection(const vec3d far&,const vec3d far&)
 0AC2:0ED3 idle  playback(wavedata far*)
 0AC2:113C idle  playwav(char far*,float)
 0AC2:0C65 idle  putmousepixel(unsigned int,unsigned int)
 0AC2:0834 idle  putpixel(int,int,unsigned char)
 0AC2:1244 idle  putsvgapixel(int,int,unsigned char)
 0AC2:27FF idle  rdbmpclrtbl(const char far*)
 0AC2:26CB idle  rdbmpflhdr(const char far*)
 0AC2:2765 idle  rdbmpinfhcr(const char far*)
 0AC2:A2AF idle  reactor()
 0AC2:673A idle  readobj(char far*,gllineobject far&)
 0AC2:8F5F idle  read_val(record_type far*,file far*)
 0AC2:0074 idle  reboot()
 0AC2:3C45 idle  reduce(int,int,char far*)
 0AC2:0E50 idle  resetdsp(unsigned int)
 0AC2:0C2F idle  resetmouse()
 0AC2:5086 idle  restore_screen(void far*far*)
 0AC2:530F idle  restore_screen_area_mem(int,int,int,int,void far*far*,int)
 0AC2:51B9 idle  restore_screen_are_mem(void far*far*)
 0AC2:5B7C idle  rot(point3d far&,int,int,int)
 0AC2:7D4E idle  rotateaboutx_deg(const vec3d far&,const double)
 0AC2:825A idle  rotateaboutx_rad(const vec3d far&,const double)
 0AC2:7E1D idle  rotateabouty_deg(const vec3d far&,const double)
 0AC2:8369 idle  rotateabouty_rad(const vec3d far&,const double)
 0AC2:7EEC idle  rotateaboutz_deg(const vec3d far&,const double)
 0AC2:8478 idle  rotateaboutz_rad(const vec3d far&,const double)
 0AC2:7FBB idle  rotate_deg(const vec3d far&,const double,const ...
 0AC2:5DE5 idle  rotcamera(point3d far*,double,double,double)
 0AC2:5AAB idle  rtrans(double far&,double far&,int)
 0AC2:50FD idle  save_screen(void far*far*)
 0AC2:5230 idle  save_screen_area_mem(int,int,int,int,void far*far*)
 0AC2:4FCA idle  save_screen_area_mem(void far*far*)
 0AC2:5C6C idle  scale(point3d far&,double,double,double)
 0AC2:65B7 idle  sconplot(point3d,int,double,double)
 0AC2:4F75 idle  screen_area_select(int far&,int far&,int far&,int far&)
 0AC2:4E1D idle  screen_target_select(int far&,int far&)
 0AC2:9268 idle  search_field(char far*,char far*,record_type far*,file far*,unsigned int,unsigned int)
 0AC2:8587 idle  selectcolor()
 0AC2:45B4 idle  set16bitpal()
 0AC2:1561 idle  setbwpal()
 0AC2:5DCC idle  setcamera(point3d far*)
 0AC2:5E21 idle  setcamzoom(point3d far*)
 0AC2:AFC8 idle  setdown_platfrom()
 0AC2:068F idle  setmode(int,int)
 0AC2:0E37 idle  setmousecursor(unsigned char far*)
 0AC2:05FA idle  setpallete(unsigned char,unsigned char,unsigned char,unsigned char)
 0AC2:869E idle  setupreactor()
 0AC2:005A idle  setup_float_exception()
 0AC2:2F09 idle  setup_ldbar(int,int,int,int,int)
 0AC2:B007 idle  setup_platform()
 0AC2:067B idle  setvesamode(int)
 0AC2:11BD idle  set_mode_svga(unsigned char)
 0000:1D98 idle  set_new_handler(void(far*)())
 0AC2:15FB idle  set_svga_color(unsigned char)
 0AC2:1523 idle  set_svga_palette(unsigned char far*)
 0AC2:1630 idle  set_svga_rgbpalette(int,int,int,int)
 0AC2:383B idle  shadowtxt(char far*,int,int,int)
 0AC2:AED8 idle  showlog()
 0AC2:0C48 idle  showmouse()
 0AC2:4A03 idle  show_files(char far*)
 0AC2:9172 idle  show_val(record_type far*)
 0AC2:2A49 idle  shw16clrbmp(const int,const ...
 0AC2:AEAE idle  simulator()
 0AC2:B480       sim_body::sim_body()
 0AC2:B59F       sim_body::~sim_body()
 0AC2:8B33 idle  sim_body::changeproperty()
 0AC2:884A idle  sim_body::create_body()
 0AC2:8729 idle  sim_body::did_collide_with(gllineobject far&)
 0AC2:87F1 idle  sim_body::is_point_inside_object(point3d far&)
 0AC2:871D idle  sim_body::resolve_collition(particle far&)
 0AC2:8B27 idle  sim_body::showdetails()
 0000:A371       streambuf::streambuf()
 0000:A5D9       streambuf::~streambuf()
 0000:A320       streambuf::doallocate()
 0000:A479       streambuf::do_sgetn(char far*,int)
 0000:A445       streambuf::do_snextc()
 0000:A530       streambuf::do_sputn(const char far*,int)
 0000:A655       streambuf::overflow(int)
 0000:A664       streambuf::pbackfail(int)
 0000:A820       streambuf::seekoff(long,seek_dir,int)
 0000:A832       streambuf::seekpos(long,int)
 0000:A6A6       streambuf::setb(char far*,char far*,int)
 0000:A673       streambuf::setbuf(char far*,int)
 0000:A75C       streambuf::setg(char far*,char far*,char far*)
 0000:A7CD       streambuf::setp(char far*,char far*)
 0000:A85D       streambuf::sputn(const char far*,int)
 0000:A8DA       streambuf::sync()
 0000:A92D       streambuf::underflow()
 0AC2:21F7 idle  sv16clrbmp(const int,const ...
 0AC2:24F5 idle  svbmp(const unsigned int,const ...
 0AC2:1446 idle  svgacircle(int,int,int,unsigned char)
 0AC2:12A7 idle  svgaline(int,int,int,int,unsigned char)
 0AC2:13E4 idle  svgarectangle(int,int,int,int,unsigned char)
 0AC2:08E1 idle  switchbank(int)
 0AC2:398B idle  switchpage(int,int)
 0AC2:492C idle  sysinfo()
 0AC2:3E52 idle  tabspace(int)
 0AC2:594B idle  trans(point3d far&,double,double,double)
 0AC2:475B idle  ttime(int,int)
 0AC2:B6F8       vec3d::
 0AC2:710F idle  vec3d::operator =(const vec3d far&)
 0AC2:7000 idle  vec3d::vec3d(double,double,double)
 0AC2:7066 idle  vec3d::vec3d(const vec3d far&)
 0AC2:6F9D idle  vec3d::vec3d()
 0AC2:70D8 idle  vec3d::~vec3d()
 0AC2:7774 idle  vec3d::operator /=(const double far&)
 0AC2:76B7 idle  vec3d::operator -=(const vec3d far&)
 0AC2:7717 idle  vec3d::operator *=(const double far&)
 0AC2:7657 idle  vec3d::operator +=(const vec3d far&)
 0AC2:788B idle  vec3d::length()
 0AC2:77D1 idle  vec3d::normalize()
 0AC2:08F8 idle  wait()
 0AC2:154C idle  waitretrace()
 0AC2:00AA idle  whitepixel()
 0AC2:0EAA idle  writedsp(unsigned char)
 0AC2:8EED idle  write_val(file far*,record_type far*)
 0AC2:1FB7 idle  wtbmpclrtbl(const char far*)
 0AC2:1E96 idle  wtbmpflhdr(const char far*)
 0AC2:1F30 idle  wtbmpinfhdr(const char far*)
 0AC2:3905 idle  xldbmp(int,int,char far*)
 0AC2:3FFF idle  x_glscanf(int,char far*,...)
 0AC2:5E3A idle  zoomcamera(point3d far&,float,float,float)
 0AC2:6AD2 idle  _2dgltestrun()
 0AC2:6C6B idle  _3dgltestrun()
 0000:279F       _vector_delete_(void far*,unsigned int,unsigned long,unsigned int,...)
 0000:293B       _vector_new_(void far*,unsigned int,unsigned long,unsigned int,...)
 2256:0000 idle  DATASEG@
 0000:0253       DGROUP@
 19F8:0306       E087_ENTRY
 19F8:03C6       E087_SHORTCUT
 19F8:0430       E087_TRAP
 0000:0000 idle  FIARQQ
 0000:0000 idle  FICRQQ
 0000:0000  Abs  FIDRQQ
 0000:0000  Abs  FIERQQ
 0000:0000  Abs  FISRQQ
 0000:0000  Abs  FIWRQQ
 0000:0000 idle  FJARQQ
 0000:0000 idle  FJCRQQ
 0000:0000  Abs  FJSRQQ
 0000:14E6 idle  FTOL@
 0000:14E6       F_FTOL@
 0000:197E       F_LDIV@
 0000:198D       F_LMOD@
 0000:1985       F_LUDIV@
 0000:1995       F_LUMOD@
 0000:1A2C       F_LXLSH@
 0000:18C1       F_LXMUL@
 0000:1A4D       F_LXRSH@
 0000:1A6D idle  F_PADA@
 0000:1AF5 idle  F_PADD@
 0000:1AB1 idle  F_PSBA@
 0000:1B24 idle  F_PSUB@
 0000:18D8       F_SCOPY@
 0000:1B58       F_SPUSH@
 0000:197E idle  LDIV@
 0000:198D idle  LMOD@
 0000:1985 idle  LUDIV@
 0000:1995 idle  LUMOD@
 0000:1A2C idle  LXLSH@
 0000:18C1 idle  LXMUL@
 0000:1A4D idle  LXRSH@
 0000:1512       N_FTOL@
 0000:197B       N_LDIV@
 0000:198A       N_LMOD@
 0000:1982 idle  N_LUDIV@
 0000:1992 idle  N_LUMOD@
 0000:1A29       N_LXLSH@
 0000:1E77       N_LXMUL@
 0000:1A4A idle  N_LXRSH@
 0000:1A6A       N_PADA@
 0000:1AF2       N_PADD@
 0000:1E8E       N_PCMP@
 0000:1AAE       N_PSBA@
 0000:1B21 idle  N_PSUB@
 0000:1B52 idle  N_SPUSH@
 0000:1A6D idle  PADA@
 0000:1AF5 idle  PADD@
 0000:1AB1 idle  PSBA@
 0000:1B24 idle  PSUB@
 0000:18D8 idle  SCOPY@
 0000:1B58 idle  SPUSH@
 0000:023C       _ABORT
 0000:14A7       _ACOS
 1A55:0DC8 idle  _ACTIVEPAGE
 1632:12FB idle  _ARC
 0000:14C7 idle  _ASIN
 0000:153E idle  _ATEXIT
 0000:0465       _ATOF
 0000:4DB7 idle  _ATOI
 0000:4D36       _ATOL
 1A55:0DEC idle  _B
 1A55:0072 idle  _BANK
 1632:1C68       _BAR
 1632:1C8B idle  _BAR3D
 1A55:03F8 idle  _BASE
 1A55:0AE8 idle  _BMP_FH
 1A55:0AF6 idle  _BMP_IH
 1A55:0E96 idle  _CAM
 1A55:0EA2 idle  _CAMERA_ROT_ON
 1A55:0EA4 idle  _CAMERA_TRANS_ON
 1A55:0EA3 idle  _CAMERA_ZOOM_ON
 1A55:0F40 idle  _CAMX
 2256:0CDA idle  _CERR
 2256:0C78 idle  _CIN
 1632:1326       _CIRCLE
 1632:0EFD       _CLEARDEVICE
 1632:0FB3       _CLEARVIEWPORT
 2256:0D0A       _CLOG
 0000:4DF3       _CLOSE
 1632:0E53       _CLOSEGRAPH
 0000:3123       _CLRSCR
 1A55:0BBA idle  _COLOR
 1A55:0B1E idle  _COLORTABLE
 0000:1335       _COS
 2256:0CAA       _COUT
 0000:33B3 idle  _CPRINTF
 1A55:041C idle  _CURCOLOR
 1A55:0DD6 idle  _DATEBUF
 0000:3625       _DELAY
 1632:0656 idle  _DETECTGRAPH
 2256:0BDF       _DIRECTVIDEO
 1A55:071D idle  _DPALETTE
 1632:1C28 idle  _DRAWPOLY
 1A55:65EA idle  _DX
 1A55:65EE idle  _DY
 1A55:65F2 idle  _DZ
 1632:1CCC       _ELLIPSE
 2256:0C22       _ENVIRON
 0000:4E59       _EOF
 2256:007F       _ERRNO
 0000:186A       _EXIT
 0000:37CD       _FARFREE
 0000:38E1       _FARMALLOC
 0000:3A45 idle  _FARREALLOC
 0000:4EE2       _FCLOSE
 0000:4F94       _FFLUSH
 0000:58AB idle  _FGETC
 0000:59A0 idle  _FGETCHAR
 0000:5068       _FGETS
 1A55:0EA6 idle  _FILE
 1A55:1BB2 idle  _FILENAME
 1632:1CFC idle  _FILLELLIPSE
 1632:1C48 idle  _FILLPOLY
 1A55:0074 idle  _FLAG
 1632:1EEB idle  _FLOODFILL
 0000:510B       _FLUSHALL
 0000:535C       _FOPEN
 0000:5398       _FPRINTF
 0000:5CC9 idle  _FPUTC
 0000:5E69 idle  _FPUTCHAR
 0000:53BB       _FPUTS
 0000:5505       _FREAD
 0000:37CD       _FREE
 0000:559A       _FSCANF
 0000:564E       _FSEEK
 0000:56D5       _FTELL
 0000:5734       _FWRITE
 1632:1D69 idle  _GETARCCOORDS
 1632:1352 idle  _GETASPECTRATIO
 1632:13FE idle  _GETBKCOLOR
 0000:3C7E       _GETCH
 0000:3CB0 idle  _GETCHE
 1632:13ED       _GETCOLOR
 0000:18F4 idle  _GETDATE
 1632:1DE9       _GETDEFAULTPALETTE
 1632:10AF idle  _GETDRIVERNAME
 0000:59B6       _GETENV
 1632:1264 idle  _GETFILLPATTERN
 1632:1213 idle  _GETFILLSETTINGS
 1632:0DFE       _GETGRAPHMODE
 1632:209C       _GETIMAGE
 1632:115B idle  _GETLINESETTINGS
 1632:1DB3       _GETMAXCOLOR
 1632:1E27       _GETMAXMODE
 1632:1089       _GETMAXX
 1632:109C       _GETMAXY
 1632:10D5 idle  _GETMODENAME
 1632:05B7 idle  _GETMODERANGE
 1632:14F8 idle  _GETPALETTE
 1632:1DCE       _GETPALETTESIZE
 1632:205B       _GETPIXEL
 0000:1928       _GETSWITCHAR
 0000:3DC8       _GETTEXT
 1632:15DB idle  _GETTEXTSETTINGS
 0000:190E       _GETTIME
 0000:194D       _GETVECT
 1632:0F94 idle  _GETVIEWSETTINGS
 1632:106B       _GETX
 1632:107A       _GETY
 0000:3D59       _GOTOXY
 1632:0884 idle  _GRAPHDEFAULTS
 1632:0193       _GRAPHERRORMSG
 1632:030D       _GRAPHRESULT
 1A55:03C0 idle  _HEADER
 1A55:1BAE idle  _HEAD_REC
 1A55:1B7E idle  _HELP_INDEX
 0000:31E1       _HIGHVIDEO
 1A55:0036 idle  _I
 1632:1517       _IMAGESIZE
 1632:096A       _INITGRAPH
 1A55:0024 idle  _INITPAL
 1632:0BDE       _INSTALLUSERDRIVER
 1632:0CCC idle  _INSTALLUSERFONT
 0000:3E6F       _INT86
 0000:3EA7 idle  _INT86X
 0000:3F47       _IOCTL
 0000:1BD8       _ISATTY
 0000:3F77       _KBHIT
 1A55:0BB0 idle  _LDBARSIZE
 1A55:0BA6 idle  _LDEX
 1A55:0BA8 idle  _LDEY
 1A55:0BAC idle  _LDSTEP
 1A55:0BA2 idle  _LDSX
 1A55:0BA4 idle  _LDSY
 1A55:0DC4 idle  _LETH
 1A55:0DC2 idle  _LETW
 1632:1C05       _LINE
 1632:1120 idle  _LINEREL
 1632:10F9 idle  _LINETO
 1A55:0DE8 idle  _LOGSTATUES
 1A55:0BBC idle  _LOGSTATUS
 0000:44F0       _LONGJMP
 1A55:0BB4 idle  _LOOP_FLAG
 0000:31F4 idle  _LOWVIDEO
 0000:1CA0       _LSEEK
 0AC2:AF0C       _MAIN
 0000:38D7       _MALLOC
 0000:0F8A       _MATHERR
 1A55:0BB6 idle  _MAXX
 1A55:0BB8 idle  _MAXY
 0000:5A32       _MEMCPY
 1A55:0F1C idle  _MINX
 1A55:0F1E idle  _MINY
 1A55:0DBE idle  _MOVEDX
 1A55:0DC0 idle  _MOVEDY
 1632:104B       _MOVEREL
 0000:3F90       _MOVETEXT
 1632:1024       _MOVETO
 1A55:0BBE idle  _MSG
 1A55:65F6 idle  _NO
 0000:3207 idle  _NORMVIDEO
 0000:4A21       _NOSOUND
 1A55:0046 idle  _O
 1A55:0F88 idle  _OBJ1
 1A55:151C idle  _OBJ2
 0000:5A94       _OPEN
 1A55:0F30 idle  _OT
 1A55:0DD2 idle  _OUT
 1632:15FA       _OUTTEXT
 1632:1F60       _OUTTEXTXY
 1A55:0DEA idle  _PAGE
 1A55:0DCA idle  _PAGELIMIT
 1A55:0020 idle  _PAL
 1A55:0E66 idle  _PG
 1A55:0E76 idle  _PG1
 1A55:0E86 idle  _PG2
 1632:1388 idle  _PIESLICE
 1632:18D3 idle  _POSTDEVICE
 0000:107E       _POW
 0000:0F78       _POW10
 1A55:1B3C idle  _PR
 0000:5C81       _PRINTF
 0000:4034       _PUTCH
 1632:154C       _PUTIMAGE
 1632:207C       _PUTPIXEL
 0000:3E25       _PUTTEXT
 0000:48E5 idle  _RAISE
 0000:1EC7       _RAND
 0000:6188       _READ
 0000:3A3E idle  _REALLOC
 1632:11BD       _RECTANGLE
 1A55:000C idle  _REENTER
 1632:03F3 idle  _REGISTERFARBGIDRIVER
 1632:04AC idle  _REGISTERFARBGIFONT
 0000:1F30       _REMOVE
 0000:618B       _RENAME
 1632:0E21       _RESTORECRTMODE
 1A55:0056 idle  _S
 1A55:1C02 idle  _S1
 0000:61AF       _SCANF
 1A55:041A idle  _SCREEN_HEIGHT
 1A55:0418 idle  _SCREEN_WIDTH
 1632:1D39       _SECTOR
 0000:263C       _SEGREAD
 1632:19F7       _SETACTIVEPAGE
 1632:140F idle  _SETALLPALETTE
 1632:1370 idle  _SETASPECTRATIO
 1632:13B3       _SETBKCOLOR
 0000:4438       _SETBLOCK
 1632:1D92       _SETCOLOR
 1632:1284 idle  _SETFILLPATTERN
 1632:1230       _SETFILLSTYLE
 1632:0580 idle  _SETGRAPHBUFSIZE
 1632:0D76       _SETGRAPHMODE
 0000:44B3 idle  _SETJMP
 1632:117A       _SETLINESTYLE
 1632:14B5 idle  _SETPALETTE
 1632:1E62       _SETRGBPALETTE
 1A55:0DCC idle  _SETSVGAMODE
 0000:1939 idle  _SETSWITCHAR
 1632:1648       _SETTEXTJUSTIFY
 1632:1689       _SETTEXTSTYLE
 1632:1858 idle  _SETUSERCHARSIZE
 0000:61DC       _SETVBUF
 0000:1963       _SETVECT
 1632:0F18 idle  _SETVIEWPORT
 1632:19D4       _SETVISUALPAGE
 1632:1A1D       _SETWRITEMODE
 0000:47A6       _SIGNAL
 1A55:1B78 idle  _SIMBODY1
 0000:1218       _SIN
 0000:497E       _SLEEP
 0000:49EE       _SOUND
 0000:634C       _SPRINTF
 0000:0FBB       _SQRT
 0000:1EAF idle  _SRAND
 0000:63DE idle  _SSCANF
 1A55:0BAA idle  _STEPS
 0000:6433       _STRCAT
 0000:6477       _STRCMP
 0000:64AA       _STRCPY
 0000:65F7       _STRLEN
 0000:661D       _STRNCPY
 0000:0B72       _STRTOD
 1A55:0414 idle  _SVGA
 1A55:006E idle  _SWITCHBANK
 0000:4AFF       _SYSTEM
 1A55:0DCE idle  _T
 0000:2761       _TELL
 0000:31C8 idle  _TEXTATTR
 0000:319C       _TEXTBACKGROUND
 0000:3174       _TEXTCOLOR
 1632:187E       _TEXTHEIGHT
 0000:4CB1       _TEXTMODE
 1632:200D       _TEXTWIDTH
 1A55:0DDF idle  _TIMEBUF
 1A55:0B9E idle  _TIMEX
 1A55:0BA0 idle  _TIMEY
 0000:6653 idle  _TMPFILE
 0000:66A3       _TMPNAM
 1A55:041D idle  _TPALETTE
 1A55:0E9A idle  _TRANS
 1A55:0F70 idle  _TRANSX
 0000:66C3 idle  _UNGETC
 0000:3CE1 idle  _UNGETCH
 0000:2780       _UNLINK
 1A55:0DC6 idle  _VISUALPAGE
 1A55:03F0 idle  _VOICE
 0000:6375       _VSPRINTF
 0000:6408       _VSSCANF
 1A55:03FA idle  _WAVEFILE
 0000:4CFA idle  _WHEREX
 0000:4D16 idle  _WHEREY
 0000:68F2       _WRITE
 1A55:0A1E idle  _X
 1A55:0F20 idle  _XSCALE
 1A55:0F28 idle  _YSCALE
 1A55:0E9E idle  _ZOOM
 1A55:0F58 idle  _ZOOMX
 1A55:0F38 idle  _ZSCALE
 2256:0700       __8087
 0000:1000 idle  __AHINCR
 0000:000C idle  __AHSHIFT
 1A55:0098 idle  __ARROW
 2256:0716       __ATEXITCNT
 2256:0718       __ATEXITTBL
 1632:1AE1       __AUTODETECT
 2256:02B8 idle  __BACKCOLOR
 2256:0233       __BGI_ADD
 2256:0096       __BGI_AUTO
 2256:0092       __BGI_OVR
 0000:30F7       __BIOS_KEYBRD
 0000:3B6E       __BRK
 2256:0089       __BRKLVL
 1A55:02F0 idle  __BRUSH
 2256:006B idle  __C0ARGC
 2256:006D idle  __C0ARGV
 0000:34AA idle  __C0CRTINIT
 2256:0071       __C0ENVIRON
 1A55:0228 idle  __CARET
 2256:0C21       __CCHAR
 0000:1899       __CEXIT
 2256:0C20       __CFLAG
 0000:0155       __CHECKNULL
 0000:4DCF       __CHMOD
 0000:0142       __CLEANUP
 0000:4E2E       __CLOSE
 0000:3221       __CPUTN
 1A55:0160 idle  __CROSS
 0000:34CE       __CRTINIT
 2256:0798       __CTYPE
 1A55:008C idle  __CURSOR
 0000:0000  Abs  __CVTFAK
 0000:18AE idle  __C_EXIT
 2256:022F       __DDO_ADD
 2256:0714       __DEFAULT87
 0000:158B       __DOSENV
 2256:0A66       __DOSERRNO
 0000:1BBF       __DOSERROR
 2256:0A68 idle  __DOSERRORTOSV
 0000:173F       __DOS_FINDFIRST
 0000:1779       __DOS_FINDNEXT
 0000:17AD       __DOS_GETDATE
 0000:16F4       __DOS_GETFILEATTR
 0000:17CF       __DOS_GETTIME
 0000:171B idle  __DOS_SETFILEATTR
 2256:02B6       __DRAWCOLOR
 2341:0000       __EMU
 2256:0075       __ENVLNG
 2256:0077       __ENVSEG
 2256:0079       __ENVSIZE
 1A55:00FC idle  __ERASER
 0000:1880       __EXIT
 2256:089A       __EXITBUF
 2256:089E       __EXITFOPEN
 2256:08A2 idle  __EXITOPEN
 0000:1004 idle  __EXPL
 0000:588C       __FGETC
 1A55:028C idle  __FILL
 2256:02B7       __FILLCOLOR
 2256:02BA       __FILLSTYLE
 0000:8087 idle  __FLOATCONVERT
 2256:0A60       __FMODE
 2256:02AE       __FON_ADD
 0000:0DC2       __FPERROR
 0000:0E94       __FPRESET
 2256:0A64       __FPSTKLEN
 0000:0461 idle  __FPUINT
 0000:5CA6 idle  __FPUTC
 0000:5E87       __FPUTN
 1A55:01C4 idle  __FREE
 1A55:1B40 idle  __G
 0000:5303 idle  __GETFP
 0000:3D16       __GRAPHEXIT
 0000:3D2B       __GRAPHFREEMEM
 0000:3D44       __GRAPHGETMEM
 1632:0329 idle  __GRAPHNOTINSTALLED
 1632:22C0       __GRP_OVR
 1632:1BB4       __GR_CLEARDEVICE
 1632:1B52       __GR_DETECTGRAPH
 2256:02AC idle  __GR_ERRCODE
 1632:1E06       __GR_GETMODENAME
 1632:1A90       __GR_IMAGESIZE
 1632:1BE8       __GR_LINETO
 1632:1BCB       __GR_MOVETO
 1632:20D9       __GR_PUTIMAGE
 1632:1995       __GR_RESTORECRTMODE
 1632:1EA7       __GR_SETALLPALETTE
 1632:1E43       __GR_SETBKCOLOR
 1632:1A40       __GR_SETFILLPATTERN
 1632:1F30       __GR_SETFILLSTYLE
 1632:195F       __GR_SETGRAPHMODE
 1632:1EC2       __GR_SETLINESTYLE
 1632:1E88       __GR_SETPALETTE
 1632:1A73       __GR_SETTEXTJUSTIFY
 1632:1F96       __GR_SETTEXTSTYLE
 1632:1FE7       __GR_SETUSERCHARSIZE
 1632:1933       __GR_SETVIEWPORT
 1632:203A       __GR_TEXTHEIGHT
 2256:0085       __HEAPBASE
 2256:008D       __HEAPTOP
 2233:0006       __HUGE_DBLE
 2233:0002 idle  __HUGE_FLT
 2233:000E idle  __HUGE_LDBLE
 2233:0018 idle  __INDEFINITE
 1632:1B8F       __INITDEVICE
 1632:18EA       __INSTALLDEVICE
 2256:005B idle  __INT0VECTOR
 2256:005F idle  __INT4VECTOR
 2256:0063 idle  __INT5VECTOR
 2256:0067 idle  __INT6VECTOR
 0000:1B79       __IOERROR
 1A55:0354 idle  __LARROW
 2256:0711       __LDT
 0000:0483       __LDTRUNC
 2256:02B9       __LINESTYLE
 0000:1BF0       __LONGTOA
 0000:1275       __MATHERR
 2235:0006       __MATHWHY
 0000:1CD6       __MKNAME
 0000:0255 idle  __MMODEL
 2256:0AD8       __NEW_HANDLER
 0000:58A8       __NFGETC
 2256:0A36       __NFILE
 0000:3CAD idle  __NGETCHE
 2256:0A62       __NOTUMASK
 0000:66C0       __NUNGETC
 0000:3CDE idle  __NUNGETCH
 0000:5C25       __OPEN
 2256:0A38       __OPENFD
 0000:522D idle  __OPENFP
 2256:007D idle  __OSMAJOR
 2256:007E idle  __OSMINOR
 2256:007D idle  __OSVERSION
 2256:02C1 idle  __OVERSCANCOLOR
 0000:0EA3       __POW10
 2256:0710       __PROTECTED
 2256:007B       __PSP
 0000:1EF4       __READ
 0000:4050       __REALCVT
 2256:0E54       __REALCVTVECTOR
 1632:18EF       __REINSTALLDEVICE
 0000:01AB       __RESTOREZERO
 0000:3BC0       __SBRK
 0000:1F4F       __SCANNER
 0000:406E       __SCANPOP
 0000:4064       __SCANRSLT
 0000:405A       __SCANTOD
 2256:0E58       __SCANTODVECTOR
 0000:248E       __SCANTOL
 0000:41DF       __SCREENIO
 0000:42B3       __SCROLL
 0000:0000 idle  __SETENVP__
 0000:2666       __SETUPIO
 1A55:008A idle  __SHOWMOUSESTATUS
 0000:4A33       __SPAWN
 2256:0081 idle  __STARTTIME
 2256:02B2       __STATOFS
 2256:02B4       __STATSEG
 2256:0B64       __STKLEN
 0000:30BC       __STPCPY
 0000:6580 idle  __STRDATE
 2256:08A6       __STREAMS
 0000:65BC       __STRTIME
 0000:0AF9 idle  __STRTOLD
 1A55:0094 idle  __TEMP
 0000:0156       __TERMINATE
 2233:001C idle  __TINY_LDBLE
 0000:1D3A       __TMPNAM
 2256:0C72       __TMPNUM
 1A55:0090 idle  __TOOL
 0000:0000 idle  __TURBOCRT
 0000:0000  Abs  __TURBOCVT
 0000:8087  Abs  __TURBOFLOAT
 0000:1C79       __UTOA
 0000:422E       __VALIDATEXY
 2256:007D       __VERSION
 2256:0BD0       __VIDEO
 0000:341D       __VIDEOINT
 0000:2B44       __VPRINTER
 0000:2FF7       __VPTR
 0000:3035       __VRAM
 0000:4CE9       __WHEREXY
 1A55:1B5C idle  __WIND
 1A55:008B idle  __WRAPAROUND
 0000:68A3       __WRITE
 2256:0BCE       __WSCROLL
 0000:0BB3       __XCVT
 0000:68F5       __XFCLOSE
 0000:693D       __XFFLUSH
 1A55:0086 idle  __XMAXM
 1A55:0082 idle  __XMINM
 1A55:0000 idle  __XSCALE
 1A55:0088 idle  __YMAXM
 1A55:0084 idle  __YMINM
 1A55:0004 idle  __YSCALE
 1A55:0008 idle  __ZSCALE
 0000:368D idle  ___FIRST
 0000:0390       ___FPRESET
 0000:368F idle  ___LAST
 1632:0178 idle  ___MOVE
 0000:6099       ___READ
 0000:3691 idle  ___ROVER
 2256:0B60       ___SIGNALPTR
 0000:6735       ___WRITE

  Address         Publics by Value

 0000:0000  Abs  FIERQQ
 0000:0000  Abs  FIWRQQ
 0000:0000  Abs  FIDRQQ
 0000:0000  Abs  __TURBOCVT
 0000:0000 idle  FIARQQ
 0000:0000 idle  FICRQQ
 0000:0000  Abs  FISRQQ
 0000:0000 idle  FJARQQ
 0000:0000 idle  FJCRQQ
 0000:0000  Abs  FJSRQQ
 0000:0000 idle  __TURBOCRT
 0000:0000  Abs  __CVTFAK
 0000:0000 idle  __SETENVP__
 0000:000C idle  __AHSHIFT
 0000:1000 idle  __AHINCR
 0000:8087  Abs  __TURBOFLOAT
 0000:8087 idle  __FLOATCONVERT
 0000:0142       __CLEANUP
 0000:0155       __CHECKNULL
 0000:0156       __TERMINATE
 0000:01AB       __RESTOREZERO
 0000:023C       _ABORT
 0000:0253       DGROUP@
 0000:0255 idle  __MMODEL
 0000:0390       ___FPRESET
 0000:0461 idle  __FPUINT
 0000:0465       _ATOF
 0000:0483       __LDTRUNC
 0000:0AF9 idle  __STRTOLD
 0000:0B72       _STRTOD
 0000:0BB3       __XCVT
 0000:0DC2       __FPERROR
 0000:0E94       __FPRESET
 0000:0EA3       __POW10
 0000:0F78       _POW10
 0000:0F8A       _MATHERR
 0000:0FBB       _SQRT
 0000:1004 idle  __EXPL
 0000:107E       _POW
 0000:1218       _SIN
 0000:1275       __MATHERR
 0000:1335       _COS
 0000:14A7       _ACOS
 0000:14C7 idle  _ASIN
 0000:14E6       F_FTOL@
 0000:14E6 idle  FTOL@
 0000:1512       N_FTOL@
 0000:153E idle  _ATEXIT
 0000:1572       operator delete(void far*)
 0000:158B       __DOSENV
 0000:16F4       __DOS_GETFILEATTR
 0000:171B idle  __DOS_SETFILEATTR
 0000:173F       __DOS_FINDFIRST
 0000:1779       __DOS_FINDNEXT
 0000:17AD       __DOS_GETDATE
 0000:17CF       __DOS_GETTIME
 0000:186A       _EXIT
 0000:1880       __EXIT
 0000:1899       __CEXIT
 0000:18AE idle  __C_EXIT
 0000:18C1       F_LXMUL@
 0000:18C1 idle  LXMUL@
 0000:18D8       F_SCOPY@
 0000:18D8 idle  SCOPY@
 0000:18F4 idle  _GETDATE
 0000:190E       _GETTIME
 0000:1928       _GETSWITCHAR
 0000:1939 idle  _SETSWITCHAR
 0000:194D       _GETVECT
 0000:1963       _SETVECT
 0000:197B       N_LDIV@
 0000:197E       F_LDIV@
 0000:197E idle  LDIV@
 0000:1982 idle  N_LUDIV@
 0000:1985       F_LUDIV@
 0000:1985 idle  LUDIV@
 0000:198A       N_LMOD@
 0000:198D       F_LMOD@
 0000:198D idle  LMOD@
 0000:1992 idle  N_LUMOD@
 0000:1995       F_LUMOD@
 0000:1995 idle  LUMOD@
 0000:1A29       N_LXLSH@
 0000:1A2C       F_LXLSH@
 0000:1A2C idle  LXLSH@
 0000:1A4A idle  N_LXRSH@
 0000:1A4D       F_LXRSH@
 0000:1A4D idle  LXRSH@
 0000:1A6A       N_PADA@
 0000:1A6D idle  F_PADA@
 0000:1A6D idle  PADA@
 0000:1AAE       N_PSBA@
 0000:1AB1 idle  PSBA@
 0000:1AB1 idle  F_PSBA@
 0000:1AF2       N_PADD@
 0000:1AF5 idle  F_PADD@
 0000:1AF5 idle  PADD@
 0000:1B21 idle  N_PSUB@
 0000:1B24 idle  F_PSUB@
 0000:1B24 idle  PSUB@
 0000:1B52 idle  N_SPUSH@
 0000:1B58       F_SPUSH@
 0000:1B58 idle  SPUSH@
 0000:1B79       __IOERROR
 0000:1BBF       __DOSERROR
 0000:1BD8       _ISATTY
 0000:1BF0       __LONGTOA
 0000:1C79       __UTOA
 0000:1CA0       _LSEEK
 0000:1CD6       __MKNAME
 0000:1D3A       __TMPNAM
 0000:1D98 idle  set_new_handler(void(far*)())
 0000:1DC9       operator new(unsigned int)
 0000:1E12       operator new(unsigned long)
 0000:1E77       N_LXMUL@
 0000:1E8E       N_PCMP@
 0000:1EAF idle  _SRAND
 0000:1EC7       _RAND
 0000:1EF4       __READ
 0000:1F30       _REMOVE
 0000:1F4F       __SCANNER
 0000:248E       __SCANTOL
 0000:263C       _SEGREAD
 0000:2666       __SETUPIO
 0000:2761       _TELL
 0000:2780       _UNLINK
 0000:279F       _vector_delete_(void far*,unsigned int,unsigned long,unsigned int,...)
 0000:293B       _vector_new_(void far*,unsigned int,unsigned long,unsigned int,...)
 0000:2B44       __VPRINTER
 0000:2FF7       __VPTR
 0000:3035       __VRAM
 0000:30BC       __STPCPY
 0000:30F7       __BIOS_KEYBRD
 0000:3123       _CLRSCR
 0000:3174       _TEXTCOLOR
 0000:319C       _TEXTBACKGROUND
 0000:31C8 idle  _TEXTATTR
 0000:31E1       _HIGHVIDEO
 0000:31F4 idle  _LOWVIDEO
 0000:3207 idle  _NORMVIDEO
 0000:3221       __CPUTN
 0000:33B3 idle  _CPRINTF
 0000:341D       __VIDEOINT
 0000:34AA idle  __C0CRTINIT
 0000:34CE       __CRTINIT
 0000:3625       _DELAY
 0000:368D idle  ___FIRST
 0000:368F idle  ___LAST
 0000:3691 idle  ___ROVER
 0000:37CD       _FARFREE
 0000:37CD       _FREE
 0000:38D7       _MALLOC
 0000:38E1       _FARMALLOC
 0000:3A3E idle  _REALLOC
 0000:3A45 idle  _FARREALLOC
 0000:3B6E       __BRK
 0000:3BC0       __SBRK
 0000:3C7E       _GETCH
 0000:3CAD idle  __NGETCHE
 0000:3CB0 idle  _GETCHE
 0000:3CDE idle  __NUNGETCH
 0000:3CE1 idle  _UNGETCH
 0000:3D16       __GRAPHEXIT
 0000:3D2B       __GRAPHFREEMEM
 0000:3D44       __GRAPHGETMEM
 0000:3D59       _GOTOXY
 0000:3DC8       _GETTEXT
 0000:3E25       _PUTTEXT
 0000:3E6F       _INT86
 0000:3EA7 idle  _INT86X
 0000:3F47       _IOCTL
 0000:3F77       _KBHIT
 0000:3F90       _MOVETEXT
 0000:4034       _PUTCH
 0000:4050       __REALCVT
 0000:405A       __SCANTOD
 0000:4064       __SCANRSLT
 0000:406E       __SCANPOP
 0000:41DF       __SCREENIO
 0000:422E       __VALIDATEXY
 0000:42B3       __SCROLL
 0000:4438       _SETBLOCK
 0000:44B3 idle  _SETJMP
 0000:44F0       _LONGJMP
 0000:47A6       _SIGNAL
 0000:48E5 idle  _RAISE
 0000:497E       _SLEEP
 0000:49EE       _SOUND
 0000:4A21       _NOSOUND
 0000:4A33       __SPAWN
 0000:4AFF       _SYSTEM
 0000:4CB1       _TEXTMODE
 0000:4CE9       __WHEREXY
 0000:4CFA idle  _WHEREX
 0000:4D16 idle  _WHEREY
 0000:4D36       _ATOL
 0000:4DB7 idle  _ATOI
 0000:4DCF       __CHMOD
 0000:4DF3       _CLOSE
 0000:4E2E       __CLOSE
 0000:4E59       _EOF
 0000:4EE2       _FCLOSE
 0000:4F94       _FFLUSH
 0000:5068       _FGETS
 0000:510B       _FLUSHALL
 0000:522D idle  __OPENFP
 0000:5303 idle  __GETFP
 0000:535C       _FOPEN
 0000:5398       _FPRINTF
 0000:53BB       _FPUTS
 0000:5505       _FREAD
 0000:559A       _FSCANF
 0000:564E       _FSEEK
 0000:56D5       _FTELL
 0000:5734       _FWRITE
 0000:588C       __FGETC
 0000:58A8       __NFGETC
 0000:58AB idle  _FGETC
 0000:59A0 idle  _FGETCHAR
 0000:59B6       _GETENV
 0000:5A32       _MEMCPY
 0000:5A94       _OPEN
 0000:5C25       __OPEN
 0000:5C81       _PRINTF
 0000:5CA6 idle  __FPUTC
 0000:5CC9 idle  _FPUTC
 0000:5E69 idle  _FPUTCHAR
 0000:5E87       __FPUTN
 0000:6099       ___READ
 0000:6188       _READ
 0000:618B       _RENAME
 0000:61AF       _SCANF
 0000:61DC       _SETVBUF
 0000:634C       _SPRINTF
 0000:6375       _VSPRINTF
 0000:63DE idle  _SSCANF
 0000:6408       _VSSCANF
 0000:6433       _STRCAT
 0000:6477       _STRCMP
 0000:64AA       _STRCPY
 0000:6580 idle  __STRDATE
 0000:65BC       __STRTIME
 0000:65F7       _STRLEN
 0000:661D       _STRNCPY
 0000:6653 idle  _TMPFILE
 0000:66A3       _TMPNAM
 0000:66C0       __NUNGETC
 0000:66C3 idle  _UNGETC
 0000:6735       ___WRITE
 0000:68A3       __WRITE
 0000:68F2       _WRITE
 0000:68F5       __XFCLOSE
 0000:693D       __XFFLUSH
 0000:6AC8 idle  iostream_delete()
 0000:6BD0       endl(ostream far&)
 0000:6C00       filebuf::close()
 0000:6CAE       filebuf::filebuf()
 0000:6DCA       filebuf::filebuf(int)
 0000:6EE7       filebuf::~filebuf()
 0000:6F89       filebuf::overflow(int)
 0000:7110       filebuf::open(const char far*,int,int)
 0000:7276       filebuf::setbuf(char far*,int)
 0000:7339       filebuf::seekoff(long,seek_dir,int)
 0000:74F5       filebuf::sync()
 0000:75FF       filebuf::underflow()
 0000:77E9       fstreambase::close()
 0000:782E       fstreambase::fstreambase()
 0000:78DD       fstreambase::fstreambase(const char far*,int,int)
 0000:79A9       fstreambase::~fstreambase()
 0000:7A37       fstreambase::open(const char far*,int,int)
 0000:7AA4       fstream::fstream()
 0000:7BA0       fstream::fstream(const char far*,int,int)
 0000:7CA8       fstream::~fstream()
 0000:7D81       iostream::iostream()
 0000:7E54       iostream::~iostream()
 0000:7F0E       istream_withassign::operator =(streambuf far*)
 0000:7F35       istream::istream()
 0000:7FC3       istream_withassign::istream_withassign()
 0000:805A       istream::do_get()
 0000:80F5       istream::ipfx(int)
 0000:81B7       istream::~istream()
 0000:822F       istream_withassign::~istream_withassign()
 0000:82B8       istream::eatwhite()
 0000:8395       istream::operator >>(double far&)
 0000:8427       istream::operator >>(int far&)
 0000:8468       istream::operator >>(long double far&)
 0000:8F02       istream::operator >>(long far&)
 0000:9172       istream::get(char far&)
 0000:9263       istream::get(unsigned char far&)
 0000:9354       istream::read(char far*,int)
 0000:9467       istream::seekg(long,seek_dir)
 0000:94C7 idle  fpclass(long double)
 0000:9511 idle  fpcopysign(long double,long double)
 0000:9A2C       ostream::operator <<(long double)
 0000:9B51       ostream_withassign::operator =(streambuf far*)
 0000:9B78       ostream::ostream()
 0000:9BFD       ostream_withassign::ostream_withassign()
 0000:9C94       ostream::~ostream()
 0000:9D19       ostream_withassign::~ostream_withassign()
 0000:9DA2       ostream::flush()
 0000:9DE7       ostream::operator <<(char)
 0000:9EBE       ostream::do_opfx()
 0000:9EF8       ostream::do_osfx()
 0000:9F53       ostream::outstr(const char far*,const char far*)
 0000:A26D       ostream::seekp(long,seek_dir)
 0000:A2CD       ostream::write(const char far*,int)
 0000:A320       streambuf::doallocate()
 0000:A371       streambuf::streambuf()
 0000:A445       streambuf::do_snextc()
 0000:A479       streambuf::do_sgetn(char far*,int)
 0000:A530       streambuf::do_sputn(const char far*,int)
 0000:A5D9       streambuf::~streambuf()
 0000:A655       streambuf::overflow(int)
 0000:A664       streambuf::pbackfail(int)
 0000:A673       streambuf::setbuf(char far*,int)
 0000:A6A6       streambuf::setb(char far*,char far*,int)
 0000:A75C       streambuf::setg(char far*,char far*,char far*)
 0000:A7CD       streambuf::setp(char far*,char far*)
 0000:A820       streambuf::seekoff(long,seek_dir,int)
 0000:A832       streambuf::seekpos(long,int)
 0000:A85D       streambuf::sputn(const char far*,int)
 0000:A8DA       streambuf::sync()
 0000:A92D       streambuf::underflow()
 0000:A967       ios::clear(int)
 0000:A9A8       ios::ios()
 0000:A9F4       ios::~ios()
 0000:AA4B       ios::init(streambuf far*)
 0000:AAA6       ios::setf(long)
 0000:AB91       ios::setstate(int)
 0000:ABBE       ios::tie(ostream far*)
 0AC2:000F idle  float_trap(int)
 0AC2:005A idle  setup_float_exception()
 0AC2:0074 idle  reboot()
 0AC2:00AA idle  whitepixel()
 0AC2:00E3 idle  detectvga256()
 0AC2:0172 idle  detectvgas3()
 0AC2:020D idle  detectvga64k()
 0AC2:029C idle  detectvga24bit()
 0AC2:032B idle  detectvga32k()
 0AC2:03BA idle  detectvga16()
 0AC2:0449 idle  detecttwk16()
 0AC2:04D8 idle  detecttwk256()
 0AC2:0567 idle  detectbgivga256()
 0AC2:0572 idle  initsvga()
 0AC2:05FA idle  setpallete(unsigned char,unsigned char,unsigned char,unsigned char)
 0AC2:0637 idle  getvesainfo(vesainfo far*)
 0AC2:0659 idle  getmodeinfo(int,modeinfo far*)
 0AC2:067B idle  setvesamode(int)
 0AC2:068F idle  setmode(int,int)
 0AC2:0784 idle  getpixel(int,int)
 0AC2:0834 idle  putpixel(int,int,unsigned char)
 0AC2:08E1 idle  switchbank(int)
 0AC2:08F8 idle  wait()
 0AC2:090D idle  getsvgainfo()
 0AC2:0932 idle  getvesainfo()
 0AC2:0957 idle  getvesamdeinfo(int,modeinfo far*)
 0AC2:0979 idle  hidemouse()
 0AC2:0AB3 idle  drawcursor(unsigned char)
 0AC2:0B68 idle  initmouse()
 0AC2:0BF8 idle  checkmouse()
 0AC2:0C2F idle  resetmouse()
 0AC2:0C48 idle  showmouse()
 0AC2:0C65 idle  putmousepixel(unsigned int,unsigned int)
 0AC2:0C9E idle  changespeed(unsigned int)
 0AC2:0CD6 idle  changeacceleration(unsigned int)
 0AC2:0D04 idle  ismouse(int,int,int,int)
 0AC2:0D37 idle  mclick(int,int,int,int)
 0AC2:0D73 idle  moving()
 0AC2:0E37 idle  setmousecursor(unsigned char far*)
 0AC2:0E50 idle  resetdsp(unsigned int)
 0AC2:0EAA idle  writedsp(unsigned char)
 0AC2:0ED3 idle  playback(wavedata far*)
 0AC2:0FC9 idle  loadvoice(wavedata far*,char far*)
 0AC2:113C idle  playwav(char far*,float)
 0AC2:11B3 idle  checkhardware()
 0AC2:11BD idle  set_mode_svga(unsigned char)
 0AC2:11EA idle  checksvga(int far&,int far&)
 0AC2:1244 idle  putsvgapixel(int,int,unsigned char)
 0AC2:1277 idle  getsvgapixel(int,int)
 0AC2:12A7 idle  svgaline(int,int,int,int,unsigned char)
 0AC2:13E4 idle  svgarectangle(int,int,int,int,unsigned char)
 0AC2:1446 idle  svgacircle(int,int,int,unsigned char)
 0AC2:1523 idle  set_svga_palette(unsigned char far*)
 0AC2:154C idle  waitretrace()
 0AC2:1561 idle  setbwpal()
 0AC2:15C1 idle  fadein()
 0AC2:15FB idle  set_svga_color(unsigned char)
 0AC2:160D idle  get_svga_color()
 0AC2:1618 idle  get_svga_maxx()
 0AC2:1624 idle  get_svga_maxy()
 0AC2:1630 idle  set_svga_rgbpalette(int,int,int,int)
 0AC2:166D idle  bitmap::put_pixel(int far&,int far&,unsigned char far&,int)
 0AC2:16F1 idle  bitmap::power(int)
 0AC2:171C idle  bitmap::show_message(char far*)
 0AC2:174F idle  bitmap::open_file()
 0AC2:17B2 idle  bitmap::load_palette()
 0AC2:182D idle  bitmap::show_one_bit_bitmap()
 0AC2:1A08 idle  bitmap::show_four_bit_bitmap()
 0AC2:1A34 idle  bitmap::show_eight_bit_bitmap()
 0AC2:1B38 idle  bitmap::setpalette(char far*)
 0AC2:1CC3 idle  bitmap::show_bmp(char far*)
 0AC2:1E96 idle  wtbmpflhdr(const char far*)
 0AC2:1F30 idle  wtbmpinfhdr(const char far*)
 0AC2:1FB7 idle  wtbmpclrtbl(const char far*)
 0AC2:21F7 idle  sv16clrbmp(const int,const ...
 0AC2:24F5 idle  svbmp(const unsigned int,const ...
 0AC2:26CB idle  rdbmpflhdr(const char far*)
 0AC2:2765 idle  rdbmpinfhcr(const char far*)
 0AC2:27FF idle  rdbmpclrtbl(const char far*)
 0AC2:28B9 idle  gtclr(const int)
 0AC2:2A49 idle  shw16clrbmp(const int,const ...
 0AC2:2C15 idle  ldbmp(const int,const ...
 0AC2:2D69 idle  ldbar_perc()
 0AC2:2E3D idle  ldbar(int)
 0AC2:2F09 idle  setup_ldbar(int,int,int,int,int)
 0AC2:2F6B idle  digit_write(int,int,int)
 0AC2:352D idle  digital(int,int,int)
 0AC2:37BD idle  log(char far*)
 0AC2:383B idle  shadowtxt(char far*,int,int,int)
 0AC2:388C idle  checkerrors()
 0AC2:38D3 idle  pageflip()
 0AC2:3905 idle  xldbmp(int,int,char far*)
 0AC2:3951 idle  display_icon(int,int,char far*)
 0AC2:398B idle  switchpage(int,int)
 0AC2:39B1 idle  display_err(char far*)
 0AC2:3A03 idle  dim(char,char)
 0AC2:3AB9 idle  bright(char,char)
 0AC2:3B6F idle  enlarge(int,int,char far*)
 0AC2:3C45 idle  reduce(int,int,char far*)
 0AC2:3D1A idle  gin()
 0AC2:3E36 idle  glnextline()
 0AC2:3E52 idle  tabspace(int)
 0AC2:3E6F idle  cuttonextline()
 0AC2:3E85 idle  glouttext(char far*)
 0AC2:3F38 idle  msg_n_gin(int,int,char far*)
 0AC2:3F73 idle  glprintf(char far*,...)
 0AC2:3FB4 idle  glscanf(char far*,...)
 0AC2:3FFF idle  x_glscanf(int,char far*,...)
 0AC2:40CB idle  boxin(int,int,int,int,char far*)
 0AC2:42E8 idle  getpass(char far*)
 0AC2:4556 idle  changefileext(char far*,char far*)
 0AC2:45B4 idle  set16bitpal()
 0AC2:475B idle  ttime(int,int)
 0AC2:47A7 idle  digitaltime(int,int)
 0AC2:492C idle  sysinfo()
 0AC2:4A03 idle  show_files(char far*)
 0AC2:4A8B idle  crossline(int,int)
 0AC2:4AC1 idle  explode_rectangle(int,int,int,int)
 0AC2:4C64 idle  lockon_rectangle(int,int)
 0AC2:4E1D idle  screen_target_select(int far&,int far&)
 0AC2:4F75 idle  screen_area_select(int far&,int far&,int far&,int far&)
 0AC2:4FCA idle  save_screen_area_mem(void far*far*)
 0AC2:5086 idle  restore_screen(void far*far*)
 0AC2:50FD idle  save_screen(void far*far*)
 0AC2:51B9 idle  restore_screen_are_mem(void far*far*)
 0AC2:5230 idle  save_screen_area_mem(int,int,int,int,void far*far*)
 0AC2:530F idle  restore_screen_area_mem(int,int,int,int,void far*far*,int)
 0AC2:539E idle  display_globjects(int,int,int,int)
 0AC2:542F idle  bcm::movebcm(int,int)
 0AC2:54BC idle  bcm::choice()
 0AC2:55F2 idle  bcm::initiate(char far*)
 0AC2:5779 idle  complexsquare(complex)
 0AC2:57CB idle  iterate(complex,int)
 0AC2:5849 idle  mandelbrot(int,int,int,int,int,float,float,float,float)
 0AC2:591E idle  mod(double)
 0AC2:594B idle  trans(point3d far&,double,double,double)
 0AC2:5997 idle  altrans(line3d far&,double,double,double)
 0AC2:5A07 idle  attrans(triangle3d far&,double,double,double)
 0AC2:5AAB idle  rtrans(double far&,double far&,int)
 0AC2:5B7C idle  rot(point3d far&,int,int,int)
 0AC2:5BDA idle  alrot(line3d far&,int,int,int)
 0AC2:5C18 idle  atrot(triangle3d far&,int,int,int)
 0AC2:5C6C idle  scale(point3d far&,double,double,double)
 0AC2:5CB8 idle  alscale(line3d far&,double,double,double)
 0AC2:5D28 idle  atscale(triangle3d far&,double,double,double)
 0AC2:5DCC idle  setcamera(point3d far*)
 0AC2:5DE5 idle  rotcamera(point3d far*,double,double,double)
 0AC2:5E21 idle  setcamzoom(point3d far*)
 0AC2:5E3A idle  zoomcamera(point3d far&,float,float,float)
 0AC2:5E76 idle  intersect(const box far&,const box far&)
 0AC2:5F20 idle  isection(const box far&,const box far&)
 0AC2:6096 idle  drawpoint(point3d,int)
 0AC2:6136 idle  drawpointc(point3dc,int)
 0AC2:6227 idle  drawline(line3d,int)
 0AC2:6368 idle  drawtriangle(triangle3d,int)
 0AC2:6427 idle  drawaxis(int)
 0AC2:6564 idle  conplot(point3d,int)
 0AC2:65B7 idle  sconplot(point3d,int,double,double)
 0AC2:6600 idle  aotrans(gllineobject far&,double,double,double)
 0AC2:668B idle  aorot(gllineobject far&,int,int,int)
 0AC2:66E3 idle  aoscale(gllineobject far&,double,double,double)
 0AC2:673A idle  readobj(char far*,gllineobject far&)
 0AC2:69C2 idle  drawobj(gllineobject,int)
 0AC2:6AD2 idle  _2dgltestrun()
 0AC2:6C6B idle  _3dgltestrun()
 0AC2:6F07 idle  glsetup(int)
 0AC2:6F9D idle  vec3d::vec3d()
 0AC2:7000 idle  vec3d::vec3d(double,double,double)
 0AC2:7066 idle  vec3d::vec3d(const vec3d far&)
 0AC2:70D8 idle  vec3d::~vec3d()
 0AC2:710F idle  vec3d::operator =(const vec3d far&)
 0AC2:716F idle  operator <<(ostream far&,const vec3d far&)
 0AC2:7271 idle  operator ==(const vec3d far&,const vec3d far&)
 0AC2:72C6 idle  operator !=(const vec3d far&,const vec3d far&)
 0AC2:731B idle  operator +(const vec3d far&,const vec3d far&)
 0AC2:739E idle  operator -(const vec3d far&,const vec3d far&)
 0AC2:7421 idle  operator -(const vec3d far&)
 0AC2:74D7 idle  operator *(const double far&,const vec3d far&)
 0AC2:7557 idle  operator *(const vec3d far&,const double far&)
 0AC2:75D7 idle  operator /(const vec3d far&,const double far&)
 0AC2:7657 idle  vec3d::operator +=(const vec3d far&)
 0AC2:76B7 idle  vec3d::operator -=(const vec3d far&)
 0AC2:7717 idle  vec3d::operator *=(const double far&)
 0AC2:7774 idle  vec3d::operator /=(const double far&)
 0AC2:77D1 idle  vec3d::normalize()
 0AC2:788B idle  vec3d::length()
 0AC2:78E9 idle  dotp(const vec3d far&,const vec3d far&)
 0AC2:7936 idle  crossp(const vec3d far&,const vec3d far&)
 0AC2:79F5 idle  distancebetween(const vec3d far&,const vec3d far&)
 0AC2:7AC0 idle  anglebetweenrad(vec3d,vec3d)
 0AC2:7B3F idle  anglebetweendeg(vec3d,vec3d)
 0AC2:7BCB idle  anglefromplanerad(vec3d)
 0AC2:7C2F idle  anglefromplanedeg(vec3d)
 0AC2:7CA0 idle  perpprojection(const vec3d far&,const vec3d far&)
 0AC2:7D4E idle  rotateaboutx_deg(const vec3d far&,const double)
 0AC2:7E1D idle  rotateabouty_deg(const vec3d far&,const double)
 0AC2:7EEC idle  rotateaboutz_deg(const vec3d far&,const double)
 0AC2:7FBB idle  rotate_deg(const vec3d far&,const double,const ...
 0AC2:825A idle  rotateaboutx_rad(const vec3d far&,const double)
 0AC2:8369 idle  rotateabouty_rad(const vec3d far&,const double)
 0AC2:8478 idle  rotateaboutz_rad(const vec3d far&,const double)
 0AC2:8587 idle  selectcolor()
 0AC2:85D5 idle  distancebetween(const point3d far&,const point3d far&)
 0AC2:869E idle  setupreactor()
 0AC2:871D idle  sim_body::resolve_collition(particle far&)
 0AC2:8729 idle  sim_body::did_collide_with(gllineobject far&)
 0AC2:87F1 idle  sim_body::is_point_inside_object(point3d far&)
 0AC2:884A idle  sim_body::create_body()
 0AC2:8B27 idle  sim_body::showdetails()
 0AC2:8B33 idle  sim_body::changeproperty()
 0AC2:8B42 idle  command(char far*)
 0AC2:8B8E idle  configure()
 0AC2:8C22 idle  helpnavigator(char far*)
 0AC2:8CB9 idle  db()
 0AC2:8CD8 idle  getint()
 0AC2:8D09 idle  etc()
 0AC2:8D26 idle  add_rec_link(record_type far*far*,char far*,char,unsigned int)
 0AC2:8E6E idle  clear_list_rec(record_type far*)
 0AC2:8EED idle  write_val(file far*,record_type far*)
 0AC2:8F5F idle  read_val(record_type far*,file far*)
 0AC2:8FD1 idle  ask_values(record_type far*)
 0AC2:9172 idle  show_val(record_type far*)
 0AC2:9268 idle  search_field(char far*,char far*,record_type far*,file far*,unsigned int,unsigned int)
 0AC2:9434 idle  create()
 0AC2:9689 idle  load()
 0AC2:9F17 idle  main_menu()
 0AC2:9FDF idle  application()
 0AC2:A0AA idle  introduction()
 0AC2:A187 idle  entercore()
 0AC2:A25E idle  loadreactor()
 0AC2:A2AF idle  reactor()
 0AC2:AEAE idle  simulator()
 0AC2:AED8 idle  showlog()
 0AC2:AEF5 idle  database()
 0AC2:AF0C       _MAIN
 0AC2:AFC8 idle  setdown_platfrom()
 0AC2:B007 idle  setup_platform()
 0AC2:B433       colorpalette::colorpalette()
 0AC2:B480       sim_body::sim_body()
 0AC2:B59F       sim_body::~sim_body()
 0AC2:B6F8       vec3d::
 1632:0178 idle  ___MOVE
 1632:0193       _GRAPHERRORMSG
 1632:030D       _GRAPHRESULT
 1632:0329 idle  __GRAPHNOTINSTALLED
 1632:03F3 idle  _REGISTERFARBGIDRIVER
 1632:04AC idle  _REGISTERFARBGIFONT
 1632:0580 idle  _SETGRAPHBUFSIZE
 1632:05B7 idle  _GETMODERANGE
 1632:0656 idle  _DETECTGRAPH
 1632:0884 idle  _GRAPHDEFAULTS
 1632:096A       _INITGRAPH
 1632:0BDE       _INSTALLUSERDRIVER
 1632:0CCC idle  _INSTALLUSERFONT
 1632:0D76       _SETGRAPHMODE
 1632:0DFE       _GETGRAPHMODE
 1632:0E21       _RESTORECRTMODE
 1632:0E53       _CLOSEGRAPH
 1632:0EFD       _CLEARDEVICE
 1632:0F18 idle  _SETVIEWPORT
 1632:0F94 idle  _GETVIEWSETTINGS
 1632:0FB3       _CLEARVIEWPORT
 1632:1024       _MOVETO
 1632:104B       _MOVEREL
 1632:106B       _GETX
 1632:107A       _GETY
 1632:1089       _GETMAXX
 1632:109C       _GETMAXY
 1632:10AF idle  _GETDRIVERNAME
 1632:10D5 idle  _GETMODENAME
 1632:10F9 idle  _LINETO
 1632:1120 idle  _LINEREL
 1632:115B idle  _GETLINESETTINGS
 1632:117A       _SETLINESTYLE
 1632:11BD       _RECTANGLE
 1632:1213 idle  _GETFILLSETTINGS
 1632:1230       _SETFILLSTYLE
 1632:1264 idle  _GETFILLPATTERN
 1632:1284 idle  _SETFILLPATTERN
 1632:12FB idle  _ARC
 1632:1326       _CIRCLE
 1632:1352 idle  _GETASPECTRATIO
 1632:1370 idle  _SETASPECTRATIO
 1632:1388 idle  _PIESLICE
 1632:13B3       _SETBKCOLOR
 1632:13ED       _GETCOLOR
 1632:13FE idle  _GETBKCOLOR
 1632:140F idle  _SETALLPALETTE
 1632:14B5 idle  _SETPALETTE
 1632:14F8 idle  _GETPALETTE
 1632:1517       _IMAGESIZE
 1632:154C       _PUTIMAGE
 1632:15DB idle  _GETTEXTSETTINGS
 1632:15FA       _OUTTEXT
 1632:1648       _SETTEXTJUSTIFY
 1632:1689       _SETTEXTSTYLE
 1632:1858 idle  _SETUSERCHARSIZE
 1632:187E       _TEXTHEIGHT
 1632:188F idle  @dgroup
 1632:18D3 idle  _POSTDEVICE
 1632:18EA       __INSTALLDEVICE
 1632:18EF       __REINSTALLDEVICE
 1632:1933       __GR_SETVIEWPORT
 1632:195F       __GR_SETGRAPHMODE
 1632:1995       __GR_RESTORECRTMODE
 1632:19D4       _SETVISUALPAGE
 1632:19F7       _SETACTIVEPAGE
 1632:1A1D       _SETWRITEMODE
 1632:1A40       __GR_SETFILLPATTERN
 1632:1A73       __GR_SETTEXTJUSTIFY
 1632:1A90       __GR_IMAGESIZE
 1632:1AE1       __AUTODETECT
 1632:1B52       __GR_DETECTGRAPH
 1632:1B8F       __INITDEVICE
 1632:1BB4       __GR_CLEARDEVICE
 1632:1BCB       __GR_MOVETO
 1632:1BE8       __GR_LINETO
 1632:1C05       _LINE
 1632:1C28 idle  _DRAWPOLY
 1632:1C48 idle  _FILLPOLY
 1632:1C68       _BAR
 1632:1C8B idle  _BAR3D
 1632:1CCC       _ELLIPSE
 1632:1CFC idle  _FILLELLIPSE
 1632:1D39       _SECTOR
 1632:1D69 idle  _GETARCCOORDS
 1632:1D92       _SETCOLOR
 1632:1DB3       _GETMAXCOLOR
 1632:1DCE       _GETPALETTESIZE
 1632:1DE9       _GETDEFAULTPALETTE
 1632:1E06       __GR_GETMODENAME
 1632:1E27       _GETMAXMODE
 1632:1E43       __GR_SETBKCOLOR
 1632:1E62       _SETRGBPALETTE
 1632:1E88       __GR_SETPALETTE
 1632:1EA7       __GR_SETALLPALETTE
 1632:1EC2       __GR_SETLINESTYLE
 1632:1EEB idle  _FLOODFILL
 1632:1F30       __GR_SETFILLSTYLE
 1632:1F60       _OUTTEXTXY
 1632:1F96       __GR_SETTEXTSTYLE
 1632:1FE7       __GR_SETUSERCHARSIZE
 1632:200D       _TEXTWIDTH
 1632:203A       __GR_TEXTHEIGHT
 1632:205B       _GETPIXEL
 1632:207C       _PUTPIXEL
 1632:209C       _GETIMAGE
 1632:20D9       __GR_PUTIMAGE
 1632:22C0       __GRP_OVR
 19F8:0306       E087_ENTRY
 19F8:03C6       E087_SHORTCUT
 19F8:0430       E087_TRAP
 1A55:0000 idle  __XSCALE
 1A55:0004 idle  __YSCALE
 1A55:0008 idle  __ZSCALE
 1A55:000C idle  _REENTER
 1A55:0020 idle  _PAL
 1A55:0024 idle  _INITPAL
 1A55:0036 idle  _I
 1A55:0046 idle  _O
 1A55:0056 idle  _S
 1A55:006E idle  _SWITCHBANK
 1A55:0072 idle  _BANK
 1A55:0074 idle  _FLAG
 1A55:0082 idle  __XMINM
 1A55:0084 idle  __YMINM
 1A55:0086 idle  __XMAXM
 1A55:0088 idle  __YMAXM
 1A55:008A idle  __SHOWMOUSESTATUS
 1A55:008B idle  __WRAPAROUND
 1A55:008C idle  __CURSOR
 1A55:0090 idle  __TOOL
 1A55:0094 idle  __TEMP
 1A55:0098 idle  __ARROW
 1A55:00FC idle  __ERASER
 1A55:0160 idle  __CROSS
 1A55:01C4 idle  __FREE
 1A55:0228 idle  __CARET
 1A55:028C idle  __FILL
 1A55:02F0 idle  __BRUSH
 1A55:0354 idle  __LARROW
 1A55:03C0 idle  _HEADER
 1A55:03F0 idle  _VOICE
 1A55:03F8 idle  _BASE
 1A55:03FA idle  _WAVEFILE
 1A55:0414 idle  _SVGA
 1A55:0418 idle  _SCREEN_WIDTH
 1A55:041A idle  _SCREEN_HEIGHT
 1A55:041C idle  _CURCOLOR
 1A55:041D idle  _TPALETTE
 1A55:071D idle  _DPALETTE
 1A55:0A1E idle  _X
 1A55:0AE8 idle  _BMP_FH
 1A55:0AF6 idle  _BMP_IH
 1A55:0B1E idle  _COLORTABLE
 1A55:0B9E idle  _TIMEX
 1A55:0BA0 idle  _TIMEY
 1A55:0BA2 idle  _LDSX
 1A55:0BA4 idle  _LDSY
 1A55:0BA6 idle  _LDEX
 1A55:0BA8 idle  _LDEY
 1A55:0BAA idle  _STEPS
 1A55:0BAC idle  _LDSTEP
 1A55:0BB0 idle  _LDBARSIZE
 1A55:0BB4 idle  _LOOP_FLAG
 1A55:0BB6 idle  _MAXX
 1A55:0BB8 idle  _MAXY
 1A55:0BBA idle  _COLOR
 1A55:0BBC idle  _LOGSTATUS
 1A55:0BBE idle  _MSG
 1A55:0DBE idle  _MOVEDX
 1A55:0DC0 idle  _MOVEDY
 1A55:0DC2 idle  _LETW
 1A55:0DC4 idle  _LETH
 1A55:0DC6 idle  _VISUALPAGE
 1A55:0DC8 idle  _ACTIVEPAGE
 1A55:0DCA idle  _PAGELIMIT
 1A55:0DCC idle  _SETSVGAMODE
 1A55:0DCE idle  _T
 1A55:0DD2 idle  _OUT
 1A55:0DD6 idle  _DATEBUF
 1A55:0DDF idle  _TIMEBUF
 1A55:0DE8 idle  _LOGSTATUES
 1A55:0DEA idle  _PAGE
 1A55:0DEC idle  _B
 1A55:0E66 idle  _PG
 1A55:0E76 idle  _PG1
 1A55:0E86 idle  _PG2
 1A55:0E96 idle  _CAM
 1A55:0E9A idle  _TRANS
 1A55:0E9E idle  _ZOOM
 1A55:0EA2 idle  _CAMERA_ROT_ON
 1A55:0EA3 idle  _CAMERA_ZOOM_ON
 1A55:0EA4 idle  _CAMERA_TRANS_ON
 1A55:0EA6 idle  _FILE
 1A55:0F1C idle  _MINX
 1A55:0F1E idle  _MINY
 1A55:0F20 idle  _XSCALE
 1A55:0F28 idle  _YSCALE
 1A55:0F30 idle  _OT
 1A55:0F38 idle  _ZSCALE
 1A55:0F40 idle  _CAMX
 1A55:0F58 idle  _ZOOMX
 1A55:0F70 idle  _TRANSX
 1A55:0F88 idle  _OBJ1
 1A55:151C idle  _OBJ2
 1A55:1B3C idle  _PR
 1A55:1B40 idle  __G
 1A55:1B5C idle  __WIND
 1A55:1B78 idle  _SIMBODY1
 1A55:1B7E idle  _HELP_INDEX
 1A55:1BAE idle  _HEAD_REC
 1A55:1BB2 idle  _FILENAME
 1A55:1C02 idle  _S1
 1A55:65EA idle  _DX
 1A55:65EE idle  _DY
 1A55:65F2 idle  _DZ
 1A55:65F6 idle  _NO
 2233:0002 idle  __HUGE_FLT
 2233:0006       __HUGE_DBLE
 2233:000E idle  __HUGE_LDBLE
 2233:0018 idle  __INDEFINITE
 2233:001C idle  __TINY_LDBLE
 2235:0006       __MATHWHY
 2253:0000       filebuf::openprot
 2254:0000       ios::basefield
 2254:0004       ios::adjustfield
 2254:0008       ios::floatfield
 2254:000C       ios::nextbit
 2254:0010       ios::usercount
 2254:0012       ios::stdioflush
 2256:0000 idle  DATASEG@
 2256:005B idle  __INT0VECTOR
 2256:005F idle  __INT4VECTOR
 2256:0063 idle  __INT5VECTOR
 2256:0067 idle  __INT6VECTOR
 2256:006B idle  __C0ARGC
 2256:006D idle  __C0ARGV
 2256:0071       __C0ENVIRON
 2256:0075       __ENVLNG
 2256:0077       __ENVSEG
 2256:0079       __ENVSIZE
 2256:007B       __PSP
 2256:007D idle  __OSVERSION
 2256:007D idle  __OSMAJOR
 2256:007D       __VERSION
 2256:007E idle  __OSMINOR
 2256:007F       _ERRNO
 2256:0081 idle  __STARTTIME
 2256:0085       __HEAPBASE
 2256:0089       __BRKLVL
 2256:008D       __HEAPTOP
 2256:0092       __BGI_OVR
 2256:0096       __BGI_AUTO
 2256:022F       __DDO_ADD
 2256:0233       __BGI_ADD
 2256:02AC idle  __GR_ERRCODE
 2256:02AE       __FON_ADD
 2256:02B2       __STATOFS
 2256:02B4       __STATSEG
 2256:02B6       __DRAWCOLOR
 2256:02B7       __FILLCOLOR
 2256:02B8 idle  __BACKCOLOR
 2256:02B9       __LINESTYLE
 2256:02BA       __FILLSTYLE
 2256:02C1 idle  __OVERSCANCOLOR
 2256:0700       __8087
 2256:0710       __PROTECTED
 2256:0711       __LDT
 2256:0714       __DEFAULT87
 2256:0716       __ATEXITCNT
 2256:0718       __ATEXITTBL
 2256:0798       __CTYPE
 2256:089A       __EXITBUF
 2256:089E       __EXITFOPEN
 2256:08A2 idle  __EXITOPEN
 2256:08A6       __STREAMS
 2256:0A36       __NFILE
 2256:0A38       __OPENFD
 2256:0A60       __FMODE
 2256:0A62       __NOTUMASK
 2256:0A64       __FPSTKLEN
 2256:0A66       __DOSERRNO
 2256:0A68 idle  __DOSERRORTOSV
 2256:0AD8       __NEW_HANDLER
 2256:0B60       ___SIGNALPTR
 2256:0B64       __STKLEN
 2256:0BCE       __WSCROLL
 2256:0BD0       __VIDEO
 2256:0BDF       _DIRECTVIDEO
 2256:0C20       __CFLAG
 2256:0C21       __CCHAR
 2256:0C22       _ENVIRON
 2256:0C72       __TMPNUM
 2256:0C78 idle  _CIN
 2256:0CAA       _COUT
 2256:0CDA idle  _CERR
 2256:0D0A       _CLOG
 2256:0E54       __REALCVTVECTOR
 2256:0E58       __SCANTODVECTOR
 2341:0000       __EMU

Program entry point at 0000:0000

