Error: _COLOR is duplicated in module ELECTR~1.CPP

 Start  Stop   Length Name               Class

 00000H 06319H 0631AH _TEXT              CODE
 0631AH 0884BH 02532H ELECTR~1_TEXT      CODE
 08850H 0C4A9H 03C5AH _BGI_TEXT          CODE
 0C4B0H 0EC26H 02777H EMU_PROG           CODE
 0EC30H 0F1F7H 005C8H E87_PROG           CODE
 0F200H 0F200H 00000H _FARDATA           FAR_DATA
 0F200H 0F2DCH 000DDH ELECTR~1_DATA      FAR_DATA
 0F2E0H 1A80EH 0B52FH ELECTR~15_DATA     FAR_DATA
 1A810H 1A810H 00000H ATOF_DATA          FAR_DATA
 1A810H 1A833H 00024H HUGEVAL_DATA       FAR_DATA
 1A834H 1A834H 00000H LDTRUNC_DATA       FAR_DATA
 1A834H 1A876H 00043H MATHWHY_DATA       FAR_DATA
 1A878H 1A878H 00000H REALCVT_DATA       FAR_DATA
 1A878H 1A88FH 00018H SCANTOD_DATA       FAR_DATA
 1A890H 1A890H 00000H STRTOD_DATA        FAR_DATA
 1A890H 1A890H 00000H XCVT_DATA          FAR_DATA
 1A890H 1A929H 0009AH FPERR_DATA         FAR_DATA
 1A92AH 1A9A9H 00080H _POW10_DATA        FAR_DATA
 1A9AAH 1A9AAH 00000H POW10D_DATA        FAR_DATA
 1A9AAH 1A9AAH 00000H MATHERR_DATA       FAR_DATA
 1A9AAH 1A9B5H 0000CH SIN_DATA           FAR_DATA
 1A9B6H 1A9C3H 0000EH _MATHERR_DATA      FAR_DATA
 1A9C4H 1A9CFH 0000CH COS_DATA           FAR_DATA
 1A9D0H 1A9D1H 00002H FSBDTR5_DATA       FAR_DATA
 1A9E0H 1A9F5H 00016H STDTR5_DATA        FAR_DATA
 1AA00H 1AA00H 00000H _FARBSS            FAR_BSS
 1AA00H 1AA00H 00000H _OVERLAY_          OVRINFO
 1AA00H 1AA00H 00000H _1STUB_            STUBSEG
 1AA00H 1B591H 00B92H _DATA              DATA
 1B592H 1B595H 00004H _CVTSEG            DATA
 1B596H 1B5A1H 0000CH _SCNSEG            DATA
 1B5A2H 1B5A2H 00000H GRAPH              DATA
 1B5A2H 1B5A2H 00000H _CONST             CONST
 1B5A2H 1B5BFH 0001EH _INIT_             INITDATA
 1B5C0H 1B5C0H 00000H _INITEND_          INITDATA
 1B5C0H 1B5C5H 00006H _EXIT_             EXITDATA
 1B5C6H 1B5C6H 00000H _EXITEND_          EXITDATA
 1B5D0H 1B6DFH 00110H _STACK             STACK


Detailed map of segments

 0000:0000 0257 C=CODE   S=_TEXT          G=(none)  M=C0.ASM     ACBP=28
 0000:0257 0258 C=CODE   S=_TEXT          G=(none)  M=FPINIT     ACBP=28
 0000:04AF 0000 C=CODE   S=_TEXT          G=(none)  M=E87TRAP    ACBP=28
 0000:04AF 0000 C=CODE   S=_TEXT          G=(none)  M=PROTFLAG   ACBP=28
 0000:04AF 0000 C=CODE   S=_TEXT          G=(none)  M=DEFLT87    ACBP=28
 0000:04AF 001E C=CODE   S=_TEXT          G=(none)  M=ATOF       ACBP=28
 0000:04CD 0000 C=CODE   S=_TEXT          G=(none)  M=HUGEVAL    ACBP=28
 0000:04CD 00A7 C=CODE   S=_TEXT          G=(none)  M=LDTRUNC    ACBP=28
 0000:0574 0000 C=CODE   S=_TEXT          G=(none)  M=MATHWHY    ACBP=28
 0000:0574 01D2 C=CODE   S=_TEXT          G=(none)  M=REALCVT    ACBP=28
 0000:0746 03BD C=CODE   S=_TEXT          G=(none)  M=SCANTOD    ACBP=28
 0000:0B03 00FA C=CODE   S=_TEXT          G=(none)  M=STRTOD     ACBP=28
 0000:0BFD 020F C=CODE   S=_TEXT          G=(none)  M=XCVT       ACBP=28
 0000:0E0C 00D2 C=CODE   S=_TEXT          G=(none)  M=FPERR      ACBP=28
 0000:0EDE 00D5 C=CODE   S=_TEXT          G=(none)  M=_POW10     ACBP=28
 0000:0FB3 0012 C=CODE   S=_TEXT          G=(none)  M=POW10D     ACBP=28
 0000:0FC5 0031 C=CODE   S=_TEXT          G=(none)  M=MATHERR    ACBP=28
 0000:0FF6 005D C=CODE   S=_TEXT          G=(none)  M=SIN        ACBP=28
 0000:1053 00C0 C=CODE   S=_TEXT          G=(none)  M=_MATHERR   ACBP=28
 0000:1113 005D C=CODE   S=_TEXT          G=(none)  M=COS        ACBP=28
 0000:1170 002C C=CODE   S=_TEXT          G=(none)  M=FFTOL      ACBP=28
 0000:119C 0034 C=CODE   S=_TEXT          G=(none)  M=ATEXIT     ACBP=28
 0000:11D0 0000 C=CODE   S=_TEXT          G=(none)  M=CTYPE      ACBP=28
 0000:11D0 0019 C=CODE   S=_TEXT          G=(none)  M=DEL        ACBP=28
 0000:11E9 00D0 C=CODE   S=_TEXT          G=(none)  M=EXIT       ACBP=28
 0000:12B9 0000 C=CODE   S=_TEXT          G=(none)  M=FILES      ACBP=28
 0000:12B9 0000 C=CODE   S=_TEXT          G=(none)  M=FILES2     ACBP=28
 0000:12B9 0000 C=CODE   S=_TEXT          G=(none)  M=FMODE      ACBP=28
 0000:12B9 0000 C=CODE   S=_TEXT          G=(none)  M=FPSTKLEN   ACBP=28
 0000:12B9 0017 C=CODE   S=_TEXT          G=(none)  M=F_LXMUL    ACBP=28
 0000:12D0 001C C=CODE   S=_TEXT          G=(none)  M=F_SCOPY    ACBP=28
 0000:12EC 00AE C=CODE   S=_TEXT          G=(none)  M=H_LDIV     ACBP=28
 0000:139A 0021 C=CODE   S=_TEXT          G=(none)  M=H_LLSH     ACBP=28
 0000:13BB 0088 C=CODE   S=_TEXT          G=(none)  M=H_PADA     ACBP=28
 0000:1443 0060 C=CODE   S=_TEXT          G=(none)  M=H_PADD     ACBP=28
 0000:14A3 0027 C=CODE   S=_TEXT          G=(none)  M=H_SPUSH    ACBP=28
 0000:14CA 005F C=CODE   S=_TEXT          G=(none)  M=IOERROR    ACBP=28
 0000:1529 0018 C=CODE   S=_TEXT          G=(none)  M=ISATTY     ACBP=28
 0000:1541 00B0 C=CODE   S=_TEXT          G=(none)  M=LONGTOA    ACBP=28
 0000:15F1 0036 C=CODE   S=_TEXT          G=(none)  M=LSEEK      ACBP=28
 0000:1627 007A C=CODE   S=_TEXT          G=(none)  M=NEW        ACBP=28
 0000:16A1 0065 C=CODE   S=_TEXT          G=(none)  M=NEWF       ACBP=28
 0000:1706 0017 C=CODE   S=_TEXT          G=(none)  M=N_LXMUL    ACBP=28
 0000:171D 0021 C=CODE   S=_TEXT          G=(none)  M=N_PCMP     ACBP=28
 0000:173E 0045 C=CODE   S=_TEXT          G=(none)  M=RAND       ACBP=28
 0000:1783 003C C=CODE   S=_TEXT          G=(none)  M=READA      ACBP=28
 0000:17BF 002A C=CODE   S=_TEXT          G=(none)  M=SEGREAD    ACBP=28
 0000:17E9 00FB C=CODE   S=_TEXT          G=(none)  M=SETUPIO    ACBP=28
 0000:18E4 0000 C=CODE   S=_TEXT          G=(none)  M=SIGDATA    ACBP=28
 0000:18E4 0000 C=CODE   S=_TEXT          G=(none)  M=STKLEN     ACBP=28
 0000:18E4 001F C=CODE   S=_TEXT          G=(none)  M=TELL       ACBP=28
 0000:1903 01F1 C=CODE   S=_TEXT          G=(none)  M=VNEWF      ACBP=28
 0000:1AF4 04CB C=CODE   S=_TEXT          G=(none)  M=VPRINTER   ACBP=28
 0000:1FBF 00C5 C=CODE   S=_TEXT          G=(none)  M=VRAM       ACBP=28
 0000:2084 0000 C=CODE   S=_TEXT          G=(none)  M=WSCROLL    ACBP=28
 0000:2084 01B3 C=CODE   S=_TEXT          G=(none)  M=CPRINTF    ACBP=28
 0000:2237 01DC C=CODE   S=_TEXT          G=(none)  M=CRTINIT    ACBP=28
 0000:2413 0024 C=CODE   S=_TEXT          G=(none)  M=CVTFAK     ACBP=28
 0000:2437 00B9 C=CODE   S=_TEXT          G=(none)  M=DELAY      ACBP=28
 0000:24F0 0432 C=CODE   S=_TEXT          G=(none)  M=FARHEAP    ACBP=28
 0000:2922 01BF C=CODE   S=_TEXT          G=(none)  M=FBRK       ACBP=28
 0000:2AE1 0098 C=CODE   S=_TEXT          G=(none)  M=GETCH      ACBP=28
 0000:2B79 0015 C=CODE   S=_TEXT          G=(none)  M=GEXIT      ACBP=28
 0000:2B8E 0019 C=CODE   S=_TEXT          G=(none)  M=GFREEMEM   ACBP=28
 0000:2BA7 0015 C=CODE   S=_TEXT          G=(none)  M=GGETMEM    ACBP=28
 0000:2BBC 00A7 C=CODE   S=_TEXT          G=(none)  M=GPTEXT     ACBP=28
 0000:2C63 00D8 C=CODE   S=_TEXT          G=(none)  M=INT86      ACBP=28
 0000:2D3B 0030 C=CODE   S=_TEXT          G=(none)  M=IOCTL      ACBP=28
 0000:2D6B 0019 C=CODE   S=_TEXT          G=(none)  M=KBHIT      ACBP=28
 0000:2D84 00A4 C=CODE   S=_TEXT          G=(none)  M=MOVETEXT   ACBP=28
 0000:2E28 001C C=CODE   S=_TEXT          G=(none)  M=PUTCH      ACBP=28
 0000:2E44 000A C=CODE   S=_TEXT          G=(none)  M=REALCVT    ACBP=28
 0000:2E4E 001E C=CODE   S=_TEXT          G=(none)  M=SCANTOD    ACBP=28
 0000:2E6C 020C C=CODE   S=_TEXT          G=(none)  M=SCREEN     ACBP=28
 0000:3078 01B4 C=CODE   S=_TEXT          G=(none)  M=SCROLL     ACBP=28
 0000:322C 0023 C=CODE   S=_TEXT          G=(none)  M=SETBLOCK   ACBP=28
 0000:324F 0024 C=CODE   S=_TEXT          G=(none)  M=STACK      ACBP=28
 0000:3273 004D C=CODE   S=_TEXT          G=(none)  M=WHEREXY    ACBP=28
 0000:32C0 0024 C=CODE   S=_TEXT          G=(none)  M=CHMODA     ACBP=28
 0000:32E4 003B C=CODE   S=_TEXT          G=(none)  M=CLOSE      ACBP=28
 0000:331F 002B C=CODE   S=_TEXT          G=(none)  M=CLOSEA     ACBP=28
 0000:334A 00D4 C=CODE   S=_TEXT          G=(none)  M=FFLUSH     ACBP=28
 0000:341E 0051 C=CODE   S=_TEXT          G=(none)  M=FLUSHALL   ACBP=28
 0000:346F 0023 C=CODE   S=_TEXT          G=(none)  M=FPRINTF    ACBP=28
 0000:3492 016F C=CODE   S=_TEXT          G=(none)  M=FSEEK      ACBP=28
 0000:3601 0027 C=CODE   S=_TEXT          G=(none)  M=MEMCPY     ACBP=28
 0000:3628 01CC C=CODE   S=_TEXT          G=(none)  M=OPEN       ACBP=28
 0000:37F4 005C C=CODE   S=_TEXT          G=(none)  M=OPENA      ACBP=28
 0000:3850 0025 C=CODE   S=_TEXT          G=(none)  M=PRINTF     ACBP=28
 0000:3875 03F3 C=CODE   S=_TEXT          G=(none)  M=PUTC       ACBP=28
 0000:3C68 00EF C=CODE   S=_TEXT          G=(none)  M=READ       ACBP=28
 0000:3D57 0003 C=CODE   S=_TEXT          G=(none)  M=READU      ACBP=28
 0000:3D5A 0129 C=CODE   S=_TEXT          G=(none)  M=SETVBUF    ACBP=28
 0000:3E83 016E C=CODE   S=_TEXT          G=(none)  M=WRITE      ACBP=28
 0000:3FF1 004F C=CODE   S=_TEXT          G=(none)  M=WRITEA     ACBP=28
 0000:4040 0003 C=CODE   S=_TEXT          G=(none)  M=WRITEU     ACBP=28
 0000:4043 0041 C=CODE   S=_TEXT          G=(none)  M=XFFLUSH    ACBP=28
 0000:4084 00AE C=CODE   S=_TEXT          G=(none)  M=FSBCLOSE   ACBP=28
 0000:4132 011C C=CODE   S=_TEXT          G=(none)  M=FSBCTR1    ACBP=28
 0000:424E 00A2 C=CODE   S=_TEXT          G=(none)  M=FSBDTR     ACBP=28
 0000:42F0 0187 C=CODE   S=_TEXT          G=(none)  M=FSBOFLOW   ACBP=28
 0000:4477 0166 C=CODE   S=_TEXT          G=(none)  M=FSBOPEN    ACBP=28
 0000:45DD 00C3 C=CODE   S=_TEXT          G=(none)  M=FSBSBUF    ACBP=28
 0000:46A0 01BC C=CODE   S=_TEXT          G=(none)  M=FSBSKOFF   ACBP=28
 0000:485C 010A C=CODE   S=_TEXT          G=(none)  M=FSBSYNC    ACBP=28
 0000:4966 01EA C=CODE   S=_TEXT          G=(none)  M=FSBUFLOW   ACBP=28
 0000:4B50 0045 C=CODE   S=_TEXT          G=(none)  M=FSCLOSE    ACBP=28
 0000:4B95 00CC C=CODE   S=_TEXT          G=(none)  M=FSCTR2     ACBP=28
 0000:4C61 008E C=CODE   S=_TEXT          G=(none)  M=FSDTR      ACBP=28
 0000:4CEF 006D C=CODE   S=_TEXT          G=(none)  M=FSOPEN     ACBP=28
 0000:4D5C 00BA C=CODE   S=_TEXT          G=(none)  M=IFSDTR     ACBP=28
 0000:4E16 0108 C=CODE   S=_TEXT          G=(none)  M=IOFSCTR2   ACBP=28
 0000:4F1E 00D9 C=CODE   S=_TEXT          G=(none)  M=IOFSDTR    ACBP=28
 0000:4FF7 00D3 C=CODE   S=_TEXT          G=(none)  M=IOSTCTR2   ACBP=28
 0000:50CA 00BA C=CODE   S=_TEXT          G=(none)  M=IOSTDTR1   ACBP=28
 0000:5184 00A5 C=CODE   S=_TEXT          G=(none)  M=IOSTDTR2   ACBP=28
 0000:5229 008E C=CODE   S=_TEXT          G=(none)  M=ISTCTR1    ACBP=28
 0000:52B7 009B C=CODE   S=_TEXT          G=(none)  M=ISTDGET    ACBP=28
 0000:5352 00C2 C=CODE   S=_TEXT          G=(none)  M=ISTDIPFX   ACBP=28
 0000:5414 0078 C=CODE   S=_TEXT          G=(none)  M=ISTDTR1    ACBP=28
 0000:548C 0089 C=CODE   S=_TEXT          G=(none)  M=ISTDTR2    ACBP=28
 0000:5515 00DD C=CODE   S=_TEXT          G=(none)  M=ISTEATWH   ACBP=28
 0000:55F2 00F1 C=CODE   S=_TEXT          G=(none)  M=ISTGUCHR   ACBP=28
 0000:56E3 0113 C=CODE   S=_TEXT          G=(none)  M=ISTREAD    ACBP=28
 0000:57F6 0060 C=CODE   S=_TEXT          G=(none)  M=ISTSKOFF   ACBP=28
 0000:5856 00BA C=CODE   S=_TEXT          G=(none)  M=OFSDTR     ACBP=28
 0000:5910 0085 C=CODE   S=_TEXT          G=(none)  M=OSTCTR1    ACBP=28
 0000:5995 0085 C=CODE   S=_TEXT          G=(none)  M=OSTDTR1    ACBP=28
 0000:5A1A 0089 C=CODE   S=_TEXT          G=(none)  M=OSTDTR2    ACBP=28
 0000:5AA3 0045 C=CODE   S=_TEXT          G=(none)  M=OSTFLUSH   ACBP=28
 0000:5AE8 0060 C=CODE   S=_TEXT          G=(none)  M=OSTSKOFF   ACBP=28
 0000:5B48 0053 C=CODE   S=_TEXT          G=(none)  M=OSTWRITE   ACBP=28
 0000:5B9B 0051 C=CODE   S=_TEXT          G=(none)  M=STBALC     ACBP=28
 0000:5BEC 00D4 C=CODE   S=_TEXT          G=(none)  M=STBCTR1    ACBP=28
 0000:5CC0 00B7 C=CODE   S=_TEXT          G=(none)  M=STBDSGTN   ACBP=28
 0000:5D77 00A9 C=CODE   S=_TEXT          G=(none)  M=STBDSPTN   ACBP=28
 0000:5E20 007C C=CODE   S=_TEXT          G=(none)  M=STBDTR     ACBP=28
 0000:5E9C 000F C=CODE   S=_TEXT          G=(none)  M=STBOFLOW   ACBP=28
 0000:5EAB 000F C=CODE   S=_TEXT          G=(none)  M=STBPBFL    ACBP=28
 0000:5EBA 0033 C=CODE   S=_TEXT          G=(none)  M=STBSBUF    ACBP=28
 0000:5EED 00B6 C=CODE   S=_TEXT          G=(none)  M=STBSETB    ACBP=28
 0000:5FA3 0071 C=CODE   S=_TEXT          G=(none)  M=STBSETG    ACBP=28
 0000:6014 0053 C=CODE   S=_TEXT          G=(none)  M=STBSETP    ACBP=28
 0000:6067 0012 C=CODE   S=_TEXT          G=(none)  M=STBSKOFF   ACBP=28
 0000:6079 002B C=CODE   S=_TEXT          G=(none)  M=STBSKPOS   ACBP=28
 0000:60A4 007D C=CODE   S=_TEXT          G=(none)  M=STBSPUTN   ACBP=28
 0000:6121 0053 C=CODE   S=_TEXT          G=(none)  M=STBSYNC    ACBP=28
 0000:6174 003A C=CODE   S=_TEXT          G=(none)  M=STBUFLOW   ACBP=28
 0000:61AE 0041 C=CODE   S=_TEXT          G=(none)  M=STCLEAR    ACBP=28
 0000:61EF 004C C=CODE   S=_TEXT          G=(none)  M=STCTR1     ACBP=28
 0000:623B 0057 C=CODE   S=_TEXT          G=(none)  M=STDTR      ACBP=28
 0000:6292 005B C=CODE   S=_TEXT          G=(none)  M=STINIT     ACBP=28
 0000:62ED 002D C=CODE   S=_TEXT          G=(none)  M=STSETST    ACBP=28
 0631:000A 2532 C=CODE   S=ELECTR~1_TEXT  G=(none)  M=ELECTR~1.CPP ACBP=28
 0885:0000 188F C=CODE   S=_BGI_TEXT      G=(none)  M=GRAPHC     ACBP=28
 0885:188F 0A27 C=CODE   S=_BGI_TEXT      G=(none)  M=GRAPH      ACBP=28
 0885:22C0 199A C=CODE   S=_BGI_TEXT      G=(none)  M=BGIOVR     ACBP=68
 0C4B:0000 0000 C=CODE   S=EMU_PROG       G=(none)  M=FPINIT     ACBP=68
 0C4B:0000 2777 C=CODE   S=EMU_PROG       G=(none)  M=EMU086     ACBP=68
 0EC3:0000 0000 C=CODE   S=E87_PROG       G=(none)  M=FPINIT     ACBP=68
 0EC3:0000 03E3 C=CODE   S=E87_PROG       G=(none)  M=EMU087     ACBP=68
 0EC3:03F0 01D8 C=CODE   S=E87_PROG       G=(none)  M=E87TRAP    ACBP=68
 0F20:0000 0000 C=FAR_DATA S=_FARDATA       G=(none)  M=C0.ASM     ACBP=68
 0F20:0000 00DD C=FAR_DATA S=ELECTR~1_DATA  G=(none)  M=ELECTR~1.CPP ACBP=48
 0F2E:0000 B52F C=FAR_DATA S=ELECTR~15_DATA G=(none)  M=ELECTR~1.CPP ACBP=68
 1A81:0000 0000 C=FAR_DATA S=ATOF_DATA      G=(none)  M=ATOF       ACBP=48
 1A81:0000 0024 C=FAR_DATA S=HUGEVAL_DATA   G=(none)  M=HUGEVAL    ACBP=48
 1A83:0004 0000 C=FAR_DATA S=LDTRUNC_DATA   G=(none)  M=LDTRUNC    ACBP=48
 1A83:0004 0043 C=FAR_DATA S=MATHWHY_DATA   G=(none)  M=MATHWHY    ACBP=48
 1A87:0008 0000 C=FAR_DATA S=REALCVT_DATA   G=(none)  M=REALCVT    ACBP=48
 1A87:0008 0018 C=FAR_DATA S=SCANTOD_DATA   G=(none)  M=SCANTOD    ACBP=48
 1A89:0000 0000 C=FAR_DATA S=STRTOD_DATA    G=(none)  M=STRTOD     ACBP=48
 1A89:0000 0000 C=FAR_DATA S=XCVT_DATA      G=(none)  M=XCVT       ACBP=48
 1A89:0000 009A C=FAR_DATA S=FPERR_DATA     G=(none)  M=FPERR      ACBP=48
 1A92:000A 0080 C=FAR_DATA S=_POW10_DATA    G=(none)  M=_POW10     ACBP=48
 1A9A:000A 0000 C=FAR_DATA S=POW10D_DATA    G=(none)  M=POW10D     ACBP=48
 1A9A:000A 0000 C=FAR_DATA S=MATHERR_DATA   G=(none)  M=MATHERR    ACBP=48
 1A9A:000A 000C C=FAR_DATA S=SIN_DATA       G=(none)  M=SIN        ACBP=48
 1A9B:0006 000E C=FAR_DATA S=_MATHERR_DATA  G=(none)  M=_MATHERR   ACBP=48
 1A9C:0004 000C C=FAR_DATA S=COS_DATA       G=(none)  M=COS        ACBP=48
 1A9D:0000 0002 C=FAR_DATA S=FSBDTR5_DATA   G=(none)  M=FSBDTR     ACBP=68
 1A9E:0000 0016 C=FAR_DATA S=STDTR5_DATA    G=(none)  M=STDTR      ACBP=68
 1AA0:0000 0000 C=FAR_BSS S=_FARBSS        G=(none)  M=C0.ASM     ACBP=68
 1AA0:0000 0000 C=OVRINFO S=_OVERLAY_      G=(none)  M=C0.ASM     ACBP=68
 1AA0:0000 0000 C=STUBSEG S=_1STUB_        G=(none)  M=C0.ASM     ACBP=68
 1AA0:0000 0091 C=DATA   S=_DATA          G=DGROUP  M=C0.ASM     ACBP=68
 1AA0:0092 0006 C=DATA   S=_DATA          G=DGROUP  M=GLOAD      ACBP=48
 1AA0:0098 065B C=DATA   S=_DATA          G=DGROUP  M=GRAPHC     ACBP=48
 1AA0:06F4 000B C=DATA   S=_DATA          G=DGROUP  M=GRAPH      ACBP=48
 1AA0:0700 0002 C=DATA   S=_DATA          G=DGROUP  M=FPINIT     ACBP=68
 1AA0:0710 0000 C=DATA   S=_DATA          G=DGROUP  M=E87TRAP    ACBP=68
 1AA0:0710 0003 C=DATA   S=_DATA          G=DGROUP  M=PROTFLAG   ACBP=48
 1AA0:0714 0002 C=DATA   S=_DATA          G=DGROUP  M=DEFLT87    ACBP=48
 1AA0:0716 0000 C=DATA   S=_DATA          G=DGROUP  M=FFTOL      ACBP=48
 1AA0:0716 0082 C=DATA   S=_DATA          G=DGROUP  M=ATEXIT     ACBP=48
 1AA0:0798 0101 C=DATA   S=_DATA          G=DGROUP  M=CTYPE      ACBP=48
 1AA0:089A 0000 C=DATA   S=_DATA          G=DGROUP  M=DEL        ACBP=48
 1AA0:089A 000C C=DATA   S=_DATA          G=DGROUP  M=EXIT       ACBP=48
 1AA0:08A6 0190 C=DATA   S=_DATA          G=DGROUP  M=FILES      ACBP=48
 1AA0:0A36 002A C=DATA   S=_DATA          G=DGROUP  M=FILES2     ACBP=48
 1AA0:0A60 0004 C=DATA   S=_DATA          G=DGROUP  M=FMODE      ACBP=48
 1AA0:0A64 0002 C=DATA   S=_DATA          G=DGROUP  M=FPSTKLEN   ACBP=48
 1AA0:0A66 0000 C=DATA   S=_DATA          G=DGROUP  M=F_LXMUL    ACBP=48
 1AA0:0A66 0000 C=DATA   S=_DATA          G=DGROUP  M=F_SCOPY    ACBP=48
 1AA0:0A66 0000 C=DATA   S=_DATA          G=DGROUP  M=H_LDIV     ACBP=48
 1AA0:0A66 0000 C=DATA   S=_DATA          G=DGROUP  M=H_LLSH     ACBP=48
 1AA0:0A66 0000 C=DATA   S=_DATA          G=DGROUP  M=H_PADA     ACBP=48
 1AA0:0A66 0000 C=DATA   S=_DATA          G=DGROUP  M=H_PADD     ACBP=48
 1AA0:0A66 0000 C=DATA   S=_DATA          G=DGROUP  M=H_SPUSH    ACBP=48
 1AA0:0A66 005B C=DATA   S=_DATA          G=DGROUP  M=IOERROR    ACBP=48
 1AA0:0AC2 0000 C=DATA   S=_DATA          G=DGROUP  M=ISATTY     ACBP=48
 1AA0:0AC2 0000 C=DATA   S=_DATA          G=DGROUP  M=LONGTOA    ACBP=48
 1AA0:0AC2 0000 C=DATA   S=_DATA          G=DGROUP  M=LSEEK      ACBP=48
 1AA0:0AC2 0004 C=DATA   S=_DATA          G=DGROUP  M=NEW        ACBP=48
 1AA0:0AC6 0000 C=DATA   S=_DATA          G=DGROUP  M=NEWF       ACBP=48
 1AA0:0AC6 0000 C=DATA   S=_DATA          G=DGROUP  M=N_LXMUL    ACBP=48
 1AA0:0AC6 0000 C=DATA   S=_DATA          G=DGROUP  M=N_PCMP     ACBP=48
 1AA0:0AC6 0004 C=DATA   S=_DATA          G=DGROUP  M=RAND       ACBP=48
 1AA0:0ACA 0000 C=DATA   S=_DATA          G=DGROUP  M=READA      ACBP=48
 1AA0:0ACA 0000 C=DATA   S=_DATA          G=DGROUP  M=SEGREAD    ACBP=48
 1AA0:0ACA 0000 C=DATA   S=_DATA          G=DGROUP  M=SETUPIO    ACBP=48
 1AA0:0ACA 0004 C=DATA   S=_DATA          G=DGROUP  M=SIGDATA    ACBP=48
 1AA0:0ACE 0002 C=DATA   S=_DATA          G=DGROUP  M=STKLEN     ACBP=48
 1AA0:0AD0 0000 C=DATA   S=_DATA          G=DGROUP  M=TELL       ACBP=48
 1AA0:0AD0 0000 C=DATA   S=_DATA          G=DGROUP  M=VNEWF      ACBP=48
 1AA0:0AD0 0067 C=DATA   S=_DATA          G=DGROUP  M=VPRINTER   ACBP=48
 1AA0:0B38 0000 C=DATA   S=_DATA          G=DGROUP  M=VRAM       ACBP=48
 1AA0:0B38 0002 C=DATA   S=_DATA          G=DGROUP  M=WSCROLL    ACBP=48
 1AA0:0B3A 0000 C=DATA   S=_DATA          G=DGROUP  M=CPRINTF    ACBP=48
 1AA0:0B3A 0018 C=DATA   S=_DATA          G=DGROUP  M=CRTINIT    ACBP=48
 1AA0:0B52 0031 C=DATA   S=_DATA          G=DGROUP  M=CVTFAK     ACBP=48
 1AA0:0B84 0004 C=DATA   S=_DATA          G=DGROUP  M=DELAY      ACBP=48
 1AA0:0B88 0000 C=DATA   S=_DATA          G=DGROUP  M=FARHEAP    ACBP=48
 1AA0:0B88 0002 C=DATA   S=_DATA          G=DGROUP  M=FBRK       ACBP=48
 1AA0:0B8A 0000 C=DATA   S=_DATA          G=DGROUP  M=GETCH      ACBP=48
 1AA0:0B8A 0000 C=DATA   S=_DATA          G=DGROUP  M=GEXIT      ACBP=48
 1AA0:0B8A 0000 C=DATA   S=_DATA          G=DGROUP  M=GFREEMEM   ACBP=48
 1AA0:0B8A 0000 C=DATA   S=_DATA          G=DGROUP  M=GGETMEM    ACBP=48
 1AA0:0B8A 0000 C=DATA   S=_DATA          G=DGROUP  M=GPTEXT     ACBP=48
 1AA0:0B8A 0000 C=DATA   S=_DATA          G=DGROUP  M=INT86      ACBP=48
 1AA0:0B8A 0000 C=DATA   S=_DATA          G=DGROUP  M=IOCTL      ACBP=48
 1AA0:0B8A 0002 C=DATA   S=_DATA          G=DGROUP  M=KBHIT      ACBP=48
 1AA0:0B8C 0000 C=DATA   S=_DATA          G=DGROUP  M=MOVETEXT   ACBP=48
 1AA0:0B8C 0000 C=DATA   S=_DATA          G=DGROUP  M=PUTCH      ACBP=48
 1AA0:0B8C 0000 C=DATA   S=_DATA          G=DGROUP  M=REALCVT    ACBP=48
 1AA0:0B8C 0000 C=DATA   S=_DATA          G=DGROUP  M=SCANTOD    ACBP=48
 1AA0:0B8C 0000 C=DATA   S=_DATA          G=DGROUP  M=SCREEN     ACBP=48
 1AA0:0B8C 0000 C=DATA   S=_DATA          G=DGROUP  M=SCROLL     ACBP=48
 1AA0:0B8C 0000 C=DATA   S=_DATA          G=DGROUP  M=SETBLOCK   ACBP=48
 1AA0:0B8C 0000 C=DATA   S=_DATA          G=DGROUP  M=STACK      ACBP=48
 1AA0:0B8C 0000 C=DATA   S=_DATA          G=DGROUP  M=WHEREXY    ACBP=48
 1AA0:0B8C 0000 C=DATA   S=_DATA          G=DGROUP  M=CHMODA     ACBP=48
 1AA0:0B8C 0000 C=DATA   S=_DATA          G=DGROUP  M=CLOSE      ACBP=48
 1AA0:0B8C 0000 C=DATA   S=_DATA          G=DGROUP  M=CLOSEA     ACBP=48
 1AA0:0B8C 0000 C=DATA   S=_DATA          G=DGROUP  M=FFLUSH     ACBP=48
 1AA0:0B8C 0000 C=DATA   S=_DATA          G=DGROUP  M=FLUSHALL   ACBP=48
 1AA0:0B8C 0000 C=DATA   S=_DATA          G=DGROUP  M=FPRINTF    ACBP=48
 1AA0:0B8C 0000 C=DATA   S=_DATA          G=DGROUP  M=FSEEK      ACBP=48
 1AA0:0B8C 0000 C=DATA   S=_DATA          G=DGROUP  M=MEMCPY     ACBP=48
 1AA0:0B8C 0000 C=DATA   S=_DATA          G=DGROUP  M=OPEN       ACBP=48
 1AA0:0B8C 0000 C=DATA   S=_DATA          G=DGROUP  M=OPENA      ACBP=48
 1AA0:0B8C 0000 C=DATA   S=_DATA          G=DGROUP  M=PRINTF     ACBP=48
 1AA0:0B8C 0002 C=DATA   S=_DATA          G=DGROUP  M=PUTC       ACBP=48
 1AA0:0B8E 0000 C=DATA   S=_DATA          G=DGROUP  M=READ       ACBP=48
 1AA0:0B8E 0000 C=DATA   S=_DATA          G=DGROUP  M=READU      ACBP=48
 1AA0:0B8E 0004 C=DATA   S=_DATA          G=DGROUP  M=SETVBUF    ACBP=48
 1AA0:0B92 0000 C=DATA   S=_DATA          G=DGROUP  M=WRITE      ACBP=48
 1AA0:0B92 0000 C=DATA   S=_DATA          G=DGROUP  M=WRITEA     ACBP=48
 1AA0:0B92 0000 C=DATA   S=_DATA          G=DGROUP  M=WRITEU     ACBP=48
 1AA0:0B92 0000 C=DATA   S=_DATA          G=DGROUP  M=XFFLUSH    ACBP=48
 1AA0:0B92 0000 C=DATA   S=_DATA          G=DGROUP  M=FSBCLOSE   ACBP=48
 1AA0:0B92 0000 C=DATA   S=_DATA          G=DGROUP  M=FSBCTR1    ACBP=48
 1AA0:0B92 0000 C=DATA   S=_DATA          G=DGROUP  M=FSBDTR     ACBP=48
 1AA0:0B92 0000 C=DATA   S=_DATA          G=DGROUP  M=FSBOFLOW   ACBP=48
 1AA0:0B92 0000 C=DATA   S=_DATA          G=DGROUP  M=FSBOPEN    ACBP=48
 1AA0:0B92 0000 C=DATA   S=_DATA          G=DGROUP  M=FSBSBUF    ACBP=48
 1AA0:0B92 0000 C=DATA   S=_DATA          G=DGROUP  M=FSBSKOFF   ACBP=48
 1AA0:0B92 0000 C=DATA   S=_DATA          G=DGROUP  M=FSBSYNC    ACBP=48
 1AA0:0B92 0000 C=DATA   S=_DATA          G=DGROUP  M=FSBUFLOW   ACBP=48
 1AA0:0B92 0000 C=DATA   S=_DATA          G=DGROUP  M=FSCLOSE    ACBP=48
 1AA0:0B92 0000 C=DATA   S=_DATA          G=DGROUP  M=FSCTR2     ACBP=48
 1AA0:0B92 0000 C=DATA   S=_DATA          G=DGROUP  M=FSDTR      ACBP=48
 1AA0:0B92 0000 C=DATA   S=_DATA          G=DGROUP  M=FSOPEN     ACBP=48
 1AA0:0B92 0000 C=DATA   S=_DATA          G=DGROUP  M=IFSDTR     ACBP=48
 1AA0:0B92 0000 C=DATA   S=_DATA          G=DGROUP  M=IOFSCTR2   ACBP=48
 1AA0:0B92 0000 C=DATA   S=_DATA          G=DGROUP  M=IOFSDTR    ACBP=48
 1AA0:0B92 0000 C=DATA   S=_DATA          G=DGROUP  M=IOSTCTR2   ACBP=48
 1AA0:0B92 0000 C=DATA   S=_DATA          G=DGROUP  M=IOSTDTR1   ACBP=48
 1AA0:0B92 0000 C=DATA   S=_DATA          G=DGROUP  M=IOSTDTR2   ACBP=48
 1AA0:0B92 0000 C=DATA   S=_DATA          G=DGROUP  M=ISTCTR1    ACBP=48
 1AA0:0B92 0000 C=DATA   S=_DATA          G=DGROUP  M=ISTDGET    ACBP=48
 1AA0:0B92 0000 C=DATA   S=_DATA          G=DGROUP  M=ISTDIPFX   ACBP=48
 1AA0:0B92 0000 C=DATA   S=_DATA          G=DGROUP  M=ISTDTR1    ACBP=48
 1AA0:0B92 0000 C=DATA   S=_DATA          G=DGROUP  M=ISTDTR2    ACBP=48
 1AA0:0B92 0000 C=DATA   S=_DATA          G=DGROUP  M=ISTEATWH   ACBP=48
 1AA0:0B92 0000 C=DATA   S=_DATA          G=DGROUP  M=ISTGUCHR   ACBP=48
 1AA0:0B92 0000 C=DATA   S=_DATA          G=DGROUP  M=ISTREAD    ACBP=48
 1AA0:0B92 0000 C=DATA   S=_DATA          G=DGROUP  M=ISTSKOFF   ACBP=48
 1AA0:0B92 0000 C=DATA   S=_DATA          G=DGROUP  M=OFSDTR     ACBP=48
 1AA0:0B92 0000 C=DATA   S=_DATA          G=DGROUP  M=OSTCTR1    ACBP=48
 1AA0:0B92 0000 C=DATA   S=_DATA          G=DGROUP  M=OSTDTR1    ACBP=48
 1AA0:0B92 0000 C=DATA   S=_DATA          G=DGROUP  M=OSTDTR2    ACBP=48
 1AA0:0B92 0000 C=DATA   S=_DATA          G=DGROUP  M=OSTFLUSH   ACBP=48
 1AA0:0B92 0000 C=DATA   S=_DATA          G=DGROUP  M=OSTSKOFF   ACBP=48
 1AA0:0B92 0000 C=DATA   S=_DATA          G=DGROUP  M=OSTWRITE   ACBP=48
 1AA0:0B92 0000 C=DATA   S=_DATA          G=DGROUP  M=STBALC     ACBP=48
 1AA0:0B92 0000 C=DATA   S=_DATA          G=DGROUP  M=STBCTR1    ACBP=48
 1AA0:0B92 0000 C=DATA   S=_DATA          G=DGROUP  M=STBDSGTN   ACBP=48
 1AA0:0B92 0000 C=DATA   S=_DATA          G=DGROUP  M=STBDSPTN   ACBP=48
 1AA0:0B92 0000 C=DATA   S=_DATA          G=DGROUP  M=STBDTR     ACBP=48
 1AA0:0B92 0000 C=DATA   S=_DATA          G=DGROUP  M=STBOFLOW   ACBP=48
 1AA0:0B92 0000 C=DATA   S=_DATA          G=DGROUP  M=STBPBFL    ACBP=48
 1AA0:0B92 0000 C=DATA   S=_DATA          G=DGROUP  M=STBSBUF    ACBP=48
 1AA0:0B92 0000 C=DATA   S=_DATA          G=DGROUP  M=STBSETB    ACBP=48
 1AA0:0B92 0000 C=DATA   S=_DATA          G=DGROUP  M=STBSETG    ACBP=48
 1AA0:0B92 0000 C=DATA   S=_DATA          G=DGROUP  M=STBSETP    ACBP=48
 1AA0:0B92 0000 C=DATA   S=_DATA          G=DGROUP  M=STBSKOFF   ACBP=48
 1AA0:0B92 0000 C=DATA   S=_DATA          G=DGROUP  M=STBSKPOS   ACBP=48
 1AA0:0B92 0000 C=DATA   S=_DATA          G=DGROUP  M=STBSPUTN   ACBP=48
 1AA0:0B92 0000 C=DATA   S=_DATA          G=DGROUP  M=STBSYNC    ACBP=48
 1AA0:0B92 0000 C=DATA   S=_DATA          G=DGROUP  M=STBUFLOW   ACBP=48
 1AA0:0B92 0000 C=DATA   S=_DATA          G=DGROUP  M=STCLEAR    ACBP=48
 1AA0:0B92 0000 C=DATA   S=_DATA          G=DGROUP  M=STCTR1     ACBP=48
 1AA0:0B92 0000 C=DATA   S=_DATA          G=DGROUP  M=STDTR      ACBP=48
 1AA0:0B92 0000 C=DATA   S=_DATA          G=DGROUP  M=STINIT     ACBP=48
 1AA0:0B92 0000 C=DATA   S=_DATA          G=DGROUP  M=STSETST    ACBP=48
 1AA0:0B92 0000 C=DATA   S=_CVTSEG        G=DGROUP  M=C0.ASM     ACBP=48
 1AA0:0B92 0002 C=DATA   S=_CVTSEG        G=DGROUP  M=REALCVT    ACBP=48
 1AA0:0B94 0002 C=DATA   S=_CVTSEG        G=DGROUP  M=CVTFAK     ACBP=48
 1AA0:0B96 0000 C=DATA   S=_CVTSEG        G=DGROUP  M=REALCVT    ACBP=48
 1AA0:0B96 0000 C=DATA   S=_SCNSEG        G=DGROUP  M=C0.ASM     ACBP=48
 1AA0:0B96 0006 C=DATA   S=_SCNSEG        G=DGROUP  M=SCANTOD    ACBP=48
 1AA0:0B9C 0006 C=DATA   S=_SCNSEG        G=DGROUP  M=CVTFAK     ACBP=48
 1AA0:0BA2 0000 C=DATA   S=_SCNSEG        G=DGROUP  M=SCANTOD    ACBP=48
 1AA0:0BA2 0000 C=DATA   S=GRAPH          G=DGROUP  M=GRAPHC     ACBP=48
 1AA0:0BA2 0000 C=CONST  S=_CONST         G=DGROUP  M=C0.ASM     ACBP=48
 1AA0:0BA2 0000 C=INITDATA S=_INIT_         G=DGROUP  M=C0.ASM     ACBP=48
 1AA0:0BA2 0006 C=INITDATA S=_INIT_         G=DGROUP  M=ELECTR~1.CPP ACBP=48
 1AA0:0BA8 0006 C=INITDATA S=_INIT_         G=DGROUP  M=FPINIT     ACBP=48
 1AA0:0BAE 0006 C=INITDATA S=_INIT_         G=DGROUP  M=SETUPIO    ACBP=48
 1AA0:0BB4 0006 C=INITDATA S=_INIT_         G=DGROUP  M=CRTINIT    ACBP=48
 1AA0:0BBA 0006 C=INITDATA S=_INIT_         G=DGROUP  M=DELAY      ACBP=48
 1AA0:0BC0 0000 C=INITDATA S=_INITEND_      G=DGROUP  M=C0.ASM     ACBP=28
 1AA0:0BC0 0000 C=EXITDATA S=_EXIT_         G=DGROUP  M=C0.ASM     ACBP=48
 1AA0:0BC0 0006 C=EXITDATA S=_EXIT_         G=DGROUP  M=FPINIT     ACBP=48
 1AA0:0BC6 0000 C=EXITDATA S=_EXITEND_      G=DGROUP  M=C0.ASM     ACBP=28
 1B5D:0000 0110 C=STACK  S=_STACK         G=(none)  M=C0.ASM     ACBP=74
 1B5D:0000 0080 C=STACK  S=_STACK         G=(none)  M=EMUVARS    ACBP=78

  Address         Publics by Name

 0000:11D0       operator delete(void far*)
 0000:1658       operator new(unsigned int)
 0000:16A1       operator new(unsigned long)
 0631:1DBA idle  aniexpo()
 0631:146D idle  animate()
 0885:188F idle  @dgroup
 0631:167A idle  display_err(char far*)
 0631:15FE idle  errormsg(char far*)
 0631:2448 idle  filebuf::
 0000:4132       filebuf::filebuf()
 0000:424E       filebuf::~filebuf()
 0000:4084       filebuf::close()
 0000:4477       filebuf::open(const char far*,int,int)
 1A9D:0000       filebuf::openprot
 0000:42F0       filebuf::overflow(int)
 0000:46A0       filebuf::seekoff(long,seek_dir,int)
 0000:45DD       filebuf::setbuf(char far*,int)
 0000:485C       filebuf::sync()
 0000:4966       filebuf::underflow()
 0631:23B8 idle  fstream::
 0000:4E16       fstream::fstream(const char far*,int,int)
 0000:4F1E       fstream::~fstream()
 0631:2434 idle  fstreambase::
 0000:4B95       fstreambase::fstreambase(const char far*,int,int)
 0000:4C61       fstreambase::~fstreambase()
 0000:4B50       fstreambase::close()
 0000:4CEF       fstreambase::open(const char far*,int,int)
 0631:1306 idle  gcin(char far*)
 0631:0C56 idle  gtclr(const int)
 0631:010B idle  hidemouse()
 0631:2410 idle  ifstream::
 0000:4D5C       ifstream::~ifstream()
 0631:11E9 idle  initgui()
 0631:2538 idle  ios::
 0000:61EF       ios::ios()
 0000:623B       ios::~ios()
 1A9E:0004       ios::adjustfield
 1A9E:0000       ios::basefield
 0000:61AE       ios::clear(int)
 1A9E:0008       ios::floatfield
 0000:6292       ios::init(streambuf far*)
 1A9E:000C       ios::nextbit
 0000:62ED       ios::setstate(int)
 1A9E:0012       ios::stdioflush
 1A9E:0010       ios::usercount
 0631:24C0 idle  iostream::
 0000:4FF7       iostream::iostream()
 0000:50CA       iostream::~iostream()
 0631:2474 idle  iostream_withassign::
 0000:5184       iostream_withassign::~iostream_withassign()
 0631:24F8 idle  istream::
 0000:5229       istream::istream()
 0000:5414       istream::~istream()
 0000:52B7       istream::do_get()
 0000:5515       istream::eatwhite()
 0000:55F2       istream::get(unsigned char far&)
 0000:5352       istream::ipfx(int)
 0000:56E3       istream::read(char far*,int)
 0000:57F6       istream::seekg(long,seek_dir)
 0631:24AC idle  istream_withassign::
 0000:548C       istream_withassign::~istream_withassign()
 0631:1013 idle  ldbmp(const int,const ...
 0631:11A3 idle  letter()
 0631:01CB idle  menu(tabmenu far*)
 0631:000A idle  mouseon(tabmenu)
 0631:0068 idle  mouseon1(int,int,int,int)
 0631:0150 idle  mousestatus()
 0631:1B38 idle  moveatoms(int)
 0631:23EC idle  ofstream::
 0000:5856       ofstream::~ofstream()
 0631:24E4 idle  ostream::
 0000:5910       ostream::ostream()
 0000:5995       ostream::~ostream()
 0000:5AA3       ostream::flush()
 0000:5AE8       ostream::seekp(long,seek_dir)
 0000:5B48       ostream::write(const char far*,int)
 0631:2498 idle  ostream_withassign::
 0000:5A1A       ostream_withassign::~ostream_withassign()
 0631:0B75 idle  rdbmpclrtbl(const char far*)
 0631:0A02 idle  rdbmpflhdr(const char far*)
 0631:0ABA idle  rdbmpinfhcr(const char far*)
 0631:170E idle  setatoms()
 0000:1627 idle  set_new_handler(void(far*)())
 0631:159B idle  shadow(char far*,int,int,int)
 0631:00C6 idle  showmouse()
 0631:0E0C idle  shw16clrbmp(const int,const ...
 0631:250C idle  streambuf::
 0000:5BEC       streambuf::streambuf()
 0000:5E20       streambuf::~streambuf()
 0000:5B9B       streambuf::doallocate()
 0000:5CC0       streambuf::do_sgetn(char far*,int)
 0000:5D77       streambuf::do_sputn(const char far*,int)
 0000:5E9C       streambuf::overflow(int)
 0000:5EAB       streambuf::pbackfail(int)
 0000:6067       streambuf::seekoff(long,seek_dir,int)
 0000:6079       streambuf::seekpos(long,int)
 0000:5EED       streambuf::setb(char far*,char far*,int)
 0000:5EBA       streambuf::setbuf(char far*,int)
 0000:5FA3       streambuf::setg(char far*,char far*,char far*)
 0000:6014       streambuf::setp(char far*,char far*)
 0000:60A4       streambuf::sputn(const char far*,int)
 0000:6121       streambuf::sync()
 0000:6174       streambuf::underflow()
 0631:0600 idle  sv16clrbmp(const int,const ...
 0631:07D3 idle  svbmp(const unsigned int,const ...
 0631:1647 idle  switchpage(int,int)
 0631:16E4 idle  wait()
 0631:03A5 idle  wtbmpclrtbl(const char far*)
 0631:0249 idle  wtbmpflhdr(const char far*)
 0631:0301 idle  wtbmpinfhdr(const char far*)
 0000:1903       _vector_new_(void far*,unsigned int,unsigned long,unsigned int,...)
 1AA0:0000 idle  DATASEG@
 0000:0253       DGROUP@
 0C4B:2152       E086_ENTRY
 0C4B:26E0       E086_SHORTCUT
 0EC3:0306       E087_ENTRY
 0EC3:03C6       E087_SHORTCUT
 0EC3:0430       E087_TRAP
 0000:FE32 idle  FIARQQ
 0000:0E32 idle  FICRQQ
 0000:5C32  Abs  FIDRQQ
 0000:1632  Abs  FIERQQ
 0000:0632 idle  FISRQQ
 0000:A23D  Abs  FIWRQQ
 0000:4000 idle  FJARQQ
 0000:C000 idle  FJCRQQ
 0000:8000 idle  FJSRQQ
 0000:1170 idle  FTOL@
 0000:1170       F_FTOL@
 0000:12EF       F_LDIV@
 0000:12FE idle  F_LMOD@
 0000:12F6       F_LUDIV@
 0000:1306 idle  F_LUMOD@
 0000:139D idle  F_LXLSH@
 0000:12B9       F_LXMUL@
 0000:3261       F_OVERFLOW@
 0000:13BE idle  F_PADA@
 0000:1446 idle  F_PADD@
 0000:1402 idle  F_PSBA@
 0000:1475 idle  F_PSUB@
 0000:12D0       F_SCOPY@
 0000:14A9       F_SPUSH@
 0000:12EF idle  LDIV@
 0000:12FE idle  LMOD@
 0000:12F6 idle  LUDIV@
 0000:1306 idle  LUMOD@
 0000:139D idle  LXLSH@
 0000:12B9 idle  LXMUL@
 0000:12EC idle  N_LDIV@
 0000:12FB       N_LMOD@
 0000:12F3 idle  N_LUDIV@
 0000:1303 idle  N_LUMOD@
 0000:139A       N_LXLSH@
 0000:1706       N_LXMUL@
 0000:3261 idle  N_OVERFLOW@
 0000:13BB       N_PADA@
 0000:1443       N_PADD@
 0000:171D       N_PCMP@
 0000:13FF idle  N_PSBA@
 0000:1472 idle  N_PSUB@
 0000:14A3 idle  N_SPUSH@
 0000:3261 idle  OVERFLOW@
 0000:13BE idle  PADA@
 0000:1446 idle  PADD@
 0000:1402 idle  PSBA@
 0000:1475 idle  PSUB@
 0000:12D0 idle  SCOPY@
 0000:14A9 idle  SPUSH@
 0000:023C       _ABORT
 0F2E:0101 idle  _ACTIVEPAGE
 0885:12FB idle  _ARC
 0F2E:0010 idle  _AREA
 0000:119C idle  _ATEXIT
 0000:04AF       _ATOF
 0F2E:017F idle  _ATOMARRAY
 0885:1C68       _BAR
 0885:1C8B idle  _BAR3D
 0F2E:0105 idle  _BMP_FH
 0F2E:0113 idle  _BMP_IH
 0F2E:0004 idle  _BUTTON
 0F2E:009E idle  _BYTE
 0885:1326       _CIRCLE
 0885:0EFD       _CLEARDEVICE
 0885:0FB3 idle  _CLEARVIEWPORT
 0000:32E4       _CLOSE
 0885:0E53       _CLOSEGRAPH
 0F2E:017B idle  _COLOR
 0F2E:013B idle  _COLORTABLE
 0000:1113       _COS
 0000:2216 idle  _CPRINTF
 0000:2488       _DELAY
 0885:0656 idle  _DETECTGRAPH
 1AA0:0B49       _DIRECTVIDEO
 0885:1C28 idle  _DRAWPOLY
 0885:1CCC       _ELLIPSE
 1AA0:007F       _ERRNO
 0F2E:00A3 idle  _ERRORCODE
 0000:1262       _EXIT
 0000:2630 idle  _FARFREE
 0000:2744       _FARMALLOC
 0000:28A8 idle  _FARREALLOC
 0000:334A       _FFLUSH
 0885:1CFC       _FILLELLIPSE
 0885:1C48 idle  _FILLPOLY
 0885:1EEB idle  _FLOODFILL
 0000:341E       _FLUSHALL
 0000:346F       _FPRINTF
 0000:3898 idle  _FPUTC
 0000:3A38 idle  _FPUTCHAR
 0000:2630       _FREE
 0000:351B       _FSEEK
 0000:35A2 idle  _FTELL
 0F20:0048 idle  _G
 0F20:0000 idle  _GDRIVER
 0885:1D69 idle  _GETARCCOORDS
 0885:1352 idle  _GETASPECTRATIO
 0885:13FE idle  _GETBKCOLOR
 0000:2AE1       _GETCH
 0000:2B13 idle  _GETCHE
 0885:13ED idle  _GETCOLOR
 0885:1DE9       _GETDEFAULTPALETTE
 0885:10AF idle  _GETDRIVERNAME
 0885:1264 idle  _GETFILLPATTERN
 0885:1213 idle  _GETFILLSETTINGS
 0885:0DFE idle  _GETGRAPHMODE
 0885:209C idle  _GETIMAGE
 0885:115B idle  _GETLINESETTINGS
 0885:1DB3       _GETMAXCOLOR
 0885:1E27       _GETMAXMODE
 0885:1089       _GETMAXX
 0885:109C       _GETMAXY
 0885:10D5 idle  _GETMODENAME
 0885:05B7 idle  _GETMODERANGE
 0885:14F8 idle  _GETPALETTE
 0885:1DCE       _GETPALETTESIZE
 0885:205B       _GETPIXEL
 0000:2BBC       _GETTEXT
 0885:15DB idle  _GETTEXTSETTINGS
 0885:0F94 idle  _GETVIEWSETTINGS
 0885:106B       _GETX
 0885:107A       _GETY
 0F2E:00A1 idle  _GMODE
 0885:0884 idle  _GRAPHDEFAULTS
 0885:0193       _GRAPHERRORMSG
 0885:030D       _GRAPHRESULT
 0F2E:0012 idle  _I
 0885:1517 idle  _IMAGESIZE
 0885:096A       _INITGRAPH
 0F20:0006 idle  _INSERTAR
 0885:0BDE idle  _INSTALLUSERDRIVER
 0885:0CCC idle  _INSTALLUSERFONT
 0000:2C63       _INT86
 0000:2C9B idle  _INT86X
 0000:2D3B       _IOCTL
 0000:1529       _ISATTY
 0000:2D6B       _KBHIT
 0F2E:00FD idle  _LETH
 0F2E:00FB idle  _LETW
 0885:1C05       _LINE
 0885:1120 idle  _LINEREL
 0885:10F9 idle  _LINETO
 0F2E:009F idle  _LOOP
 0000:15F1       _LSEEK
 0631:1E8E       _MAIN
 0000:273A       _MALLOC
 0000:0FC5       _MATHERR
 0F20:0002 idle  _MAXX
 0F20:0004 idle  _MAXY
 0000:3601       _MEMCPY
 0F2E:003A idle  _ML
 0F2E:0006 idle  _MOUSEX
 0F2E:0008 idle  _MOUSEY
 0F2E:00F7 idle  _MOVEDX
 0F2E:00F9 idle  _MOVEDY
 0885:104B idle  _MOVEREL
 0000:2D84       _MOVETEXT
 0885:1024       _MOVETO
 0F2E:00A7 idle  _MSG
 0F2E:0022 idle  _O
 0000:3663       _OPEN
 0885:15FA       _OUTTEXT
 0885:1F60       _OUTTEXTXY
 0F2E:000C idle  _P
 0F2E:0103 idle  _PAGELIMIT
 0885:1388 idle  _PIESLICE
 0885:18D3 idle  _POSTDEVICE
 0000:0FB3       _POW10
 0000:3850       _PRINTF
 0000:2E28       _PUTCH
 0885:154C idle  _PUTIMAGE
 0885:207C       _PUTPIXEL
 0000:2C19       _PUTTEXT
 0000:1756       _RAND
 0000:3D57       _READ
 0000:28A1 idle  _REALLOC
 0885:11BD       _RECTANGLE
 0885:03F3 idle  _REGISTERFARBGIDRIVER
 0885:04AC idle  _REGISTERFARBGIFONT
 0885:0E21 idle  _RESTORECRTMODE
 0885:1D39       _SECTOR
 0000:17BF       _SEGREAD
 0F2E:000A idle  _SELECTION
 0885:19F7       _SETACTIVEPAGE
 0885:140F idle  _SETALLPALETTE
 0885:1370 idle  _SETASPECTRATIO
 0885:13B3 idle  _SETBKCOLOR
 0000:322C       _SETBLOCK
 0885:1D92       _SETCOLOR
 0885:1284 idle  _SETFILLPATTERN
 0885:1230       _SETFILLSTYLE
 0885:0580 idle  _SETGRAPHBUFSIZE
 0885:0D76 idle  _SETGRAPHMODE
 0885:117A idle  _SETLINESTYLE
 0885:14B5 idle  _SETPALETTE
 0885:1E62 idle  _SETRGBPALETTE
 0885:1648       _SETTEXTJUSTIFY
 0885:1689 idle  _SETTEXTSTYLE
 0885:1858 idle  _SETUSERCHARSIZE
 0000:3D5A       _SETVBUF
 0885:0F18 idle  _SETVIEWPORT
 0885:19D4       _SETVISUALPAGE
 0885:1A1D       _SETWRITEMODE
 0000:0FF6       _SIN
 0000:173E idle  _SRAND
 0F2E:0032 idle  _SS
 0000:0BBC       _STRTOD
 0000:18E4       _TELL
 0885:187E       _TEXTHEIGHT
 0885:200D       _TEXTWIDTH
 0000:2B44 idle  _UNGETCH
 0F2E:00FF idle  _VISUALPAGE
 0000:3284 idle  _WHEREX
 0000:32A0 idle  _WHEREY
 0000:4040       _WRITE
 0F2E:0000 idle  _X11
 0F2E:0002 idle  _Y11
 1AA0:0700       __8087
 0000:1000 idle  __AHINCR
 0000:000C idle  __AHSHIFT
 1AA0:0716       __ATEXITCNT
 1AA0:0718       __ATEXITTBL
 0885:1AE1       __AUTODETECT
 1AA0:02B8 idle  __BACKCOLOR
 1AA0:0233       __BGI_ADD
 1AA0:0096       __BGI_AUTO
 1AA0:0092       __BGI_OVR
 0000:29D1       __BRK
 1AA0:0089       __BRKLVL
 1AA0:006B idle  __C0ARGC
 1AA0:006D idle  __C0ARGV
 0000:230D idle  __C0CRTINIT
 1AA0:0071 idle  __C0ENVIRON
 1AA0:0B8B       __CCHAR
 0000:1291 idle  __CEXIT
 1AA0:0B8A       __CFLAG
 0000:0155       __CHECKNULL
 0000:32C0       __CHMOD
 0000:0142       __CLEANUP
 0000:331F       __CLOSE
 0000:2084       __CPUTN
 0000:2331 idle  __CRTINIT
 1AA0:0798       __CTYPE
 0000:0000  Abs  __CVTFAK
 0000:12A6 idle  __C_EXIT
 1AA0:022F       __DDO_ADD
 1AA0:0714       __DEFAULT87
 1AA0:0A66       __DOSERRNO
 0000:1510 idle  __DOSERROR
 1AA0:0A68 idle  __DOSERRORTOSV
 1AA0:02B6       __DRAWCOLOR
 1B5D:0000       __EMU
 1AA0:0075 idle  __ENVLNG
 1AA0:0077 idle  __ENVSEG
 1AA0:0079 idle  __ENVSIZE
 0000:1278       __EXIT
 1AA0:089A       __EXITBUF
 1AA0:089E idle  __EXITFOPEN
 1AA0:08A2 idle  __EXITOPEN
 1AA0:02B7       __FILLCOLOR
 1AA0:02BA       __FILLSTYLE
 0000:8087 idle  __FLOATCONVERT
 1AA0:0A60       __FMODE
 1AA0:02AE       __FON_ADD
 0000:0E0C       __FPERROR
 1AA0:0A64       __FPSTKLEN
 0000:04AB       __FPUINT
 0000:3875 idle  __FPUTC
 0000:3A56       __FPUTN
 0000:2B79       __GRAPHEXIT
 0000:2B8E       __GRAPHFREEMEM
 0000:2BA7       __GRAPHGETMEM
 0885:0329 idle  __GRAPHNOTINSTALLED
 0885:22C0       __GRP_OVR
 0885:1BB4       __GR_CLEARDEVICE
 0885:1B52       __GR_DETECTGRAPH
 1AA0:02AC idle  __GR_ERRCODE
 0885:1E06       __GR_GETMODENAME
 0885:1A90       __GR_IMAGESIZE
 0885:1BE8       __GR_LINETO
 0885:1BCB       __GR_MOVETO
 0885:20D9       __GR_PUTIMAGE
 0885:1995       __GR_RESTORECRTMODE
 0885:1EA7       __GR_SETALLPALETTE
 0885:1E43       __GR_SETBKCOLOR
 0885:1A40       __GR_SETFILLPATTERN
 0885:1F30       __GR_SETFILLSTYLE
 0885:195F       __GR_SETGRAPHMODE
 0885:1EC2       __GR_SETLINESTYLE
 0885:1E88       __GR_SETPALETTE
 0885:1A73       __GR_SETTEXTJUSTIFY
 0885:1F96       __GR_SETTEXTSTYLE
 0885:1FE7       __GR_SETUSERCHARSIZE
 0885:1933       __GR_SETVIEWPORT
 0885:203A       __GR_TEXTHEIGHT
 1AA0:0085       __HEAPBASE
 1AA0:008D       __HEAPTOP
 1A81:0004       __HUGE_DBLE
 1A81:0000 idle  __HUGE_FLT
 1A81:000C idle  __HUGE_LDBLE
 1A81:0016 idle  __INDEFINITE
 0885:1B8F       __INITDEVICE
 0885:18EA       __INSTALLDEVICE
 1AA0:005B idle  __INT0VECTOR
 1AA0:005F idle  __INT4VECTOR
 1AA0:0063 idle  __INT5VECTOR
 1AA0:0067 idle  __INT6VECTOR
 0000:14CA       __IOERROR
 1AA0:0711       __LDT
 0000:04CD       __LDTRUNC
 1AA0:02B9       __LINESTYLE
 0000:1541       __LONGTOA
 0000:1053       __MATHERR
 1A83:0004       __MATHWHY
 0000:0255 idle  __MMODEL
 1AA0:0AC2       __NEW_HANDLER
 1AA0:0A36       __NFILE
 0000:2B10 idle  __NGETCHE
 1AA0:0A62       __NOTUMASK
 0000:2B41 idle  __NUNGETCH
 0000:37F4       __OPEN
 1AA0:0A38       __OPENFD
 1AA0:007D idle  __OSMAJOR
 1AA0:007E idle  __OSMINOR
 1AA0:007D idle  __OSVERSION
 1AA0:02C1 idle  __OVERSCANCOLOR
 0000:0EDE       __POW10
 1AA0:0710       __PROTECTED
 1AA0:007B       __PSP
 0000:1783       __READ
 0000:2E44       __REALCVT
 1AA0:0B92       __REALCVTVECTOR
 0885:18EF       __REINSTALLDEVICE
 0000:01AB       __RESTOREZERO
 0000:2A23       __SBRK
 0000:2E62 idle  __SCANPOP
 0000:2E58 idle  __SCANRSLT
 0000:2E4E       __SCANTOD
 1AA0:0B96       __SCANTODVECTOR
 0000:2FD3       __SCREENIO
 0000:30A7       __SCROLL
 0000:17E9       __SETUPIO
 1AA0:0081 idle  __STARTTIME
 1AA0:02B2       __STATOFS
 1AA0:02B4       __STATSEG
 1AA0:0ACE       __STKLEN
 1AA0:08A6       __STREAMS
 0000:0B43 idle  __STRTOLD
 0000:0156       __TERMINATE
 1A81:001A idle  __TINY_LDBLE
 0000:0000 idle  __TURBOCRT
 0000:0000  Abs  __TURBOCVT
 0000:8087  Abs  __TURBOFLOAT
 0000:15CA idle  __UTOA
 0000:3022       __VALIDATEXY
 1AA0:007D       __VERSION
 1AA0:0B3A       __VIDEO
 0000:2280       __VIDEOINT
 0000:1B0C       __VPRINTER
 0000:1FBF       __VPTR
 0000:1FFD       __VRAM
 0000:3273       __WHEREXY
 0000:3FF1       __WRITE
 1AA0:0B38       __WSCROLL
 0000:0BFD       __XCVT
 0000:4043       __XFFLUSH
 0000:24F0 idle  ___FIRST
 0000:03C4 idle  ___FPRESET
 0000:24F2 idle  ___LAST
 0885:0178 idle  ___MOVE
 0000:3C68       ___READ
 0000:24F4 idle  ___ROVER
 1AA0:0ACA       ___SIGNALPTR
 0000:3E83       ___WRITE

  Address         Publics by Value

 0000:0000  Abs  __TURBOCVT
 0000:0000 idle  __TURBOCRT
 0000:0000  Abs  __CVTFAK
 0000:000C idle  __AHSHIFT
 0000:0632 idle  FISRQQ
 0000:0E32 idle  FICRQQ
 0000:1000 idle  __AHINCR
 0000:1632  Abs  FIERQQ
 0000:4000 idle  FJARQQ
 0000:5C32  Abs  FIDRQQ
 0000:8000 idle  FJSRQQ
 0000:8087  Abs  __TURBOFLOAT
 0000:8087 idle  __FLOATCONVERT
 0000:A23D  Abs  FIWRQQ
 0000:C000 idle  FJCRQQ
 0000:FE32 idle  FIARQQ
 0000:0142       __CLEANUP
 0000:0155       __CHECKNULL
 0000:0156       __TERMINATE
 0000:01AB       __RESTOREZERO
 0000:023C       _ABORT
 0000:0253       DGROUP@
 0000:0255 idle  __MMODEL
 0000:03C4 idle  ___FPRESET
 0000:04AB       __FPUINT
 0000:04AF       _ATOF
 0000:04CD       __LDTRUNC
 0000:0B43 idle  __STRTOLD
 0000:0BBC       _STRTOD
 0000:0BFD       __XCVT
 0000:0E0C       __FPERROR
 0000:0EDE       __POW10
 0000:0FB3       _POW10
 0000:0FC5       _MATHERR
 0000:0FF6       _SIN
 0000:1053       __MATHERR
 0000:1113       _COS
 0000:1170       F_FTOL@
 0000:1170 idle  FTOL@
 0000:119C idle  _ATEXIT
 0000:11D0       operator delete(void far*)
 0000:1262       _EXIT
 0000:1278       __EXIT
 0000:1291 idle  __CEXIT
 0000:12A6 idle  __C_EXIT
 0000:12B9       F_LXMUL@
 0000:12B9 idle  LXMUL@
 0000:12D0       F_SCOPY@
 0000:12D0 idle  SCOPY@
 0000:12EC idle  N_LDIV@
 0000:12EF       F_LDIV@
 0000:12EF idle  LDIV@
 0000:12F3 idle  N_LUDIV@
 0000:12F6       F_LUDIV@
 0000:12F6 idle  LUDIV@
 0000:12FB       N_LMOD@
 0000:12FE idle  F_LMOD@
 0000:12FE idle  LMOD@
 0000:1303 idle  N_LUMOD@
 0000:1306 idle  LUMOD@
 0000:1306 idle  F_LUMOD@
 0000:139A       N_LXLSH@
 0000:139D idle  LXLSH@
 0000:139D idle  F_LXLSH@
 0000:13BB       N_PADA@
 0000:13BE idle  F_PADA@
 0000:13BE idle  PADA@
 0000:13FF idle  N_PSBA@
 0000:1402 idle  PSBA@
 0000:1402 idle  F_PSBA@
 0000:1443       N_PADD@
 0000:1446 idle  F_PADD@
 0000:1446 idle  PADD@
 0000:1472 idle  N_PSUB@
 0000:1475 idle  F_PSUB@
 0000:1475 idle  PSUB@
 0000:14A3 idle  N_SPUSH@
 0000:14A9       F_SPUSH@
 0000:14A9 idle  SPUSH@
 0000:14CA       __IOERROR
 0000:1510 idle  __DOSERROR
 0000:1529       _ISATTY
 0000:1541       __LONGTOA
 0000:15CA idle  __UTOA
 0000:15F1       _LSEEK
 0000:1627 idle  set_new_handler(void(far*)())
 0000:1658       operator new(unsigned int)
 0000:16A1       operator new(unsigned long)
 0000:1706       N_LXMUL@
 0000:171D       N_PCMP@
 0000:173E idle  _SRAND
 0000:1756       _RAND
 0000:1783       __READ
 0000:17BF       _SEGREAD
 0000:17E9       __SETUPIO
 0000:18E4       _TELL
 0000:1903       _vector_new_(void far*,unsigned int,unsigned long,unsigned int,...)
 0000:1B0C       __VPRINTER
 0000:1FBF       __VPTR
 0000:1FFD       __VRAM
 0000:2084       __CPUTN
 0000:2216 idle  _CPRINTF
 0000:2280       __VIDEOINT
 0000:230D idle  __C0CRTINIT
 0000:2331 idle  __CRTINIT
 0000:2488       _DELAY
 0000:24F0 idle  ___FIRST
 0000:24F2 idle  ___LAST
 0000:24F4 idle  ___ROVER
 0000:2630       _FREE
 0000:2630 idle  _FARFREE
 0000:273A       _MALLOC
 0000:2744       _FARMALLOC
 0000:28A1 idle  _REALLOC
 0000:28A8 idle  _FARREALLOC
 0000:29D1       __BRK
 0000:2A23       __SBRK
 0000:2AE1       _GETCH
 0000:2B10 idle  __NGETCHE
 0000:2B13 idle  _GETCHE
 0000:2B41 idle  __NUNGETCH
 0000:2B44 idle  _UNGETCH
 0000:2B79       __GRAPHEXIT
 0000:2B8E       __GRAPHFREEMEM
 0000:2BA7       __GRAPHGETMEM
 0000:2BBC       _GETTEXT
 0000:2C19       _PUTTEXT
 0000:2C63       _INT86
 0000:2C9B idle  _INT86X
 0000:2D3B       _IOCTL
 0000:2D6B       _KBHIT
 0000:2D84       _MOVETEXT
 0000:2E28       _PUTCH
 0000:2E44       __REALCVT
 0000:2E4E       __SCANTOD
 0000:2E58 idle  __SCANRSLT
 0000:2E62 idle  __SCANPOP
 0000:2FD3       __SCREENIO
 0000:3022       __VALIDATEXY
 0000:30A7       __SCROLL
 0000:322C       _SETBLOCK
 0000:3261       F_OVERFLOW@
 0000:3261 idle  N_OVERFLOW@
 0000:3261 idle  OVERFLOW@
 0000:3273       __WHEREXY
 0000:3284 idle  _WHEREX
 0000:32A0 idle  _WHEREY
 0000:32C0       __CHMOD
 0000:32E4       _CLOSE
 0000:331F       __CLOSE
 0000:334A       _FFLUSH
 0000:341E       _FLUSHALL
 0000:346F       _FPRINTF
 0000:351B       _FSEEK
 0000:35A2 idle  _FTELL
 0000:3601       _MEMCPY
 0000:3663       _OPEN
 0000:37F4       __OPEN
 0000:3850       _PRINTF
 0000:3875 idle  __FPUTC
 0000:3898 idle  _FPUTC
 0000:3A38 idle  _FPUTCHAR
 0000:3A56       __FPUTN
 0000:3C68       ___READ
 0000:3D57       _READ
 0000:3D5A       _SETVBUF
 0000:3E83       ___WRITE
 0000:3FF1       __WRITE
 0000:4040       _WRITE
 0000:4043       __XFFLUSH
 0000:4084       filebuf::close()
 0000:4132       filebuf::filebuf()
 0000:424E       filebuf::~filebuf()
 0000:42F0       filebuf::overflow(int)
 0000:4477       filebuf::open(const char far*,int,int)
 0000:45DD       filebuf::setbuf(char far*,int)
 0000:46A0       filebuf::seekoff(long,seek_dir,int)
 0000:485C       filebuf::sync()
 0000:4966       filebuf::underflow()
 0000:4B50       fstreambase::close()
 0000:4B95       fstreambase::fstreambase(const char far*,int,int)
 0000:4C61       fstreambase::~fstreambase()
 0000:4CEF       fstreambase::open(const char far*,int,int)
 0000:4D5C       ifstream::~ifstream()
 0000:4E16       fstream::fstream(const char far*,int,int)
 0000:4F1E       fstream::~fstream()
 0000:4FF7       iostream::iostream()
 0000:50CA       iostream::~iostream()
 0000:5184       iostream_withassign::~iostream_withassign()
 0000:5229       istream::istream()
 0000:52B7       istream::do_get()
 0000:5352       istream::ipfx(int)
 0000:5414       istream::~istream()
 0000:548C       istream_withassign::~istream_withassign()
 0000:5515       istream::eatwhite()
 0000:55F2       istream::get(unsigned char far&)
 0000:56E3       istream::read(char far*,int)
 0000:57F6       istream::seekg(long,seek_dir)
 0000:5856       ofstream::~ofstream()
 0000:5910       ostream::ostream()
 0000:5995       ostream::~ostream()
 0000:5A1A       ostream_withassign::~ostream_withassign()
 0000:5AA3       ostream::flush()
 0000:5AE8       ostream::seekp(long,seek_dir)
 0000:5B48       ostream::write(const char far*,int)
 0000:5B9B       streambuf::doallocate()
 0000:5BEC       streambuf::streambuf()
 0000:5CC0       streambuf::do_sgetn(char far*,int)
 0000:5D77       streambuf::do_sputn(const char far*,int)
 0000:5E20       streambuf::~streambuf()
 0000:5E9C       streambuf::overflow(int)
 0000:5EAB       streambuf::pbackfail(int)
 0000:5EBA       streambuf::setbuf(char far*,int)
 0000:5EED       streambuf::setb(char far*,char far*,int)
 0000:5FA3       streambuf::setg(char far*,char far*,char far*)
 0000:6014       streambuf::setp(char far*,char far*)
 0000:6067       streambuf::seekoff(long,seek_dir,int)
 0000:6079       streambuf::seekpos(long,int)
 0000:60A4       streambuf::sputn(const char far*,int)
 0000:6121       streambuf::sync()
 0000:6174       streambuf::underflow()
 0000:61AE       ios::clear(int)
 0000:61EF       ios::ios()
 0000:623B       ios::~ios()
 0000:6292       ios::init(streambuf far*)
 0000:62ED       ios::setstate(int)
 0631:000A idle  mouseon(tabmenu)
 0631:0068 idle  mouseon1(int,int,int,int)
 0631:00C6 idle  showmouse()
 0631:010B idle  hidemouse()
 0631:0150 idle  mousestatus()
 0631:01CB idle  menu(tabmenu far*)
 0631:0249 idle  wtbmpflhdr(const char far*)
 0631:0301 idle  wtbmpinfhdr(const char far*)
 0631:03A5 idle  wtbmpclrtbl(const char far*)
 0631:0600 idle  sv16clrbmp(const int,const ...
 0631:07D3 idle  svbmp(const unsigned int,const ...
 0631:0A02 idle  rdbmpflhdr(const char far*)
 0631:0ABA idle  rdbmpinfhcr(const char far*)
 0631:0B75 idle  rdbmpclrtbl(const char far*)
 0631:0C56 idle  gtclr(const int)
 0631:0E0C idle  shw16clrbmp(const int,const ...
 0631:1013 idle  ldbmp(const int,const ...
 0631:11A3 idle  letter()
 0631:11E9 idle  initgui()
 0631:1306 idle  gcin(char far*)
 0631:146D idle  animate()
 0631:159B idle  shadow(char far*,int,int,int)
 0631:15FE idle  errormsg(char far*)
 0631:1647 idle  switchpage(int,int)
 0631:167A idle  display_err(char far*)
 0631:16E4 idle  wait()
 0631:170E idle  setatoms()
 0631:1B38 idle  moveatoms(int)
 0631:1DBA idle  aniexpo()
 0631:1E8E       _MAIN
 0631:23B8 idle  fstream::
 0631:23EC idle  ofstream::
 0631:2410 idle  ifstream::
 0631:2434 idle  fstreambase::
 0631:2448 idle  filebuf::
 0631:2474 idle  iostream_withassign::
 0631:2498 idle  ostream_withassign::
 0631:24AC idle  istream_withassign::
 0631:24C0 idle  iostream::
 0631:24E4 idle  ostream::
 0631:24F8 idle  istream::
 0631:250C idle  streambuf::
 0631:2538 idle  ios::
 0885:0178 idle  ___MOVE
 0885:0193       _GRAPHERRORMSG
 0885:030D       _GRAPHRESULT
 0885:0329 idle  __GRAPHNOTINSTALLED
 0885:03F3 idle  _REGISTERFARBGIDRIVER
 0885:04AC idle  _REGISTERFARBGIFONT
 0885:0580 idle  _SETGRAPHBUFSIZE
 0885:05B7 idle  _GETMODERANGE
 0885:0656 idle  _DETECTGRAPH
 0885:0884 idle  _GRAPHDEFAULTS
 0885:096A       _INITGRAPH
 0885:0BDE idle  _INSTALLUSERDRIVER
 0885:0CCC idle  _INSTALLUSERFONT
 0885:0D76 idle  _SETGRAPHMODE
 0885:0DFE idle  _GETGRAPHMODE
 0885:0E21 idle  _RESTORECRTMODE
 0885:0E53       _CLOSEGRAPH
 0885:0EFD       _CLEARDEVICE
 0885:0F18 idle  _SETVIEWPORT
 0885:0F94 idle  _GETVIEWSETTINGS
 0885:0FB3 idle  _CLEARVIEWPORT
 0885:1024       _MOVETO
 0885:104B idle  _MOVEREL
 0885:106B       _GETX
 0885:107A       _GETY
 0885:1089       _GETMAXX
 0885:109C       _GETMAXY
 0885:10AF idle  _GETDRIVERNAME
 0885:10D5 idle  _GETMODENAME
 0885:10F9 idle  _LINETO
 0885:1120 idle  _LINEREL
 0885:115B idle  _GETLINESETTINGS
 0885:117A idle  _SETLINESTYLE
 0885:11BD       _RECTANGLE
 0885:1213 idle  _GETFILLSETTINGS
 0885:1230       _SETFILLSTYLE
 0885:1264 idle  _GETFILLPATTERN
 0885:1284 idle  _SETFILLPATTERN
 0885:12FB idle  _ARC
 0885:1326       _CIRCLE
 0885:1352 idle  _GETASPECTRATIO
 0885:1370 idle  _SETASPECTRATIO
 0885:1388 idle  _PIESLICE
 0885:13B3 idle  _SETBKCOLOR
 0885:13ED idle  _GETCOLOR
 0885:13FE idle  _GETBKCOLOR
 0885:140F idle  _SETALLPALETTE
 0885:14B5 idle  _SETPALETTE
 0885:14F8 idle  _GETPALETTE
 0885:1517 idle  _IMAGESIZE
 0885:154C idle  _PUTIMAGE
 0885:15DB idle  _GETTEXTSETTINGS
 0885:15FA       _OUTTEXT
 0885:1648       _SETTEXTJUSTIFY
 0885:1689 idle  _SETTEXTSTYLE
 0885:1858 idle  _SETUSERCHARSIZE
 0885:187E       _TEXTHEIGHT
 0885:188F idle  @dgroup
 0885:18D3 idle  _POSTDEVICE
 0885:18EA       __INSTALLDEVICE
 0885:18EF       __REINSTALLDEVICE
 0885:1933       __GR_SETVIEWPORT
 0885:195F       __GR_SETGRAPHMODE
 0885:1995       __GR_RESTORECRTMODE
 0885:19D4       _SETVISUALPAGE
 0885:19F7       _SETACTIVEPAGE
 0885:1A1D       _SETWRITEMODE
 0885:1A40       __GR_SETFILLPATTERN
 0885:1A73       __GR_SETTEXTJUSTIFY
 0885:1A90       __GR_IMAGESIZE
 0885:1AE1       __AUTODETECT
 0885:1B52       __GR_DETECTGRAPH
 0885:1B8F       __INITDEVICE
 0885:1BB4       __GR_CLEARDEVICE
 0885:1BCB       __GR_MOVETO
 0885:1BE8       __GR_LINETO
 0885:1C05       _LINE
 0885:1C28 idle  _DRAWPOLY
 0885:1C48 idle  _FILLPOLY
 0885:1C68       _BAR
 0885:1C8B idle  _BAR3D
 0885:1CCC       _ELLIPSE
 0885:1CFC       _FILLELLIPSE
 0885:1D39       _SECTOR
 0885:1D69 idle  _GETARCCOORDS
 0885:1D92       _SETCOLOR
 0885:1DB3       _GETMAXCOLOR
 0885:1DCE       _GETPALETTESIZE
 0885:1DE9       _GETDEFAULTPALETTE
 0885:1E06       __GR_GETMODENAME
 0885:1E27       _GETMAXMODE
 0885:1E43       __GR_SETBKCOLOR
 0885:1E62 idle  _SETRGBPALETTE
 0885:1E88       __GR_SETPALETTE
 0885:1EA7       __GR_SETALLPALETTE
 0885:1EC2       __GR_SETLINESTYLE
 0885:1EEB idle  _FLOODFILL
 0885:1F30       __GR_SETFILLSTYLE
 0885:1F60       _OUTTEXTXY
 0885:1F96       __GR_SETTEXTSTYLE
 0885:1FE7       __GR_SETUSERCHARSIZE
 0885:200D       _TEXTWIDTH
 0885:203A       __GR_TEXTHEIGHT
 0885:205B       _GETPIXEL
 0885:207C       _PUTPIXEL
 0885:209C idle  _GETIMAGE
 0885:20D9       __GR_PUTIMAGE
 0885:22C0       __GRP_OVR
 0C4B:2152       E086_ENTRY
 0C4B:26E0       E086_SHORTCUT
 0EC3:0306       E087_ENTRY
 0EC3:03C6       E087_SHORTCUT
 0EC3:0430       E087_TRAP
 0F20:0000 idle  _GDRIVER
 0F20:0002 idle  _MAXX
 0F20:0004 idle  _MAXY
 0F20:0006 idle  _INSERTAR
 0F20:0048 idle  _G
 0F2E:0000 idle  _X11
 0F2E:0002 idle  _Y11
 0F2E:0004 idle  _BUTTON
 0F2E:0006 idle  _MOUSEX
 0F2E:0008 idle  _MOUSEY
 0F2E:000A idle  _SELECTION
 0F2E:000C idle  _P
 0F2E:0010 idle  _AREA
 0F2E:0012 idle  _I
 0F2E:0022 idle  _O
 0F2E:0032 idle  _SS
 0F2E:003A idle  _ML
 0F2E:009E idle  _BYTE
 0F2E:009F idle  _LOOP
 0F2E:00A1 idle  _GMODE
 0F2E:00A3 idle  _ERRORCODE
 0F2E:00A7 idle  _MSG
 0F2E:00F7 idle  _MOVEDX
 0F2E:00F9 idle  _MOVEDY
 0F2E:00FB idle  _LETW
 0F2E:00FD idle  _LETH
 0F2E:00FF idle  _VISUALPAGE
 0F2E:0101 idle  _ACTIVEPAGE
 0F2E:0103 idle  _PAGELIMIT
 0F2E:0105 idle  _BMP_FH
 0F2E:0113 idle  _BMP_IH
 0F2E:013B idle  _COLORTABLE
 0F2E:017B idle  _COLOR
 0F2E:017F idle  _ATOMARRAY
 1A81:0000 idle  __HUGE_FLT
 1A81:0004       __HUGE_DBLE
 1A81:000C idle  __HUGE_LDBLE
 1A81:0016 idle  __INDEFINITE
 1A81:001A idle  __TINY_LDBLE
 1A83:0004       __MATHWHY
 1A9D:0000       filebuf::openprot
 1A9E:0000       ios::basefield
 1A9E:0004       ios::adjustfield
 1A9E:0008       ios::floatfield
 1A9E:000C       ios::nextbit
 1A9E:0010       ios::usercount
 1A9E:0012       ios::stdioflush
 1AA0:0000 idle  DATASEG@
 1AA0:005B idle  __INT0VECTOR
 1AA0:005F idle  __INT4VECTOR
 1AA0:0063 idle  __INT5VECTOR
 1AA0:0067 idle  __INT6VECTOR
 1AA0:006B idle  __C0ARGC
 1AA0:006D idle  __C0ARGV
 1AA0:0071 idle  __C0ENVIRON
 1AA0:0075 idle  __ENVLNG
 1AA0:0077 idle  __ENVSEG
 1AA0:0079 idle  __ENVSIZE
 1AA0:007B       __PSP
 1AA0:007D idle  __OSVERSION
 1AA0:007D idle  __OSMAJOR
 1AA0:007D       __VERSION
 1AA0:007E idle  __OSMINOR
 1AA0:007F       _ERRNO
 1AA0:0081 idle  __STARTTIME
 1AA0:0085       __HEAPBASE
 1AA0:0089       __BRKLVL
 1AA0:008D       __HEAPTOP
 1AA0:0092       __BGI_OVR
 1AA0:0096       __BGI_AUTO
 1AA0:022F       __DDO_ADD
 1AA0:0233       __BGI_ADD
 1AA0:02AC idle  __GR_ERRCODE
 1AA0:02AE       __FON_ADD
 1AA0:02B2       __STATOFS
 1AA0:02B4       __STATSEG
 1AA0:02B6       __DRAWCOLOR
 1AA0:02B7       __FILLCOLOR
 1AA0:02B8 idle  __BACKCOLOR
 1AA0:02B9       __LINESTYLE
 1AA0:02BA       __FILLSTYLE
 1AA0:02C1 idle  __OVERSCANCOLOR
 1AA0:0700       __8087
 1AA0:0710       __PROTECTED
 1AA0:0711       __LDT
 1AA0:0714       __DEFAULT87
 1AA0:0716       __ATEXITCNT
 1AA0:0718       __ATEXITTBL
 1AA0:0798       __CTYPE
 1AA0:089A       __EXITBUF
 1AA0:089E idle  __EXITFOPEN
 1AA0:08A2 idle  __EXITOPEN
 1AA0:08A6       __STREAMS
 1AA0:0A36       __NFILE
 1AA0:0A38       __OPENFD
 1AA0:0A60       __FMODE
 1AA0:0A62       __NOTUMASK
 1AA0:0A64       __FPSTKLEN
 1AA0:0A66       __DOSERRNO
 1AA0:0A68 idle  __DOSERRORTOSV
 1AA0:0AC2       __NEW_HANDLER
 1AA0:0ACA       ___SIGNALPTR
 1AA0:0ACE       __STKLEN
 1AA0:0B38       __WSCROLL
 1AA0:0B3A       __VIDEO
 1AA0:0B49       _DIRECTVIDEO
 1AA0:0B8A       __CFLAG
 1AA0:0B8B       __CCHAR
 1AA0:0B92       __REALCVTVECTOR
 1AA0:0B96       __SCANTODVECTOR
 1B5D:0000       __EMU

Line numbers for ELECTR~1.OBJ(ELECTR~1.CPP) segment ELECTR~1_TEXT

   104 0631:000A   108 0631:0025   109 0631:0027   110 0631:005F
   111 0631:0062   112 0631:0064   113 0631:0068   116 0631:0083
   117 0631:0085   118 0631:00C0   119 0631:00C2   123 0631:00C6
   125 0631:00E0   126 0631:00EC   127 0631:0108   129 0631:010B
   131 0631:0125   132 0631:0131   133 0631:014D   135 0631:0150
   137 0631:016A   138 0631:0176   139 0631:0192   140 0631:01A4
   141 0631:01B6   142 0631:01C8   144 0631:01CB   149 0631:01E6
   150 0631:01EB   151 0631:01ED   152 0631:021E   153 0631:0230
   154 0631:0239   147 0631:023E   157 0631:0245   234 0631:0249
   236 0631:0266   238 0631:028A   239 0631:02AA   241 0631:02AF
   243 0631:02C3   245 0631:02DC   247 0631:02FA   248 0631:02FC
   250 0631:0301   252 0631:031E   254 0631:0342   255 0631:0362
   257 0631:0367   259 0631:0380   261 0631:039E   262 0631:03A0
   264 0631:03A5   266 0631:03C4   268 0631:03E8   269 0631:0408
   271 0631:040E   272 0631:0412   273 0631:0416   274 0631:041A
   277 0631:041E   278 0631:0436   279 0631:044E   280 0631:0466
   281 0631:047E   282 0631:0496   283 0631:04AE   284 0631:04C6
   285 0631:04DE   286 0631:04F6   287 0631:050E   288 0631:0526
   289 0631:053E   290 0631:0556   291 0631:056E   292 0631:0586
   276 0631:059E   293 0631:059E   295 0631:05B1   296 0631:05B5
   298 0631:05DA   300 0631:05F8   301 0631:05FA   304 0631:0600
   306 0631:0620   308 0631:0645   309 0631:0667   317 0631:066D
   318 0631:0672   319 0631:0681   320 0631:068D   322 0631:0699
   324 0631:069F   325 0631:06A8   328 0631:06B4   330 0631:06CB
   331 0631:06D0   334 0631:06D3   336 0631:06DB   338 0631:06DF
   339 0631:06E6   341 0631:06EF   343 0631:06FE   344 0631:06FF
   346 0631:0706   348 0631:0715   349 0631:071A   351 0631:0723
   354 0631:0739   356 0631:073F   357 0631:0744   359 0631:074B
   361 0631:075A   362 0631:075F   364 0631:0765   367 0631:0775
   369 0631:077A   370 0631:0781   373 0631:07AA   375 0631:07CA
   376 0631:07CC   379 0631:07D3   382 0631:07F9   384 0631:081E
   385 0631:0840   387 0631:0846   389 0631:0854   390 0631:0862
   392 0631:0870   394 0631:0879   395 0631:0883   397 0631:089B
   398 0631:08B2   402 0631:08C4   403 0631:08D9   405 0631:08EC
   406 0631:090F   410 0631:0915   411 0631:092B   412 0631:0941
   414 0631:0956   415 0631:0962   416 0631:0975   418 0631:0988
   419 0631:09AB   424 0631:09B0   425 0631:09D3   430 0631:09D8
   432 0631:09F9   433 0631:09FB   435 0631:0A02   437 0631:0A1F
   439 0631:0A43   440 0631:0A63   442 0631:0A68   444 0631:0A7C
   446 0631:0A95   448 0631:0AB3   449 0631:0AB5   452 0631:0ABA
   454 0631:0AD7   456 0631:0AFB   457 0631:0B1B   459 0631:0B20
   461 0631:0B37   463 0631:0B50   465 0631:0B6E   466 0631:0B70
   468 0631:0B75   470 0631:0B94   472 0631:0BB8   473 0631:0BD8
   475 0631:0BDD   477 0631:0BE0   478 0631:0BED   480 0631:0BF0
   482 0631:0C07   483 0631:0C0B   485 0631:0C2F   487 0631:0C4D
   488 0631:0C4F   491 0631:0C56   493 0631:0C72   495 0631:0C74
   496 0631:0C89   497 0631:0C9E   499 0631:0CB3   500 0631:0CBF
   502 0631:0CC4   503 0631:0CD2   505 0631:0CD8   506 0631:0CE6
   508 0631:0CEC   509 0631:0CFC   511 0631:0D02   512 0631:0D10
   514 0631:0D16   515 0631:0D26   517 0631:0D2C   518 0631:0D3C
   520 0631:0D42   521 0631:0D54   523 0631:0D5A   524 0631:0D6C
   526 0631:0D72   527 0631:0D80   529 0631:0D86   530 0631:0D94
   532 0631:0D99   533 0631:0DA9   535 0631:0DAE   536 0631:0DBC
   538 0631:0DC1   539 0631:0DD1   541 0631:0DD6   542 0631:0DE6
   544 0631:0DEB   545 0631:0DFD   548 0631:0E02   550 0631:0E05
   551 0631:0E07   554 0631:0E0C   556 0631:0E2C   558 0631:0E51
   559 0631:0E73   561 0631:0E79   567 0631:0E98   568 0631:0E9D
   569 0631:0EAC   570 0631:0EB8   572 0631:0EC5   574 0631:0ECB
   575 0631:0ED4   578 0631:0EE0   580 0631:0EF7   581 0631:0EFC
   584 0631:0EFF   586 0631:0F08   588 0631:0F0C   590 0631:0F1E
   591 0631:0F25   593 0631:0F2E   595 0631:0F4C   596 0631:0F4D
   597 0631:0F54   599 0631:0F59   602 0631:0F7D   604 0631:0F83
   606 0631:0F95   608 0631:0F9C   611 0631:0FBA   612 0631:0FC1
   615 0631:0FEA   617 0631:100A   618 0631:100C   621 0631:1013
   623 0631:1030   625 0631:1054   626 0631:1074   628 0631:107A
   632 0631:1087   633 0631:10A9   635 0631:10AF   636 0631:10DA
   641 0631:10E0   642 0631:1102   644 0631:1108   645 0631:1126
   647 0631:112B   648 0631:114C   653 0631:1151   654 0631:1173
   658 0631:1178   660 0631:119C   661 0631:119E   665 0631:11A3
   671 0631:11C0   672 0631:11C5   673 0631:11CD   674 0631:11D6
   676 0631:11DE   677 0631:11E4   679 0631:11E9   682 0631:1203
   684 0631:1207   685 0631:1213   686 0631:1219   688 0631:1233
   689 0631:1241   691 0631:124E   692 0631:126F   693 0631:127C
   694 0631:1281   696 0631:128D   697 0631:129C   698 0631:12B2
   699 0631:12C8   700 0631:12E6   701 0631:12FD   703 0631:1301
   704 0631:1303   705 0631:1306   707 0631:1323   708 0631:132F
   711 0631:133D   712 0631:134A   714 0631:135A   715 0631:1375
   716 0631:1382   717 0631:139A   718 0631:13A8   720 0631:13AA
   721 0631:13B8   722 0631:13D4   723 0631:1418   725 0631:141A
   726 0631:1431   727 0631:1440   709 0631:1443   729 0631:1453
   730 0631:145A   731 0631:1468   735 0631:146D   740 0631:148C
   741 0631:1491   742 0631:1493   743 0631:1498   744 0631:149D
   745 0631:14A0   746 0631:14AB   747 0631:14B7   748 0631:14C7
   749 0631:14D7   750 0631:14E3   752 0631:14EB   753 0631:14FB
   754 0631:150B   755 0631:151B   756 0631:1527   757 0631:1537
   758 0631:1547   760 0631:1557   762 0631:156B   763 0631:156E
   764 0631:1574   765 0631:157A   768 0631:1589   769 0631:1594
   772 0631:159B   774 0631:15BD   775 0631:15DE   776 0631:15F9
   777 0631:15F9   780 0631:15FE   782 0631:1618   783 0631:162C
   784 0631:1642   785 0631:1644   809 0631:1647   811 0631:1661
   812 0631:166C   813 0631:1677   814 0631:167A   817 0631:1694
   818 0631:16A3   819 0631:16B7   820 0631:16CD   821 0631:16D2
   822 0631:16DF   823 0631:16E1   825 0631:16E4   827 0631:16FE
   829 0631:1701   830 0631:1702   831 0631:1704   833 0631:1706
   834 0631:1707   835 0631:1709   836 0631:170B
    66 0631:170E    68 0631:172D    69 0631:1749    70 0631:1767
    73 0631:176E    74 0631:17A8    75 0631:17CB    76 0631:17E7
    77 0631:180F    78 0631:1837    79 0631:184F    81 0631:1856
    82 0631:1861    83 0631:1870    84 0631:1890    85 0631:18B4
    86 0631:1911    87 0631:1926    88 0631:193F    90 0631:195C
    91 0631:197C    92 0631:19A0    94 0631:1A04    97 0631:1A0B
   100 0631:1A32   101 0631:1A3A   103 0631:1A4D   105 0631:1A58
   106 0631:1A7A   108 0631:1A8B   109 0631:1A9A   110 0631:1ABC
   112 0631:1ACD   115 0631:1ADC   117 0631:1AE0   118 0631:1B0F
   120 0631:1B31   122 0631:1B38   124 0631:1B5A   126 0631:1B5F
   127 0631:1B79   128 0631:1C1F   129 0631:1C54   130 0631:1CA3
   131 0631:1CD0   132 0631:1CF6   134 0631:1D25   135 0631:1D4C
   136 0631:1D8E   138 0631:1DB3   143 0631:1DBA   145 0631:1DD9
   146 0631:1DDE   147 0631:1DF5   148 0631:1DFC   150 0631:1E00
   151 0631:1E18   152 0631:1E25   153 0631:1E2A   156 0631:1E36
   157 0631:1E3A   158 0631:1E3C   159 0631:1E41   160 0631:1E61
   163 0631:1E69   164 0631:1E6A   161 0631:1E77   166 0631:1E7D
   168 0631:1E82   170 0631:1E87   172 0631:1E8E   175 0631:1EA8
   176 0631:1EAC
   172 0631:1EAF   173 0631:1EC9   174 0631:1EE7   175 0631:1EEE
   176 0631:1EF6   177 0631:1F05   178 0631:1F0E   179 0631:1F17
   180 0631:1F26   197 0631:1F2F   198 0631:1F49   199 0631:1F6A
   200 0631:1F78   201 0631:1F87   202 0631:1F96   203 0631:1F9F
   204 0631:1FA8   205 0631:1FB7   206 0631:1FC6   207 0631:1FD5
   208 0631:1FE4   209 0631:1FF3   210 0631:2002
   219 0631:200B   624 0631:2035   625 0631:204F   626 0631:2081
   627 0631:2087
    38 0631:208A    40 0631:20A7    41 0631:20B2    42 0631:20CE
    48 0631:20D3    50 0631:20F0    51 0631:2104    28 0631:2109
    31 0631:2126    32 0631:213C    33 0631:2160    34 0631:2190
    36 0631:21C2    53 0631:21C7    55 0631:21E1    56 0631:21E7
    58 0631:221D    59 0631:2243    44 0631:2246    46 0631:2260
    47 0631:2267
   205 0631:226A   206 0631:2284   350 0631:2291   351 0631:22AC
   353 0631:22AC   354 0631:22F2
   221 0631:2358   222 0631:2372   223 0631:2390   224 0631:2397
   225 0631:239F   226 0631:23A7   227 0631:23AF
Program entry point at 0000:0000

