
 Start  Stop   Length Name               Class

 00000H 02401H 02402H _TEXT              CODE
 02402H 024C5H 000C4H GLPRINTF_TEXT      CODE
 024D0H 02A97H 005C8H E87_PROG           CODE
 02AA0H 02AA0H 00000H _FARDATA           FAR_DATA
 02AA0H 02AB4H 00015H GLPRINTF_DATA      FAR_DATA
 02AC0H 02B0FH 00050H GLPRINTF5_DATA     FAR_DATA
 02B10H 02B10H 00000H REALCVT_DATA       FAR_DATA
 02B10H 02B10H 00000H XCVT_DATA          FAR_DATA
 02B10H 02BA9H 0009AH FPERR_DATA         FAR_DATA
 02BAAH 02C29H 00080H _POW10_DATA        FAR_DATA
 02C2AH 02C2AH 00000H POW10D_DATA        FAR_DATA
 02C30H 02C30H 00000H _FARBSS            FAR_BSS
 02C30H 02C30H 00000H _OVERLAY_          OVRINFO
 02C30H 02C30H 00000H _1STUB_            STUBSEG
 02C30H 03033H 00404H _DATA              DATA
 03034H 03037H 00004H _CVTSEG            DATA
 03038H 0303DH 00006H _SCNSEG            DATA
 0303EH 0303EH 00000H _CONST             CONST
 0303EH 03049H 0000CH _INIT_             INITDATA
 0304AH 0304AH 00000H _INITEND_          INITDATA
 0304AH 0304FH 00006H _EXIT_             EXITDATA
 03050H 03050H 00000H _EXITEND_          EXITDATA
 03050H 0315FH 00110H _STACK             STACK


Detailed map of segments

 0000:0000 0257 C=CODE   S=_TEXT          G=(none)  M=c0.ASM     ACBP=28
 0000:0257 020E C=CODE   S=_TEXT          G=(none)  M=FP87INIT   ACBP=28
 0000:0465 0000 C=CODE   S=_TEXT          G=(none)  M=E87TRAP    ACBP=28
 0000:0465 0000 C=CODE   S=_TEXT          G=(none)  M=PROTFLAG   ACBP=28
 0000:0465 0000 C=CODE   S=_TEXT          G=(none)  M=DEFLT87    ACBP=28
 0000:0465 01D2 C=CODE   S=_TEXT          G=(none)  M=REALCVT    ACBP=28
 0000:0637 020F C=CODE   S=_TEXT          G=(none)  M=XCVT       ACBP=28
 0000:0846 00D2 C=CODE   S=_TEXT          G=(none)  M=FPERR      ACBP=28
 0000:0918 00D5 C=CODE   S=_TEXT          G=(none)  M=_POW10     ACBP=28
 0000:09ED 0012 C=CODE   S=_TEXT          G=(none)  M=POW10D     ACBP=28
 0000:09FF 0034 C=CODE   S=_TEXT          G=(none)  M=ATEXIT     ACBP=28
 0000:0A33 00D0 C=CODE   S=_TEXT          G=(none)  M=EXIT       ACBP=28
 0000:0B03 0000 C=CODE   S=_TEXT          G=(none)  M=FILES      ACBP=28
 0000:0B03 0000 C=CODE   S=_TEXT          G=(none)  M=FILES2     ACBP=28
 0000:0B03 0000 C=CODE   S=_TEXT          G=(none)  M=FPSTKLEN   ACBP=28
 0000:0B03 0021 C=CODE   S=_TEXT          G=(none)  M=H_LLSH     ACBP=28
 0000:0B24 0060 C=CODE   S=_TEXT          G=(none)  M=H_PADD     ACBP=28
 0000:0B84 005F C=CODE   S=_TEXT          G=(none)  M=IOERROR    ACBP=28
 0000:0BE3 0018 C=CODE   S=_TEXT          G=(none)  M=ISATTY     ACBP=28
 0000:0BFB 00B0 C=CODE   S=_TEXT          G=(none)  M=LONGTOA    ACBP=28
 0000:0CAB 0036 C=CODE   S=_TEXT          G=(none)  M=LSEEK      ACBP=28
 0000:0CE1 0021 C=CODE   S=_TEXT          G=(none)  M=N_PCMP     ACBP=28
 0000:0D02 00FB C=CODE   S=_TEXT          G=(none)  M=SETUPIO    ACBP=28
 0000:0DFD 0000 C=CODE   S=_TEXT          G=(none)  M=SIGDATA    ACBP=28
 0000:0DFD 0000 C=CODE   S=_TEXT          G=(none)  M=STKLEN     ACBP=28
 0000:0DFD 001F C=CODE   S=_TEXT          G=(none)  M=TELL       ACBP=28
 0000:0E1C 04CB C=CODE   S=_TEXT          G=(none)  M=VPRINTER   ACBP=28
 0000:12E7 0024 C=CODE   S=_TEXT          G=(none)  M=CVTFAK     ACBP=28
 0000:130B 0432 C=CODE   S=_TEXT          G=(none)  M=FARHEAP    ACBP=28
 0000:173D 01BF C=CODE   S=_TEXT          G=(none)  M=FBRK       ACBP=28
 0000:18FC 000A C=CODE   S=_TEXT          G=(none)  M=REALCVT    ACBP=28
 0000:1906 0023 C=CODE   S=_TEXT          G=(none)  M=SETBLOCK   ACBP=28
 0000:1929 0024 C=CODE   S=_TEXT          G=(none)  M=STACK      ACBP=28
 0000:194D 00D4 C=CODE   S=_TEXT          G=(none)  M=FFLUSH     ACBP=28
 0000:1A21 0051 C=CODE   S=_TEXT          G=(none)  M=FLUSHALL   ACBP=28
 0000:1A72 0023 C=CODE   S=_TEXT          G=(none)  M=FPRINTF    ACBP=28
 0000:1A95 016F C=CODE   S=_TEXT          G=(none)  M=FSEEK      ACBP=28
 0000:1C04 0027 C=CODE   S=_TEXT          G=(none)  M=MEMCPY     ACBP=28
 0000:1C2B 0025 C=CODE   S=_TEXT          G=(none)  M=PRINTF     ACBP=28
 0000:1C50 03F3 C=CODE   S=_TEXT          G=(none)  M=PUTC       ACBP=28
 0000:2043 0129 C=CODE   S=_TEXT          G=(none)  M=SETVBUF    ACBP=28
 0000:216C 0098 C=CODE   S=_TEXT          G=(none)  M=SPRINTF    ACBP=28
 0000:2204 016E C=CODE   S=_TEXT          G=(none)  M=WRITE      ACBP=28
 0000:2372 004F C=CODE   S=_TEXT          G=(none)  M=WRITEA     ACBP=28
 0000:23C1 0041 C=CODE   S=_TEXT          G=(none)  M=XFFLUSH    ACBP=28
 0240:0002 00C4 C=CODE   S=GLPRINTF_TEXT  G=(none)  M=GL\GLPRINTF.CPP ACBP=28
 024D:0000 0000 C=CODE   S=E87_PROG       G=(none)  M=FP87INIT   ACBP=68
 024D:0000 03E3 C=CODE   S=E87_PROG       G=(none)  M=EMU087     ACBP=68
 024D:03F0 01D8 C=CODE   S=E87_PROG       G=(none)  M=E87TRAP    ACBP=68
 02AA:0000 0000 C=FAR_DATA S=_FARDATA       G=(none)  M=c0.ASM     ACBP=68
 02AA:0000 0015 C=FAR_DATA S=GLPRINTF_DATA  G=(none)  M=GL\GLPRINTF.CPP ACBP=48
 02AC:0000 0050 C=FAR_DATA S=GLPRINTF5_DATA G=(none)  M=GL\GLPRINTF.CPP ACBP=68
 02B1:0000 0000 C=FAR_DATA S=REALCVT_DATA   G=(none)  M=REALCVT    ACBP=48
 02B1:0000 0000 C=FAR_DATA S=XCVT_DATA      G=(none)  M=XCVT       ACBP=48
 02B1:0000 009A C=FAR_DATA S=FPERR_DATA     G=(none)  M=FPERR      ACBP=48
 02BA:000A 0080 C=FAR_DATA S=_POW10_DATA    G=(none)  M=_POW10     ACBP=48
 02C2:000A 0000 C=FAR_DATA S=POW10D_DATA    G=(none)  M=POW10D     ACBP=48
 02C3:0000 0000 C=FAR_BSS S=_FARBSS        G=(none)  M=c0.ASM     ACBP=68
 02C3:0000 0000 C=OVRINFO S=_OVERLAY_      G=(none)  M=c0.ASM     ACBP=68
 02C3:0000 0000 C=STUBSEG S=_1STUB_        G=(none)  M=c0.ASM     ACBP=68
 02C3:0000 0091 C=DATA   S=_DATA          G=DGROUP  M=c0.ASM     ACBP=68
 02C3:00A0 0002 C=DATA   S=_DATA          G=DGROUP  M=FP87INIT   ACBP=68
 02C3:00B0 0000 C=DATA   S=_DATA          G=DGROUP  M=E87TRAP    ACBP=68
 02C3:00B0 0003 C=DATA   S=_DATA          G=DGROUP  M=PROTFLAG   ACBP=48
 02C3:00B4 0002 C=DATA   S=_DATA          G=DGROUP  M=DEFLT87    ACBP=48
 02C3:00B6 0082 C=DATA   S=_DATA          G=DGROUP  M=ATEXIT     ACBP=48
 02C3:0138 000C C=DATA   S=_DATA          G=DGROUP  M=EXIT       ACBP=48
 02C3:0144 0190 C=DATA   S=_DATA          G=DGROUP  M=FILES      ACBP=48
 02C3:02D4 002A C=DATA   S=_DATA          G=DGROUP  M=FILES2     ACBP=48
 02C3:02FE 0002 C=DATA   S=_DATA          G=DGROUP  M=FPSTKLEN   ACBP=48
 02C3:0300 0000 C=DATA   S=_DATA          G=DGROUP  M=H_LLSH     ACBP=48
 02C3:0300 0000 C=DATA   S=_DATA          G=DGROUP  M=H_PADD     ACBP=48
 02C3:0300 005B C=DATA   S=_DATA          G=DGROUP  M=IOERROR    ACBP=48
 02C3:035C 0000 C=DATA   S=_DATA          G=DGROUP  M=ISATTY     ACBP=48
 02C3:035C 0000 C=DATA   S=_DATA          G=DGROUP  M=LONGTOA    ACBP=48
 02C3:035C 0000 C=DATA   S=_DATA          G=DGROUP  M=LSEEK      ACBP=48
 02C3:035C 0000 C=DATA   S=_DATA          G=DGROUP  M=N_PCMP     ACBP=48
 02C3:035C 0000 C=DATA   S=_DATA          G=DGROUP  M=SETUPIO    ACBP=48
 02C3:035C 0004 C=DATA   S=_DATA          G=DGROUP  M=SIGDATA    ACBP=48
 02C3:0360 0002 C=DATA   S=_DATA          G=DGROUP  M=STKLEN     ACBP=48
 02C3:0362 0000 C=DATA   S=_DATA          G=DGROUP  M=TELL       ACBP=48
 02C3:0362 0067 C=DATA   S=_DATA          G=DGROUP  M=VPRINTER   ACBP=48
 02C3:03CA 0031 C=DATA   S=_DATA          G=DGROUP  M=CVTFAK     ACBP=48
 02C3:03FC 0000 C=DATA   S=_DATA          G=DGROUP  M=FARHEAP    ACBP=48
 02C3:03FC 0002 C=DATA   S=_DATA          G=DGROUP  M=FBRK       ACBP=48
 02C3:03FE 0000 C=DATA   S=_DATA          G=DGROUP  M=REALCVT    ACBP=48
 02C3:03FE 0000 C=DATA   S=_DATA          G=DGROUP  M=SETBLOCK   ACBP=48
 02C3:03FE 0000 C=DATA   S=_DATA          G=DGROUP  M=STACK      ACBP=48
 02C3:03FE 0000 C=DATA   S=_DATA          G=DGROUP  M=FFLUSH     ACBP=48
 02C3:03FE 0000 C=DATA   S=_DATA          G=DGROUP  M=FLUSHALL   ACBP=48
 02C3:03FE 0000 C=DATA   S=_DATA          G=DGROUP  M=FPRINTF    ACBP=48
 02C3:03FE 0000 C=DATA   S=_DATA          G=DGROUP  M=FSEEK      ACBP=48
 02C3:03FE 0000 C=DATA   S=_DATA          G=DGROUP  M=MEMCPY     ACBP=48
 02C3:03FE 0000 C=DATA   S=_DATA          G=DGROUP  M=PRINTF     ACBP=48
 02C3:03FE 0002 C=DATA   S=_DATA          G=DGROUP  M=PUTC       ACBP=48
 02C3:0400 0004 C=DATA   S=_DATA          G=DGROUP  M=SETVBUF    ACBP=48
 02C3:0404 0000 C=DATA   S=_DATA          G=DGROUP  M=SPRINTF    ACBP=48
 02C3:0404 0000 C=DATA   S=_DATA          G=DGROUP  M=WRITE      ACBP=48
 02C3:0404 0000 C=DATA   S=_DATA          G=DGROUP  M=WRITEA     ACBP=48
 02C3:0404 0000 C=DATA   S=_DATA          G=DGROUP  M=XFFLUSH    ACBP=48
 02C3:0404 0000 C=DATA   S=_CVTSEG        G=DGROUP  M=c0.ASM     ACBP=48
 02C3:0404 0002 C=DATA   S=_CVTSEG        G=DGROUP  M=REALCVT    ACBP=48
 02C3:0406 0002 C=DATA   S=_CVTSEG        G=DGROUP  M=CVTFAK     ACBP=48
 02C3:0408 0000 C=DATA   S=_CVTSEG        G=DGROUP  M=REALCVT    ACBP=48
 02C3:0408 0000 C=DATA   S=_SCNSEG        G=DGROUP  M=c0.ASM     ACBP=48
 02C3:0408 0006 C=DATA   S=_SCNSEG        G=DGROUP  M=CVTFAK     ACBP=48
 02C3:040E 0000 C=CONST  S=_CONST         G=DGROUP  M=c0.ASM     ACBP=48
 02C3:040E 0000 C=INITDATA S=_INIT_         G=DGROUP  M=c0.ASM     ACBP=48
 02C3:040E 0006 C=INITDATA S=_INIT_         G=DGROUP  M=FP87INIT   ACBP=48
 02C3:0414 0006 C=INITDATA S=_INIT_         G=DGROUP  M=SETUPIO    ACBP=48
 02C3:041A 0000 C=INITDATA S=_INITEND_      G=DGROUP  M=c0.ASM     ACBP=28
 02C3:041A 0000 C=EXITDATA S=_EXIT_         G=DGROUP  M=c0.ASM     ACBP=48
 02C3:041A 0006 C=EXITDATA S=_EXIT_         G=DGROUP  M=FP87INIT   ACBP=48
 02C3:0420 0000 C=EXITDATA S=_EXITEND_      G=DGROUP  M=c0.ASM     ACBP=28
 0305:0000 0110 C=STACK  S=_STACK         G=(none)  M=c0.ASM     ACBP=74
 0305:0000 0080 C=STACK  S=_STACK         G=(none)  M=EMUVARS    ACBP=78

  Address         Publics by Name

 0240:0002 idle  vspf(char far*,...)
 02C3:0000 idle  DATASEG@
 0000:0253       DGROUP@
 024D:0306       e087_Entry
 024D:03C6       e087_Shortcut
 024D:0430       e087_Trap
 0000:0000 idle  FIARQQ
 0000:0000 idle  FICRQQ
 0000:0000  Abs  FIDRQQ
 0000:0000  Abs  FIERQQ
 0000:0000 idle  FISRQQ
 0000:0000  Abs  FIWRQQ
 0000:0000 idle  FJARQQ
 0000:0000 idle  FJCRQQ
 0000:0000 idle  FJSRQQ
 0000:0B06 idle  F_LXLSH@
 0000:193B       F_OVERFLOW@
 0000:0B27 idle  F_PADD@
 0000:0B56 idle  F_PSUB@
 0000:0B06 idle  LXLSH@
 0000:0B03       N_LXLSH@
 0000:193B idle  N_OVERFLOW@
 0000:0B24       N_PADD@
 0000:0CE1       N_PCMP@
 0000:0B53 idle  N_PSUB@
 0000:193B idle  OVERFLOW@
 0000:0B27 idle  PADD@
 0000:0B56 idle  PSUB@
 0000:023C       _abort
 0000:09FF idle  _atexit
 02AC:0000 idle  _buffer
 02C3:007F       _errno
 0000:0AAC       _exit
 0000:144B idle  _farfree
 0000:155F idle  _farmalloc
 0000:16C3 idle  _farrealloc
 0000:194D       _fflush
 0000:1A21       _flushall
 0000:1A72       _fprintf
 0000:1C73 idle  _fputc
 0000:1E13 idle  _fputchar
 0000:144B       _free
 0000:1B1E       _fseek
 0000:1BA5 idle  _ftell
 0000:0BE3       _isatty
 0000:0CAB       _lseek
 0240:004F       _main
 0000:1555       _malloc
 0000:1C04       _memcpy
 0000:09ED       _pow10
 0000:1C2B       _printf
 0000:16BC idle  _realloc
 0000:1906       _setblock
 0000:2043       _setvbuf
 0000:21B3 idle  _sprintf
 0000:0DFD       _tell
 0000:21DC       _vsprintf
 02C3:00A0 idle  __8087
 0000:1000 idle  __AHINCR
 0000:000C idle  __AHSHIFT
 02C3:00B6       __atexitcnt
 02C3:00B8       __atexittbl
 0000:17EC       __brk
 02C3:0089       __brklvl
 02C3:006B idle  __C0argc
 02C3:006D idle  __C0argv
 02C3:0071 idle  __C0environ
 0000:0ADB idle  __cexit
 0000:0155       __checknull
 0000:0142       __cleanup
 0000:0000  Abs  __cvtfak
 0000:0AF0 idle  __c_exit
 02C3:00B4       __default87
 02C3:0300 idle  __doserrno
 0000:0BCA idle  __DOSERROR
 02C3:0302 idle  __dosErrorToSV
 0305:0000       __emu
 02C3:0075 idle  __envLng
 02C3:0077 idle  __envseg
 02C3:0079 idle  __envSize
 0000:0AC2       __exit
 02C3:0138       __exitbuf
 02C3:013C idle  __exitfopen
 02C3:0140 idle  __exitopen
 0000:0846       __fperror
 02C3:02FE       __fpstklen
 0000:0461 idle  __fpuint
 0000:1C50 idle  __fputc
 0000:1E31       __FPUTN
 02C3:0085       __heapbase
 02C3:008D       __heaptop
 02C3:005B idle  __Int0Vector
 02C3:005F idle  __Int4Vector
 02C3:0063 idle  __Int5Vector
 02C3:0067 idle  __Int6Vector
 0000:0B84       __IOERROR
 02C3:00B1       __LDT
 0000:0BFB       __LONGTOA
 0000:0255 idle  __MMODEL
 02C3:02D4       __nfile
 02C3:02D6       __openfd
 02C3:007D idle  __osmajor
 02C3:007E idle  __osminor
 02C3:007D idle  __osversion
 0000:0918       __POW10
 02C3:00B0       __protected
 02C3:007B       __psp
 0000:18FC       __REALCVT
 02C3:0404       __RealCvtVector
 0000:01AB       __restorezero
 0000:183E       __sbrk
 02C3:0408 idle  __ScanTodVector
 0000:0D02       __setupio
 02C3:0081 idle  __StartTime
 02C3:0360       __stklen
 02C3:0144       __streams
 0000:0156       __terminate
 0000:0000  Abs  __turboCvt
 0000:0C84 idle  __UTOA
 02C3:007D       __version
 0000:0E34       __VPRINTER
 0000:2372       __write
 0000:0637       __XCVT
 0000:23C1       __xfflush
 0000:130B idle  ___first
 0000:0390 idle  ___fpreset
 0000:130D idle  ___last
 0000:130F idle  ___rover
 02C3:035C       ___SignalPtr
 0000:2204       ___write

  Address         Publics by Value

 0000:0000  Abs  FIWRQQ
 0000:0000  Abs  FIDRQQ
 0000:0000  Abs  __turboCvt
 0000:0000 idle  FIARQQ
 0000:0000 idle  FICRQQ
 0000:0000 idle  FISRQQ
 0000:0000  Abs  FIERQQ
 0000:0000 idle  FJARQQ
 0000:0000 idle  FJCRQQ
 0000:0000 idle  FJSRQQ
 0000:0000  Abs  __cvtfak
 0000:000C idle  __AHSHIFT
 0000:1000 idle  __AHINCR
 0000:0142       __cleanup
 0000:0155       __checknull
 0000:0156       __terminate
 0000:01AB       __restorezero
 0000:023C       _abort
 0000:0253       DGROUP@
 0000:0255 idle  __MMODEL
 0000:0390 idle  ___fpreset
 0000:0461 idle  __fpuint
 0000:0637       __XCVT
 0000:0846       __fperror
 0000:0918       __POW10
 0000:09ED       _pow10
 0000:09FF idle  _atexit
 0000:0AAC       _exit
 0000:0AC2       __exit
 0000:0ADB idle  __cexit
 0000:0AF0 idle  __c_exit
 0000:0B03       N_LXLSH@
 0000:0B06 idle  LXLSH@
 0000:0B06 idle  F_LXLSH@
 0000:0B24       N_PADD@
 0000:0B27 idle  F_PADD@
 0000:0B27 idle  PADD@
 0000:0B53 idle  N_PSUB@
 0000:0B56 idle  F_PSUB@
 0000:0B56 idle  PSUB@
 0000:0B84       __IOERROR
 0000:0BCA idle  __DOSERROR
 0000:0BE3       _isatty
 0000:0BFB       __LONGTOA
 0000:0C84 idle  __UTOA
 0000:0CAB       _lseek
 0000:0CE1       N_PCMP@
 0000:0D02       __setupio
 0000:0DFD       _tell
 0000:0E34       __VPRINTER
 0000:130B idle  ___first
 0000:130D idle  ___last
 0000:130F idle  ___rover
 0000:144B       _free
 0000:144B idle  _farfree
 0000:1555       _malloc
 0000:155F idle  _farmalloc
 0000:16BC idle  _realloc
 0000:16C3 idle  _farrealloc
 0000:17EC       __brk
 0000:183E       __sbrk
 0000:18FC       __REALCVT
 0000:1906       _setblock
 0000:193B       F_OVERFLOW@
 0000:193B idle  N_OVERFLOW@
 0000:193B idle  OVERFLOW@
 0000:194D       _fflush
 0000:1A21       _flushall
 0000:1A72       _fprintf
 0000:1B1E       _fseek
 0000:1BA5 idle  _ftell
 0000:1C04       _memcpy
 0000:1C2B       _printf
 0000:1C50 idle  __fputc
 0000:1C73 idle  _fputc
 0000:1E13 idle  _fputchar
 0000:1E31       __FPUTN
 0000:2043       _setvbuf
 0000:21B3 idle  _sprintf
 0000:21DC       _vsprintf
 0000:2204       ___write
 0000:2372       __write
 0000:23C1       __xfflush
 0240:0002 idle  vspf(char far*,...)
 0240:004F       _main
 024D:0306       e087_Entry
 024D:03C6       e087_Shortcut
 024D:0430       e087_Trap
 02AC:0000 idle  _buffer
 02C3:0000 idle  DATASEG@
 02C3:005B idle  __Int0Vector
 02C3:005F idle  __Int4Vector
 02C3:0063 idle  __Int5Vector
 02C3:0067 idle  __Int6Vector
 02C3:006B idle  __C0argc
 02C3:006D idle  __C0argv
 02C3:0071 idle  __C0environ
 02C3:0075 idle  __envLng
 02C3:0077 idle  __envseg
 02C3:0079 idle  __envSize
 02C3:007B       __psp
 02C3:007D idle  __osversion
 02C3:007D idle  __osmajor
 02C3:007D       __version
 02C3:007E idle  __osminor
 02C3:007F       _errno
 02C3:0081 idle  __StartTime
 02C3:0085       __heapbase
 02C3:0089       __brklvl
 02C3:008D       __heaptop
 02C3:00A0 idle  __8087
 02C3:00B0       __protected
 02C3:00B1       __LDT
 02C3:00B4       __default87
 02C3:00B6       __atexitcnt
 02C3:00B8       __atexittbl
 02C3:0138       __exitbuf
 02C3:013C idle  __exitfopen
 02C3:0140 idle  __exitopen
 02C3:0144       __streams
 02C3:02D4       __nfile
 02C3:02D6       __openfd
 02C3:02FE       __fpstklen
 02C3:0300 idle  __doserrno
 02C3:0302 idle  __dosErrorToSV
 02C3:035C       ___SignalPtr
 02C3:0360       __stklen
 02C3:0404       __RealCvtVector
 02C3:0408 idle  __ScanTodVector
 0305:0000       __emu

Line numbers for GLPRINTF.OBJ(GL\GLPRINTF.CPP) segment GLPRINTF_TEXT

     8 0240:0002    13 0240:001F    14 0240:0028    15 0240:0047
    17 0240:0047    18 0240:004A    20 0240:004F    22 0240:006C
    23 0240:0071    24 0240:007A    26 0240:0089    27 0240:00AA
    28 0240:00BF    29 0240:00C1
Program entry point at 0000:0000

