
 Start  Stop   Length Name               Class

 00000H 0A0FEH 0A0FFH _TEXT              CODE
 0A100H 0DD59H 03C5AH _BGI_TEXT          CODE
 0DD60H 104D6H 02777H EMU_PROG           CODE
 104E0H 10AA7H 005C8H E87_PROG           CODE
 10AB0H 10AB0H 00000H _FARDATA           FAR_DATA
 10AB0H 10AB0H 00000H _FARBSS            FAR_BSS
 10AB0H 10AB0H 00000H _OVERLAY_          OVRINFO
 10AB0H 10AB0H 00000H _1STUB_            STUBSEG
 10AB0H 11FB3H 01504H _DATA              DATA
 11FB4H 11FB7H 00004H _CVTSEG            DATA
 11FB8H 11FC3H 0000CH _SCNSEG            DATA
 11FC4H 11FC4H 00000H GRAPH              DATA
 11FC4H 11FC4H 00000H _CONST             CONST
 11FC4H 11FE7H 00024H _INIT_             INITDATA
 11FE8H 11FE8H 00000H _INITEND_          INITDATA
 11FE8H 11FFFH 00018H _EXIT_             EXITDATA
 12000H 12000H 00000H _EXITEND_          EXITDATA
 12000H 12053H 00054H _BSS               BSS
 12054H 12054H 00000H _BSSEND            BSSEND
 12060H 120DFH 00080H _STACK             STACK

Program entry point at 0000:0000

