
 Start  Stop   Length Name               Class

 00000H 0260FH 02610H _TEXT              CODE
 02610H 02659H 0004AH NONAME01_TEXT      CODE
 02660H 02660H 00000H _FARDATA           FAR_DATA
 02660H 02687H 00028H NONAME01_DATA      FAR_DATA
 02690H 02690H 00000H _FARBSS            FAR_BSS
 02690H 02690H 00000H _OVERLAY_          OVRINFO
 02690H 02690H 00000H _1STUB_            STUBSEG
 02690H 02A8FH 00400H _DATA              DATA
 02A90H 02A91H 00002H _CVTSEG            DATA
 02A92H 02A97H 00006H _SCNSEG            DATA
 02A98H 02A98H 00000H _CONST             CONST
 02A98H 02AA3H 0000CH _INIT_             INITDATA
 02AA4H 02AA4H 00000H _INITEND_          INITDATA
 02AA4H 02AA4H 00000H _EXIT_             EXITDATA
 02AA4H 02AA4H 00000H _EXITEND_          EXITDATA
 02AB0H 02B2FH 00080H _STACK             STACK


Detailed map of segments

 0000:0000 0257 C=CODE   S=_TEXT          G=(none)  M=c0.ASM     ACBP=28
 0000:0257 0034 C=CODE   S=_TEXT          G=(none)  M=ATEXIT     ACBP=28
 0000:028B 00D0 C=CODE   S=_TEXT          G=(none)  M=EXIT       ACBP=28
 0000:035B 0000 C=CODE   S=_TEXT          G=(none)  M=FILES      ACBP=28
 0000:035B 0000 C=CODE   S=_TEXT          G=(none)  M=FILES2     ACBP=28
 0000:035B 0021 C=CODE   S=_TEXT          G=(none)  M=H_LLSH     ACBP=28
 0000:037C 0060 C=CODE   S=_TEXT          G=(none)  M=H_PADD     ACBP=28
 0000:03DC 005F C=CODE   S=_TEXT          G=(none)  M=IOERROR    ACBP=28
 0000:043B 0018 C=CODE   S=_TEXT          G=(none)  M=ISATTY     ACBP=28
 0000:0453 00B0 C=CODE   S=_TEXT          G=(none)  M=LONGTOA    ACBP=28
 0000:0503 0036 C=CODE   S=_TEXT          G=(none)  M=LSEEK      ACBP=28
 0000:0539 0021 C=CODE   S=_TEXT          G=(none)  M=N_PCMP     ACBP=28
 0000:055A 00FB C=CODE   S=_TEXT          G=(none)  M=SETUPIO    ACBP=28
 0000:0655 0000 C=CODE   S=_TEXT          G=(none)  M=STKLEN     ACBP=28
 0000:0655 001F C=CODE   S=_TEXT          G=(none)  M=TELL       ACBP=28
 0000:0674 04CB C=CODE   S=_TEXT          G=(none)  M=VPRINTER   ACBP=28
 0000:0B3F 00C5 C=CODE   S=_TEXT          G=(none)  M=VRAM       ACBP=28
 0000:0C04 0000 C=CODE   S=_TEXT          G=(none)  M=WSCROLL    ACBP=28
 0000:0C04 01B3 C=CODE   S=_TEXT          G=(none)  M=CPRINTF    ACBP=28
 0000:0DB7 01DC C=CODE   S=_TEXT          G=(none)  M=CRTINIT    ACBP=28
 0000:0F93 0024 C=CODE   S=_TEXT          G=(none)  M=CVTFAK     ACBP=28
 0000:0FB7 0432 C=CODE   S=_TEXT          G=(none)  M=FARHEAP    ACBP=28
 0000:13E9 01BF C=CODE   S=_TEXT          G=(none)  M=FBRK       ACBP=28
 0000:15A8 00B0 C=CODE   S=_TEXT          G=(none)  M=GETPASS    ACBP=28
 0000:1658 00A7 C=CODE   S=_TEXT          G=(none)  M=GPTEXT     ACBP=28
 0000:16FF 00A4 C=CODE   S=_TEXT          G=(none)  M=MOVETEXT   ACBP=28
 0000:17A3 000A C=CODE   S=_TEXT          G=(none)  M=REALCVT    ACBP=28
 0000:17AD 020C C=CODE   S=_TEXT          G=(none)  M=SCREEN     ACBP=28
 0000:19B9 01B4 C=CODE   S=_TEXT          G=(none)  M=SCROLL     ACBP=28
 0000:1B6D 0023 C=CODE   S=_TEXT          G=(none)  M=SETBLOCK   ACBP=28
 0000:1B90 0024 C=CODE   S=_TEXT          G=(none)  M=STACK      ACBP=28
 0000:1BB4 004D C=CODE   S=_TEXT          G=(none)  M=WHEREXY    ACBP=28
 0000:1C01 0017 C=CODE   S=_TEXT          G=(none)  M=BDOS       ACBP=28
 0000:1C18 00D4 C=CODE   S=_TEXT          G=(none)  M=FFLUSH     ACBP=28
 0000:1CEC 0051 C=CODE   S=_TEXT          G=(none)  M=FLUSHALL   ACBP=28
 0000:1D3D 0023 C=CODE   S=_TEXT          G=(none)  M=FPRINTF    ACBP=28
 0000:1D60 016F C=CODE   S=_TEXT          G=(none)  M=FSEEK      ACBP=28
 0000:1ECF 0027 C=CODE   S=_TEXT          G=(none)  M=MEMCPY     ACBP=28
 0000:1EF6 03F3 C=CODE   S=_TEXT          G=(none)  M=PUTC       ACBP=28
 0000:22E9 0129 C=CODE   S=_TEXT          G=(none)  M=SETVBUF    ACBP=28
 0000:2412 016E C=CODE   S=_TEXT          G=(none)  M=WRITE      ACBP=28
 0000:2580 004F C=CODE   S=_TEXT          G=(none)  M=WRITEA     ACBP=28
 0000:25CF 0041 C=CODE   S=_TEXT          G=(none)  M=XFFLUSH    ACBP=28
 0261:0000 004A C=CODE   S=NONAME01_TEXT  G=(none)  M=NONAME01.CPP ACBP=28
 0266:0000 0000 C=FAR_DATA S=_FARDATA       G=(none)  M=c0.ASM     ACBP=68
 0266:0000 0028 C=FAR_DATA S=NONAME01_DATA  G=(none)  M=NONAME01.CPP ACBP=48
 0269:0000 0000 C=FAR_BSS S=_FARBSS        G=(none)  M=c0.ASM     ACBP=68
 0269:0000 0000 C=OVRINFO S=_OVERLAY_      G=(none)  M=c0.ASM     ACBP=68
 0269:0000 0000 C=STUBSEG S=_1STUB_        G=(none)  M=c0.ASM     ACBP=68
 0269:0000 0091 C=DATA   S=_DATA          G=DGROUP  M=c0.ASM     ACBP=68
 0269:0092 0082 C=DATA   S=_DATA          G=DGROUP  M=ATEXIT     ACBP=48
 0269:0114 000C C=DATA   S=_DATA          G=DGROUP  M=EXIT       ACBP=48
 0269:0120 0190 C=DATA   S=_DATA          G=DGROUP  M=FILES      ACBP=48
 0269:02B0 002A C=DATA   S=_DATA          G=DGROUP  M=FILES2     ACBP=48
 0269:02DA 0000 C=DATA   S=_DATA          G=DGROUP  M=H_LLSH     ACBP=48
 0269:02DA 0000 C=DATA   S=_DATA          G=DGROUP  M=H_PADD     ACBP=48
 0269:02DA 005B C=DATA   S=_DATA          G=DGROUP  M=IOERROR    ACBP=48
 0269:0336 0000 C=DATA   S=_DATA          G=DGROUP  M=ISATTY     ACBP=48
 0269:0336 0000 C=DATA   S=_DATA          G=DGROUP  M=LONGTOA    ACBP=48
 0269:0336 0000 C=DATA   S=_DATA          G=DGROUP  M=LSEEK      ACBP=48
 0269:0336 0000 C=DATA   S=_DATA          G=DGROUP  M=N_PCMP     ACBP=48
 0269:0336 0000 C=DATA   S=_DATA          G=DGROUP  M=SETUPIO    ACBP=48
 0269:0336 0002 C=DATA   S=_DATA          G=DGROUP  M=STKLEN     ACBP=48
 0269:0338 0000 C=DATA   S=_DATA          G=DGROUP  M=TELL       ACBP=48
 0269:0338 0067 C=DATA   S=_DATA          G=DGROUP  M=VPRINTER   ACBP=48
 0269:03A0 0000 C=DATA   S=_DATA          G=DGROUP  M=VRAM       ACBP=48
 0269:03A0 0002 C=DATA   S=_DATA          G=DGROUP  M=WSCROLL    ACBP=48
 0269:03A2 0000 C=DATA   S=_DATA          G=DGROUP  M=CPRINTF    ACBP=48
 0269:03A2 0018 C=DATA   S=_DATA          G=DGROUP  M=CRTINIT    ACBP=48
 0269:03BA 0031 C=DATA   S=_DATA          G=DGROUP  M=CVTFAK     ACBP=48
 0269:03EC 0000 C=DATA   S=_DATA          G=DGROUP  M=FARHEAP    ACBP=48
 0269:03EC 0002 C=DATA   S=_DATA          G=DGROUP  M=FBRK       ACBP=48
 0269:03EE 000C C=DATA   S=_DATA          G=DGROUP  M=GETPASS    ACBP=48
 0269:03FA 0000 C=DATA   S=_DATA          G=DGROUP  M=GPTEXT     ACBP=48
 0269:03FA 0000 C=DATA   S=_DATA          G=DGROUP  M=MOVETEXT   ACBP=48
 0269:03FA 0000 C=DATA   S=_DATA          G=DGROUP  M=REALCVT    ACBP=48
 0269:03FA 0000 C=DATA   S=_DATA          G=DGROUP  M=SCREEN     ACBP=48
 0269:03FA 0000 C=DATA   S=_DATA          G=DGROUP  M=SCROLL     ACBP=48
 0269:03FA 0000 C=DATA   S=_DATA          G=DGROUP  M=SETBLOCK   ACBP=48
 0269:03FA 0000 C=DATA   S=_DATA          G=DGROUP  M=STACK      ACBP=48
 0269:03FA 0000 C=DATA   S=_DATA          G=DGROUP  M=WHEREXY    ACBP=48
 0269:03FA 0000 C=DATA   S=_DATA          G=DGROUP  M=BDOS       ACBP=48
 0269:03FA 0000 C=DATA   S=_DATA          G=DGROUP  M=FFLUSH     ACBP=48
 0269:03FA 0000 C=DATA   S=_DATA          G=DGROUP  M=FLUSHALL   ACBP=48
 0269:03FA 0000 C=DATA   S=_DATA          G=DGROUP  M=FPRINTF    ACBP=48
 0269:03FA 0000 C=DATA   S=_DATA          G=DGROUP  M=FSEEK      ACBP=48
 0269:03FA 0000 C=DATA   S=_DATA          G=DGROUP  M=MEMCPY     ACBP=48
 0269:03FA 0002 C=DATA   S=_DATA          G=DGROUP  M=PUTC       ACBP=48
 0269:03FC 0004 C=DATA   S=_DATA          G=DGROUP  M=SETVBUF    ACBP=48
 0269:0400 0000 C=DATA   S=_DATA          G=DGROUP  M=WRITE      ACBP=48
 0269:0400 0000 C=DATA   S=_DATA          G=DGROUP  M=WRITEA     ACBP=48
 0269:0400 0000 C=DATA   S=_DATA          G=DGROUP  M=XFFLUSH    ACBP=48
 0269:0400 0000 C=DATA   S=_CVTSEG        G=DGROUP  M=c0.ASM     ACBP=48
 0269:0400 0002 C=DATA   S=_CVTSEG        G=DGROUP  M=CVTFAK     ACBP=48
 0269:0402 0000 C=DATA   S=_CVTSEG        G=DGROUP  M=REALCVT    ACBP=48
 0269:0402 0000 C=DATA   S=_SCNSEG        G=DGROUP  M=c0.ASM     ACBP=48
 0269:0402 0006 C=DATA   S=_SCNSEG        G=DGROUP  M=CVTFAK     ACBP=48
 0269:0408 0000 C=CONST  S=_CONST         G=DGROUP  M=c0.ASM     ACBP=48
 0269:0408 0000 C=INITDATA S=_INIT_         G=DGROUP  M=c0.ASM     ACBP=48
 0269:0408 0006 C=INITDATA S=_INIT_         G=DGROUP  M=SETUPIO    ACBP=48
 0269:040E 0006 C=INITDATA S=_INIT_         G=DGROUP  M=CRTINIT    ACBP=48
 0269:0414 0000 C=INITDATA S=_INITEND_      G=DGROUP  M=c0.ASM     ACBP=28
 0269:0414 0000 C=EXITDATA S=_EXIT_         G=DGROUP  M=c0.ASM     ACBP=48
 0269:0414 0000 C=EXITDATA S=_EXITEND_      G=DGROUP  M=c0.ASM     ACBP=28
 02AB:0000 0080 C=STACK  S=_STACK         G=(none)  M=c0.ASM     ACBP=74

  Address         Publics by Name

 0269:0000 idle  DATASEG@
 0000:0253       DGROUP@
 0000:035E idle  F_LXLSH@
 0000:1BA2       F_OVERFLOW@
 0000:037F idle  F_PADD@
 0000:03AE idle  F_PSUB@
 0000:035E idle  LXLSH@
 0000:035B       N_LXLSH@
 0000:1BA2 idle  N_OVERFLOW@
 0000:037C       N_PADD@
 0000:0539       N_PCMP@
 0000:03AB idle  N_PSUB@
 0000:1BA2 idle  OVERFLOW@
 0000:037F idle  PADD@
 0000:03AE idle  PSUB@
 0000:023C       _abort
 0000:0257 idle  _atexit
 0000:1C01       _bdos
 0000:0D96       _cprintf
 0269:03B1       _directvideo
 0269:007F       _errno
 0000:0304       _exit
 0000:10F7 idle  _farfree
 0000:120B idle  _farmalloc
 0000:136F idle  _farrealloc
 0000:1C18       _fflush
 0000:1CEC       _flushall
 0000:1D3D       _fprintf
 0000:1F19 idle  _fputc
 0000:20B9 idle  _fputchar
 0000:10F7       _free
 0000:1DE9       _fseek
 0000:1E70 idle  _ftell
 0000:15C3       _getpass
 0000:1658       _gettext
 0000:043B       _isatty
 0000:0503       _lseek
 0261:0000       _main
 0000:1201       _malloc
 0000:1ECF       _memcpy
 0000:16FF       _movetext
 0000:16B5       _puttext
 0000:1368 idle  _realloc
 0000:1B6D       _setblock
 0000:22E9       _setvbuf
 0000:0655       _tell
 0000:1BC5 idle  _wherex
 0000:1BE1 idle  _wherey
 0000:1000 idle  __AHINCR
 0000:000C idle  __AHSHIFT
 0269:0092       __atexitcnt
 0269:0094       __atexittbl
 0000:1498       __brk
 0269:0089       __brklvl
 0269:006B idle  __C0argc
 0269:006D idle  __C0argv
 0000:0E8D idle  __c0crtinit
 0269:0071 idle  __C0environ
 0000:0333 idle  __cexit
 0000:0155       __checknull
 0000:0142       __cleanup
 0000:0C04 idle  __CPUTN
 0000:0EB1 idle  __crtinit
 0000:0000  Abs  __cvtfak
 0000:0348 idle  __c_exit
 0269:02DA idle  __doserrno
 0000:0422 idle  __DOSERROR
 0269:02DC idle  __dosErrorToSV
 0269:0075 idle  __envLng
 0269:0077 idle  __envseg
 0269:0079 idle  __envSize
 0000:031A       __exit
 0269:0114       __exitbuf
 0269:0118 idle  __exitfopen
 0269:011C idle  __exitopen
 0000:1EF6 idle  __fputc
 0000:20D7       __FPUTN
 0269:0085       __heapbase
 0269:008D       __heaptop
 0269:005B idle  __Int0Vector
 0269:005F idle  __Int4Vector
 0269:0063 idle  __Int5Vector
 0269:0067 idle  __Int6Vector
 0000:03DC       __IOERROR
 0000:0453       __LONGTOA
 0000:0255 idle  __MMODEL
 0269:02B0       __nfile
 0269:02B2       __openfd
 0269:007D idle  __osmajor
 0269:007E idle  __osminor
 0269:007D idle  __osversion
 0269:007B       __psp
 0000:17A3       __REALCVT
 0269:0400       __RealCvtVector
 0000:01AB       __restorezero
 0000:14EA       __sbrk
 0269:0402 idle  __ScanTodVector
 0000:1914       __SCREENIO
 0000:19E8       __SCROLL
 0000:055A       __setupio
 0269:0081 idle  __StartTime
 0269:0336       __stklen
 0269:0120       __streams
 0000:0156       __terminate
 0000:0000 idle  __turboCrt
 0000:04DC idle  __UTOA
 0000:1963       __VALIDATEXY
 0269:007D idle  __version
 0269:03A2       __video
 0000:0E00       __VideoInt
 0000:068C       __VPRINTER
 0000:0B3F       __VPTR
 0000:0B7D       __VRAM
 0000:1BB4       __wherexy
 0000:2580       __write
 0269:03A0       __wscroll
 0000:25CF       __xfflush
 0000:0FB7 idle  ___first
 0000:0FB9 idle  ___last
 0000:0FBB idle  ___rover
 0000:2412       ___write

  Address         Publics by Value

 0000:0000 idle  __turboCrt
 0000:0000  Abs  __cvtfak
 0000:000C idle  __AHSHIFT
 0000:1000 idle  __AHINCR
 0000:0142       __cleanup
 0000:0155       __checknull
 0000:0156       __terminate
 0000:01AB       __restorezero
 0000:023C       _abort
 0000:0253       DGROUP@
 0000:0255 idle  __MMODEL
 0000:0257 idle  _atexit
 0000:0304       _exit
 0000:031A       __exit
 0000:0333 idle  __cexit
 0000:0348 idle  __c_exit
 0000:035B       N_LXLSH@
 0000:035E idle  LXLSH@
 0000:035E idle  F_LXLSH@
 0000:037C       N_PADD@
 0000:037F idle  F_PADD@
 0000:037F idle  PADD@
 0000:03AB idle  N_PSUB@
 0000:03AE idle  F_PSUB@
 0000:03AE idle  PSUB@
 0000:03DC       __IOERROR
 0000:0422 idle  __DOSERROR
 0000:043B       _isatty
 0000:0453       __LONGTOA
 0000:04DC idle  __UTOA
 0000:0503       _lseek
 0000:0539       N_PCMP@
 0000:055A       __setupio
 0000:0655       _tell
 0000:068C       __VPRINTER
 0000:0B3F       __VPTR
 0000:0B7D       __VRAM
 0000:0C04 idle  __CPUTN
 0000:0D96       _cprintf
 0000:0E00       __VideoInt
 0000:0E8D idle  __c0crtinit
 0000:0EB1 idle  __crtinit
 0000:0FB7 idle  ___first
 0000:0FB9 idle  ___last
 0000:0FBB idle  ___rover
 0000:10F7       _free
 0000:10F7 idle  _farfree
 0000:1201       _malloc
 0000:120B idle  _farmalloc
 0000:1368 idle  _realloc
 0000:136F idle  _farrealloc
 0000:1498       __brk
 0000:14EA       __sbrk
 0000:15C3       _getpass
 0000:1658       _gettext
 0000:16B5       _puttext
 0000:16FF       _movetext
 0000:17A3       __REALCVT
 0000:1914       __SCREENIO
 0000:1963       __VALIDATEXY
 0000:19E8       __SCROLL
 0000:1B6D       _setblock
 0000:1BA2       F_OVERFLOW@
 0000:1BA2 idle  N_OVERFLOW@
 0000:1BA2 idle  OVERFLOW@
 0000:1BB4       __wherexy
 0000:1BC5 idle  _wherex
 0000:1BE1 idle  _wherey
 0000:1C01       _bdos
 0000:1C18       _fflush
 0000:1CEC       _flushall
 0000:1D3D       _fprintf
 0000:1DE9       _fseek
 0000:1E70 idle  _ftell
 0000:1ECF       _memcpy
 0000:1EF6 idle  __fputc
 0000:1F19 idle  _fputc
 0000:20B9 idle  _fputchar
 0000:20D7       __FPUTN
 0000:22E9       _setvbuf
 0000:2412       ___write
 0000:2580       __write
 0000:25CF       __xfflush
 0261:0000       _main
 0269:0000 idle  DATASEG@
 0269:005B idle  __Int0Vector
 0269:005F idle  __Int4Vector
 0269:0063 idle  __Int5Vector
 0269:0067 idle  __Int6Vector
 0269:006B idle  __C0argc
 0269:006D idle  __C0argv
 0269:0071 idle  __C0environ
 0269:0075 idle  __envLng
 0269:0077 idle  __envseg
 0269:0079 idle  __envSize
 0269:007B       __psp
 0269:007D idle  __osversion
 0269:007D idle  __osmajor
 0269:007D idle  __version
 0269:007E idle  __osminor
 0269:007F       _errno
 0269:0081 idle  __StartTime
 0269:0085       __heapbase
 0269:0089       __brklvl
 0269:008D       __heaptop
 0269:0092       __atexitcnt
 0269:0094       __atexittbl
 0269:0114       __exitbuf
 0269:0118 idle  __exitfopen
 0269:011C idle  __exitopen
 0269:0120       __streams
 0269:02B0       __nfile
 0269:02B2       __openfd
 0269:02DA idle  __doserrno
 0269:02DC idle  __dosErrorToSV
 0269:0336       __stklen
 0269:03A0       __wscroll
 0269:03A2       __video
 0269:03B1       _directvideo
 0269:0400       __RealCvtVector
 0269:0402 idle  __ScanTodVector

Line numbers for NONAME01.OBJ(NONAME01.CPP) segment NONAME01_TEXT

     3 0261:0000     8 0261:001D     9 0261:0030    10 0261:0043
    11 0261:0045
Program entry point at 0000:0000

