
 Start  Stop   Length Name               Class

 00000H 0A94DH 0A94EH _TEXT              CODE
 0A94EH 1544CH 0AAFFH SIMU_TEXT          CODE
 1544DH 15D34H 008E8H _OVRTEXT_          CODE
 15D40H 19999H 03C5AH _BGI_TEXT          CODE
 199A0H 19F67H 005C8H E87_PROG           CODE
 19F70H 19F70H 00000H _FARDATA           FAR_DATA
 19F70H 1AFA4H 01035H SIMU_DATA          FAR_DATA
 1AFB0H 1CD3CH 01D8DH SIMU5_DATA         FAR_DATA
 1CD40H 1CE07H 000C8H SIMU6_DATA         FAR_DATA
 1CE08H 1CE08H 00000H ATOF_DATA          FAR_DATA
 1CE08H 1CE2BH 00024H HUGEVAL_DATA       FAR_DATA
 1CE2CH 1CE2CH 00000H LDTRUNC_DATA       FAR_DATA
 1CE2CH 1CE6EH 00043H MATHWHY_DATA       FAR_DATA
 1CE70H 1CE70H 00000H REALCVT_DATA       FAR_DATA
 1CE70H 1CE87H 00018H SCANTOD_DATA       FAR_DATA
 1CE88H 1CE88H 00000H STRTOD_DATA        FAR_DATA
 1CE88H 1CE88H 00000H XCVT_DATA          FAR_DATA
 1CE88H 1CF21H 0009AH FPERR_DATA         FAR_DATA
 1CF22H 1CF22H 00000H FPRESET_DATA       FAR_DATA
 1CF22H 1CFA1H 00080H _POW10_DATA        FAR_DATA
 1CFA2H 1CFA2H 00000H POW10D_DATA        FAR_DATA
 1CFA2H 1CFA2H 00000H MATHERR_DATA       FAR_DATA
 1CFA2H 1CFAEH 0000DH SQRT_DATA          FAR_DATA
 1CFB0H 1CFBFH 00010H POW_DATA           FAR_DATA
 1CFC0H 1CFCBH 0000CH SIN_DATA           FAR_DATA
 1CFCCH 1CFD9H 0000EH _MATHERR_DATA      FAR_DATA
 1CFDAH 1CFE5H 0000CH COS_DATA           FAR_DATA
 1CFE6H 1CFF7H 00012H ACOSASIN_DATA      FAR_DATA
 1D000H 1D001H 00002H FSBDTR5_DATA       FAR_DATA
 1D010H 1D025H 00016H STDTR5_DATA        FAR_DATA
 1D030H 1D030H 00000H _FARBSS            FAR_BSS
 1D030H 1D030H 00000H _OVERLAY_          OVRINFO
 1D030H 1D0CBH 0009CH _OVRDATA_          OVRINFO
 1D0D0H 1D0EDH 0001EH _STUB_             OVRINFO
 1D0F0H 1D0F0H 00000H _EXTSEG_           OVRINFO
 1D0F0H 1D0F0H 00000H _EMSSEG_           OVRINFO
 1D0F0H 1D0F0H 00000H _VDISKSEG_         OVRINFO
 1D0F0H 1D287H 00198H _EXEINFO_          OVRINFO
 1D290H 1D290H 00000H _1STUB_            STUBSEG
 1D290H 1E10BH 00E7CH _DATA              DATA
 1E10CH 1E10FH 00004H _CVTSEG            DATA
 1E110H 1E11BH 0000CH _SCNSEG            DATA
 1E11CH 1E11CH 00000H GRAPH              DATA
 1E11CH 1E11CH 00000H _CONST             CONST
 1E11CH 1E14BH 00030H _INIT_             INITDATA
 1E14CH 1E14CH 00000H _INITEND_          INITDATA
 1E14CH 1E163H 00018H _EXIT_             EXITDATA
 1E164H 1E164H 00000H _EXITEND_          EXITDATA
 1E170H 1E27FH 00110H _STACK             STACK


Detailed map of segments

 0000:0000 0257 C=CODE   S=_TEXT          G=(none)  M=c0.ASM     ACBP=28
 0000:0257 0000 C=CODE   S=_TEXT          G=(none)  M=OVRMAN     ACBP=28
 0000:0257 0034 C=CODE   S=_TEXT          G=(none)  M=OVRHALT    ACBP=28
 0000:028B 0000 C=CODE   S=_TEXT          G=(none)  M=OVRDATA    ACBP=28
 0000:028B 0001 C=CODE   S=_TEXT          G=(none)  M=OVRHP      ACBP=28
 0000:028C 00B7 C=CODE   S=_TEXT          G=(none)  M=SETJMP     ACBP=28
 0000:0343 020E C=CODE   S=_TEXT          G=(none)  M=FP87INIT   ACBP=28
 0000:0551 0000 C=CODE   S=_TEXT          G=(none)  M=E87TRAP    ACBP=28
 0000:0551 0000 C=CODE   S=_TEXT          G=(none)  M=PROTFLAG   ACBP=28
 0000:0551 0000 C=CODE   S=_TEXT          G=(none)  M=DEFLT87    ACBP=28
 0000:0551 001E C=CODE   S=_TEXT          G=(none)  M=ATOF       ACBP=28
 0000:056F 0000 C=CODE   S=_TEXT          G=(none)  M=HUGEVAL    ACBP=28
 0000:056F 00A7 C=CODE   S=_TEXT          G=(none)  M=LDTRUNC    ACBP=28
 0000:0616 0000 C=CODE   S=_TEXT          G=(none)  M=MATHWHY    ACBP=28
 0000:0616 01D2 C=CODE   S=_TEXT          G=(none)  M=REALCVT    ACBP=28
 0000:07E8 03BD C=CODE   S=_TEXT          G=(none)  M=SCANTOD    ACBP=28
 0000:0BA5 00FA C=CODE   S=_TEXT          G=(none)  M=STRTOD     ACBP=28
 0000:0C9F 020F C=CODE   S=_TEXT          G=(none)  M=XCVT       ACBP=28
 0000:0EAE 00D2 C=CODE   S=_TEXT          G=(none)  M=FPERR      ACBP=28
 0000:0F80 000F C=CODE   S=_TEXT          G=(none)  M=FPRESET    ACBP=28
 0000:0F8F 00D5 C=CODE   S=_TEXT          G=(none)  M=_POW10     ACBP=28
 0000:1064 0012 C=CODE   S=_TEXT          G=(none)  M=POW10D     ACBP=28
 0000:1076 0031 C=CODE   S=_TEXT          G=(none)  M=MATHERR    ACBP=28
 0000:10A7 0049 C=CODE   S=_TEXT          G=(none)  M=SQRT       ACBP=28
 0000:10F0 0214 C=CODE   S=_TEXT          G=(none)  M=POW        ACBP=28
 0000:1304 005D C=CODE   S=_TEXT          G=(none)  M=SIN        ACBP=28
 0000:1361 00C0 C=CODE   S=_TEXT          G=(none)  M=_MATHERR   ACBP=28
 0000:1421 005D C=CODE   S=_TEXT          G=(none)  M=COS        ACBP=28
 0000:147E 0154 C=CODE   S=_TEXT          G=(none)  M=ACOSASIN   ACBP=28
 0000:15D2 002C C=CODE   S=_TEXT          G=(none)  M=FFTOL      ACBP=28
 0000:15FE 002C C=CODE   S=_TEXT          G=(none)  M=NFTOL      ACBP=28
 0000:162A 0034 C=CODE   S=_TEXT          G=(none)  M=ATEXIT     ACBP=28
 0000:165E 0000 C=CODE   S=_TEXT          G=(none)  M=CTYPE      ACBP=28
 0000:165E 0019 C=CODE   S=_TEXT          G=(none)  M=DEL        ACBP=28
 0000:1677 004B C=CODE   S=_TEXT          G=(none)  M=DOSFATTR   ACBP=28
 0000:16C2 006E C=CODE   S=_TEXT          G=(none)  M=DOSFIND    ACBP=28
 0000:1730 0044 C=CODE   S=_TEXT          G=(none)  M=DOSGDATE   ACBP=28
 0000:1774 00D0 C=CODE   S=_TEXT          G=(none)  M=EXIT       ACBP=28
 0000:1844 0000 C=CODE   S=_TEXT          G=(none)  M=FILES      ACBP=28
 0000:1844 0000 C=CODE   S=_TEXT          G=(none)  M=FILES2     ACBP=28
 0000:1844 0000 C=CODE   S=_TEXT          G=(none)  M=FMODE      ACBP=28
 0000:1844 0000 C=CODE   S=_TEXT          G=(none)  M=FPSTKLEN   ACBP=28
 0000:1844 0017 C=CODE   S=_TEXT          G=(none)  M=F_LXMUL    ACBP=28
 0000:185B 001C C=CODE   S=_TEXT          G=(none)  M=F_SCOPY    ACBP=28
 0000:1877 002E C=CODE   S=_TEXT          G=(none)  M=GETVECT    ACBP=28
 0000:18A5 00AE C=CODE   S=_TEXT          G=(none)  M=H_LDIV     ACBP=28
 0000:1953 0021 C=CODE   S=_TEXT          G=(none)  M=H_LLSH     ACBP=28
 0000:1974 0020 C=CODE   S=_TEXT          G=(none)  M=H_LRSH     ACBP=28
 0000:1994 0088 C=CODE   S=_TEXT          G=(none)  M=H_PADA     ACBP=28
 0000:1A1C 0060 C=CODE   S=_TEXT          G=(none)  M=H_PADD     ACBP=28
 0000:1A7C 0027 C=CODE   S=_TEXT          G=(none)  M=H_SPUSH    ACBP=28
 0000:1AA3 005F C=CODE   S=_TEXT          G=(none)  M=IOERROR    ACBP=28
 0000:1B02 0018 C=CODE   S=_TEXT          G=(none)  M=ISATTY     ACBP=28
 0000:1B1A 00B0 C=CODE   S=_TEXT          G=(none)  M=LONGTOA    ACBP=28
 0000:1BCA 0036 C=CODE   S=_TEXT          G=(none)  M=LSEEK      ACBP=28
 0000:1C00 00C2 C=CODE   S=_TEXT          G=(none)  M=MKNAME     ACBP=28
 0000:1CC2 007A C=CODE   S=_TEXT          G=(none)  M=NEW        ACBP=28
 0000:1D3C 0065 C=CODE   S=_TEXT          G=(none)  M=NEWF       ACBP=28
 0000:1DA1 0017 C=CODE   S=_TEXT          G=(none)  M=N_LXMUL    ACBP=28
 0000:1DB8 0021 C=CODE   S=_TEXT          G=(none)  M=N_PCMP     ACBP=28
 0000:1DD9 003C C=CODE   S=_TEXT          G=(none)  M=READA      ACBP=28
 0000:1E15 050D C=CODE   S=_TEXT          G=(none)  M=SCANNER    ACBP=28
 0000:2322 01E0 C=CODE   S=_TEXT          G=(none)  M=SCANTOL    ACBP=28
 0000:2502 002A C=CODE   S=_TEXT          G=(none)  M=SEGREAD    ACBP=28
 0000:252C 00FB C=CODE   S=_TEXT          G=(none)  M=SETUPIO    ACBP=28
 0000:2627 0000 C=CODE   S=_TEXT          G=(none)  M=SIGDATA    ACBP=28
 0000:2627 0000 C=CODE   S=_TEXT          G=(none)  M=STKLEN     ACBP=28
 0000:2627 001F C=CODE   S=_TEXT          G=(none)  M=TELL       ACBP=28
 0000:2646 001F C=CODE   S=_TEXT          G=(none)  M=UNLINK     ACBP=28
 0000:2665 019C C=CODE   S=_TEXT          G=(none)  M=VDELF      ACBP=28
 0000:2801 01F1 C=CODE   S=_TEXT          G=(none)  M=VNEWF      ACBP=28
 0000:29F2 04CB C=CODE   S=_TEXT          G=(none)  M=VPRINTER   ACBP=28
 0000:2EBD 00C5 C=CODE   S=_TEXT          G=(none)  M=VRAM       ACBP=28
 0000:2F82 0000 C=CODE   S=_TEXT          G=(none)  M=WSCROLL    ACBP=28
 0000:2F82 003B C=CODE   S=_TEXT          G=(none)  M=_STPCPY    ACBP=28
 0000:2FBD 00AD C=CODE   S=_TEXT          G=(none)  M=COLOR      ACBP=28
 0000:306A 01B3 C=CODE   S=_TEXT          G=(none)  M=CPRINTF    ACBP=28
 0000:321D 01DC C=CODE   S=_TEXT          G=(none)  M=CRTINIT    ACBP=28
 0000:33F9 0024 C=CODE   S=_TEXT          G=(none)  M=CVTFAK     ACBP=28
 0000:341D 00B9 C=CODE   S=_TEXT          G=(none)  M=DELAY      ACBP=28
 0000:34D6 0432 C=CODE   S=_TEXT          G=(none)  M=FARHEAP    ACBP=28
 0000:3908 01BF C=CODE   S=_TEXT          G=(none)  M=FBRK       ACBP=28
 0000:3AC7 0098 C=CODE   S=_TEXT          G=(none)  M=GETCH      ACBP=28
 0000:3B5F 0015 C=CODE   S=_TEXT          G=(none)  M=GEXIT      ACBP=28
 0000:3B74 0019 C=CODE   S=_TEXT          G=(none)  M=GFREEMEM   ACBP=28
 0000:3B8D 0015 C=CODE   S=_TEXT          G=(none)  M=GGETMEM    ACBP=28
 0000:3BA2 006F C=CODE   S=_TEXT          G=(none)  M=GOTOXY     ACBP=28
 0000:3C11 00A7 C=CODE   S=_TEXT          G=(none)  M=GPTEXT     ACBP=28
 0000:3CB8 00D8 C=CODE   S=_TEXT          G=(none)  M=INT86      ACBP=28
 0000:3D90 0030 C=CODE   S=_TEXT          G=(none)  M=IOCTL      ACBP=28
 0000:3DC0 0019 C=CODE   S=_TEXT          G=(none)  M=KBHIT      ACBP=28
 0000:3DD9 00A4 C=CODE   S=_TEXT          G=(none)  M=MOVETEXT   ACBP=28
 0000:3E7D 001C C=CODE   S=_TEXT          G=(none)  M=PUTCH      ACBP=28
 0000:3E99 000A C=CODE   S=_TEXT          G=(none)  M=REALCVT    ACBP=28
 0000:3EA3 001E C=CODE   S=_TEXT          G=(none)  M=SCANTOD    ACBP=28
 0000:3EC1 020C C=CODE   S=_TEXT          G=(none)  M=SCREEN     ACBP=28
 0000:40CD 01B4 C=CODE   S=_TEXT          G=(none)  M=SCROLL     ACBP=28
 0000:4281 0023 C=CODE   S=_TEXT          G=(none)  M=SETBLOCK   ACBP=28
 0000:42A4 0058 C=CODE   S=_TEXT          G=(none)  M=SETENVP    ACBP=28
 0000:42FC 0453 C=CODE   S=_TEXT          G=(none)  M=SIGNAL     ACBP=28
 0000:474F 0024 C=CODE   S=_TEXT          G=(none)  M=STACK      ACBP=28
 0000:4773 0038 C=CODE   S=_TEXT          G=(none)  M=TEXTMODE   ACBP=28
 0000:47AB 004D C=CODE   S=_TEXT          G=(none)  M=WHEREXY    ACBP=28
 0000:47F8 0024 C=CODE   S=_TEXT          G=(none)  M=CHMODA     ACBP=28
 0000:481C 003B C=CODE   S=_TEXT          G=(none)  M=CLOSE      ACBP=28
 0000:4857 002B C=CODE   S=_TEXT          G=(none)  M=CLOSEA     ACBP=28
 0000:4882 0089 C=CODE   S=_TEXT          G=(none)  M=EOF        ACBP=28
 0000:490B 00B2 C=CODE   S=_TEXT          G=(none)  M=FCLOSE     ACBP=28
 0000:49BD 00D4 C=CODE   S=_TEXT          G=(none)  M=FFLUSH     ACBP=28
 0000:4A91 0051 C=CODE   S=_TEXT          G=(none)  M=FLUSHALL   ACBP=28
 0000:4AE2 023C C=CODE   S=_TEXT          G=(none)  M=FOPEN      ACBP=28
 0000:4D1E 0023 C=CODE   S=_TEXT          G=(none)  M=FPRINTF    ACBP=28
 0000:4D41 004F C=CODE   S=_TEXT          G=(none)  M=FPUTS      ACBP=28
 0000:4D90 0190 C=CODE   S=_TEXT          G=(none)  M=FREAD      ACBP=28
 0000:4F20 002B C=CODE   S=_TEXT          G=(none)  M=FSCANF     ACBP=28
 0000:4F4B 016F C=CODE   S=_TEXT          G=(none)  M=FSEEK      ACBP=28
 0000:50BA 01F0 C=CODE   S=_TEXT          G=(none)  M=GETC       ACBP=28
 0000:52AA 0027 C=CODE   S=_TEXT          G=(none)  M=MEMCPY     ACBP=28
 0000:52D1 01CC C=CODE   S=_TEXT          G=(none)  M=OPEN       ACBP=28
 0000:549D 005C C=CODE   S=_TEXT          G=(none)  M=OPENA      ACBP=28
 0000:54F9 0025 C=CODE   S=_TEXT          G=(none)  M=PRINTF     ACBP=28
 0000:551E 03F3 C=CODE   S=_TEXT          G=(none)  M=PUTC       ACBP=28
 0000:5911 00EF C=CODE   S=_TEXT          G=(none)  M=READ       ACBP=28
 0000:5A00 0003 C=CODE   S=_TEXT          G=(none)  M=READU      ACBP=28
 0000:5A03 002B C=CODE   S=_TEXT          G=(none)  M=REWIND     ACBP=28
 0000:5A2E 002D C=CODE   S=_TEXT          G=(none)  M=SCANF      ACBP=28
 0000:5A5B 0129 C=CODE   S=_TEXT          G=(none)  M=SETVBUF    ACBP=28
 0000:5B84 0098 C=CODE   S=_TEXT          G=(none)  M=SPRINTF    ACBP=28
 0000:5C1C 0044 C=CODE   S=_TEXT          G=(none)  M=STRCAT     ACBP=28
 0000:5C60 0033 C=CODE   S=_TEXT          G=(none)  M=STRCMP     ACBP=28
 0000:5C93 002E C=CODE   S=_TEXT          G=(none)  M=STRCPY     ACBP=28
 0000:5CC1 011F C=CODE   S=_TEXT          G=(none)  M=STRDATE    ACBP=28
 0000:5DE0 0026 C=CODE   S=_TEXT          G=(none)  M=STRLEN     ACBP=28
 0000:5E06 0036 C=CODE   S=_TEXT          G=(none)  M=STRNCPY    ACBP=28
 0000:5E3C 0075 C=CODE   S=_TEXT          G=(none)  M=UNGETC     ACBP=28
 0000:5EB1 016E C=CODE   S=_TEXT          G=(none)  M=WRITE      ACBP=28
 0000:601F 004F C=CODE   S=_TEXT          G=(none)  M=WRITEA     ACBP=28
 0000:606E 0003 C=CODE   S=_TEXT          G=(none)  M=WRITEU     ACBP=28
 0000:6071 0048 C=CODE   S=_TEXT          G=(none)  M=XFCLOSE    ACBP=28
 0000:60B9 0041 C=CODE   S=_TEXT          G=(none)  M=XFFLUSH    ACBP=28
 0000:60FA 0252 C=CODE   S=_TEXT          G=(none)  M=IOSTSTD    ACBP=28
 0000:634C 0030 C=CODE   S=_TEXT          G=(none)  M=OSTENDL    ACBP=28
 0000:637C 00AE C=CODE   S=_TEXT          G=(none)  M=FSBCLOSE   ACBP=28
 0000:642A 011C C=CODE   S=_TEXT          G=(none)  M=FSBCTR1    ACBP=28
 0000:6546 011D C=CODE   S=_TEXT          G=(none)  M=FSBCTR2    ACBP=28
 0000:6663 00A2 C=CODE   S=_TEXT          G=(none)  M=FSBDTR     ACBP=28
 0000:6705 0187 C=CODE   S=_TEXT          G=(none)  M=FSBOFLOW   ACBP=28
 0000:688C 0166 C=CODE   S=_TEXT          G=(none)  M=FSBOPEN    ACBP=28
 0000:69F2 00C3 C=CODE   S=_TEXT          G=(none)  M=FSBSBUF    ACBP=28
 0000:6AB5 01BC C=CODE   S=_TEXT          G=(none)  M=FSBSKOFF   ACBP=28
 0000:6C71 010A C=CODE   S=_TEXT          G=(none)  M=FSBSYNC    ACBP=28
 0000:6D7B 01EA C=CODE   S=_TEXT          G=(none)  M=FSBUFLOW   ACBP=28
 0000:6F65 0045 C=CODE   S=_TEXT          G=(none)  M=FSCLOSE    ACBP=28
 0000:6FAA 00AF C=CODE   S=_TEXT          G=(none)  M=FSCTR1     ACBP=28
 0000:7059 00CC C=CODE   S=_TEXT          G=(none)  M=FSCTR2     ACBP=28
 0000:7125 008E C=CODE   S=_TEXT          G=(none)  M=FSDTR      ACBP=28
 0000:71B3 006D C=CODE   S=_TEXT          G=(none)  M=FSOPEN     ACBP=28
 0000:7220 00BA C=CODE   S=_TEXT          G=(none)  M=IFSDTR     ACBP=28
 0000:72DA 00FC C=CODE   S=_TEXT          G=(none)  M=IOFSCTR1   ACBP=28
 0000:73D6 0108 C=CODE   S=_TEXT          G=(none)  M=IOFSCTR2   ACBP=28
 0000:74DE 00D9 C=CODE   S=_TEXT          G=(none)  M=IOFSDTR    ACBP=28
 0000:75B7 00D3 C=CODE   S=_TEXT          G=(none)  M=IOSTCTR2   ACBP=28
 0000:768A 00BA C=CODE   S=_TEXT          G=(none)  M=IOSTDTR1   ACBP=28
 0000:7744 00A5 C=CODE   S=_TEXT          G=(none)  M=IOSTDTR2   ACBP=28
 0000:77E9 0027 C=CODE   S=_TEXT          G=(none)  M=ISTASN2    ACBP=28
 0000:7810 008E C=CODE   S=_TEXT          G=(none)  M=ISTCTR1    ACBP=28
 0000:789E 0097 C=CODE   S=_TEXT          G=(none)  M=ISTCTR4    ACBP=28
 0000:7935 009B C=CODE   S=_TEXT          G=(none)  M=ISTDGET    ACBP=28
 0000:79D0 00C2 C=CODE   S=_TEXT          G=(none)  M=ISTDIPFX   ACBP=28
 0000:7A92 0078 C=CODE   S=_TEXT          G=(none)  M=ISTDTR1    ACBP=28
 0000:7B0A 0089 C=CODE   S=_TEXT          G=(none)  M=ISTDTR2    ACBP=28
 0000:7B93 00DD C=CODE   S=_TEXT          G=(none)  M=ISTEATWH   ACBP=28
 0000:7C70 0092 C=CODE   S=_TEXT          G=(none)  M=ISTEDBL    ACBP=28
 0000:7D02 0041 C=CODE   S=_TEXT          G=(none)  M=ISTEINT    ACBP=28
 0000:7D43 0785 C=CODE   S=_TEXT          G=(none)  M=ISTELDBL   ACBP=28
 0000:84C8 0585 C=CODE   S=_TEXT          G=(none)  M=ISTELNG    ACBP=28
 0000:8A4D 00F1 C=CODE   S=_TEXT          G=(none)  M=ISTGSCHR   ACBP=28
 0000:8B3E 00F1 C=CODE   S=_TEXT          G=(none)  M=ISTGUCHR   ACBP=28
 0000:8C2F 0113 C=CODE   S=_TEXT          G=(none)  M=ISTREAD    ACBP=28
 0000:8D42 0060 C=CODE   S=_TEXT          G=(none)  M=ISTSKOFF   ACBP=28
 0000:8DA2 00BA C=CODE   S=_TEXT          G=(none)  M=OFSDTR     ACBP=28
 0000:8E5C 068A C=CODE   S=_TEXT          G=(none)  M=OSTFLOAT   ACBP=28
 0000:94E6 0027 C=CODE   S=_TEXT          G=(none)  M=OSTASN2    ACBP=28
 0000:950D 0085 C=CODE   S=_TEXT          G=(none)  M=OSTCTR1    ACBP=28
 0000:9592 0097 C=CODE   S=_TEXT          G=(none)  M=OSTCTR3    ACBP=28
 0000:9629 0085 C=CODE   S=_TEXT          G=(none)  M=OSTDTR1    ACBP=28
 0000:96AE 0089 C=CODE   S=_TEXT          G=(none)  M=OSTDTR2    ACBP=28
 0000:9737 0045 C=CODE   S=_TEXT          G=(none)  M=OSTFLUSH   ACBP=28
 0000:977C 038A C=CODE   S=_TEXT          G=(none)  M=OSTINT     ACBP=28
 0000:9B06 00D7 C=CODE   S=_TEXT          G=(none)  M=OSTISCHR   ACBP=28
 0000:9BDD 003A C=CODE   S=_TEXT          G=(none)  M=OSTOPFX    ACBP=28
 0000:9C17 005B C=CODE   S=_TEXT          G=(none)  M=OSTOSFX    ACBP=28
 0000:9C72 031A C=CODE   S=_TEXT          G=(none)  M=OSTOUTST   ACBP=28
 0000:9F8C 0060 C=CODE   S=_TEXT          G=(none)  M=OSTSKOFF   ACBP=28
 0000:9FEC 0053 C=CODE   S=_TEXT          G=(none)  M=OSTWRITE   ACBP=28
 0000:A03F 0051 C=CODE   S=_TEXT          G=(none)  M=STBALC     ACBP=28
 0000:A090 00D4 C=CODE   S=_TEXT          G=(none)  M=STBCTR1    ACBP=28
 0000:A164 0034 C=CODE   S=_TEXT          G=(none)  M=STBDNEXT   ACBP=28
 0000:A198 00B7 C=CODE   S=_TEXT          G=(none)  M=STBDSGTN   ACBP=28
 0000:A24F 00A9 C=CODE   S=_TEXT          G=(none)  M=STBDSPTN   ACBP=28
 0000:A2F8 007C C=CODE   S=_TEXT          G=(none)  M=STBDTR     ACBP=28
 0000:A374 000F C=CODE   S=_TEXT          G=(none)  M=STBOFLOW   ACBP=28
 0000:A383 000F C=CODE   S=_TEXT          G=(none)  M=STBPBFL    ACBP=28
 0000:A392 0033 C=CODE   S=_TEXT          G=(none)  M=STBSBUF    ACBP=28
 0000:A3C5 00B6 C=CODE   S=_TEXT          G=(none)  M=STBSETB    ACBP=28
 0000:A47B 0071 C=CODE   S=_TEXT          G=(none)  M=STBSETG    ACBP=28
 0000:A4EC 0053 C=CODE   S=_TEXT          G=(none)  M=STBSETP    ACBP=28
 0000:A53F 0012 C=CODE   S=_TEXT          G=(none)  M=STBSKOFF   ACBP=28
 0000:A551 002B C=CODE   S=_TEXT          G=(none)  M=STBSKPOS   ACBP=28
 0000:A57C 007D C=CODE   S=_TEXT          G=(none)  M=STBSPUTN   ACBP=28
 0000:A5F9 0053 C=CODE   S=_TEXT          G=(none)  M=STBSYNC    ACBP=28
 0000:A64C 003A C=CODE   S=_TEXT          G=(none)  M=STBUFLOW   ACBP=28
 0000:A686 0041 C=CODE   S=_TEXT          G=(none)  M=STCLEAR    ACBP=28
 0000:A6C7 004C C=CODE   S=_TEXT          G=(none)  M=STCTR1     ACBP=28
 0000:A713 0057 C=CODE   S=_TEXT          G=(none)  M=STDTR      ACBP=28
 0000:A76A 005B C=CODE   S=_TEXT          G=(none)  M=STINIT     ACBP=28
 0000:A7C5 00EB C=CODE   S=_TEXT          G=(none)  M=STSETF1    ACBP=28
 0000:A8B0 002D C=CODE   S=_TEXT          G=(none)  M=STSETST    ACBP=28
 0000:A8DD 0071 C=CODE   S=_TEXT          G=(none)  M=STTIE      ACBP=28
 0A94:000E AAFF C=CODE   S=SIMU_TEXT      G=(none)  M=MY_APP\SIMU.CPP ACBP=28
 1544:000D 08E6 C=CODE   S=_OVRTEXT_      G=(none)  M=OVRMAN     ACBP=28
 1544:08F3 0002 C=CODE   S=_OVRTEXT_      G=(none)  M=OVRDATA    ACBP=28
 15D4:0000 188F C=CODE   S=_BGI_TEXT      G=(none)  M=GRAPHC     ACBP=28
 15D4:188F 0A27 C=CODE   S=_BGI_TEXT      G=(none)  M=GRAPH      ACBP=28
 15D4:22C0 199A C=CODE   S=_BGI_TEXT      G=(none)  M=BGIOVR     ACBP=68
 199A:0000 0000 C=CODE   S=E87_PROG       G=(none)  M=FP87INIT   ACBP=68
 199A:0000 03E3 C=CODE   S=E87_PROG       G=(none)  M=EMU087     ACBP=68
 199A:03F0 01D8 C=CODE   S=E87_PROG       G=(none)  M=E87TRAP    ACBP=68
 19F7:0000 0000 C=FAR_DATA S=_FARDATA       G=(none)  M=c0.ASM     ACBP=68
 19F7:0000 1035 C=FAR_DATA S=SIMU_DATA      G=(none)  M=MY_APP\SIMU.CPP ACBP=48
 1AFB:0000 1D8D C=FAR_DATA S=SIMU5_DATA     G=(none)  M=MY_APP\SIMU.CPP ACBP=68
 1CD4:0000 00C8 C=FAR_DATA S=SIMU6_DATA     G=(none)  M=MY_APP\SIMU.CPP ACBP=68
 1CE0:0008 0000 C=FAR_DATA S=ATOF_DATA      G=(none)  M=ATOF       ACBP=48
 1CE0:0008 0024 C=FAR_DATA S=HUGEVAL_DATA   G=(none)  M=HUGEVAL    ACBP=48
 1CE2:000C 0000 C=FAR_DATA S=LDTRUNC_DATA   G=(none)  M=LDTRUNC    ACBP=48
 1CE2:000C 0043 C=FAR_DATA S=MATHWHY_DATA   G=(none)  M=MATHWHY    ACBP=48
 1CE7:0000 0000 C=FAR_DATA S=REALCVT_DATA   G=(none)  M=REALCVT    ACBP=48
 1CE7:0000 0018 C=FAR_DATA S=SCANTOD_DATA   G=(none)  M=SCANTOD    ACBP=48
 1CE8:0008 0000 C=FAR_DATA S=STRTOD_DATA    G=(none)  M=STRTOD     ACBP=48
 1CE8:0008 0000 C=FAR_DATA S=XCVT_DATA      G=(none)  M=XCVT       ACBP=48
 1CE8:0008 009A C=FAR_DATA S=FPERR_DATA     G=(none)  M=FPERR      ACBP=48
 1CF2:0002 0000 C=FAR_DATA S=FPRESET_DATA   G=(none)  M=FPRESET    ACBP=48
 1CF2:0002 0080 C=FAR_DATA S=_POW10_DATA    G=(none)  M=_POW10     ACBP=48
 1CFA:0002 0000 C=FAR_DATA S=POW10D_DATA    G=(none)  M=POW10D     ACBP=48
 1CFA:0002 0000 C=FAR_DATA S=MATHERR_DATA   G=(none)  M=MATHERR    ACBP=48
 1CFA:0002 000D C=FAR_DATA S=SQRT_DATA      G=(none)  M=SQRT       ACBP=48
 1CFB:0000 0010 C=FAR_DATA S=POW_DATA       G=(none)  M=POW        ACBP=48
 1CFC:0000 000C C=FAR_DATA S=SIN_DATA       G=(none)  M=SIN        ACBP=48
 1CFC:000C 000E C=FAR_DATA S=_MATHERR_DATA  G=(none)  M=_MATHERR   ACBP=48
 1CFD:000A 000C C=FAR_DATA S=COS_DATA       G=(none)  M=COS        ACBP=48
 1CFE:0006 0012 C=FAR_DATA S=ACOSASIN_DATA  G=(none)  M=ACOSASIN   ACBP=48
 1D00:0000 0002 C=FAR_DATA S=FSBDTR5_DATA   G=(none)  M=FSBDTR     ACBP=68
 1D01:0000 0016 C=FAR_DATA S=STDTR5_DATA    G=(none)  M=STDTR      ACBP=68
 1D03:0000 0000 C=FAR_BSS S=_FARBSS        G=(none)  M=c0.ASM     ACBP=68
 1D03:0000 0000 C=OVRINFO S=_OVERLAY_      G=(none)  M=c0.ASM     ACBP=68
 1D03:0000 0007 C=OVRINFO S=_OVRDATA_      G=_OVRGROUP_ M=OVRMAN     ACBP=68
 1D03:0010 008C C=OVRINFO S=_OVRDATA_      G=_OVRGROUP_ M=OVRDATA    ACBP=68
 1D03:00A0 0000 C=OVRINFO S=_STUB_         G=_OVRGROUP_ M=OVRMAN     ACBP=68
 1D03:00A0 001E C=OVRINFO S=_STUB_         G=_OVRGROUP_ M=OVRDATA    ACBP=68
 1D03:00C0 0000 C=OVRINFO S=_EXTSEG_       G=_OVRGROUP_ M=OVRMAN     ACBP=68
 1D03:00C0 0000 C=OVRINFO S=_EXTSEG_       G=_OVRGROUP_ M=OVRDATA    ACBP=68
 1D03:00C0 0000 C=OVRINFO S=_EMSSEG_       G=_OVRGROUP_ M=OVRMAN     ACBP=68
 1D03:00C0 0000 C=OVRINFO S=_EMSSEG_       G=_OVRGROUP_ M=OVRDATA    ACBP=68
 1D03:00C0 0000 C=OVRINFO S=_VDISKSEG_     G=_OVRGROUP_ M=OVRMAN     ACBP=68
 1D03:00C0 0000 C=OVRINFO S=_VDISKSEG_     G=_OVRGROUP_ M=OVRDATA    ACBP=68
 1D03:00C0 0000 C=OVRINFO S=_EXEINFO_      G=_OVRGROUP_ M=OVRMAN     ACBP=68
 1D03:00C0 0000 C=OVRINFO S=_EXEINFO_      G=_OVRGROUP_ M=OVRDATA    ACBP=68
 1D03:00C0 0198 C=OVRINFO S=_EXEINFO_      G=_OVRGROUP_ M=OVRINFO    ACBP=68
 1D29:0000 0000 C=STUBSEG S=_1STUB_        G=(none)  M=c0.ASM     ACBP=68
 1D29:0000 0000 C=STUBSEG S=_1STUB_        G=(none)  M=OVRDATA    ACBP=28
 1D29:0000 0091 C=DATA   S=_DATA          G=DGROUP  M=c0.ASM     ACBP=68
 1D29:0092 0000 C=DATA   S=_DATA          G=DGROUP  M=OVRMAN     ACBP=48
 1D29:0092 0000 C=DATA   S=_DATA          G=DGROUP  M=OVRHALT    ACBP=48
 1D29:0092 0004 C=DATA   S=_DATA          G=DGROUP  M=OVRDATA    ACBP=48
 1D29:0096 0006 C=DATA   S=_DATA          G=DGROUP  M=GLOAD      ACBP=48
 1D29:009C 065B C=DATA   S=_DATA          G=DGROUP  M=GRAPHC     ACBP=48
 1D29:06F8 000B C=DATA   S=_DATA          G=DGROUP  M=GRAPH      ACBP=48
 1D29:0710 0002 C=DATA   S=_DATA          G=DGROUP  M=FP87INIT   ACBP=68
 1D29:0720 0000 C=DATA   S=_DATA          G=DGROUP  M=E87TRAP    ACBP=68
 1D29:0720 0003 C=DATA   S=_DATA          G=DGROUP  M=PROTFLAG   ACBP=48
 1D29:0724 0002 C=DATA   S=_DATA          G=DGROUP  M=DEFLT87    ACBP=48
 1D29:0726 0000 C=DATA   S=_DATA          G=DGROUP  M=FFTOL      ACBP=48
 1D29:0726 0000 C=DATA   S=_DATA          G=DGROUP  M=NFTOL      ACBP=48
 1D29:0726 0082 C=DATA   S=_DATA          G=DGROUP  M=ATEXIT     ACBP=48
 1D29:07A8 0101 C=DATA   S=_DATA          G=DGROUP  M=CTYPE      ACBP=48
 1D29:08AA 0000 C=DATA   S=_DATA          G=DGROUP  M=DEL        ACBP=48
 1D29:08AA 0000 C=DATA   S=_DATA          G=DGROUP  M=DOSFATTR   ACBP=48
 1D29:08AA 0000 C=DATA   S=_DATA          G=DGROUP  M=DOSFIND    ACBP=48
 1D29:08AA 0000 C=DATA   S=_DATA          G=DGROUP  M=DOSGDATE   ACBP=48
 1D29:08AA 000C C=DATA   S=_DATA          G=DGROUP  M=EXIT       ACBP=48
 1D29:08B6 0190 C=DATA   S=_DATA          G=DGROUP  M=FILES      ACBP=48
 1D29:0A46 002A C=DATA   S=_DATA          G=DGROUP  M=FILES2     ACBP=48
 1D29:0A70 0004 C=DATA   S=_DATA          G=DGROUP  M=FMODE      ACBP=48
 1D29:0A74 0002 C=DATA   S=_DATA          G=DGROUP  M=FPSTKLEN   ACBP=48
 1D29:0A76 0000 C=DATA   S=_DATA          G=DGROUP  M=F_LXMUL    ACBP=48
 1D29:0A76 0000 C=DATA   S=_DATA          G=DGROUP  M=F_SCOPY    ACBP=48
 1D29:0A76 0000 C=DATA   S=_DATA          G=DGROUP  M=GETVECT    ACBP=48
 1D29:0A76 0000 C=DATA   S=_DATA          G=DGROUP  M=H_LDIV     ACBP=48
 1D29:0A76 0000 C=DATA   S=_DATA          G=DGROUP  M=H_LLSH     ACBP=48
 1D29:0A76 0000 C=DATA   S=_DATA          G=DGROUP  M=H_LRSH     ACBP=48
 1D29:0A76 0000 C=DATA   S=_DATA          G=DGROUP  M=H_PADA     ACBP=48
 1D29:0A76 0000 C=DATA   S=_DATA          G=DGROUP  M=H_PADD     ACBP=48
 1D29:0A76 0000 C=DATA   S=_DATA          G=DGROUP  M=H_SPUSH    ACBP=48
 1D29:0A76 005B C=DATA   S=_DATA          G=DGROUP  M=IOERROR    ACBP=48
 1D29:0AD2 0000 C=DATA   S=_DATA          G=DGROUP  M=ISATTY     ACBP=48
 1D29:0AD2 0000 C=DATA   S=_DATA          G=DGROUP  M=LONGTOA    ACBP=48
 1D29:0AD2 0000 C=DATA   S=_DATA          G=DGROUP  M=LSEEK      ACBP=48
 1D29:0AD2 0016 C=DATA   S=_DATA          G=DGROUP  M=MKNAME     ACBP=48
 1D29:0AE8 0004 C=DATA   S=_DATA          G=DGROUP  M=NEW        ACBP=48
 1D29:0AEC 0000 C=DATA   S=_DATA          G=DGROUP  M=NEWF       ACBP=48
 1D29:0AEC 0000 C=DATA   S=_DATA          G=DGROUP  M=N_LXMUL    ACBP=48
 1D29:0AEC 0000 C=DATA   S=_DATA          G=DGROUP  M=N_PCMP     ACBP=48
 1D29:0AEC 0000 C=DATA   S=_DATA          G=DGROUP  M=READA      ACBP=48
 1D29:0AEC 0080 C=DATA   S=_DATA          G=DGROUP  M=SCANNER    ACBP=48
 1D29:0B6C 0000 C=DATA   S=_DATA          G=DGROUP  M=SCANTOL    ACBP=48
 1D29:0B6C 0000 C=DATA   S=_DATA          G=DGROUP  M=SEGREAD    ACBP=48
 1D29:0B6C 0000 C=DATA   S=_DATA          G=DGROUP  M=SETUPIO    ACBP=48
 1D29:0B6C 0004 C=DATA   S=_DATA          G=DGROUP  M=SIGDATA    ACBP=48
 1D29:0B70 0002 C=DATA   S=_DATA          G=DGROUP  M=STKLEN     ACBP=48
 1D29:0B72 0000 C=DATA   S=_DATA          G=DGROUP  M=TELL       ACBP=48
 1D29:0B72 0000 C=DATA   S=_DATA          G=DGROUP  M=UNLINK     ACBP=48
 1D29:0B72 0000 C=DATA   S=_DATA          G=DGROUP  M=VDELF      ACBP=48
 1D29:0B72 0000 C=DATA   S=_DATA          G=DGROUP  M=VNEWF      ACBP=48
 1D29:0B72 0067 C=DATA   S=_DATA          G=DGROUP  M=VPRINTER   ACBP=48
 1D29:0BDA 0000 C=DATA   S=_DATA          G=DGROUP  M=VRAM       ACBP=48
 1D29:0BDA 0002 C=DATA   S=_DATA          G=DGROUP  M=WSCROLL    ACBP=48
 1D29:0BDC 0000 C=DATA   S=_DATA          G=DGROUP  M=_STPCPY    ACBP=48
 1D29:0BDC 0000 C=DATA   S=_DATA          G=DGROUP  M=COLOR      ACBP=48
 1D29:0BDC 0000 C=DATA   S=_DATA          G=DGROUP  M=CPRINTF    ACBP=48
 1D29:0BDC 0018 C=DATA   S=_DATA          G=DGROUP  M=CRTINIT    ACBP=48
 1D29:0BF4 0031 C=DATA   S=_DATA          G=DGROUP  M=CVTFAK     ACBP=48
 1D29:0C26 0004 C=DATA   S=_DATA          G=DGROUP  M=DELAY      ACBP=48
 1D29:0C2A 0000 C=DATA   S=_DATA          G=DGROUP  M=FARHEAP    ACBP=48
 1D29:0C2A 0002 C=DATA   S=_DATA          G=DGROUP  M=FBRK       ACBP=48
 1D29:0C2C 0000 C=DATA   S=_DATA          G=DGROUP  M=GETCH      ACBP=48
 1D29:0C2C 0000 C=DATA   S=_DATA          G=DGROUP  M=GEXIT      ACBP=48
 1D29:0C2C 0000 C=DATA   S=_DATA          G=DGROUP  M=GFREEMEM   ACBP=48
 1D29:0C2C 0000 C=DATA   S=_DATA          G=DGROUP  M=GGETMEM    ACBP=48
 1D29:0C2C 0000 C=DATA   S=_DATA          G=DGROUP  M=GOTOXY     ACBP=48
 1D29:0C2C 0000 C=DATA   S=_DATA          G=DGROUP  M=GPTEXT     ACBP=48
 1D29:0C2C 0000 C=DATA   S=_DATA          G=DGROUP  M=INT86      ACBP=48
 1D29:0C2C 0000 C=DATA   S=_DATA          G=DGROUP  M=IOCTL      ACBP=48
 1D29:0C2C 0002 C=DATA   S=_DATA          G=DGROUP  M=KBHIT      ACBP=48
 1D29:0C2E 0000 C=DATA   S=_DATA          G=DGROUP  M=MOVETEXT   ACBP=48
 1D29:0C2E 0000 C=DATA   S=_DATA          G=DGROUP  M=PUTCH      ACBP=48
 1D29:0C2E 0000 C=DATA   S=_DATA          G=DGROUP  M=REALCVT    ACBP=48
 1D29:0C2E 0000 C=DATA   S=_DATA          G=DGROUP  M=SCANTOD    ACBP=48
 1D29:0C2E 0000 C=DATA   S=_DATA          G=DGROUP  M=SCREEN     ACBP=48
 1D29:0C2E 0000 C=DATA   S=_DATA          G=DGROUP  M=SCROLL     ACBP=48
 1D29:0C2E 0000 C=DATA   S=_DATA          G=DGROUP  M=SETBLOCK   ACBP=48
 1D29:0C2E 0004 C=DATA   S=_DATA          G=DGROUP  M=SETENVP    ACBP=48
 1D29:0C32 002F C=DATA   S=_DATA          G=DGROUP  M=SIGNAL     ACBP=48
 1D29:0C62 0000 C=DATA   S=_DATA          G=DGROUP  M=STACK      ACBP=48
 1D29:0C62 0000 C=DATA   S=_DATA          G=DGROUP  M=TEXTMODE   ACBP=48
 1D29:0C62 0000 C=DATA   S=_DATA          G=DGROUP  M=WHEREXY    ACBP=48
 1D29:0C62 0000 C=DATA   S=_DATA          G=DGROUP  M=CHMODA     ACBP=48
 1D29:0C62 0000 C=DATA   S=_DATA          G=DGROUP  M=CLOSE      ACBP=48
 1D29:0C62 0000 C=DATA   S=_DATA          G=DGROUP  M=CLOSEA     ACBP=48
 1D29:0C62 0000 C=DATA   S=_DATA          G=DGROUP  M=EOF        ACBP=48
 1D29:0C62 0000 C=DATA   S=_DATA          G=DGROUP  M=FCLOSE     ACBP=48
 1D29:0C62 0000 C=DATA   S=_DATA          G=DGROUP  M=FFLUSH     ACBP=48
 1D29:0C62 0000 C=DATA   S=_DATA          G=DGROUP  M=FLUSHALL   ACBP=48
 1D29:0C62 0000 C=DATA   S=_DATA          G=DGROUP  M=FOPEN      ACBP=48
 1D29:0C62 0000 C=DATA   S=_DATA          G=DGROUP  M=FPRINTF    ACBP=48
 1D29:0C62 0000 C=DATA   S=_DATA          G=DGROUP  M=FPUTS      ACBP=48
 1D29:0C62 0000 C=DATA   S=_DATA          G=DGROUP  M=FREAD      ACBP=48
 1D29:0C62 0000 C=DATA   S=_DATA          G=DGROUP  M=FSCANF     ACBP=48
 1D29:0C62 0000 C=DATA   S=_DATA          G=DGROUP  M=FSEEK      ACBP=48
 1D29:0C62 0001 C=DATA   S=_DATA          G=DGROUP  M=GETC       ACBP=48
 1D29:0C64 0000 C=DATA   S=_DATA          G=DGROUP  M=MEMCPY     ACBP=48
 1D29:0C64 0000 C=DATA   S=_DATA          G=DGROUP  M=OPEN       ACBP=48
 1D29:0C64 0000 C=DATA   S=_DATA          G=DGROUP  M=OPENA      ACBP=48
 1D29:0C64 0000 C=DATA   S=_DATA          G=DGROUP  M=PRINTF     ACBP=48
 1D29:0C64 0002 C=DATA   S=_DATA          G=DGROUP  M=PUTC       ACBP=48
 1D29:0C66 0000 C=DATA   S=_DATA          G=DGROUP  M=READ       ACBP=48
 1D29:0C66 0000 C=DATA   S=_DATA          G=DGROUP  M=READU      ACBP=48
 1D29:0C66 0000 C=DATA   S=_DATA          G=DGROUP  M=REWIND     ACBP=48
 1D29:0C66 0000 C=DATA   S=_DATA          G=DGROUP  M=SCANF      ACBP=48
 1D29:0C66 0004 C=DATA   S=_DATA          G=DGROUP  M=SETVBUF    ACBP=48
 1D29:0C6A 0000 C=DATA   S=_DATA          G=DGROUP  M=SPRINTF    ACBP=48
 1D29:0C6A 0000 C=DATA   S=_DATA          G=DGROUP  M=STRCAT     ACBP=48
 1D29:0C6A 0000 C=DATA   S=_DATA          G=DGROUP  M=STRCMP     ACBP=48
 1D29:0C6A 0000 C=DATA   S=_DATA          G=DGROUP  M=STRCPY     ACBP=48
 1D29:0C6A 0000 C=DATA   S=_DATA          G=DGROUP  M=STRDATE    ACBP=48
 1D29:0C6A 0000 C=DATA   S=_DATA          G=DGROUP  M=STRLEN     ACBP=48
 1D29:0C6A 0000 C=DATA   S=_DATA          G=DGROUP  M=STRNCPY    ACBP=48
 1D29:0C6A 0000 C=DATA   S=_DATA          G=DGROUP  M=UNGETC     ACBP=48
 1D29:0C6A 0000 C=DATA   S=_DATA          G=DGROUP  M=WRITE      ACBP=48
 1D29:0C6A 0000 C=DATA   S=_DATA          G=DGROUP  M=WRITEA     ACBP=48
 1D29:0C6A 0000 C=DATA   S=_DATA          G=DGROUP  M=WRITEU     ACBP=48
 1D29:0C6A 0000 C=DATA   S=_DATA          G=DGROUP  M=XFCLOSE    ACBP=48
 1D29:0C6A 0000 C=DATA   S=_DATA          G=DGROUP  M=XFFLUSH    ACBP=48
 1D29:0C6A 00CE C=DATA   S=_DATA          G=DGROUP  M=IOSTSTD    ACBP=48
 1D29:0D38 0000 C=DATA   S=_DATA          G=DGROUP  M=OSTENDL    ACBP=48
 1D29:0D38 0000 C=DATA   S=_DATA          G=DGROUP  M=FSBCLOSE   ACBP=48
 1D29:0D38 0000 C=DATA   S=_DATA          G=DGROUP  M=FSBCTR1    ACBP=48
 1D29:0D38 0000 C=DATA   S=_DATA          G=DGROUP  M=FSBCTR2    ACBP=48
 1D29:0D38 0000 C=DATA   S=_DATA          G=DGROUP  M=FSBDTR     ACBP=48
 1D29:0D38 0000 C=DATA   S=_DATA          G=DGROUP  M=FSBOFLOW   ACBP=48
 1D29:0D38 0000 C=DATA   S=_DATA          G=DGROUP  M=FSBOPEN    ACBP=48
 1D29:0D38 0000 C=DATA   S=_DATA          G=DGROUP  M=FSBSBUF    ACBP=48
 1D29:0D38 0000 C=DATA   S=_DATA          G=DGROUP  M=FSBSKOFF   ACBP=48
 1D29:0D38 0000 C=DATA   S=_DATA          G=DGROUP  M=FSBSYNC    ACBP=48
 1D29:0D38 0000 C=DATA   S=_DATA          G=DGROUP  M=FSBUFLOW   ACBP=48
 1D29:0D38 0000 C=DATA   S=_DATA          G=DGROUP  M=FSCLOSE    ACBP=48
 1D29:0D38 0000 C=DATA   S=_DATA          G=DGROUP  M=FSCTR1     ACBP=48
 1D29:0D38 0000 C=DATA   S=_DATA          G=DGROUP  M=FSCTR2     ACBP=48
 1D29:0D38 0000 C=DATA   S=_DATA          G=DGROUP  M=FSDTR      ACBP=48
 1D29:0D38 0000 C=DATA   S=_DATA          G=DGROUP  M=FSOPEN     ACBP=48
 1D29:0D38 0000 C=DATA   S=_DATA          G=DGROUP  M=IFSDTR     ACBP=48
 1D29:0D38 0000 C=DATA   S=_DATA          G=DGROUP  M=IOFSCTR1   ACBP=48
 1D29:0D38 0000 C=DATA   S=_DATA          G=DGROUP  M=IOFSCTR2   ACBP=48
 1D29:0D38 0000 C=DATA   S=_DATA          G=DGROUP  M=IOFSDTR    ACBP=48
 1D29:0D38 0000 C=DATA   S=_DATA          G=DGROUP  M=IOSTCTR2   ACBP=48
 1D29:0D38 0000 C=DATA   S=_DATA          G=DGROUP  M=IOSTDTR1   ACBP=48
 1D29:0D38 0000 C=DATA   S=_DATA          G=DGROUP  M=IOSTDTR2   ACBP=48
 1D29:0D38 0000 C=DATA   S=_DATA          G=DGROUP  M=ISTASN2    ACBP=48
 1D29:0D38 0000 C=DATA   S=_DATA          G=DGROUP  M=ISTCTR1    ACBP=48
 1D29:0D38 0000 C=DATA   S=_DATA          G=DGROUP  M=ISTCTR4    ACBP=48
 1D29:0D38 0000 C=DATA   S=_DATA          G=DGROUP  M=ISTDGET    ACBP=48
 1D29:0D38 0000 C=DATA   S=_DATA          G=DGROUP  M=ISTDIPFX   ACBP=48
 1D29:0D38 0000 C=DATA   S=_DATA          G=DGROUP  M=ISTDTR1    ACBP=48
 1D29:0D38 0000 C=DATA   S=_DATA          G=DGROUP  M=ISTDTR2    ACBP=48
 1D29:0D38 0000 C=DATA   S=_DATA          G=DGROUP  M=ISTEATWH   ACBP=48
 1D29:0D38 0000 C=DATA   S=_DATA          G=DGROUP  M=ISTEDBL    ACBP=48
 1D29:0D38 0000 C=DATA   S=_DATA          G=DGROUP  M=ISTEINT    ACBP=48
 1D29:0D38 000E C=DATA   S=_DATA          G=DGROUP  M=ISTELDBL   ACBP=48
 1D29:0D46 0000 C=DATA   S=_DATA          G=DGROUP  M=ISTELNG    ACBP=48
 1D29:0D46 0000 C=DATA   S=_DATA          G=DGROUP  M=ISTGSCHR   ACBP=48
 1D29:0D46 0000 C=DATA   S=_DATA          G=DGROUP  M=ISTGUCHR   ACBP=48
 1D29:0D46 0000 C=DATA   S=_DATA          G=DGROUP  M=ISTREAD    ACBP=48
 1D29:0D46 0000 C=DATA   S=_DATA          G=DGROUP  M=ISTSKOFF   ACBP=48
 1D29:0D46 0000 C=DATA   S=_DATA          G=DGROUP  M=OFSDTR     ACBP=48
 1D29:0D46 00FF C=DATA   S=_DATA          G=DGROUP  M=OSTFLOAT   ACBP=48
 1D29:0E46 0000 C=DATA   S=_DATA          G=DGROUP  M=OSTASN2    ACBP=48
 1D29:0E46 0000 C=DATA   S=_DATA          G=DGROUP  M=OSTCTR1    ACBP=48
 1D29:0E46 0000 C=DATA   S=_DATA          G=DGROUP  M=OSTCTR3    ACBP=48
 1D29:0E46 0000 C=DATA   S=_DATA          G=DGROUP  M=OSTDTR1    ACBP=48
 1D29:0E46 0000 C=DATA   S=_DATA          G=DGROUP  M=OSTDTR2    ACBP=48
 1D29:0E46 0000 C=DATA   S=_DATA          G=DGROUP  M=OSTFLUSH   ACBP=48
 1D29:0E46 0036 C=DATA   S=_DATA          G=DGROUP  M=OSTINT     ACBP=48
 1D29:0E7C 0000 C=DATA   S=_DATA          G=DGROUP  M=OSTISCHR   ACBP=48
 1D29:0E7C 0000 C=DATA   S=_DATA          G=DGROUP  M=OSTOPFX    ACBP=48
 1D29:0E7C 0000 C=DATA   S=_DATA          G=DGROUP  M=OSTOSFX    ACBP=48
 1D29:0E7C 0000 C=DATA   S=_DATA          G=DGROUP  M=OSTOUTST   ACBP=48
 1D29:0E7C 0000 C=DATA   S=_DATA          G=DGROUP  M=OSTSKOFF   ACBP=48
 1D29:0E7C 0000 C=DATA   S=_DATA          G=DGROUP  M=OSTWRITE   ACBP=48
 1D29:0E7C 0000 C=DATA   S=_DATA          G=DGROUP  M=STBALC     ACBP=48
 1D29:0E7C 0000 C=DATA   S=_DATA          G=DGROUP  M=STBCTR1    ACBP=48
 1D29:0E7C 0000 C=DATA   S=_DATA          G=DGROUP  M=STBDNEXT   ACBP=48
 1D29:0E7C 0000 C=DATA   S=_DATA          G=DGROUP  M=STBDSGTN   ACBP=48
 1D29:0E7C 0000 C=DATA   S=_DATA          G=DGROUP  M=STBDSPTN   ACBP=48
 1D29:0E7C 0000 C=DATA   S=_DATA          G=DGROUP  M=STBDTR     ACBP=48
 1D29:0E7C 0000 C=DATA   S=_DATA          G=DGROUP  M=STBOFLOW   ACBP=48
 1D29:0E7C 0000 C=DATA   S=_DATA          G=DGROUP  M=STBPBFL    ACBP=48
 1D29:0E7C 0000 C=DATA   S=_DATA          G=DGROUP  M=STBSBUF    ACBP=48
 1D29:0E7C 0000 C=DATA   S=_DATA          G=DGROUP  M=STBSETB    ACBP=48
 1D29:0E7C 0000 C=DATA   S=_DATA          G=DGROUP  M=STBSETG    ACBP=48
 1D29:0E7C 0000 C=DATA   S=_DATA          G=DGROUP  M=STBSETP    ACBP=48
 1D29:0E7C 0000 C=DATA   S=_DATA          G=DGROUP  M=STBSKOFF   ACBP=48
 1D29:0E7C 0000 C=DATA   S=_DATA          G=DGROUP  M=STBSKPOS   ACBP=48
 1D29:0E7C 0000 C=DATA   S=_DATA          G=DGROUP  M=STBSPUTN   ACBP=48
 1D29:0E7C 0000 C=DATA   S=_DATA          G=DGROUP  M=STBSYNC    ACBP=48
 1D29:0E7C 0000 C=DATA   S=_DATA          G=DGROUP  M=STBUFLOW   ACBP=48
 1D29:0E7C 0000 C=DATA   S=_DATA          G=DGROUP  M=STCLEAR    ACBP=48
 1D29:0E7C 0000 C=DATA   S=_DATA          G=DGROUP  M=STCTR1     ACBP=48
 1D29:0E7C 0000 C=DATA   S=_DATA          G=DGROUP  M=STDTR      ACBP=48
 1D29:0E7C 0000 C=DATA   S=_DATA          G=DGROUP  M=STINIT     ACBP=48
 1D29:0E7C 0000 C=DATA   S=_DATA          G=DGROUP  M=STSETF1    ACBP=48
 1D29:0E7C 0000 C=DATA   S=_DATA          G=DGROUP  M=STSETST    ACBP=48
 1D29:0E7C 0000 C=DATA   S=_DATA          G=DGROUP  M=STTIE      ACBP=48
 1D29:0E7C 0000 C=DATA   S=_CVTSEG        G=DGROUP  M=c0.ASM     ACBP=48
 1D29:0E7C 0002 C=DATA   S=_CVTSEG        G=DGROUP  M=REALCVT    ACBP=48
 1D29:0E7E 0002 C=DATA   S=_CVTSEG        G=DGROUP  M=CVTFAK     ACBP=48
 1D29:0E80 0000 C=DATA   S=_CVTSEG        G=DGROUP  M=REALCVT    ACBP=48
 1D29:0E80 0000 C=DATA   S=_SCNSEG        G=DGROUP  M=c0.ASM     ACBP=48
 1D29:0E80 0006 C=DATA   S=_SCNSEG        G=DGROUP  M=SCANTOD    ACBP=48
 1D29:0E86 0006 C=DATA   S=_SCNSEG        G=DGROUP  M=CVTFAK     ACBP=48
 1D29:0E8C 0000 C=DATA   S=_SCNSEG        G=DGROUP  M=SCANTOD    ACBP=48
 1D29:0E8C 0000 C=DATA   S=GRAPH          G=DGROUP  M=GRAPHC     ACBP=48
 1D29:0E8C 0000 C=CONST  S=_CONST         G=DGROUP  M=c0.ASM     ACBP=48
 1D29:0E8C 0000 C=INITDATA S=_INIT_         G=DGROUP  M=c0.ASM     ACBP=48
 1D29:0E8C 0006 C=INITDATA S=_INIT_         G=DGROUP  M=MY_APP\SIMU.CPP ACBP=48
 1D29:0E92 0006 C=INITDATA S=_INIT_         G=DGROUP  M=FP87INIT   ACBP=48
 1D29:0E98 0006 C=INITDATA S=_INIT_         G=DGROUP  M=SETUPIO    ACBP=48
 1D29:0E9E 0006 C=INITDATA S=_INIT_         G=DGROUP  M=CRTINIT    ACBP=48
 1D29:0EA4 0006 C=INITDATA S=_INIT_         G=DGROUP  M=DELAY      ACBP=48
 1D29:0EAA 0006 C=INITDATA S=_INIT_         G=DGROUP  M=SETENVP    ACBP=48
 1D29:0EB0 000C C=INITDATA S=_INIT_         G=DGROUP  M=IOSTSTD    ACBP=48
 1D29:0EBC 0000 C=INITDATA S=_INITEND_      G=DGROUP  M=c0.ASM     ACBP=28
 1D29:0EBC 0000 C=EXITDATA S=_EXIT_         G=DGROUP  M=c0.ASM     ACBP=48
 1D29:0EBC 0006 C=EXITDATA S=_EXIT_         G=DGROUP  M=MY_APP\SIMU.CPP ACBP=48
 1D29:0EC2 0006 C=EXITDATA S=_EXIT_         G=DGROUP  M=FP87INIT   ACBP=48
 1D29:0EC8 000C C=EXITDATA S=_EXIT_         G=DGROUP  M=IOSTSTD    ACBP=48
 1D29:0ED4 0000 C=EXITDATA S=_EXITEND_      G=DGROUP  M=c0.ASM     ACBP=28
 1E17:0000 0110 C=STACK  S=_STACK         G=(none)  M=c0.ASM     ACBP=74
 1E17:0000 0080 C=STACK  S=_STACK         G=(none)  M=EMUVARS    ACBP=78

  Address         Publics by Name

 0A94:7B17 idle  operator +(const vec3d far&,const vec3d far&)
 0000:165E       operator delete(void far*)
 0A94:7E4E idle  operator /(const vec3d far&,const double far&)
 0A94:7A1D idle  operator ==(const vec3d far&,const vec3d far&)
 0A94:795F idle  operator <<(ostream far&,const vec3d far&)
 0A94:7DB9 idle  operator *(const vec3d far&,const double far&)
 0A94:7D24 idle  operator *(const double far&,const vec3d far&)
 0A94:7A9A idle  operator !=(const vec3d far&,const vec3d far&)
 0000:1CF3       operator new(unsigned int)
 0000:1D3C       operator new(unsigned long)
 0A94:7C47 idle  operator -(const vec3d far&)
 0A94:7BAF idle  operator -(const vec3d far&,const vec3d far&)
 0A94:63E1 idle  alrot(line3d far&,int,int,int)
 0A94:64F2 idle  alscale(line3d far&,double,double,double)
 0A94:6158 idle  altrans(line3d far&,double,double,double)
 0A94:848D idle  angleBetweenDeg(vec3d,vec3d)
 0A94:83F7 idle  angleBetweenRad(vec3d,vec3d)
 0A94:85AA idle  angleFromPlaneDeg(vec3d)
 0A94:8530 idle  angleFromPlaneRad(vec3d)
 0A94:6E6F idle  aorot(gllineobject far&,int,int,int)
 0A94:6ED8 idle  aoscale(gllineobject far&,double,double,double)
 0A94:6DD3 idle  aotrans(gllineobject far&,double,double,double)
 0A94:6430 idle  atrot(triangle3d far&,int,int,int)
 0A94:6573 idle  atscale(triangle3d far&,double,double,double)
 0A94:61D9 idle  attrans(triangle3d far&,double,double,double)
 0A94:5BDB idle  bcm::choice()
 0A94:5D2E idle  bcm::initiate(char far*)
 0A94:5B4E idle  bcm::movebcm(int,int)
 0A94:1DAA idle  BITMAP::load_palette()
 0A94:1D48 idle  BITMAP::open_file()
 0A94:1CDA idle  BITMAP::power(int)
 0A94:1C43 idle  BITMAP::put_pixel(int far&,int far&,unsigned char far&,int)
 0A94:2303 idle  BITMAP::setpalette(char far*)
 0A94:24A9 idle  BITMAP::Show_BMP(char far*)
 0A94:21E4 idle  BITMAP::show_eight_bit_bitmap()
 0A94:2038 idle  BITMAP::show_four_bit_bitmap()
 0A94:1D16 idle  BITMAP::show_message(char far*)
 0A94:1E3B idle  BITMAP::show_one_bit_bitmap()
 0A94:4AA3 idle  boxin(int,int,int,int,char far*)
 0A94:463F idle  Bright(char,char)
 0A94:1002 idle  changeacceleration(unsigned int)
 0A94:4F8D idle  changefileext(char far*,char far*)
 0A94:0FB5 idle  changespeed(unsigned int)
 0A94:434E idle  checkerrors()
 0A94:15F6 idle  CHECKHARDWARE()
 0A94:0EC0 idle  CheckMouse()
 0A94:1657 idle  checksvga(int far&,int far&)
 0A94:430C idle  closelog()
 0A94:5ECE idle  complexsquare(complex)
 0A94:6D15 idle  conplot(point3d,int)
 0A94:55AE idle  crossline(int,int)
 0A94:8245 idle  crossP(const vec3d far&,const vec3d far&)
 0A94:06AD idle  DetectBGIVGA256()
 0A94:0555 idle  DetectTwk16()
 0A94:0601 idle  DetectTwk256()
 0A94:04A9 idle  DetectVGA16()
 0A94:0351 idle  DetectVGA24bit()
 0A94:0140 idle  DetectVGA256()
 0A94:03FD idle  DetectVGA32k()
 0A94:02A5 idle  DetectVGA64k()
 0A94:01EC idle  DetectVGAS3()
 15D4:188F idle  @DGROUP
 0A94:3E4A idle  digital(int,int,int)
 0A94:525E idle  digitaltime(int,int)
 0A94:3877 idle  digit_write(int,int,int)
 0A94:456A idle  Dim(char,char)
 0A94:44FA idle  display_err(char far*)
 0A94:4436 idle  display_icon(int far&,int far&,char far*)
 0A94:8319 idle  distanceBetween(const vec3d far&,const vec3d far&)
 0A94:81E5 idle  dotP(const vec3d far&,const vec3d far&)
 0A94:6BC5 idle  drawaxis(int)
 0A94:0D3D idle  DrawCursor(unsigned char)
 0A94:6947 idle  drawline(line3d,int)
 0A94:7201 idle  drawobj(gllineobject,int)
 0A94:6726 idle  drawpoint(point3d,int)
 0A94:6805 idle  drawpointc(point3dc,int)
 0A94:6AF3 idle  drawtriangle(triangle3d,int)
 0000:634C       endl(ostream far&)
 0A94:4714 idle  Enlarge(int,int,char far*)
 0A94:55F9 idle  explode_rectangle(int,int,int,int)
 0A94:1AF3 idle  fadein()
 1CD4:0034 idle  filebuf::
 0000:6546       filebuf::filebuf(int)
 0000:642A       filebuf::filebuf()
 0000:6663       filebuf::~filebuf()
 0000:637C       filebuf::close()
 0000:688C       filebuf::open(const char far*,int,int)
 1D00:0000       filebuf::openprot
 0000:6705       filebuf::overflow(int)
 0000:6AB5       filebuf::seekoff(long,seek_dir,int)
 0000:69F2       filebuf::setbuf(char far*,int)
 0000:6C71       filebuf::sync()
 0000:6D7B       filebuf::underflow()
 0A94:000E idle  float_trap(int)
 0000:8E5C idle  fpclass(long double)
 0000:8EA6 idle  fpcopysign(long double,long double)
 1CD4:0004 idle  fstream::
 0000:73D6       fstream::fstream(const char far*,int,int)
 0000:72DA       fstream::fstream()
 0000:74DE       fstream::~fstream()
 1CD4:002C idle  fstreambase::
 0000:7059       fstreambase::fstreambase(const char far*,int,int)
 0000:6FAA       fstreambase::fstreambase()
 0000:7125       fstreambase::~fstreambase()
 0000:6F65       fstreambase::close()
 0000:71B3       fstreambase::open(const char far*,int,int)
 0A94:07F3 idle  GetModeInfo(int,ModeInfo far*)
 0A94:4CEC idle  getpass(char far*)
 0A94:094E idle  GetPixel(int,int)
 0A94:0B23 idle  getsvgainfo()
 0A94:1706 idle  getsvgapixel(int,int)
 0A94:07C0 idle  GetVesaInfo(VesaInfo far*)
 0A94:0B5B idle  getvesainfo()
 0A94:0B93 idle  getvesamdeinfo(int,modeinfo far*)
 0A94:1B7D idle  get_svga_color()
 0A94:1B9D idle  get_svga_maxx()
 0A94:1BBE idle  get_svga_maxy()
 0A94:7665 idle  glsetup(int)
 0A94:7356 idle  gltestrun()
 0A94:30A4 idle  gtclr(const int)
 0A94:0BEB idle  HideMouse()
 1CD4:0020 idle  ifstream::
 0000:7220       ifstream::~ifstream()
 0A94:0E11 idle  InitMouse()
 0A94:06CD idle  initsvga()
 1CD4:00C4 idle  ios::
 0000:A6C7       ios::ios()
 0000:A713       ios::~ios()
 1D01:0004       ios::adjustfield
 1D01:0000       ios::basefield
 0000:A686       ios::clear(int)
 1D01:0008       ios::floatfield
 0000:A76A       ios::init(streambuf far*)
 1D01:000C       ios::nextbit
 0000:A7C5       ios::setf(long)
 0000:A8B0       ios::setstate(int)
 1D01:0012       ios::stdioflush
 0000:A8DD       ios::tie(ostream far*)
 1D01:0010       ios::usercount
 1CD4:007C idle  iostream::
 0000:75B7       iostream::iostream()
 0000:768A       iostream::~iostream()
 0000:6244 idle  Iostream_delete()
 1CD4:0060 idle  iostream_withassign::
 0000:7744       iostream_withassign::~iostream_withassign()
 0A94:1045 idle  ismouse(int,int,int,int)
 1CD4:0090 idle  istream::
 0000:7810       istream::istream()
 0000:7A92       istream::~istream()
 0000:7C70       istream::operator >>(double far&)
 0000:7D43       istream::operator >>(long double far&)
 0000:7D02       istream::operator >>(int far&)
 0000:87DD       istream::operator >>(long far&)
 0000:7935       istream::do_get()
 0000:7B93       istream::eatwhite()
 0000:8B3E       istream::get(unsigned char far&)
 0000:8A4D       istream::get(char far&)
 0000:79D0       istream::ipfx(int)
 0000:8C2F       istream::read(char far*,int)
 0000:8D42       istream::seekg(long,seek_dir)
 1CD4:0074 idle  istream_withassign::
 0000:77E9       istream_withassign::operator =(streambuf far*)
 0000:789E       istream_withassign::istream_withassign()
 0000:7B0A       istream_withassign::~istream_withassign()
 0A94:5F33 idle  iterate(complex,int)
 0A94:36EA idle  ldbar(int)
 0A94:35F1 idle  ldbar_perc()
 0A94:3461 idle  ldbmp(const int,const ...
 0A94:13AF idle  LoadVoice(WaveData far*,char far*)
 0A94:57AF idle  LOCKON_rectangle(int,int)
 0A94:40EE idle  log(char far*)
 0A94:5FCA idle  mandelbrot(int,int,int,int,int,float,float,float,float)
 0A94:1089 idle  mclick(int,int,int,int)
 0A94:60B2 idle  mod(double)
 0A94:10D6 idle  moving()
 0A94:48C3 idle  msg_n_gin(int,int,char far*)
 1CD4:0014 idle  ofstream::
 0000:8DA2       ofstream::~ofstream()
 1CD4:0088 idle  ostream::
 0000:950D       ostream::ostream()
 0000:9629       ostream::~ostream()
 0000:93C1       ostream::operator <<(long double)
 0000:9877       ostream::operator <<(long)
 0000:99F4 idle  ostream::operator <<(unsigned long)
 0000:9B06       ostream::operator <<(char)
 0000:9BDD       ostream::do_opfx()
 0000:9C17       ostream::do_osfx()
 0000:9737       ostream::flush()
 0000:9C72       ostream::outstr(const char far*,const char far*)
 0000:9F8C       ostream::seekp(long,seek_dir)
 0000:9FEC       ostream::write(const char far*,int)
 1CD4:006C idle  ostream_withassign::
 0000:94E6       ostream_withassign::operator =(streambuf far*)
 0000:9592       ostream_withassign::ostream_withassign()
 0000:96AE       ostream_withassign::~ostream_withassign()
 0A94:43AE idle  pageflip()
 0A94:8631 idle  perpProjection(const vec3d far&,const vec3d far&)
 0A94:129E idle  PlayBack(WaveData far*)
 0A94:1563 idle  playwav(char far*,float)
 0A94:0F6B idle  PutMousePixel(unsigned int,unsigned int)
 0A94:0A11 idle  PutPixel(int,int,unsigned char)
 0A94:16C2 idle  putsvgapixel(int,int,unsigned char)
 0A94:2FC3 idle  rdbmpclrtbl(const char far*)
 0A94:2E50 idle  rdbmpflhdr(const char far*)
 0A94:2F08 idle  rdbmpinfhcr(const char far*)
 0A94:6F40 idle  readobj(char far*,gllineobject far&)
 0A94:00A6 idle  reboot()
 0A94:47EC idle  Reduce(int,int,char far*)
 0A94:11E1 idle  ResetDSP(unsigned int)
 0A94:0F0C idle  ResetMouse()
 0A94:6372 idle  rot(point3d far&,int,int,int)
 0A94:86F6 idle  rotateAboutX_Deg(const vec3d far&,const double)
 0A94:8C9E idle  rotateAboutX_Rad(const vec3d far&,const double)
 0A94:87DA idle  rotateAboutY_Deg(const vec3d far&,const double)
 0A94:8DDA idle  rotateAboutY_Rad(const vec3d far&,const double)
 0A94:88BE idle  rotateAboutZ_Deg(const vec3d far&,const double)
 0A94:8F16 idle  rotateAboutZ_Rad(const vec3d far&,const double)
 0A94:89A2 idle  rotate_Deg(const vec3d far&,const double,const ...
 0A94:665A idle  rotcamera(point3d far*,double,double,double)
 0A94:628E idle  rtrans(double far&,double far&,int)
 0A94:6495 idle  scale(point3d far&,double,double,double)
 0A94:6D79 idle  sconplot(point3d,int,double,double)
 0A94:5AE8 idle  screen_area_select(int far&,int far&,int far&,int far&)
 0A94:597B idle  screen_target_select(int far&,int far&)
 0A94:4FFC idle  set16bitpal()
 0A94:1A56 idle  setbwpal()
 0A94:6628 idle  setcamera(point3d far*)
 0A94:66A7 idle  setcamzoom(point3d far*)
 0A94:0826 idle  SetMode(int,int)
 0A94:11AF idle  setmousecursor(unsigned char far*)
 0A94:076F idle  SetPallete(unsigned char,unsigned char,unsigned char,unsigned char)
 0A94:0073 idle  setup_float_exception()
 0A94:37F5 idle  setup_ldbar(int,int,int,int,int)
 0A94:0BC6 idle  setvesamode(int)
 0A94:1615 idle  set_mode_svga(unsigned char)
 0000:1CC2 idle  set_new_handler(void(far*)())
 0A94:1B5A idle  set_svga_color(unsigned char)
 0A94:19F2 idle  set_svga_palette(unsigned char far*)
 0A94:1BDF idle  set_svga_rgbpalette(int,int,int,int)
 0A94:41AB idle  shadowtxt(char far*,int,int,int)
 0A94:420E idle  showlog()
 0A94:0F38 idle  ShowMouse()
 0A94:550F idle  Show_files(char far*)
 0A94:325A idle  shw16clrbmp(const int,const ...
 0A94:9610 idle  sim_body::changeproperty()
 0A94:9306 idle  sim_body::create_body()
 0A94:910E idle  sim_body::did_collide_with(gllineobject far&)
 0A94:91BD idle  sim_body::is_point_inside_object(point3d far&)
 0A94:9052 idle  sim_body::resolve_collition(particle far&)
 0A94:9493 idle  sim_body::showdetails()
 0A94:427D idle  startlog()
 1CD4:0098 idle  streambuf::
 0000:A090       streambuf::streambuf()
 0000:A2F8       streambuf::~streambuf()
 0000:A03F       streambuf::doallocate()
 0000:A198       streambuf::do_sgetn(char far*,int)
 0000:A164       streambuf::do_snextc()
 0000:A24F       streambuf::do_sputn(const char far*,int)
 0000:A374       streambuf::overflow(int)
 0000:A383       streambuf::pbackfail(int)
 0000:A53F       streambuf::seekoff(long,seek_dir,int)
 0000:A551       streambuf::seekpos(long,int)
 0000:A3C5       streambuf::setb(char far*,char far*,int)
 0000:A392       streambuf::setbuf(char far*,int)
 0000:A47B       streambuf::setg(char far*,char far*,char far*)
 0000:A4EC       streambuf::setp(char far*,char far*)
 0000:A57C       streambuf::sputn(const char far*,int)
 0000:A5F9       streambuf::sync()
 0000:A64C       streambuf::underflow()
 0A94:2A4E idle  sv16clrbmp(const int,const ...
 0A94:2C21 idle  svbmp(const unsigned int,const ...
 0A94:1902 idle  svgacircle(int,int,int,unsigned char)
 0A94:1747 idle  svgaline(int,int,int,int,unsigned char)
 0A94:188F idle  svgarectangle(int,int,int,int,unsigned char)
 0A94:0AD1 idle  SwitchBank(int)
 0A94:44C3 idle  switchpage(int,int)
 0A94:5415 idle  sysinfo()
 0A94:60FB idle  trans(point3d far&,double,double,double)
 0A94:51E4 idle  ttime(int,int)
 1CD4:0000 idle  vec3d::
 0A94:78EE idle  vec3d::operator =(const vec3d far&)
 0A94:77A8 idle  vec3d::vec3d(double,double,double)
 0A94:7821 idle  vec3d::vec3d(const vec3d far&)
 0A94:7732 idle  vec3d::vec3d()
 0A94:78A6 idle  vec3d::~vec3d()
 0A94:8033 idle  vec3d::operator /=(const double far&)
 0A94:7F54 idle  vec3d::operator -=(const vec3d far&)
 0A94:7FC5 idle  vec3d::operator *=(const double far&)
 0A94:7EE3 idle  vec3d::operator +=(const vec3d far&)
 0A94:8174 idle  vec3d::length()
 0A94:80A1 idle  vec3d::normalize()
 0A94:0AF9 idle  wait()
 0A94:1A2C idle  WaitRetrace()
 0A94:00F2 idle  WhitePixel()
 0A94:1256 idle  WriteDSP(unsigned char)
 0A94:27F3 idle  wtbmpclrtbl(const char far*)
 0A94:2697 idle  wtbmpflhdr(const char far*)
 0A94:274F idle  wtbmpinfhdr(const char far*)
 0A94:43F5 idle  Xldbmp(int,int,char far*)
 0A94:66D9 idle  zoomcamera(point3d far&,float,float,float)
 0000:2665       _vector_delete_(void far*,unsigned int,unsigned long,unsigned int,...)
 0000:2801       _vector_new_(void far*,unsigned int,unsigned long,unsigned int,...)
 1D29:0000 idle  DATASEG@
 0000:0253       DGROUP@
 199A:0306       e087_Entry
 199A:03C6       e087_Shortcut
 199A:0430       e087_Trap
 0000:0000 idle  FIARQQ
 0000:0000 idle  FICRQQ
 0000:0000  Abs  FIDRQQ
 0000:0000  Abs  FIERQQ
 0000:0000  Abs  FISRQQ
 0000:0000  Abs  FIWRQQ
 0000:0000 idle  FJARQQ
 0000:0000 idle  FJCRQQ
 0000:0000  Abs  FJSRQQ
 0000:15D2 idle  FTOL@
 0000:15D2       F_FTOL@
 0000:18A8       F_LDIV@
 0000:18B7       F_LMOD@
 0000:18AF       F_LUDIV@
 0000:18BF       F_LUMOD@
 0000:1956       F_LXLSH@
 0000:1844       F_LXMUL@
 0000:1977       F_LXRSH@
 0000:4761       F_OVERFLOW@
 0000:1997 idle  F_PADA@
 0000:1A1F idle  F_PADD@
 0000:19DB idle  F_PSBA@
 0000:1A4E idle  F_PSUB@
 0000:185B       F_SCOPY@
 0000:1A82       F_SPUSH@
 0000:18A8 idle  LDIV@
 0000:18B7 idle  LMOD@
 0000:18AF idle  LUDIV@
 0000:18BF idle  LUMOD@
 0000:1956 idle  LXLSH@
 0000:1844 idle  LXMUL@
 0000:1977 idle  LXRSH@
 0000:15FE       N_FTOL@
 0000:18A5       N_LDIV@
 0000:18B4       N_LMOD@
 0000:18AC       N_LUDIV@
 0000:18BC       N_LUMOD@
 0000:1953       N_LXLSH@
 0000:1DA1       N_LXMUL@
 0000:1974 idle  N_LXRSH@
 0000:4761 idle  N_OVERFLOW@
 0000:1994       N_PADA@
 0000:1A1C       N_PADD@
 0000:1DB8       N_PCMP@
 0000:19D8       N_PSBA@
 0000:1A4B idle  N_PSUB@
 0000:1A7C idle  N_SPUSH@
 0000:4761 idle  OVERFLOW@
 0000:1997 idle  PADA@
 0000:1A1F idle  PADD@
 0000:19DB idle  PSBA@
 0000:1A4E idle  PSUB@
 0000:185B idle  SCOPY@
 0000:1A82 idle  SPUSH@
 0000:023C       _abort
 0000:1593       _acos
 1AFB:09F6 idle  _activepage
 15D4:12FB idle  _arc
 0000:15B3 idle  _asin
 0000:162A idle  _atexit
 0000:0551       _atof
 1AFB:0A18 idle  _B
 1AFB:0051 idle  _bank
 15D4:1C68       _bar
 15D4:1C8B idle  _bar3d
 1AFB:0096 idle  _Base
 1AFB:076E idle  _Bmp_fh
 1AFB:077C idle  _Bmp_ih
 1AFB:0AC2 idle  _cam
 1AFB:0ACE idle  _camera_rot_on
 1AFB:0AD0 idle  _camera_trans_on
 1AFB:0ACF idle  _camera_zoom_on
 1AFB:0B4F idle  _Camx
 1D29:0CCC idle  _cerr
 1D29:0C6A       _cin
 15D4:1326 idle  _circle
 15D4:0EFD       _cleardevice
 15D4:0FB3       _clearviewport
 19F7:001C idle  _clickbtn
 1D29:0CFC       _clog
 0000:481C       _close
 15D4:0E53 idle  _closegraph
 19F7:03B1 idle  _COLOR
 1AFB:07A4 idle  _ColorTable
 0000:1421       _cos
 1D29:0C9C       _cout
 0000:31FC idle  _cprintf
 19F7:035C idle  _curcolor
 1AFB:0A04 idle  _datebuf
 0000:346E       _delay
 15D4:0656 idle  _detectgraph
 1D29:0BEB       _directvideo
 1AFB:03B1 idle  _dpalette
 15D4:1C28 idle  _drawpoly
 15D4:1CCC       _ellipse
 1D29:0C2E       _environ
 0000:4882       _eof
 1D29:007F       _errno
 0000:17ED       _exit
 0000:3616 idle  _farfree
 0000:372A       _farmalloc
 0000:388E idle  _farrealloc
 0000:490B       _fclose
 0000:49BD       _fflush
 0000:519F       _fgetc
 0000:5294 idle  _fgetchar
 1AFB:0AD1 idle  _file
 15D4:1CFC idle  _fillellipse
 15D4:1C48 idle  _fillpoly
 19F7:0014 idle  _flag
 15D4:1EEB idle  _floodfill
 0000:4A91       _flushall
 0000:4CE2       _fopen
 0000:4D1E       _fprintf
 0000:5541 idle  _fputc
 0000:56E1 idle  _fputchar
 0000:4D41       _fputs
 0000:4E8B       _fread
 0000:3616       _free
 0000:4F20       _fscanf
 0000:4FD4       _fseek
 0000:505B       _ftell
 15D4:1D69 idle  _getarccoords
 15D4:1352 idle  _getaspectratio
 15D4:13FE idle  _getbkcolor
 0000:3AC7       _getch
 0000:3AF9 idle  _getche
 15D4:13ED       _getcolor
 15D4:1DE9       _getdefaultpalette
 15D4:10AF idle  _getdrivername
 15D4:1264 idle  _getfillpattern
 15D4:1213 idle  _getfillsettings
 15D4:0DFE idle  _getgraphmode
 15D4:209C idle  _getimage
 15D4:115B idle  _getlinesettings
 15D4:1DB3       _getmaxcolor
 15D4:1E27       _getmaxmode
 15D4:1089       _getmaxx
 15D4:109C       _getmaxy
 15D4:10D5 idle  _getmodename
 15D4:05B7 idle  _getmoderange
 15D4:14F8 idle  _getpalette
 15D4:1DCE       _getpalettesize
 15D4:205B       _getpixel
 0000:3C11       _gettext
 15D4:15DB idle  _gettextsettings
 0000:1877       _getvect
 15D4:0F94 idle  _getviewsettings
 15D4:106B       _getx
 15D4:107A       _gety
 0000:3BA2       _gotoxy
 15D4:0884 idle  _graphdefaults
 15D4:0193       _grapherrormsg
 15D4:030D       _graphresult
 1AFB:005F idle  _Header
 0000:302A       _highvideo
 1AFB:0025 idle  _i
 15D4:1517 idle  _imagesize
 15D4:096A       _initgraph
 1AFB:0014 idle  _initpal
 15D4:0BDE       _installuserdriver
 15D4:0CCC idle  _installuserfont
 0000:3CB8       _int86
 0000:3CF0 idle  _int86x
 0000:3D90       _ioctl
 0000:1B02       _isatty
 0000:3DC0       _kbhit
 1AFB:07E8 idle  _ldbarsize
 19F7:03A5 idle  _ldex
 19F7:03A7 idle  _ldey
 1AFB:07E4 idle  _ldstep
 19F7:03A1 idle  _ldsx
 19F7:03A3 idle  _ldsy
 1AFB:09F2 idle  _leth
 1AFB:09F0 idle  _letw
 15D4:1C05       _line
 15D4:1120 idle  _linerel
 15D4:10F9 idle  _lineto
 1AFB:0A16 idle  _logstatues
 19F7:03B3 idle  _logstatus
 0000:02EA       _longjmp
 19F7:03AB idle  _loop_flag
 0000:303D idle  _lowvideo
 0000:1BCA       _lseek
 0A94:9630       _main
 0000:3720       _malloc
 0000:1076       _matherr
 19F7:03AD idle  _maxx
 19F7:03AF idle  _maxy
 0000:52AA       _memcpy
 19F7:03B6 idle  _minx
 19F7:03B8 idle  _miny
 1AFB:09EC idle  _movedx
 1AFB:09EE idle  _movedy
 15D4:104B idle  _moverel
 0000:3DD9       _movetext
 15D4:1024       _moveto
 1AFB:07EC idle  _msg
 0000:3050 idle  _normvideo
 1AFB:0035 idle  _o
 1AFB:0B97 idle  _obj1
 1AFB:112B idle  _obj2
 19F7:001E idle  _oldmx
 19F7:0020 idle  _oldmy
 0000:530C       _open
 1AFB:0B47 idle  _ot
 1AFB:0A00 idle  _out
 15D4:15FA       _outtext
 15D4:1F60       _outtextxy
 19F7:03B5 idle  _page
 1AFB:09F8 idle  _pagelimit
 19F7:0000 idle  _pal
 1AFB:0A92 idle  _pg
 1AFB:0AA2 idle  _pg1
 1AFB:0AB2 idle  _pg2
 15D4:1388 idle  _pieslice
 15D4:18D3 idle  _postdevice
 0000:116A       _pow
 0000:1064       _pow10
 1AFB:16BF idle  _pr
 0000:54F9       _printf
 0000:3E7D       _putch
 15D4:154C idle  _putimage
 15D4:207C       _putpixel
 0000:3C6E       _puttext
 0000:46B6 idle  _raise
 0000:5A00       _read
 0000:3887 idle  _realloc
 15D4:11BD       _rectangle
 1AFB:0000 idle  _reenter
 15D4:03F3 idle  _registerfarbgidriver
 15D4:04AC idle  _registerfarbgifont
 15D4:0E21 idle  _restorecrtmode
 0000:5A03       _rewind
 1AFB:0045 idle  _s
 0000:5A2E       _scanf
 19F7:035A idle  _screen_height
 19F7:0358 idle  _screen_width
 15D4:1D39       _sector
 0000:2502       _segread
 15D4:19F7       _setactivepage
 15D4:140F idle  _setallpalette
 15D4:1370 idle  _setaspectratio
 15D4:13B3       _setbkcolor
 0000:4281       _setblock
 15D4:1D92       _setcolor
 15D4:1284 idle  _setfillpattern
 15D4:1230       _setfillstyle
 15D4:0580 idle  _setgraphbufsize
 15D4:0D76 idle  _setgraphmode
 0000:028C idle  _setjmp
 15D4:117A       _setlinestyle
 15D4:14B5 idle  _setpalette
 15D4:1E62       _setrgbpalette
 1AFB:09FA idle  _setsvgamode
 15D4:1648       _settextjustify
 15D4:1689       _settextstyle
 15D4:1858 idle  _setusercharsize
 0000:5A5B       _setvbuf
 0000:188D       _setvect
 15D4:0F18 idle  _setviewport
 15D4:19D4       _setvisualpage
 15D4:1A1D       _setwritemode
 0000:4577       _signal
 1AFB:16C3 idle  _simbody1
 0000:1304       _sin
 0000:5BCB       _sprintf
 0000:10A7       _sqrt
 19F7:03A9 idle  _steps
 0000:5C1C       _strcat
 0000:5C60       _strcmp
 0000:5C93       _strcpy
 0000:5DE0       _strlen
 0000:5E06       _strncpy
 0000:0C5E       _strtod
 19F7:0354 idle  _SVGA
 1AFB:004D idle  _switchbank
 1AFB:09FC idle  _t
 0000:2627       _tell
 0000:3011 idle  _textattr
 0000:2FE5 idle  _textbackground
 0000:2FBD idle  _textcolor
 15D4:187E       _textheight
 0000:4773       _textmode
 15D4:200D       _textwidth
 1AFB:0A0D idle  _timebuf
 19F7:039D idle  _timex
 19F7:039F idle  _timey
 1AFB:00B1 idle  _tpalette
 1AFB:0AC6 idle  _Trans
 1AFB:0B7F idle  _Transx
 0000:5E3F idle  _ungetc
 0000:3B2A idle  _ungetch
 0000:2646       _unlink
 1AFB:09F4 idle  _visualpage
 1AFB:008E idle  _Voice
 0000:5BF4 idle  _vsprintf
 1AFB:0098 idle  _WaveFile
 0000:47BC idle  _wherex
 0000:47D8 idle  _wherey
 0000:606E       _write
 1AFB:06B1 idle  _X
 19F7:03BA idle  _xscale
 19F7:03C2 idle  _yscale
 1AFB:0ACA idle  _Zoom
 1AFB:0B67 idle  _Zoomx
 19F7:03CA idle  _zscale
 1D29:0710       __8087
 0000:1000 idle  __AHINCR
 0000:000C idle  __AHSHIFT
 19F7:002C idle  __arrow
 1D29:0726       __atexitcnt
 1D29:0728       __atexittbl
 15D4:1AE1       __autodetect
 19F7:001A idle  __b
 1D29:02BC idle  __backcolor
 1D29:0237       __BGI_ADD
 1D29:009A       __BGI_auto
 1D29:0096       __BGI_ovr
 0000:39B7       __brk
 1D29:0089       __brklvl
 19F7:0284 idle  __brush
 1D29:006B idle  __C0argc
 1D29:006D idle  __C0argv
 0000:32F3 idle  __c0crtinit
 1D29:0071       __C0environ
 1D03:0014       __CALLEMSEXIT
 1D03:0010       __CALLEXTEMSSWAP
 1D03:0012       __CALLEXTEXIT
 19F7:01BC idle  __caret
 1D29:0C2D       __cChar
 0000:181C idle  __cexit
 1D29:0C2C       __cFlag
 0000:0155       __checknull
 1544:089B       __CHECKOVERLAY
 1544:0803       __CHECKSTACK
 0000:47F8       __chmod
 0000:0142       __cleanup
 0000:4857       __close
 0000:306A       __CPUTN
 19F7:00F4 idle  __cross
 0000:3317       __crtinit
 1D29:07A8       __ctype
 1AFB:0053 idle  __cursor
 0000:0000  Abs  __cvtfak
 0000:1831 idle  __c_exit
 1D29:0233       __DDO_ADD
 1D29:0724       __default87
 1544:000F idle  __DGROUP
 1D29:0A76       __doserrno
 0000:1AE9       __DOSERROR
 1D29:0A78 idle  __dosErrorToSV
 0000:16C2       __dos_findfirst
 0000:16FC       __dos_findnext
 0000:1730       __dos_getdate
 0000:1677       __dos_getfileattr
 0000:1752       __dos_gettime
 0000:169E idle  __dos_setfileattr
 1D29:02BA       __drawcolor
 1E17:0000       __emu
 1D29:0075       __envLng
 1D29:0077       __envseg
 1D29:0079       __envSize
 19F7:0090 idle  __eraser
 1D03:0254       __EXEDATE__
 1D03:0248       __EXENAME__
 0000:1803       __exit
 1D29:08AA       __exitbuf
 1D29:08AE       __exitfopen
 1D29:08B2 idle  __exitopen
 0000:10F0 idle  __EXPL
 0000:028B       __FAR_RETURN
 0000:5180       __fgetc
 19F7:0220 idle  __fill
 1D29:02BB       __fillcolor
 1D29:02BE       __fillstyle
 0000:8087 idle  __floatconvert
 1D29:0A70       __fmode
 1D29:02B2       __FON_ADD
 0000:0EAE       __fperror
 0000:0F80       __fpreset
 1D29:0A74       __fpstklen
 0000:054D idle  __fpuint
 0000:551E idle  __fputc
 0000:56FF       __FPUTN
 19F7:0158 idle  __free
 0000:4C89 idle  __GETFP
 0000:3B5F       __graphexit
 0000:3B74       __graphfreemem
 0000:3B8D       __graphgetmem
 15D4:0329 idle  __GraphNotInstalled
 15D4:22C0       __GRP_ovr
 15D4:1BB4       __gr_cleardevice
 15D4:1B52       __gr_detectgraph
 1D29:02B0 idle  __gr_ErrCode
 15D4:1E06       __gr_getmodename
 15D4:1A90       __gr_imagesize
 15D4:1BE8       __gr_lineto
 15D4:1BCB       __gr_moveto
 15D4:20D9       __gr_putimage
 15D4:1995       __gr_restorecrtmode
 15D4:1EA7       __gr_setallpalette
 15D4:1E43       __gr_setbkcolor
 15D4:1A40       __gr_setfillpattern
 15D4:1F30       __gr_setfillstyle
 15D4:195F       __gr_setgraphmode
 15D4:1EC2       __gr_setlinestyle
 15D4:1E88       __gr_setpalette
 15D4:1A73       __gr_settextjustify
 15D4:1F96       __gr_settextstyle
 15D4:1FE7       __gr_setusercharsize
 15D4:1933       __gr_setviewport
 15D4:203A       __gr_textheight
 1D29:0085       __heapbase
 1D29:008D       __heaptop
 1CE0:000C       __huge_dble
 1CE0:0008 idle  __huge_flt
 1CE0:0014 idle  __huge_ldble
 1CE0:001E idle  __indefinite
 15D4:1B8F       __initdevice
 1544:02A3 idle  __InitModules
 15D4:18EA       __installdevice
 1D29:005B idle  __Int0Vector
 1D29:005F idle  __Int4Vector
 1D29:0063 idle  __Int5Vector
 1D29:0067 idle  __Int6Vector
 0000:1AA3       __IOERROR
 1544:07CD       __ISOVERLAYMOD
 19F7:02E8 idle  __larrow
 1D29:0721       __LDT
 0000:056F       __LDTRUNC
 1D29:02BD       __linestyle
 0000:1B1A       __LONGTOA
 0000:1361       __matherr
 1CE2:000C       __mathwhy
 0000:1C00       __MKNAME
 0000:0255       __MMODEL
 1D29:0AE8       __new_handler
 0000:519C       __Nfgetc
 1D29:0A46       __nfile
 0000:3AF6 idle  __Ngetche
 1D29:0A72       __notUmask
 0000:5E3C       __Nungetc
 0000:3B27 idle  __Nungetch
 0000:549D       __open
 1D29:0A48       __openfd
 0000:4BB3 idle  __OPENFP
 1D29:007D idle  __osmajor
 1D29:007E idle  __osminor
 1D29:007D idle  __osversion
 0000:026E       __OverlayHalt
 1D29:02C5 idle  __OverScanColor
 1D03:001A idle  __OVRBACKLINK__
 1D03:00B2       __OvrCodeList
 1D03:00B8       __OvrDosHandle
 1544:019B idle  __OVREXIT
 1D03:00A4       __OvrFileBase
 1D03:001C       __OVRFILENAME
 1544:000D idle  __OVRGROUP
 1D03:00B6       __OvrHeapEnd
 1D03:00B4       __OvrHeapOrg
 1D03:00B0       __OvrHeapPtr
 1D03:0016       __OVRHOOK__
 1544:0018 idle  __OVRINIT
 1D03:00BA       __OvrLoadCount
 1D03:00BC       __OvrLoadList
 1D03:00A2       __OvrMemorySwap
 1D03:00AA       __OvrMinHeapSize
 1D03:00AE       __OvrProbation
 1D03:00A8       __OvrRetrySize
 1D29:0092       __OvrSize
 1D03:00AC       __OvrTrapCount
 1D03:00A0       __OVRTRAP__
 0000:0F8F       __POW10
 1D29:0720       __protected
 1D29:007B       __psp
 0000:1DD9       __read
 1544:04CE idle  __ReadOvrDisk
 0000:3E99       __REALCVT
 1D29:0E7C       __RealCvtVector
 15D4:18EF       __reinstalldevice
 0000:01AB       __restorezero
 0000:3A09       __sbrk
 0000:1E15       __scanner
 0000:3EB7       __scanpop
 0000:3EAD       __scanrslt
 0000:3EA3       __scantod
 1D29:0E80       __ScanTodVector
 0000:2354       __scantol
 0000:4028       __SCREENIO
 0000:40FC       __SCROLL
 1D03:0248       __SEGTABEND__
 1D03:00C0       __SEGTABLE__
 0000:0000 idle  __setenvp__
 0000:252C       __setupio
 19F7:002A idle  __showMouseStatus
 1D29:0081 idle  __StartTime
 1D29:02B6       __StatOfs
 1D29:02B8       __StatSeg
 1D29:0B70       __stklen
 0000:2F82       __stpcpy
 0000:5D69       __strdate
 1D29:08B6       __streams
 0000:5DA5       __strtime
 0000:0BE5 idle  __strtold
 1AFB:005B idle  __temp
 0000:0156       __terminate
 1CE0:0022 idle  __tiny_ldble
 0000:1C64 idle  __TMPNAM
 1AFB:0057 idle  __tool
 0000:0000 idle  __turboCrt
 0000:0000  Abs  __turboCvt
 0000:8087  Abs  __turboFloat
 0000:1BA3       __UTOA
 0000:4077       __VALIDATEXY
 1D29:007D       __version
 1D29:0BDC       __video
 0000:3266       __VideoInt
 0000:2A0A       __VPRINTER
 0000:2EBD       __VPTR
 0000:2EFB       __VRAM
 0000:47AB       __wherexy
 19F7:002B idle  __wrapAround
 0000:601F       __write
 1D29:0BDA       __wscroll
 19F7:0016 idle  __x
 0000:0C9F       __XCVT
 0000:6071       __xfclose
 0000:60B9       __xfflush
 19F7:0026 idle  __xmaxm
 19F7:0022 idle  __xminm
 19F7:0018 idle  __y
 19F7:0028 idle  __ymaxm
 19F7:0024 idle  __yminm
 0000:34D6 idle  ___first
 0000:047C       ___fpreset
 0000:34D8 idle  ___last
 15D4:0178 idle  ___move
 0000:5911       ___read
 0000:34DA idle  ___rover
 1D29:0B6C       ___SignalPtr
 0000:5EB1       ___write

  Address         Publics by Value

 0000:0000  Abs  FIERQQ
 0000:0000  Abs  FIWRQQ
 0000:0000  Abs  FIDRQQ
 0000:0000  Abs  __turboCvt
 0000:0000 idle  FIARQQ
 0000:0000 idle  FICRQQ
 0000:0000  Abs  FISRQQ
 0000:0000 idle  FJARQQ
 0000:0000 idle  FJCRQQ
 0000:0000  Abs  FJSRQQ
 0000:0000 idle  __turboCrt
 0000:0000  Abs  __cvtfak
 0000:0000 idle  __setenvp__
 0000:000C idle  __AHSHIFT
 0000:1000 idle  __AHINCR
 0000:8087  Abs  __turboFloat
 0000:8087 idle  __floatconvert
 0000:0142       __cleanup
 0000:0155       __checknull
 0000:0156       __terminate
 0000:01AB       __restorezero
 0000:023C       _abort
 0000:0253       DGROUP@
 0000:0255       __MMODEL
 0000:026E       __OverlayHalt
 0000:028B       __FAR_RETURN
 0000:028C idle  _setjmp
 0000:02EA       _longjmp
 0000:047C       ___fpreset
 0000:054D idle  __fpuint
 0000:0551       _atof
 0000:056F       __LDTRUNC
 0000:0BE5 idle  __strtold
 0000:0C5E       _strtod
 0000:0C9F       __XCVT
 0000:0EAE       __fperror
 0000:0F80       __fpreset
 0000:0F8F       __POW10
 0000:1064       _pow10
 0000:1076       _matherr
 0000:10A7       _sqrt
 0000:10F0 idle  __EXPL
 0000:116A       _pow
 0000:1304       _sin
 0000:1361       __matherr
 0000:1421       _cos
 0000:1593       _acos
 0000:15B3 idle  _asin
 0000:15D2       F_FTOL@
 0000:15D2 idle  FTOL@
 0000:15FE       N_FTOL@
 0000:162A idle  _atexit
 0000:165E       operator delete(void far*)
 0000:1677       __dos_getfileattr
 0000:169E idle  __dos_setfileattr
 0000:16C2       __dos_findfirst
 0000:16FC       __dos_findnext
 0000:1730       __dos_getdate
 0000:1752       __dos_gettime
 0000:17ED       _exit
 0000:1803       __exit
 0000:181C idle  __cexit
 0000:1831 idle  __c_exit
 0000:1844       F_LXMUL@
 0000:1844 idle  LXMUL@
 0000:185B       F_SCOPY@
 0000:185B idle  SCOPY@
 0000:1877       _getvect
 0000:188D       _setvect
 0000:18A5       N_LDIV@
 0000:18A8       F_LDIV@
 0000:18A8 idle  LDIV@
 0000:18AC       N_LUDIV@
 0000:18AF       F_LUDIV@
 0000:18AF idle  LUDIV@
 0000:18B4       N_LMOD@
 0000:18B7       F_LMOD@
 0000:18B7 idle  LMOD@
 0000:18BC       N_LUMOD@
 0000:18BF       F_LUMOD@
 0000:18BF idle  LUMOD@
 0000:1953       N_LXLSH@
 0000:1956       F_LXLSH@
 0000:1956 idle  LXLSH@
 0000:1974 idle  N_LXRSH@
 0000:1977       F_LXRSH@
 0000:1977 idle  LXRSH@
 0000:1994       N_PADA@
 0000:1997 idle  F_PADA@
 0000:1997 idle  PADA@
 0000:19D8       N_PSBA@
 0000:19DB idle  PSBA@
 0000:19DB idle  F_PSBA@
 0000:1A1C       N_PADD@
 0000:1A1F idle  F_PADD@
 0000:1A1F idle  PADD@
 0000:1A4B idle  N_PSUB@
 0000:1A4E idle  F_PSUB@
 0000:1A4E idle  PSUB@
 0000:1A7C idle  N_SPUSH@
 0000:1A82       F_SPUSH@
 0000:1A82 idle  SPUSH@
 0000:1AA3       __IOERROR
 0000:1AE9       __DOSERROR
 0000:1B02       _isatty
 0000:1B1A       __LONGTOA
 0000:1BA3       __UTOA
 0000:1BCA       _lseek
 0000:1C00       __MKNAME
 0000:1C64 idle  __TMPNAM
 0000:1CC2 idle  set_new_handler(void(far*)())
 0000:1CF3       operator new(unsigned int)
 0000:1D3C       operator new(unsigned long)
 0000:1DA1       N_LXMUL@
 0000:1DB8       N_PCMP@
 0000:1DD9       __read
 0000:1E15       __scanner
 0000:2354       __scantol
 0000:2502       _segread
 0000:252C       __setupio
 0000:2627       _tell
 0000:2646       _unlink
 0000:2665       _vector_delete_(void far*,unsigned int,unsigned long,unsigned int,...)
 0000:2801       _vector_new_(void far*,unsigned int,unsigned long,unsigned int,...)
 0000:2A0A       __VPRINTER
 0000:2EBD       __VPTR
 0000:2EFB       __VRAM
 0000:2F82       __stpcpy
 0000:2FBD idle  _textcolor
 0000:2FE5 idle  _textbackground
 0000:3011 idle  _textattr
 0000:302A       _highvideo
 0000:303D idle  _lowvideo
 0000:3050 idle  _normvideo
 0000:306A       __CPUTN
 0000:31FC idle  _cprintf
 0000:3266       __VideoInt
 0000:32F3 idle  __c0crtinit
 0000:3317       __crtinit
 0000:346E       _delay
 0000:34D6 idle  ___first
 0000:34D8 idle  ___last
 0000:34DA idle  ___rover
 0000:3616       _free
 0000:3616 idle  _farfree
 0000:3720       _malloc
 0000:372A       _farmalloc
 0000:3887 idle  _realloc
 0000:388E idle  _farrealloc
 0000:39B7       __brk
 0000:3A09       __sbrk
 0000:3AC7       _getch
 0000:3AF6 idle  __Ngetche
 0000:3AF9 idle  _getche
 0000:3B27 idle  __Nungetch
 0000:3B2A idle  _ungetch
 0000:3B5F       __graphexit
 0000:3B74       __graphfreemem
 0000:3B8D       __graphgetmem
 0000:3BA2       _gotoxy
 0000:3C11       _gettext
 0000:3C6E       _puttext
 0000:3CB8       _int86
 0000:3CF0 idle  _int86x
 0000:3D90       _ioctl
 0000:3DC0       _kbhit
 0000:3DD9       _movetext
 0000:3E7D       _putch
 0000:3E99       __REALCVT
 0000:3EA3       __scantod
 0000:3EAD       __scanrslt
 0000:3EB7       __scanpop
 0000:4028       __SCREENIO
 0000:4077       __VALIDATEXY
 0000:40FC       __SCROLL
 0000:4281       _setblock
 0000:4577       _signal
 0000:46B6 idle  _raise
 0000:4761       F_OVERFLOW@
 0000:4761 idle  N_OVERFLOW@
 0000:4761 idle  OVERFLOW@
 0000:4773       _textmode
 0000:47AB       __wherexy
 0000:47BC idle  _wherex
 0000:47D8 idle  _wherey
 0000:47F8       __chmod
 0000:481C       _close
 0000:4857       __close
 0000:4882       _eof
 0000:490B       _fclose
 0000:49BD       _fflush
 0000:4A91       _flushall
 0000:4BB3 idle  __OPENFP
 0000:4C89 idle  __GETFP
 0000:4CE2       _fopen
 0000:4D1E       _fprintf
 0000:4D41       _fputs
 0000:4E8B       _fread
 0000:4F20       _fscanf
 0000:4FD4       _fseek
 0000:505B       _ftell
 0000:5180       __fgetc
 0000:519C       __Nfgetc
 0000:519F       _fgetc
 0000:5294 idle  _fgetchar
 0000:52AA       _memcpy
 0000:530C       _open
 0000:549D       __open
 0000:54F9       _printf
 0000:551E idle  __fputc
 0000:5541 idle  _fputc
 0000:56E1 idle  _fputchar
 0000:56FF       __FPUTN
 0000:5911       ___read
 0000:5A00       _read
 0000:5A03       _rewind
 0000:5A2E       _scanf
 0000:5A5B       _setvbuf
 0000:5BCB       _sprintf
 0000:5BF4 idle  _vsprintf
 0000:5C1C       _strcat
 0000:5C60       _strcmp
 0000:5C93       _strcpy
 0000:5D69       __strdate
 0000:5DA5       __strtime
 0000:5DE0       _strlen
 0000:5E06       _strncpy
 0000:5E3C       __Nungetc
 0000:5E3F idle  _ungetc
 0000:5EB1       ___write
 0000:601F       __write
 0000:606E       _write
 0000:6071       __xfclose
 0000:60B9       __xfflush
 0000:6244 idle  Iostream_delete()
 0000:634C       endl(ostream far&)
 0000:637C       filebuf::close()
 0000:642A       filebuf::filebuf()
 0000:6546       filebuf::filebuf(int)
 0000:6663       filebuf::~filebuf()
 0000:6705       filebuf::overflow(int)
 0000:688C       filebuf::open(const char far*,int,int)
 0000:69F2       filebuf::setbuf(char far*,int)
 0000:6AB5       filebuf::seekoff(long,seek_dir,int)
 0000:6C71       filebuf::sync()
 0000:6D7B       filebuf::underflow()
 0000:6F65       fstreambase::close()
 0000:6FAA       fstreambase::fstreambase()
 0000:7059       fstreambase::fstreambase(const char far*,int,int)
 0000:7125       fstreambase::~fstreambase()
 0000:71B3       fstreambase::open(const char far*,int,int)
 0000:7220       ifstream::~ifstream()
 0000:72DA       fstream::fstream()
 0000:73D6       fstream::fstream(const char far*,int,int)
 0000:74DE       fstream::~fstream()
 0000:75B7       iostream::iostream()
 0000:768A       iostream::~iostream()
 0000:7744       iostream_withassign::~iostream_withassign()
 0000:77E9       istream_withassign::operator =(streambuf far*)
 0000:7810       istream::istream()
 0000:789E       istream_withassign::istream_withassign()
 0000:7935       istream::do_get()
 0000:79D0       istream::ipfx(int)
 0000:7A92       istream::~istream()
 0000:7B0A       istream_withassign::~istream_withassign()
 0000:7B93       istream::eatwhite()
 0000:7C70       istream::operator >>(double far&)
 0000:7D02       istream::operator >>(int far&)
 0000:7D43       istream::operator >>(long double far&)
 0000:87DD       istream::operator >>(long far&)
 0000:8A4D       istream::get(char far&)
 0000:8B3E       istream::get(unsigned char far&)
 0000:8C2F       istream::read(char far*,int)
 0000:8D42       istream::seekg(long,seek_dir)
 0000:8DA2       ofstream::~ofstream()
 0000:8E5C idle  fpclass(long double)
 0000:8EA6 idle  fpcopysign(long double,long double)
 0000:93C1       ostream::operator <<(long double)
 0000:94E6       ostream_withassign::operator =(streambuf far*)
 0000:950D       ostream::ostream()
 0000:9592       ostream_withassign::ostream_withassign()
 0000:9629       ostream::~ostream()
 0000:96AE       ostream_withassign::~ostream_withassign()
 0000:9737       ostream::flush()
 0000:9877       ostream::operator <<(long)
 0000:99F4 idle  ostream::operator <<(unsigned long)
 0000:9B06       ostream::operator <<(char)
 0000:9BDD       ostream::do_opfx()
 0000:9C17       ostream::do_osfx()
 0000:9C72       ostream::outstr(const char far*,const char far*)
 0000:9F8C       ostream::seekp(long,seek_dir)
 0000:9FEC       ostream::write(const char far*,int)
 0000:A03F       streambuf::doallocate()
 0000:A090       streambuf::streambuf()
 0000:A164       streambuf::do_snextc()
 0000:A198       streambuf::do_sgetn(char far*,int)
 0000:A24F       streambuf::do_sputn(const char far*,int)
 0000:A2F8       streambuf::~streambuf()
 0000:A374       streambuf::overflow(int)
 0000:A383       streambuf::pbackfail(int)
 0000:A392       streambuf::setbuf(char far*,int)
 0000:A3C5       streambuf::setb(char far*,char far*,int)
 0000:A47B       streambuf::setg(char far*,char far*,char far*)
 0000:A4EC       streambuf::setp(char far*,char far*)
 0000:A53F       streambuf::seekoff(long,seek_dir,int)
 0000:A551       streambuf::seekpos(long,int)
 0000:A57C       streambuf::sputn(const char far*,int)
 0000:A5F9       streambuf::sync()
 0000:A64C       streambuf::underflow()
 0000:A686       ios::clear(int)
 0000:A6C7       ios::ios()
 0000:A713       ios::~ios()
 0000:A76A       ios::init(streambuf far*)
 0000:A7C5       ios::setf(long)
 0000:A8B0       ios::setstate(int)
 0000:A8DD       ios::tie(ostream far*)
 0A94:000E idle  float_trap(int)
 0A94:0073 idle  setup_float_exception()
 0A94:00A6 idle  reboot()
 0A94:00F2 idle  WhitePixel()
 0A94:0140 idle  DetectVGA256()
 0A94:01EC idle  DetectVGAS3()
 0A94:02A5 idle  DetectVGA64k()
 0A94:0351 idle  DetectVGA24bit()
 0A94:03FD idle  DetectVGA32k()
 0A94:04A9 idle  DetectVGA16()
 0A94:0555 idle  DetectTwk16()
 0A94:0601 idle  DetectTwk256()
 0A94:06AD idle  DetectBGIVGA256()
 0A94:06CD idle  initsvga()
 0A94:076F idle  SetPallete(unsigned char,unsigned char,unsigned char,unsigned char)
 0A94:07C0 idle  GetVesaInfo(VesaInfo far*)
 0A94:07F3 idle  GetModeInfo(int,ModeInfo far*)
 0A94:0826 idle  SetMode(int,int)
 0A94:094E idle  GetPixel(int,int)
 0A94:0A11 idle  PutPixel(int,int,unsigned char)
 0A94:0AD1 idle  SwitchBank(int)
 0A94:0AF9 idle  wait()
 0A94:0B23 idle  getsvgainfo()
 0A94:0B5B idle  getvesainfo()
 0A94:0B93 idle  getvesamdeinfo(int,modeinfo far*)
 0A94:0BC6 idle  setvesamode(int)
 0A94:0BEB idle  HideMouse()
 0A94:0D3D idle  DrawCursor(unsigned char)
 0A94:0E11 idle  InitMouse()
 0A94:0EC0 idle  CheckMouse()
 0A94:0F0C idle  ResetMouse()
 0A94:0F38 idle  ShowMouse()
 0A94:0F6B idle  PutMousePixel(unsigned int,unsigned int)
 0A94:0FB5 idle  changespeed(unsigned int)
 0A94:1002 idle  changeacceleration(unsigned int)
 0A94:1045 idle  ismouse(int,int,int,int)
 0A94:1089 idle  mclick(int,int,int,int)
 0A94:10D6 idle  moving()
 0A94:11AF idle  setmousecursor(unsigned char far*)
 0A94:11E1 idle  ResetDSP(unsigned int)
 0A94:1256 idle  WriteDSP(unsigned char)
 0A94:129E idle  PlayBack(WaveData far*)
 0A94:13AF idle  LoadVoice(WaveData far*,char far*)
 0A94:1563 idle  playwav(char far*,float)
 0A94:15F6 idle  CHECKHARDWARE()
 0A94:1615 idle  set_mode_svga(unsigned char)
 0A94:1657 idle  checksvga(int far&,int far&)
 0A94:16C2 idle  putsvgapixel(int,int,unsigned char)
 0A94:1706 idle  getsvgapixel(int,int)
 0A94:1747 idle  svgaline(int,int,int,int,unsigned char)
 0A94:188F idle  svgarectangle(int,int,int,int,unsigned char)
 0A94:1902 idle  svgacircle(int,int,int,unsigned char)
 0A94:19F2 idle  set_svga_palette(unsigned char far*)
 0A94:1A2C idle  WaitRetrace()
 0A94:1A56 idle  setbwpal()
 0A94:1AF3 idle  fadein()
 0A94:1B5A idle  set_svga_color(unsigned char)
 0A94:1B7D idle  get_svga_color()
 0A94:1B9D idle  get_svga_maxx()
 0A94:1BBE idle  get_svga_maxy()
 0A94:1BDF idle  set_svga_rgbpalette(int,int,int,int)
 0A94:1C43 idle  BITMAP::put_pixel(int far&,int far&,unsigned char far&,int)
 0A94:1CDA idle  BITMAP::power(int)
 0A94:1D16 idle  BITMAP::show_message(char far*)
 0A94:1D48 idle  BITMAP::open_file()
 0A94:1DAA idle  BITMAP::load_palette()
 0A94:1E3B idle  BITMAP::show_one_bit_bitmap()
 0A94:2038 idle  BITMAP::show_four_bit_bitmap()
 0A94:21E4 idle  BITMAP::show_eight_bit_bitmap()
 0A94:2303 idle  BITMAP::setpalette(char far*)
[...]
   144 0A94:3A20   145 0A94:3A40   146 0A94:3A5E   147 0A94:3A7E
   149 0A94:3A81   150 0A94:3A92   151 0A94:3AAE   152 0A94:3ACC
   153 0A94:3AEC   154 0A94:3B07   156 0A94:3B0A   157 0A94:3B1B
   158 0A94:3B37   159 0A94:3B55   160 0A94:3B71   161 0A94:3B91
   162 0A94:3BAC   164 0A94:3BAF   165 0A94:3BC0   166 0A94:3BDC
   167 0A94:3BFC   168 0A94:3C1C   170 0A94:3C1F   171 0A94:3C30
   172 0A94:3C4C   173 0A94:3C6C   174 0A94:3C8A   175 0A94:3CA6
   176 0A94:3CC6   177 0A94:3CE1   179 0A94:3CE4   180 0A94:3CF5
   181 0A94:3D11   182 0A94:3D31   183 0A94:3D4F   184 0A94:3D6F
   185 0A94:3D8A   187 0A94:3D8D   188 0A94:3D9E   189 0A94:3DBA
   190 0A94:3DDA   191 0A94:3DF6   192 0A94:3E16   193 0A94:3E31
   196 0A94:3E31   197 0A94:3E4A   200 0A94:3E6F   202 0A94:3E74
   203 0A94:3E85   206 0A94:3E96   208 0A94:3EA0   209 0A94:3EB6
   210 0A94:3EC7   213 0A94:3EDA   215 0A94:3EE5   216 0A94:3EF0
   217 0A94:3EFB   218 0A94:3F15   219 0A94:3F26   220 0A94:3F39
   223 0A94:3F4C   225 0A94:3F5E   226 0A94:3F69   228 0A94:3F74
   229 0A94:3F8E   230 0A94:3FB2   231 0A94:3FC0   232 0A94:3FD1
   233 0A94:3FE4   236 0A94:3FF7   238 0A94:4009   239 0A94:4014
   240 0A94:401F   241 0A94:4039   242 0A94:405D   243 0A94:408D
   244 0A94:409B   245 0A94:40AE   246 0A94:40C1   247 0A94:40D4
   249 0A94:40E7   258 0A94:40EE   260 0A94:4108   261 0A94:4118
   262 0A94:4134   263 0A94:4153   264 0A94:416F   265 0A94:418C
   266 0A94:41A8   268 0A94:41AB   270 0A94:41CD   271 0A94:41EE
   272 0A94:4209   274 0A94:420E   276 0A94:4228   278 0A94:4241
   277 0A94:4268   279 0A94:427A   281 0A94:427D   283 0A94:4297
   284 0A94:42A7   285 0A94:42B7   286 0A94:42B7   288 0A94:42DB
   289 0A94:42F0   291 0A94:42F5   293 0A94:42FB   294 0A94:4307
   295 0A94:4309   297 0A94:430C   299 0A94:4326   300 0A94:4332
   301 0A94:4349   302 0A94:434B   304 0A94:434E   309 0A94:4369
   310 0A94:4370   312 0A94:4374   313 0A94:438C   314 0A94:4399
   315 0A94:439E   317 0A94:43AA   345 0A94:43AE   347 0A94:43C8
   348 0A94:43D6   349 0A94:43E9   350 0A94:43F2   353 0A94:43F5
   355 0A94:440F   356 0A94:4413   357 0A94:442F   365 0A94:4433
   367 0A94:4436   369 0A94:4450   370 0A94:4468   371 0A94:4486
   372 0A94:448D   373 0A94:4499   374 0A94:44A2   376 0A94:44AA
   377 0A94:44BE   378 0A94:44C0   383 0A94:44C3   386 0A94:44DD
   387 0A94:44E8   388 0A94:44EC   389 0A94:44F7   391 0A94:44FA
   394 0A94:4514   395 0A94:4523   396 0A94:4537   397 0A94:4550
   398 0A94:4555   399 0A94:455A   400 0A94:4567   402 0A94:456A
   405 0A94:4587   407 0A94:459D   409 0A94:45A3   410 0A94:45BB
   412 0A94:45D0   413 0A94:45D2   415 0A94:45D8   416 0A94:45F0
   418 0A94:4605   419 0A94:4607   421 0A94:460D   422 0A94:4625
   424 0A94:463A   426 0A94:463A   428 0A94:463F   431 0A94:465C
   433 0A94:4672   435 0A94:4678   436 0A94:4690   438 0A94:46A5
   439 0A94:46A7   441 0A94:46AD   442 0A94:46C5   444 0A94:46DA
   445 0A94:46DC   447 0A94:46E2   448 0A94:46FA   450 0A94:470F
   452 0A94:470F   454 0A94:4714   455 0A94:4733   457 0A94:4743
   458 0A94:4751   460 0A94:4757   461 0A94:4767   462 0A94:47BD
   463 0A94:47D2   465 0A94:47E7   467 0A94:47EC   468 0A94:480B
   470 0A94:481B   471 0A94:4829   473 0A94:482F   474 0A94:483F
   475 0A94:4854   476 0A94:4860   479 0A94:48BE   483 0A94:48C3
   485 0A94:48E1   486 0A94:48EF   488 0A94:48FD   489 0A94:48FF
   490 0A94:491B   493 0A94:494A   495 0A94:4953   497 0A94:495C
   498 0A94:4975   500 0A94:4982   501 0A94:499A   502 0A94:49A8
   504 0A94:49B5   505 0A94:49C1   508 0A94:49CF   510 0A94:49D1
   511 0A94:49DF   512 0A94:49FB   513 0A94:4A3F   516 0A94:4A41
   517 0A94:4A58   518 0A94:4A65   519 0A94:4A72   491 0A94:4A73
   523 0A94:4A82   526 0A94:4A8D   528 0A94:4A9D   530 0A94:4AA3
   535 0A94:4AC2   536 0A94:4AC5   537 0A94:4ACB   538 0A94:4ADB
   539 0A94:4AEB   540 0A94:4AF4   541 0A94:4AFD   542 0A94:4B09
   543 0A94:4B14   544 0A94:4B24   545 0A94:4B35   546 0A94:4B45
   547 0A94:4B50   548 0A94:4B79   549 0A94:4B85   551 0A94:4BA7
   552 0A94:4BAA   555 0A94:4BB1   556 0A94:4BB9   557 0A94:4BBA
   558 0A94:4BC5   559 0A94:4BE7   560 0A94:4BF3   561 0A94:4C15
   562 0A94:4C1B   563 0A94:4C1F   565 0A94:4C30   567 0A94:4C36
   568 0A94:4C3D   570 0A94:4C40   572 0A94:4C46   573 0A94:4C49
   574 0A94:4C54   575 0A94:4C76   576 0A94:4C82   577 0A94:4CA4
   578 0A94:4CA8   579 0A94:4CB9   581 0A94:4CBC   582 0A94:4CC5
   584 0A94:4CD3   585 0A94:4CDA   589 0A94:4CDF   590 0A94:4CE5
   593 0A94:4CEC   600 0A94:4D0B   601 0A94:4D19   602 0A94:4D27
   606 0A94:4D39   607 0A94:4D49   609 0A94:4D59   612 0A94:4D5E
   613 0A94:4D6A   614 0A94:4D75   615 0A94:4D85   616 0A94:4D96
   618 0A94:4DA6   619 0A94:4DB1   620 0A94:4DE3   621 0A94:4DEF
   623 0A94:4E21   624 0A94:4E26   627 0A94:4E2A   628 0A94:4E32
   629 0A94:4E33   630 0A94:4E37   631 0A94:4E40   632 0A94:4E44
   634 0A94:4E57   636 0A94:4E5D   637 0A94:4E61   640 0A94:4E64
   642 0A94:4E6D   643 0A94:4E70   645 0A94:4E77   646 0A94:4E82
   647 0A94:4EB4   648 0A94:4EC0   650 0A94:4EF2   651 0A94:4EF6
   652 0A94:4EFF   653 0A94:4F03   654 0A94:4F16   656 0A94:4F19
   657 0A94:4F1F   659 0A94:4F22   661 0A94:4F2E   662 0A94:4F33
   664 0A94:4F4A   665 0A94:4F5E   670 0A94:4F62   671 0A94:4F76
   674 0A94:4F83   675 0A94:4F86   677 0A94:4F8D   679 0A94:4FA9
   680 0A94:4FC0   681 0A94:4FC9   682 0A94:4FD0   683 0A94:4FD1
   684 0A94:4FD5   685 0A94:4FF1   686 0A94:4FF7   687 0A94:4FFC
   689 0A94:5016   690 0A94:5031   691 0A94:504D   692 0A94:5069
   693 0A94:5086   694 0A94:50A2   695 0A94:50BF   696 0A94:50DC
   697 0A94:50FA   698 0A94:5118   699 0A94:5134   700 0A94:5150
   701 0A94:516D   702 0A94:5189   703 0A94:51A6   704 0A94:51C3
   705 0A94:51E1   708 0A94:51E4   710 0A94:51FE   711 0A94:520E
   712 0A94:521C   713 0A94:5259   714 0A94:525B   715 0A94:525E
   717 0A94:5283   718 0A94:528B   719 0A94:529A   720 0A94:52B0
   721 0A94:52BB   722 0A94:52D4   723 0A94:52E4   724 0A94:52FE
   725 0A94:531E   726 0A94:533E   727 0A94:5358   728 0A94:5378
   729 0A94:5398   730 0A94:53B2   731 0A94:53D2   732 0A94:53F2
   733 0A94:540C   735 0A94:540E   737 0A94:5415   740 0A94:5435
   742 0A94:5442   745 0A94:5449   746 0A94:5456   747 0A94:5458
   750 0A94:5481   751 0A94:549C   752 0A94:54A3   753 0A94:54B2
   754 0A94:54B9   756 0A94:54C8   748 0A94:54D4   759 0A94:54DB
   760 0A94:54DC   743 0A94:54E8   763 0A94:5506   764 0A94:5508
   765 0A94:550F   769 0A94:552D   771 0A94:5547   773 0A94:5550
   774 0A94:556E   775 0A94:557A   776 0A94:5589   779 0A94:558B
   780 0A94:5590   781 0A94:559D   770 0A94:55A2   784 0A94:55A6
   785 0A94:55A8   787 0A94:55AE   789 0A94:55D0   790 0A94:55E1
   791 0A94:55F2   792 0A94:55F4   794 0A94:55F9   795 0A94:561E
   796 0A94:562C   797 0A94:563A   799 0A94:5642   800 0A94:5653
   801 0A94:5664   802 0A94:5678   803 0A94:568D   804 0A94:56A2
   805 0A94:56B6   806 0A94:56CE   807 0A94:56E6   808 0A94:56EA
   809 0A94:56FB   810 0A94:570C   811 0A94:5720   812 0A94:5735
   813 0A94:574A   814 0A94:575E   815 0A94:5776   817 0A94:57A8
   819 0A94:57AF   820 0A94:57D4   821 0A94:57E4   822 0A94:57EA
   823 0A94:57F8   824 0A94:5806   826 0A94:580E   827 0A94:581F
   828 0A94:5830   829 0A94:5844   830 0A94:5859   831 0A94:586E
   832 0A94:5882   833 0A94:589A   834 0A94:58B2   835 0A94:58B6
   836 0A94:58C7   837 0A94:58D8   838 0A94:58EC   839 0A94:5901
   840 0A94:5916   841 0A94:592A   842 0A94:5942   844 0A94:5974
   845 0A94:597B   847 0A94:5995   848 0A94:5999   850 0A94:59A5
   852 0A94:59BA   853 0A94:59CD   854 0A94:59FD   855 0A94:5A09
   856 0A94:5A0D   857 0A94:5A20   859 0A94:5A77   860 0A94:5A8A
   861 0A94:5AB9   862 0A94:5ACC   863 0A94:5AD5   864 0A94:5AD9
   866 0A94:5ADE   869 0A94:5AE2   871 0A94:5AE5   873 0A94:5AE8
   875 0A94:5B02   876 0A94:5B15   877 0A94:5B28   879 0A94:5B48
   881 0A94:5B4B
    45 0A94:5B4E    48 0A94:5B6D    49 0A94:5B71    50 0A94:5BB5
    51 0A94:5BC6    52 0A94:5BD4    53 0A94:5BD6    55 0A94:5BDB
    59 0A94:5BF9    60 0A94:5C0C    62 0A94:5C18    65 0A94:5C1D
    67 0A94:5C60    68 0A94:5C9C    69 0A94:5CA8    70 0A94:5CAC
    74 0A94:5CE8    77 0A94:5CEC    79 0A94:5CFA    80 0A94:5D06
    81 0A94:5D12    84 0A94:5D28    88 0A94:5D2E    95 0A94:5D4C
    96 0A94:5D65    97 0A94:5D6A    98 0A94:5D72    99 0A94:5D7F
   101 0A94:5D8A   102 0A94:5D8F   103 0A94:5DA1   104 0A94:5DC8
   105 0A94:5DD1   112 0A94:5DEE   114 0A94:5DF2   117 0A94:5E4F
   119 0A94:5E5D   120 0A94:5E74   121 0A94:5E94   122 0A94:5EAC
   123 0A94:5EC1   125 0A94:5EC8
     2 0A94:5ECE     5 0A94:5EEB     6 0A94:5F02     7 0A94:5F13
     8 0A94:5F2E    10 0A94:5F33    12 0A94:5F51    13 0A94:5F63
    16 0A94:5F67    17 0A94:5F80    18 0A94:5F8C    19 0A94:5F98
    14 0A94:5F99    21 0A94:5FC2    22 0A94:5FC4    24 0A94:5FCA
    26 0A94:5FE9    27 0A94:6002    31 0A94:601D    32 0A94:6030
    34 0A94:603E    35 0A94:6057    36 0A94:605C    38 0A94:6063
    39 0A94:6066    41 0A94:60AB
    20 0A94:60B2    22 0A94:60CF    23 0A94:60E5    24 0A94:60F2
    25 0A94:60F6    52 0A94:60FB    54 0A94:6115    55 0A94:6127
    56 0A94:613D    57 0A94:6155    59 0A94:6158    61 0A94:6172
    62 0A94:61A2    63 0A94:61D6    66 0A94:61D9    68 0A94:61F3
    69 0A94:6223    70 0A94:6257    71 0A94:628B    73 0A94:628E
    75 0A94:62AB    77 0A94:62C3    78 0A94:630A    79 0A94:6351
    80 0A94:635E    81 0A94:636D    83 0A94:6372    85 0A94:638C
    86 0A94:63AA    87 0A94:63C4    88 0A94:63DE    90 0A94:63E1
    92 0A94:6403    93 0A94:6415    94 0A94:642B    96 0A94:6430
    98 0A94:6452    99 0A94:6464   100 0A94:647A   101 0A94:6490
   104 0A94:6495   106 0A94:64AF   107 0A94:64C1   108 0A94:64D7
   109 0A94:64EF   112 0A94:64F2   114 0A94:650C   115 0A94:653C
   116 0A94:6570   118 0A94:6573   120 0A94:658D   121 0A94:65BD
   122 0A94:65F1   123 0A94:6625
    10 0A94:6628    12 0A94:6642    13 0A94:6657    15 0A94:665A
    17 0A94:6674    18 0A94:66A4    20 0A94:66A7    22 0A94:66C1
    23 0A94:66D6    24 0A94:66D9    26 0A94:66F3    28 0A94:6723
    66 0A94:6726    68 0A94:6743    69 0A94:67D3    70 0A94:6800
    72 0A94:6805    74 0A94:6822    75 0A94:683B    76 0A94:6915
    77 0A94:6942    79 0A94:6947    81 0A94:6964    82 0A94:696C
    83 0A94:69FC    84 0A94:6A8C    85 0A94:6A97    86 0A94:6AE3
    87 0A94:6AEE    89 0A94:6AF3    92 0A94:6B14    93 0A94:6B38
    94 0A94:6B4D    95 0A94:6B71    96 0A94:6B86    97 0A94:6BAA
    98 0A94:6BBF   100 0A94:6BC5   103 0A94:6BE6   104 0A94:6BFB
   105 0A94:6C12   106 0A94:6C29   107 0A94:6C40   108 0A94:6C57
   109 0A94:6C6E   110 0A94:6C85   111 0A94:6C9C   112 0A94:6CB3
   113 0A94:6CCA   114 0A94:6CE1   115 0A94:6CF8   116 0A94:6D0F
   118 0A94:6D15   120 0A94:6D2F   122 0A94:6D5F   124 0A94:6D76
   126 0A94:6D79   128 0A94:6D93   130 0A94:6DB9   132 0A94:6DD0
   134 0A94:6DD3   137 0A94:6DEE   139 0A94:6DF2   141 0A94:6E37
   142 0A94:6E6B   144 0A94:6E6F   147 0A94:6E8E   149 0A94:6E92
   151 0A94:6EBB   152 0A94:6ED3   154 0A94:6ED8   157 0A94:6EF3
   159 0A94:6EF7   161 0A94:6F3C   164 0A94:6F40   168 0A94:6F5E
   169 0A94:6F68   170 0A94:6F8B   171 0A94:6FA7   172 0A94:6FC1
   173 0A94:6FE9   175 0A94:6FF0   176 0A94:7010   177 0A94:7032
   178 0A94:7049   179 0A94:706C   180 0A94:708F   181 0A94:70A6
   182 0A94:70C9   184 0A94:70FC   185 0A94:7163   186 0A94:717F
   188 0A94:7183   189 0A94:71A6   190 0A94:71BB   192 0A94:71E9
   193 0A94:71F9   194 0A94:71FB   196 0A94:7201   200 0A94:7224
   202 0A94:7229   203 0A94:7251   205 0A94:7279   206 0A94:7286
   207 0A94:72D0   208 0A94:72DD   215 0A94:7330   217 0A94:734F
    36 0A94:7356    38 0A94:7373    40 0A94:7377    42 0A94:738C
    43 0A94:73A1    44 0A94:73AF    46 0A94:73BB    47 0A94:73C0
    48 0A94:73C5    49 0A94:73D2    50 0A94:73DF    51 0A94:73EC
    52 0A94:73F9    53 0A94:740D    54 0A94:7421    55 0A94:7471
    56 0A94:74A6    57 0A94:74F6    58 0A94:752B    59 0A94:7537
    60 0A94:7542    61 0A94:754D    65 0A94:755B    66 0A94:758D
    67 0A94:75A7    68 0A94:75C1    69 0A94:75DB    70 0A94:75E7
    71 0A94:75FA    72 0A94:7614    63 0A94:762E    74 0A94:763A
    76 0A94:7644    77 0A94:7659    79 0A94:765D    80 0A94:7660
    82 0A94:7665    84 0A94:767F    85 0A94:76A9    86 0A94:76BA
    87 0A94:76E4    88 0A94:76F5    89 0A94:771F    90 0A94:7727
    91 0A94:772D    92 0A94:772F
    63 0A94:7732    64 0A94:774C    65 0A94:7778    66 0A94:7783
    67 0A94:7790    68 0A94:779F    70 0A94:77A8    71 0A94:77C2
    72 0A94:77EE    73 0A94:77FA    74 0A94:7808    75 0A94:7818
    77 0A94:7821    78 0A94:783B    79 0A94:7867    80 0A94:7877
    81 0A94:7889    82 0A94:789D    84 0A94:78A6    85 0A94:78C0
    87 0A94:78EE    89 0A94:7908    90 0A94:7918    92 0A94:7920
    93 0A94:7932    94 0A94:7942    95 0A94:7954    96 0A94:795C
    98 0A94:795F   100 0A94:7979   101 0A94:7A14   102 0A94:7A1A
   105 0A94:7A1D   107 0A94:7A3A   108 0A94:7A8E   110 0A94:7A93
   111 0A94:7A95   113 0A94:7A9A   115 0A94:7AB7   116 0A94:7B0B
   118 0A94:7B10   119 0A94:7B12   121 0A94:7B17   123 0A94:7B34
   125 0A94:7B40   126 0A94:7B54   127 0A94:7B6A   128 0A94:7B80
   129 0A94:7BAA   131 0A94:7BAF   133 0A94:7BCC   135 0A94:7BD8
   136 0A94:7BEC   137 0A94:7C02   138 0A94:7C18   139 0A94:7C42
   141 0A94:7C47   143 0A94:7C64   145 0A94:7C70   146 0A94:7C8A
   147 0A94:7C9D   148 0A94:7CB7   149 0A94:7CCA   150 0A94:7CE4
   151 0A94:7CF7   152 0A94:7D1F   154 0A94:7D24   156 0A94:7D41
   158 0A94:7D4D   159 0A94:7D60   160 0A94:7D75   161 0A94:7D8A
   162 0A94:7DB4   164 0A94:7DB9   166 0A94:7DD6   168 0A94:7DE2
   169 0A94:7DF5   170 0A94:7E0A   171 0A94:7E1F   172 0A94:7E49
   174 0A94:7E4E   176 0A94:7E6B   178 0A94:7E77   179 0A94:7E8A
   180 0A94:7E9F   181 0A94:7EB4   182 0A94:7EDE   184 0A94:7EE3
   186 0A94:7EFD   187 0A94:7F15   188 0A94:7F2F   189 0A94:7F49
   190 0A94:7F51   192 0A94:7F54   194 0A94:7F6E   195 0A94:7F86
   196 0A94:7FA0   197 0A94:7FBA   198 0A94:7FC2   200 0A94:7FC5
   202 0A94:7FDF   203 0A94:7FF6   204 0A94:800F   205 0A94:8028
   206 0A94:8030   208 0A94:8033   210 0A94:804D   211 0A94:8064
   212 0A94:807D   213 0A94:8096   214 0A94:809E   216 0A94:80A1
   218 0A94:80BE   219 0A94:80D0   220 0A94:80E6   221 0A94:80FA
   222 0A94:8110   225 0A94:812A   226 0A94:813F   227 0A94:8156
   230 0A94:816F   232 0A94:8174   234 0A94:8191   235 0A94:81DC
   236 0A94:81E0   238 0A94:81E5   240 0A94:8202   241 0A94:823C
   242 0A94:8240   244 0A94:8245   246 0A94:8262   247 0A94:826E
   248 0A94:8295   249 0A94:82C1   250 0A94:82EA   251 0A94:8314
   253 0A94:8319   255 0A94:8336   256 0A94:83EE   257 0A94:83F2
   259 0A94:83F7   261 0A94:8414   262 0A94:8420   264 0A94:842C
   265 0A94:8441   266 0A94:845A   267 0A94:8488   269 0A94:848D
   271 0A94:84AA   272 0A94:84B6   274 0A94:84C2   275 0A94:84D7
   276 0A94:84F0   277 0A94:84FD   278 0A94:852B   280 0A94:8530
   282 0A94:854D   284 0A94:8559   285 0A94:856E   286 0A94:8587
   287 0A94:85A5   289 0A94:85AA   291 0A94:85C7   293 0A94:85D3
   294 0A94:85E8   295 0A94:8601   296 0A94:860E   297 0A94:862C
   299 0A94:8631   301 0A94:864E   302 0A94:865A   303 0A94:86C9
   304 0A94:86F1   306 0A94:86F6   308 0A94:8713   309 0A94:871F
   310 0A94:873D   312 0A94:875B   313 0A94:8769   316 0A94:878A
   319 0A94:87AB   320 0A94:87D5   322 0A94:87DA   324 0A94:87F7
   325 0A94:8803   326 0A94:8821   328 0A94:883F   331 0A94:8860
   332 0A94:886E   335 0A94:888F   336 0A94:88B9   338 0A94:88BE
   340 0A94:88DB   341 0A94:88E7   342 0A94:8905   344 0A94:8923
   347 0A94:8944   350 0A94:8965   351 0A94:8973   352 0A94:899D
   354 0A94:89A2   356 0A94:89BF   358 0A94:89CB   359 0A94:89E9
   361 0A94:8A07   362 0A94:8A28   363 0A94:8A52   364 0A94:8A5B
   365 0A94:8A7A   366 0A94:8AA4   369 0A94:8AAD   370 0A94:8ACB
   372 0A94:8AE9   373 0A94:8B0A   374 0A94:8B34   375 0A94:8B3D
   376 0A94:8B5C   377 0A94:8B86   379 0A94:8B8F   380 0A94:8BAD
   382 0A94:8BCB   383 0A94:8BEC   384 0A94:8C16   385 0A94:8C1F
   386 0A94:8C3E   387 0A94:8C68   389 0A94:8C71   390 0A94:8C99
   392 0A94:8C9E   394 0A94:8CBB   395 0A94:8CC7   396 0A94:8CE0
   398 0A94:8CF9   399 0A94:8D07   400 0A94:8D28   401 0A94:8D52
   402 0A94:8D5B   403 0A94:8D7A   404 0A94:8DA4   405 0A94:8DAD
   406 0A94:8DD5   408 0A94:8DDA   410 0A94:8DF7   411 0A94:8E03
   412 0A94:8E1C   414 0A94:8E35   415 0A94:8E56   416 0A94:8E80
   417 0A94:8E89   418 0A94:8E95   419 0A94:8EB6   420 0A94:8EE0
   421 0A94:8EE9   422 0A94:8F11   424 0A94:8F16   426 0A94:8F33
   427 0A94:8F3F   428 0A94:8F58   430 0A94:8F71   431 0A94:8F92
   432 0A94:8FBC   433 0A94:8FC5   434 0A94:8FE4   435 0A94:900E
   436 0A94:9017   437 0A94:9023   438 0A94:904D
    32 0A94:9052    45 0A94:906F    46 0A94:90B5    47 0A94:90FB
    48 0A94:9109    51 0A94:910E    53 0A94:9129    55 0A94:912D
    57 0A94:9150    58 0A94:91A1    61 0A94:91B6    62 0A94:91B9
    64 0A94:91BD    67 0A94:91DC    69 0A94:91E2    71 0A94:9259
    72 0A94:925A    75 0A94:926A    77 0A94:926E    79 0A94:92E5
    80 0A94:92E6    83 0A94:92F6    84 0A94:92FA    85 0A94:92FD
    86 0A94:92FF    88 0A94:9306    92 0A94:9320    93 0A94:9325
    94 0A94:933A    95 0A94:9347    96 0A94:9364    97 0A94:9382
    98 0A94:938F    99 0A94:939B   103 0A94:939D   104 0A94:93AA
   108 0A94:93B5   109 0A94:9405   110 0A94:941B   111 0A94:9424
   112 0A94:9429   113 0A94:943B   114 0A94:9482   117 0A94:9490
   118 0A94:9493   120 0A94:94B0   121 0A94:94B4   122 0A94:94C0
   123 0A94:94C5   124 0A94:94D3   125 0A94:94E5   128 0A94:94EC
   129 0A94:950C   130 0A94:9518   131 0A94:952B   132 0A94:954B
   134 0A94:9557   135 0A94:955F   136 0A94:9565   137 0A94:959E
   138 0A94:95A4   140 0A94:95DD   142 0A94:95E1   126 0A94:95FE
   144 0A94:9607   145 0A94:960B   147 0A94:9610   149 0A94:962A
   150 0A94:962D   153 0A94:9630   155 0A94:964E   156 0A94:9673
   157 0A94:96A5
    66 0A94:96AA
   203 0A94:96CF   204 0A94:96E9   205 0A94:971C   206 0A94:9725
   207 0A94:972E
   600 0A94:9737   601 0A94:9751   602 0A94:9769   603 0A94:976F
   162 0A94:9772   163 0A94:978C   164 0A94:97A6
   205 0A94:97A9   206 0A94:97C3   204 0A94:97D1
    14 0A94:97F9    15 0A94:9813    16 0A94:9831    17 0A94:9838
    18 0A94:9840    19 0A94:984F    20 0A94:9858    21 0A94:9861
    22 0A94:9870    39 0A94:9879    40 0A94:9893    41 0A94:98B4
    42 0A94:98C2    43 0A94:98D1    44 0A94:98E0    45 0A94:98E9
    46 0A94:98F2    47 0A94:9901    48 0A94:9910    49 0A94:991F
    50 0A94:992E    51 0A94:993D    52 0A94:994C
   219 0A94:9955   624 0A94:997F   625 0A94:9999   626 0A94:99CB
   627 0A94:99D1   612 0A94:99D4   613 0A94:99EE
   224 0A94:9A05   226 0A94:9A1F   227 0A94:9A33   228 0A94:9A46
    16 0A94:9A49    17 0A94:9A63    18 0A94:9A81    19 0A94:9A88
    20 0A94:9A91    21 0A94:9AA0    23 0A94:9AA9    24 0A94:9AC3
    25 0A94:9ACB    26 0A94:9ADD    27 0A94:9B05    40 0A94:9B08
    41 0A94:9B22    42 0A94:9B41
   618 0A94:9B44   619 0A94:9B5E   620 0A94:9B7C   621 0A94:9B96
    22 0A94:9BA5    24 0A94:9BBF    25 0A94:9BD1
    26 0A94:9BD4    28 0A94:9BEE    29 0A94:9C02    30 0A94:9C80
    31 0A94:9C94    32 0A94:9CD6    33 0A94:9CEA    34 0A94:9D2C
    35 0A94:9D2F    37 0A94:9D49    38 0A94:9D5D    39 0A94:9DF7
    40 0A94:9E83    41 0A94:9E97    42 0A94:9F26    43 0A94:9F3A
    44 0A94:9FC9
   350 0A94:A1B2   351 0A94:A1CD   353 0A94:A1CD   354 0A94:A213
   220 0A94:A217   222 0A94:A231   223 0A94:A245
   102 0A94:A248   104 0A94:A262   105 0A94:A270   106 0A94:A27E
   107 0A94:A28C    88 0A94:A28F    90 0A94:A2AD    91 0A94:A2BE
    92 0A94:A359    93 0A94:A36A    94 0A94:A408    96 0A94:A40D
    98 0A94:A42A    99 0A94:A471   100 0A94:A4BC    76 0A94:A4C1
    78 0A94:A4DF    79 0A94:A4FA    80 0A94:A556    82 0A94:A59C
    83 0A94:A5B7    84 0A94:A613    86 0A94:A68B
    63 0A94:A9ED    64 0A94:AA07    65 0A94:AA25    66 0A94:AA2C
    67 0A94:AA34    68 0A94:AA3C    69 0A94:AA44
Program entry point at 0000:0000

