
 Start  Stop   Length Name               Class

 00000H 02717H 02718H _TEXT              CODE
 02718H 02809H 000F2H TEXTSTY_TEXT       CODE
 02810H 06469H 03C5AH _BGI_TEXT          CODE
 06470H 06470H 00000H _FARDATA           FAR_DATA
 06470H 064F0H 00081H TEXTSTY_DATA       FAR_DATA
 06500H 06500H 00000H _FARBSS            FAR_BSS
 06500H 06500H 00000H _OVERLAY_          OVRINFO
 06500H 06500H 00000H _1STUB_            STUBSEG
 06500H 06F63H 00A64H _DATA              DATA
 06F64H 06F65H 00002H _CVTSEG            DATA
 06F66H 06F6BH 00006H _SCNSEG            DATA
 06F6CH 06F6CH 00000H GRAPH              DATA
 06F6CH 06F6CH 00000H _CONST             CONST
 06F6CH 06F77H 0000CH _INIT_             INITDATA
 06F78H 06F78H 00000H _INITEND_          INITDATA
 06F78H 06F78H 00000H _EXIT_             EXITDATA
 06F78H 06F78H 00000H _EXITEND_          EXITDATA
 06F80H 06FFFH 00080H _STACK             STACK


Detailed map of segments

 0000:0000 0257 C=CODE   S=_TEXT          G=(none)  M=c0.ASM     ACBP=28
 0000:0257 0034 C=CODE   S=_TEXT          G=(none)  M=ATEXIT     ACBP=28
 0000:028B 00D0 C=CODE   S=_TEXT          G=(none)  M=EXIT       ACBP=28
 0000:035B 0000 C=CODE   S=_TEXT          G=(none)  M=FILES      ACBP=28
 0000:035B 0000 C=CODE   S=_TEXT          G=(none)  M=FILES2     ACBP=28
 0000:035B 0017 C=CODE   S=_TEXT          G=(none)  M=F_LXMUL    ACBP=28
 0000:0372 001C C=CODE   S=_TEXT          G=(none)  M=F_SCOPY    ACBP=28
 0000:038E 00AE C=CODE   S=_TEXT          G=(none)  M=H_LDIV     ACBP=28
 0000:043C 0021 C=CODE   S=_TEXT          G=(none)  M=H_LLSH     ACBP=28
 0000:045D 0060 C=CODE   S=_TEXT          G=(none)  M=H_PADD     ACBP=28
 0000:04BD 005F C=CODE   S=_TEXT          G=(none)  M=IOERROR    ACBP=28
 0000:051C 0018 C=CODE   S=_TEXT          G=(none)  M=ISATTY     ACBP=28
 0000:0534 00B0 C=CODE   S=_TEXT          G=(none)  M=LONGTOA    ACBP=28
 0000:05E4 0036 C=CODE   S=_TEXT          G=(none)  M=LSEEK      ACBP=28
 0000:061A 0021 C=CODE   S=_TEXT          G=(none)  M=N_PCMP     ACBP=28
 0000:063B 00FB C=CODE   S=_TEXT          G=(none)  M=SETUPIO    ACBP=28
 0000:0736 0000 C=CODE   S=_TEXT          G=(none)  M=STKLEN     ACBP=28
 0000:0736 001F C=CODE   S=_TEXT          G=(none)  M=TELL       ACBP=28
 0000:0755 04CB C=CODE   S=_TEXT          G=(none)  M=VPRINTER   ACBP=28
 0000:0C20 00C5 C=CODE   S=_TEXT          G=(none)  M=VRAM       ACBP=28
 0000:0CE5 0000 C=CODE   S=_TEXT          G=(none)  M=WSCROLL    ACBP=28
 0000:0CE5 01B3 C=CODE   S=_TEXT          G=(none)  M=CPRINTF    ACBP=28
 0000:0E98 01DC C=CODE   S=_TEXT          G=(none)  M=CRTINIT    ACBP=28
 0000:1074 0024 C=CODE   S=_TEXT          G=(none)  M=CVTFAK     ACBP=28
 0000:1098 0432 C=CODE   S=_TEXT          G=(none)  M=FARHEAP    ACBP=28
 0000:14CA 01BF C=CODE   S=_TEXT          G=(none)  M=FBRK       ACBP=28
 0000:1689 0098 C=CODE   S=_TEXT          G=(none)  M=GETCH      ACBP=28
 0000:1721 0015 C=CODE   S=_TEXT          G=(none)  M=GEXIT      ACBP=28
 0000:1736 0019 C=CODE   S=_TEXT          G=(none)  M=GFREEMEM   ACBP=28
 0000:174F 0015 C=CODE   S=_TEXT          G=(none)  M=GGETMEM    ACBP=28
 0000:1764 00A7 C=CODE   S=_TEXT          G=(none)  M=GPTEXT     ACBP=28
 0000:180B 0019 C=CODE   S=_TEXT          G=(none)  M=KBHIT      ACBP=28
 0000:1824 00A4 C=CODE   S=_TEXT          G=(none)  M=MOVETEXT   ACBP=28
 0000:18C8 001C C=CODE   S=_TEXT          G=(none)  M=PUTCH      ACBP=28
 0000:18E4 000A C=CODE   S=_TEXT          G=(none)  M=REALCVT    ACBP=28
 0000:18EE 020C C=CODE   S=_TEXT          G=(none)  M=SCREEN     ACBP=28
 0000:1AFA 01B4 C=CODE   S=_TEXT          G=(none)  M=SCROLL     ACBP=28
 0000:1CAE 0023 C=CODE   S=_TEXT          G=(none)  M=SETBLOCK   ACBP=28
 0000:1CD1 004D C=CODE   S=_TEXT          G=(none)  M=WHEREXY    ACBP=28
 0000:1D1E 00D4 C=CODE   S=_TEXT          G=(none)  M=FFLUSH     ACBP=28
 0000:1DF2 0051 C=CODE   S=_TEXT          G=(none)  M=FLUSHALL   ACBP=28
 0000:1E43 016F C=CODE   S=_TEXT          G=(none)  M=FSEEK      ACBP=28
 0000:1FB2 0027 C=CODE   S=_TEXT          G=(none)  M=MEMCPY     ACBP=28
 0000:1FD9 0025 C=CODE   S=_TEXT          G=(none)  M=PRINTF     ACBP=28
 0000:1FFE 03F3 C=CODE   S=_TEXT          G=(none)  M=PUTC       ACBP=28
 0000:23F1 0129 C=CODE   S=_TEXT          G=(none)  M=SETVBUF    ACBP=28
 0000:251A 016E C=CODE   S=_TEXT          G=(none)  M=WRITE      ACBP=28
 0000:2688 004F C=CODE   S=_TEXT          G=(none)  M=WRITEA     ACBP=28
 0000:26D7 0041 C=CODE   S=_TEXT          G=(none)  M=XFFLUSH    ACBP=28
 0271:0008 00F2 C=CODE   S=TEXTSTY_TEXT   G=(none)  M=TEXTSTY.CPP ACBP=28
 0281:0000 188F C=CODE   S=_BGI_TEXT      G=(none)  M=GRAPHC     ACBP=28
 0281:188F 0A27 C=CODE   S=_BGI_TEXT      G=(none)  M=GRAPH      ACBP=28
 0281:22C0 199A C=CODE   S=_BGI_TEXT      G=(none)  M=BGIOVR     ACBP=68
 0647:0000 0000 C=FAR_DATA S=_FARDATA       G=(none)  M=c0.ASM     ACBP=68
 0647:0000 0081 C=FAR_DATA S=TEXTSTY_DATA   G=(none)  M=TEXTSTY.CPP ACBP=48
 0650:0000 0000 C=FAR_BSS S=_FARBSS        G=(none)  M=c0.ASM     ACBP=68
 0650:0000 0000 C=OVRINFO S=_OVERLAY_      G=(none)  M=c0.ASM     ACBP=68
 0650:0000 0000 C=STUBSEG S=_1STUB_        G=(none)  M=c0.ASM     ACBP=68
 0650:0000 0091 C=DATA   S=_DATA          G=DGROUP  M=c0.ASM     ACBP=68
 0650:0092 0006 C=DATA   S=_DATA          G=DGROUP  M=GLOAD      ACBP=48
 0650:0098 065B C=DATA   S=_DATA          G=DGROUP  M=GRAPHC     ACBP=48
 0650:06F4 000B C=DATA   S=_DATA          G=DGROUP  M=GRAPH      ACBP=48
 0650:0700 0082 C=DATA   S=_DATA          G=DGROUP  M=ATEXIT     ACBP=48
 0650:0782 000C C=DATA   S=_DATA          G=DGROUP  M=EXIT       ACBP=48
 0650:078E 0190 C=DATA   S=_DATA          G=DGROUP  M=FILES      ACBP=48
 0650:091E 002A C=DATA   S=_DATA          G=DGROUP  M=FILES2     ACBP=48
 0650:0948 0000 C=DATA   S=_DATA          G=DGROUP  M=F_LXMUL    ACBP=48
 0650:0948 0000 C=DATA   S=_DATA          G=DGROUP  M=F_SCOPY    ACBP=48
 0650:0948 0000 C=DATA   S=_DATA          G=DGROUP  M=H_LDIV     ACBP=48
 0650:0948 0000 C=DATA   S=_DATA          G=DGROUP  M=H_LLSH     ACBP=48
 0650:0948 0000 C=DATA   S=_DATA          G=DGROUP  M=H_PADD     ACBP=48
 0650:0948 005B C=DATA   S=_DATA          G=DGROUP  M=IOERROR    ACBP=48
 0650:09A4 0000 C=DATA   S=_DATA          G=DGROUP  M=ISATTY     ACBP=48
 0650:09A4 0000 C=DATA   S=_DATA          G=DGROUP  M=LONGTOA    ACBP=48
 0650:09A4 0000 C=DATA   S=_DATA          G=DGROUP  M=LSEEK      ACBP=48
 0650:09A4 0000 C=DATA   S=_DATA          G=DGROUP  M=N_PCMP     ACBP=48
 0650:09A4 0000 C=DATA   S=_DATA          G=DGROUP  M=SETUPIO    ACBP=48
 0650:09A4 0002 C=DATA   S=_DATA          G=DGROUP  M=STKLEN     ACBP=48
 0650:09A6 0000 C=DATA   S=_DATA          G=DGROUP  M=TELL       ACBP=48
 0650:09A6 0067 C=DATA   S=_DATA          G=DGROUP  M=VPRINTER   ACBP=48
 0650:0A0E 0000 C=DATA   S=_DATA          G=DGROUP  M=VRAM       ACBP=48
 0650:0A0E 0002 C=DATA   S=_DATA          G=DGROUP  M=WSCROLL    ACBP=48
 0650:0A10 0000 C=DATA   S=_DATA          G=DGROUP  M=CPRINTF    ACBP=48
 0650:0A10 0018 C=DATA   S=_DATA          G=DGROUP  M=CRTINIT    ACBP=48
 0650:0A28 0031 C=DATA   S=_DATA          G=DGROUP  M=CVTFAK     ACBP=48
 0650:0A5A 0000 C=DATA   S=_DATA          G=DGROUP  M=FARHEAP    ACBP=48
 0650:0A5A 0002 C=DATA   S=_DATA          G=DGROUP  M=FBRK       ACBP=48
 0650:0A5C 0000 C=DATA   S=_DATA          G=DGROUP  M=GETCH      ACBP=48
 0650:0A5C 0000 C=DATA   S=_DATA          G=DGROUP  M=GEXIT      ACBP=48
 0650:0A5C 0000 C=DATA   S=_DATA          G=DGROUP  M=GFREEMEM   ACBP=48
 0650:0A5C 0000 C=DATA   S=_DATA          G=DGROUP  M=GGETMEM    ACBP=48
 0650:0A5C 0000 C=DATA   S=_DATA          G=DGROUP  M=GPTEXT     ACBP=48
 0650:0A5C 0002 C=DATA   S=_DATA          G=DGROUP  M=KBHIT      ACBP=48
 0650:0A5E 0000 C=DATA   S=_DATA          G=DGROUP  M=MOVETEXT   ACBP=48
 0650:0A5E 0000 C=DATA   S=_DATA          G=DGROUP  M=PUTCH      ACBP=48
 0650:0A5E 0000 C=DATA   S=_DATA          G=DGROUP  M=REALCVT    ACBP=48
 0650:0A5E 0000 C=DATA   S=_DATA          G=DGROUP  M=SCREEN     ACBP=48
 0650:0A5E 0000 C=DATA   S=_DATA          G=DGROUP  M=SCROLL     ACBP=48
 0650:0A5E 0000 C=DATA   S=_DATA          G=DGROUP  M=SETBLOCK   ACBP=48
 0650:0A5E 0000 C=DATA   S=_DATA          G=DGROUP  M=WHEREXY    ACBP=48
 0650:0A5E 0000 C=DATA   S=_DATA          G=DGROUP  M=FFLUSH     ACBP=48
 0650:0A5E 0000 C=DATA   S=_DATA          G=DGROUP  M=FLUSHALL   ACBP=48
 0650:0A5E 0000 C=DATA   S=_DATA          G=DGROUP  M=FSEEK      ACBP=48
 0650:0A5E 0000 C=DATA   S=_DATA          G=DGROUP  M=MEMCPY     ACBP=48
 0650:0A5E 0000 C=DATA   S=_DATA          G=DGROUP  M=PRINTF     ACBP=48
 0650:0A5E 0002 C=DATA   S=_DATA          G=DGROUP  M=PUTC       ACBP=48
 0650:0A60 0004 C=DATA   S=_DATA          G=DGROUP  M=SETVBUF    ACBP=48
 0650:0A64 0000 C=DATA   S=_DATA          G=DGROUP  M=WRITE      ACBP=48
 0650:0A64 0000 C=DATA   S=_DATA          G=DGROUP  M=WRITEA     ACBP=48
 0650:0A64 0000 C=DATA   S=_DATA          G=DGROUP  M=XFFLUSH    ACBP=48
 0650:0A64 0000 C=DATA   S=_CVTSEG        G=DGROUP  M=c0.ASM     ACBP=48
 0650:0A64 0002 C=DATA   S=_CVTSEG        G=DGROUP  M=CVTFAK     ACBP=48
 0650:0A66 0000 C=DATA   S=_CVTSEG        G=DGROUP  M=REALCVT    ACBP=48
 0650:0A66 0000 C=DATA   S=_SCNSEG        G=DGROUP  M=c0.ASM     ACBP=48
 0650:0A66 0006 C=DATA   S=_SCNSEG        G=DGROUP  M=CVTFAK     ACBP=48
 0650:0A6C 0000 C=DATA   S=GRAPH          G=DGROUP  M=GRAPHC     ACBP=48
 0650:0A6C 0000 C=CONST  S=_CONST         G=DGROUP  M=c0.ASM     ACBP=48
 0650:0A6C 0000 C=INITDATA S=_INIT_         G=DGROUP  M=c0.ASM     ACBP=48
 0650:0A6C 0006 C=INITDATA S=_INIT_         G=DGROUP  M=SETUPIO    ACBP=48
 0650:0A72 0006 C=INITDATA S=_INIT_         G=DGROUP  M=CRTINIT    ACBP=48
 0650:0A78 0000 C=INITDATA S=_INITEND_      G=DGROUP  M=c0.ASM     ACBP=28
 0650:0A78 0000 C=EXITDATA S=_EXIT_         G=DGROUP  M=c0.ASM     ACBP=48
 0650:0A78 0000 C=EXITDATA S=_EXITEND_      G=DGROUP  M=c0.ASM     ACBP=28
 06F8:0000 0080 C=STACK  S=_STACK         G=(none)  M=c0.ASM     ACBP=74

  Address         Publics by Name

 0281:188F idle  @DGROUP
 0650:0000 idle  DATASEG@
 0000:0253       DGROUP@
 0000:0391       F_LDIV@
 0000:03A0 idle  F_LMOD@
 0000:0398 idle  F_LUDIV@
 0000:03A8 idle  F_LUMOD@
 0000:043F idle  F_LXLSH@
 0000:035B       F_LXMUL@
 0000:0460 idle  F_PADD@
 0000:048F idle  F_PSUB@
 0000:0372       F_SCOPY@
 0000:0391 idle  LDIV@
 0000:03A0 idle  LMOD@
 0000:0398 idle  LUDIV@
 0000:03A8 idle  LUMOD@
 0000:043F idle  LXLSH@
 0000:035B idle  LXMUL@
 0000:038E idle  N_LDIV@
 0000:039D idle  N_LMOD@
 0000:0395 idle  N_LUDIV@
 0000:03A5 idle  N_LUMOD@
 0000:043C       N_LXLSH@
 0000:045D       N_PADD@
 0000:061A       N_PCMP@
 0000:048C idle  N_PSUB@
 0000:0460 idle  PADD@
 0000:048F idle  PSUB@
 0000:0372 idle  SCOPY@
 0000:023C       _abort
 0281:12FB idle  _arc
 0000:0257 idle  _atexit
 0281:1C68       _bar
 0281:1C8B idle  _bar3d
 0281:1326 idle  _circle
 0281:0EFD       _cleardevice
 0281:0FB3 idle  _clearviewport
 0281:0E53       _closegraph
 0000:0E77 idle  _cprintf
 0281:0656 idle  _detectgraph
 0650:0A1F       _directvideo
 0281:1C28 idle  _drawpoly
 0281:1CCC       _ellipse
 0650:007F       _errno
 0000:0304       _exit
 0000:11D8 idle  _farfree
 0000:12EC idle  _farmalloc
 0000:1450 idle  _farrealloc
 0000:1D1E       _fflush
 0281:1CFC idle  _fillellipse
 0281:1C48 idle  _fillpoly
 0281:1EEB idle  _floodfill
 0000:1DF2       _flushall
 0647:0000 idle  _fname
 0000:2021 idle  _fputc
 0000:21C1 idle  _fputchar
 0000:11D8       _free
 0000:1ECC       _fseek
 0000:1F53 idle  _ftell
 0281:1D69 idle  _getarccoords
 0281:1352 idle  _getaspectratio
 0281:13FE idle  _getbkcolor
 0000:1689       _getch
 0000:16BB idle  _getche
 0281:13ED idle  _getcolor
 0281:1DE9       _getdefaultpalette
 0281:10AF idle  _getdrivername
 0281:1264 idle  _getfillpattern
 0281:1213 idle  _getfillsettings
 0281:0DFE idle  _getgraphmode
 0281:209C idle  _getimage
 0281:115B idle  _getlinesettings
 0281:1DB3       _getmaxcolor
 0281:1E27       _getmaxmode
 0281:1089       _getmaxx
 0281:109C       _getmaxy
 0281:10D5 idle  _getmodename
 0281:05B7 idle  _getmoderange
 0281:14F8 idle  _getpalette
 0281:1DCE       _getpalettesize
 0281:205B idle  _getpixel
 0000:1764       _gettext
 0281:15DB idle  _gettextsettings
 0281:0F94 idle  _getviewsettings
 0281:106B idle  _getx
 0281:107A idle  _gety
 0281:0884 idle  _graphdefaults
 0281:0193       _grapherrormsg
 0281:030D       _graphresult
 0281:1517 idle  _imagesize
 0281:096A       _initgraph
 0281:0BDE idle  _installuserdriver
 0281:0CCC idle  _installuserfont
 0000:051C       _isatty
 0000:180B idle  _kbhit
 0281:1C05       _line
 0281:1120 idle  _linerel
 0281:10F9 idle  _lineto
 0000:05E4       _lseek
 0271:0008       _main
 0000:12E2       _malloc
 0000:1FB2       _memcpy
 0281:104B idle  _moverel
 0000:1824       _movetext
 0281:1024 idle  _moveto
 0281:15FA idle  _outtext
 0281:1F60       _outtextxy
 0281:1388 idle  _pieslice
 0281:18D3 idle  _postdevice
 0000:1FD9       _printf
 0000:18C8       _putch
 0281:154C idle  _putimage
 0281:207C idle  _putpixel
 0000:17C1       _puttext
 0000:1449 idle  _realloc
 0281:11BD idle  _rectangle
 0281:03F3 idle  _registerfarbgidriver
 0281:04AC idle  _registerfarbgifont
 0281:0E21 idle  _restorecrtmode
 0281:1D39       _sector
 0281:19F7 idle  _setactivepage
 0281:140F idle  _setallpalette
 0281:1370 idle  _setaspectratio
 0281:13B3 idle  _setbkcolor
 0000:1CAE       _setblock
 0281:1D92       _setcolor
 0281:1284 idle  _setfillpattern
 0281:1230 idle  _setfillstyle
 0281:0580 idle  _setgraphbufsize
 0281:0D76 idle  _setgraphmode
 0281:117A idle  _setlinestyle
 0281:14B5 idle  _setpalette
 0281:1E62 idle  _setrgbpalette
 0281:1648       _settextjustify
 0281:1689       _settextstyle
 0281:1858 idle  _setusercharsize
 0000:23F1       _setvbuf
 0281:0F18 idle  _setviewport
 0281:19D4 idle  _setvisualpage
 0281:1A1D       _setwritemode
 0000:0736       _tell
 0281:187E idle  _textheight
 0281:200D       _textwidth
 0000:16EC idle  _ungetch
 0000:1CE2 idle  _wherex
 0000:1CFE idle  _wherey
 0000:1000 idle  __AHINCR
 0000:000C idle  __AHSHIFT
 0650:0700       __atexitcnt
 0650:0702       __atexittbl
 0281:1AE1       __autodetect
 0650:02B8 idle  __backcolor
 0650:0233       __BGI_ADD
 0650:0096       __BGI_auto
 0650:0092       __BGI_ovr
 0000:1579       __brk
 0650:0089       __brklvl
 0650:006B idle  __C0argc
 0650:006D idle  __C0argv
 0000:0F6E idle  __c0crtinit
 0650:0071 idle  __C0environ
 0650:0A5D       __cChar
 0000:0333 idle  __cexit
 0650:0A5C       __cFlag
 0000:0155       __checknull
 0000:0142       __cleanup
 0000:0CE5       __CPUTN
 0000:0F92 idle  __crtinit
 0000:0000  Abs  __cvtfak
 0000:0348 idle  __c_exit
 0650:022F       __DDO_ADD
 0650:0948 idle  __doserrno
 0000:0503 idle  __DOSERROR
 0650:094A idle  __dosErrorToSV
 0650:02B6       __drawcolor
 0650:0075 idle  __envLng
 0650:0077 idle  __envseg
 0650:0079 idle  __envSize
 0000:031A       __exit
 0650:0782       __exitbuf
 0650:0786 idle  __exitfopen
 0650:078A idle  __exitopen
 0650:02B7       __fillcolor
 0650:02BA       __fillstyle
 0650:02AE       __FON_ADD
 0000:1FFE idle  __fputc
 0000:21DF       __FPUTN
 0000:1721       __graphexit
 0000:1736       __graphfreemem
 0000:174F       __graphgetmem
 0281:0329 idle  __GraphNotInstalled
 0281:22C0       __GRP_ovr
 0281:1BB4       __gr_cleardevice
 0281:1B52       __gr_detectgraph
 0650:02AC idle  __gr_ErrCode
 0281:1E06       __gr_getmodename
 0281:1A90       __gr_imagesize
 0281:1BE8       __gr_lineto
 0281:1BCB       __gr_moveto
 0281:20D9       __gr_putimage
 0281:1995       __gr_restorecrtmode
 0281:1EA7       __gr_setallpalette
 0281:1E43       __gr_setbkcolor
 0281:1A40       __gr_setfillpattern
 0281:1F30       __gr_setfillstyle
 0281:195F       __gr_setgraphmode
 0281:1EC2       __gr_setlinestyle
 0281:1E88       __gr_setpalette
 0281:1A73       __gr_settextjustify
 0281:1F96       __gr_settextstyle
 0281:1FE7       __gr_setusercharsize
 0281:1933       __gr_setviewport
 0281:203A       __gr_textheight
 0650:0085       __heapbase
 0650:008D       __heaptop
 0281:1B8F       __initdevice
 0281:18EA       __installdevice
 0650:005B idle  __Int0Vector
 0650:005F idle  __Int4Vector
 0650:0063 idle  __Int5Vector
 0650:0067 idle  __Int6Vector
 0000:04BD       __IOERROR
 0650:02B9       __linestyle
 0000:0534       __LONGTOA
 0000:0255 idle  __MMODEL
 0650:091E       __nfile
 0000:16B8 idle  __Ngetche
 0000:16E9 idle  __Nungetch
 0650:0920       __openfd
 0650:007D idle  __osmajor
 0650:007E idle  __osminor
 0650:007D idle  __osversion
 0650:02C1 idle  __OverScanColor
 0650:007B       __psp
 0000:18E4       __REALCVT
 0650:0A64       __RealCvtVector
 0281:18EF       __reinstalldevice
 0000:01AB       __restorezero
 0000:15CB       __sbrk
 0650:0A66 idle  __ScanTodVector
 0000:1A55       __SCREENIO
 0000:1B29       __SCROLL
 0000:063B       __setupio
 0650:0081 idle  __StartTime
 0650:02B2       __StatOfs
 0650:02B4       __StatSeg
 0650:09A4       __stklen
 0650:078E       __streams
 0000:0156       __terminate
 0000:0000 idle  __turboCrt
 0000:05BD idle  __UTOA
 0000:1AA4       __VALIDATEXY
 0650:007D idle  __version
 0650:0A10       __video
 0000:0EE1       __VideoInt
 0000:076D       __VPRINTER
 0000:0C20       __VPTR
 0000:0C5E       __VRAM
 0000:1CD1       __wherexy
 0000:2688       __write
 0650:0A0E       __wscroll
 0000:26D7       __xfflush
 0000:1098 idle  ___first
 0000:109A idle  ___last
 0281:0178 idle  ___move
 0000:109C idle  ___rover
 0000:251A       ___write

  Address         Publics by Value

 0000:0000 idle  __turboCrt
 0000:0000  Abs  __cvtfak
 0000:000C idle  __AHSHIFT
 0000:1000 idle  __AHINCR
 0000:0142       __cleanup
 0000:0155       __checknull
 0000:0156       __terminate
 0000:01AB       __restorezero
 0000:023C       _abort
 0000:0253       DGROUP@
 0000:0255 idle  __MMODEL
 0000:0257 idle  _atexit
 0000:0304       _exit
 0000:031A       __exit
 0000:0333 idle  __cexit
 0000:0348 idle  __c_exit
 0000:035B       F_LXMUL@
 0000:035B idle  LXMUL@
 0000:0372       F_SCOPY@
 0000:0372 idle  SCOPY@
 0000:038E idle  N_LDIV@
 0000:0391       F_LDIV@
 0000:0391 idle  LDIV@
 0000:0395 idle  N_LUDIV@
 0000:0398 idle  F_LUDIV@
 0000:0398 idle  LUDIV@
 0000:039D idle  N_LMOD@
 0000:03A0 idle  F_LMOD@
 0000:03A0 idle  LMOD@
 0000:03A5 idle  N_LUMOD@
 0000:03A8 idle  LUMOD@
 0000:03A8 idle  F_LUMOD@
 0000:043C       N_LXLSH@
 0000:043F idle  LXLSH@
 0000:043F idle  F_LXLSH@
 0000:045D       N_PADD@
 0000:0460 idle  F_PADD@
 0000:0460 idle  PADD@
 0000:048C idle  N_PSUB@
 0000:048F idle  F_PSUB@
 0000:048F idle  PSUB@
 0000:04BD       __IOERROR
 0000:0503 idle  __DOSERROR
 0000:051C       _isatty
 0000:0534       __LONGTOA
 0000:05BD idle  __UTOA
 0000:05E4       _lseek
 0000:061A       N_PCMP@
 0000:063B       __setupio
 0000:0736       _tell
 0000:076D       __VPRINTER
 0000:0C20       __VPTR
 0000:0C5E       __VRAM
 0000:0CE5       __CPUTN
 0000:0E77 idle  _cprintf
 0000:0EE1       __VideoInt
 0000:0F6E idle  __c0crtinit
 0000:0F92 idle  __crtinit
 0000:1098 idle  ___first
 0000:109A idle  ___last
 0000:109C idle  ___rover
 0000:11D8       _free
 0000:11D8 idle  _farfree
 0000:12E2       _malloc
 0000:12EC idle  _farmalloc
 0000:1449 idle  _realloc
 0000:1450 idle  _farrealloc
 0000:1579       __brk
 0000:15CB       __sbrk
 0000:1689       _getch
 0000:16B8 idle  __Ngetche
 0000:16BB idle  _getche
 0000:16E9 idle  __Nungetch
 0000:16EC idle  _ungetch
 0000:1721       __graphexit
 0000:1736       __graphfreemem
 0000:174F       __graphgetmem
 0000:1764       _gettext
 0000:17C1       _puttext
 0000:180B idle  _kbhit
 0000:1824       _movetext
 0000:18C8       _putch
 0000:18E4       __REALCVT
 0000:1A55       __SCREENIO
 0000:1AA4       __VALIDATEXY
 0000:1B29       __SCROLL
 0000:1CAE       _setblock
 0000:1CD1       __wherexy
 0000:1CE2 idle  _wherex
 0000:1CFE idle  _wherey
 0000:1D1E       _fflush
 0000:1DF2       _flushall
 0000:1ECC       _fseek
 0000:1F53 idle  _ftell
 0000:1FB2       _memcpy
 0000:1FD9       _printf
 0000:1FFE idle  __fputc
 0000:2021 idle  _fputc
 0000:21C1 idle  _fputchar
 0000:21DF       __FPUTN
 0000:23F1       _setvbuf
 0000:251A       ___write
 0000:2688       __write
 0000:26D7       __xfflush
 0271:0008       _main
 0281:0178 idle  ___move
 0281:0193       _grapherrormsg
 0281:030D       _graphresult
 0281:0329 idle  __GraphNotInstalled
 0281:03F3 idle  _registerfarbgidriver
 0281:04AC idle  _registerfarbgifont
 0281:0580 idle  _setgraphbufsize
 0281:05B7 idle  _getmoderange
 0281:0656 idle  _detectgraph
 0281:0884 idle  _graphdefaults
 0281:096A       _initgraph
 0281:0BDE idle  _installuserdriver
 0281:0CCC idle  _installuserfont
 0281:0D76 idle  _setgraphmode
 0281:0DFE idle  _getgraphmode
 0281:0E21 idle  _restorecrtmode
 0281:0E53       _closegraph
 0281:0EFD       _cleardevice
 0281:0F18 idle  _setviewport
 0281:0F94 idle  _getviewsettings
 0281:0FB3 idle  _clearviewport
 0281:1024 idle  _moveto
 0281:104B idle  _moverel
 0281:106B idle  _getx
 0281:107A idle  _gety
 0281:1089       _getmaxx
 0281:109C       _getmaxy
 0281:10AF idle  _getdrivername
 0281:10D5 idle  _getmodename
 0281:10F9 idle  _lineto
 0281:1120 idle  _linerel
 0281:115B idle  _getlinesettings
 0281:117A idle  _setlinestyle
 0281:11BD idle  _rectangle
 0281:1213 idle  _getfillsettings
 0281:1230 idle  _setfillstyle
 0281:1264 idle  _getfillpattern
 0281:1284 idle  _setfillpattern
 0281:12FB idle  _arc
 0281:1326 idle  _circle
 0281:1352 idle  _getaspectratio
 0281:1370 idle  _setaspectratio
 0281:1388 idle  _pieslice
 0281:13B3 idle  _setbkcolor
 0281:13ED idle  _getcolor
 0281:13FE idle  _getbkcolor
 0281:140F idle  _setallpalette
 0281:14B5 idle  _setpalette
 0281:14F8 idle  _getpalette
 0281:1517 idle  _imagesize
 0281:154C idle  _putimage
 0281:15DB idle  _gettextsettings
 0281:15FA idle  _outtext
 0281:1648       _settextjustify
 0281:1689       _settextstyle
 0281:1858 idle  _setusercharsize
 0281:187E idle  _textheight
 0281:188F idle  @DGROUP
 0281:18D3 idle  _postdevice
 0281:18EA       __installdevice
 0281:18EF       __reinstalldevice
 0281:1933       __gr_setviewport
 0281:195F       __gr_setgraphmode
 0281:1995       __gr_restorecrtmode
 0281:19D4 idle  _setvisualpage
 0281:19F7 idle  _setactivepage
 0281:1A1D       _setwritemode
 0281:1A40       __gr_setfillpattern
 0281:1A73       __gr_settextjustify
 0281:1A90       __gr_imagesize
 0281:1AE1       __autodetect
 0281:1B52       __gr_detectgraph
 0281:1B8F       __initdevice
 0281:1BB4       __gr_cleardevice
 0281:1BCB       __gr_moveto
 0281:1BE8       __gr_lineto
 0281:1C05       _line
 0281:1C28 idle  _drawpoly
 0281:1C48 idle  _fillpoly
 0281:1C68       _bar
 0281:1C8B idle  _bar3d
 0281:1CCC       _ellipse
 0281:1CFC idle  _fillellipse
 0281:1D39       _sector
 0281:1D69 idle  _getarccoords
 0281:1D92       _setcolor
 0281:1DB3       _getmaxcolor
 0281:1DCE       _getpalettesize
 0281:1DE9       _getdefaultpalette
 0281:1E06       __gr_getmodename
 0281:1E27       _getmaxmode
 0281:1E43       __gr_setbkcolor
 0281:1E62 idle  _setrgbpalette
 0281:1E88       __gr_setpalette
 0281:1EA7       __gr_setallpalette
 0281:1EC2       __gr_setlinestyle
 0281:1EEB idle  _floodfill
 0281:1F30       __gr_setfillstyle
 0281:1F60       _outtextxy
 0281:1F96       __gr_settextstyle
 0281:1FE7       __gr_setusercharsize
 0281:200D       _textwidth
 0281:203A       __gr_textheight
 0281:205B idle  _getpixel
 0281:207C idle  _putpixel
 0281:209C idle  _getimage
 0281:20D9       __gr_putimage
 0281:22C0       __GRP_ovr
 0647:0000 idle  _fname
 0650:0000 idle  DATASEG@
 0650:005B idle  __Int0Vector
 0650:005F idle  __Int4Vector
 0650:0063 idle  __Int5Vector
 0650:0067 idle  __Int6Vector
 0650:006B idle  __C0argc
 0650:006D idle  __C0argv
 0650:0071 idle  __C0environ
 0650:0075 idle  __envLng
 0650:0077 idle  __envseg
 0650:0079 idle  __envSize
 0650:007B       __psp
 0650:007D idle  __osversion
 0650:007D idle  __osmajor
 0650:007D idle  __version
 0650:007E idle  __osminor
 0650:007F       _errno
 0650:0081 idle  __StartTime
 0650:0085       __heapbase
 0650:0089       __brklvl
 0650:008D       __heaptop
 0650:0092       __BGI_ovr
 0650:0096       __BGI_auto
 0650:022F       __DDO_ADD
 0650:0233       __BGI_ADD
 0650:02AC idle  __gr_ErrCode
 0650:02AE       __FON_ADD
 0650:02B2       __StatOfs
 0650:02B4       __StatSeg
 0650:02B6       __drawcolor
 0650:02B7       __fillcolor
 0650:02B8 idle  __backcolor
 0650:02B9       __linestyle
 0650:02BA       __fillstyle
 0650:02C1 idle  __OverScanColor
 0650:0700       __atexitcnt
 0650:0702       __atexittbl
 0650:0782       __exitbuf
 0650:0786 idle  __exitfopen
 0650:078A idle  __exitopen
 0650:078E       __streams
 0650:091E       __nfile
 0650:0920       __openfd
 0650:0948 idle  __doserrno
 0650:094A idle  __dosErrorToSV
 0650:09A4       __stklen
 0650:0A0E       __wscroll
 0650:0A10       __video
 0650:0A1F       _directvideo
 0650:0A5C       __cFlag
 0650:0A5D       __cChar
 0650:0A64       __RealCvtVector
 0650:0A66 idle  __ScanTodVector

Line numbers for TEXTSTY.OBJ(TEXTSTY.CPP) segment TEXTSTY_TEXT

    15 0271:0008    18 0271:0016    20 0271:001B    23 0271:001E
    26 0271:0035    27 0271:003D    29 0271:0043    30 0271:005D
    31 0271:006A    32 0271:006F    35 0271:007B    36 0271:0089
    38 0271:0097    41 0271:00A7    43 0271:00AB    44 0271:00B0
    45 0271:00B5    48 0271:00B8    51 0271:00C5    52 0271:00E1
    56 0271:00EC    57 0271:00F1    58 0271:00F3
Program entry point at 0000:0000

