
 Start  Stop   Length Name               Class

 00000H 02717H 02718H _TEXT              CODE
 02718H 027F9H 000E2H USERFONT_TEXT      CODE
 02800H 06459H 03C5AH _BGI_TEXT          CODE
 06460H 06460H 00000H _FARDATA           FAR_DATA
 06460H 064EAH 0008BH USERFONT_DATA      FAR_DATA
 064F0H 064F0H 00000H _FARBSS            FAR_BSS
 064F0H 064F0H 00000H _OVERLAY_          OVRINFO
 064F0H 064F0H 00000H _1STUB_            STUBSEG
 064F0H 06F53H 00A64H _DATA              DATA
 06F54H 06F55H 00002H _CVTSEG            DATA
 06F56H 06F5BH 00006H _SCNSEG            DATA
 06F5CH 06F5CH 00000H GRAPH              DATA
 06F5CH 06F5CH 00000H _CONST             CONST
 06F5CH 06F67H 0000CH _INIT_             INITDATA
 06F68H 06F68H 00000H _INITEND_          INITDATA
 06F68H 06F68H 00000H _EXIT_             EXITDATA
 06F68H 06F68H 00000H _EXITEND_          EXITDATA
 06F70H 06FEFH 00080H _STACK             STACK


Detailed map of segments

 0000:0000 0257 C=CODE   S=_TEXT          G=(none)  M=c0.ASM     ACBP=28
 0000:0257 0034 C=CODE   S=_TEXT          G=(none)  M=ATEXIT     ACBP=28
 0000:028B 00D0 C=CODE   S=_TEXT          G=(none)  M=EXIT       ACBP=28
 0000:035B 0000 C=CODE   S=_TEXT          G=(none)  M=FILES      ACBP=28
 0000:035B 0000 C=CODE   S=_TEXT          G=(none)  M=FILES2     ACBP=28
 0000:035B 0017 C=CODE   S=_TEXT          G=(none)  M=F_LXMUL    ACBP=28
 0000:0372 001C C=CODE   S=_TEXT          G=(none)  M=F_SCOPY    ACBP=28
 0000:038E 00AE C=CODE   S=_TEXT          G=(none)  M=H_LDIV     ACBP=28
 0000:043C 0021 C=CODE   S=_TEXT          G=(none)  M=H_LLSH     ACBP=28
 0000:045D 0060 C=CODE   S=_TEXT          G=(none)  M=H_PADD     ACBP=28
 0000:04BD 005F C=CODE   S=_TEXT          G=(none)  M=IOERROR    ACBP=28
 0000:051C 0018 C=CODE   S=_TEXT          G=(none)  M=ISATTY     ACBP=28
 0000:0534 00B0 C=CODE   S=_TEXT          G=(none)  M=LONGTOA    ACBP=28
 0000:05E4 0036 C=CODE   S=_TEXT          G=(none)  M=LSEEK      ACBP=28
 0000:061A 0021 C=CODE   S=_TEXT          G=(none)  M=N_PCMP     ACBP=28
 0000:063B 00FB C=CODE   S=_TEXT          G=(none)  M=SETUPIO    ACBP=28
 0000:0736 0000 C=CODE   S=_TEXT          G=(none)  M=STKLEN     ACBP=28
 0000:0736 001F C=CODE   S=_TEXT          G=(none)  M=TELL       ACBP=28
 0000:0755 04CB C=CODE   S=_TEXT          G=(none)  M=VPRINTER   ACBP=28
 0000:0C20 00C5 C=CODE   S=_TEXT          G=(none)  M=VRAM       ACBP=28
 0000:0CE5 0000 C=CODE   S=_TEXT          G=(none)  M=WSCROLL    ACBP=28
 0000:0CE5 01B3 C=CODE   S=_TEXT          G=(none)  M=CPRINTF    ACBP=28
 0000:0E98 01DC C=CODE   S=_TEXT          G=(none)  M=CRTINIT    ACBP=28
 0000:1074 0024 C=CODE   S=_TEXT          G=(none)  M=CVTFAK     ACBP=28
 0000:1098 0432 C=CODE   S=_TEXT          G=(none)  M=FARHEAP    ACBP=28
 0000:14CA 01BF C=CODE   S=_TEXT          G=(none)  M=FBRK       ACBP=28
 0000:1689 0098 C=CODE   S=_TEXT          G=(none)  M=GETCH      ACBP=28
 0000:1721 0015 C=CODE   S=_TEXT          G=(none)  M=GEXIT      ACBP=28
 0000:1736 0019 C=CODE   S=_TEXT          G=(none)  M=GFREEMEM   ACBP=28
 0000:174F 0015 C=CODE   S=_TEXT          G=(none)  M=GGETMEM    ACBP=28
 0000:1764 00A7 C=CODE   S=_TEXT          G=(none)  M=GPTEXT     ACBP=28
 0000:180B 0019 C=CODE   S=_TEXT          G=(none)  M=KBHIT      ACBP=28
 0000:1824 00A4 C=CODE   S=_TEXT          G=(none)  M=MOVETEXT   ACBP=28
 0000:18C8 001C C=CODE   S=_TEXT          G=(none)  M=PUTCH      ACBP=28
 0000:18E4 000A C=CODE   S=_TEXT          G=(none)  M=REALCVT    ACBP=28
 0000:18EE 020C C=CODE   S=_TEXT          G=(none)  M=SCREEN     ACBP=28
 0000:1AFA 01B4 C=CODE   S=_TEXT          G=(none)  M=SCROLL     ACBP=28
 0000:1CAE 0023 C=CODE   S=_TEXT          G=(none)  M=SETBLOCK   ACBP=28
 0000:1CD1 004D C=CODE   S=_TEXT          G=(none)  M=WHEREXY    ACBP=28
 0000:1D1E 00D4 C=CODE   S=_TEXT          G=(none)  M=FFLUSH     ACBP=28
 0000:1DF2 0051 C=CODE   S=_TEXT          G=(none)  M=FLUSHALL   ACBP=28
 0000:1E43 016F C=CODE   S=_TEXT          G=(none)  M=FSEEK      ACBP=28
 0000:1FB2 0027 C=CODE   S=_TEXT          G=(none)  M=MEMCPY     ACBP=28
 0000:1FD9 0025 C=CODE   S=_TEXT          G=(none)  M=PRINTF     ACBP=28
 0000:1FFE 03F3 C=CODE   S=_TEXT          G=(none)  M=PUTC       ACBP=28
 0000:23F1 0129 C=CODE   S=_TEXT          G=(none)  M=SETVBUF    ACBP=28
 0000:251A 016E C=CODE   S=_TEXT          G=(none)  M=WRITE      ACBP=28
 0000:2688 004F C=CODE   S=_TEXT          G=(none)  M=WRITEA     ACBP=28
 0000:26D7 0041 C=CODE   S=_TEXT          G=(none)  M=XFFLUSH    ACBP=28
 0271:0008 00E2 C=CODE   S=USERFONT_TEXT  G=(none)  M=USERFONT.CPP ACBP=28
 0280:0000 188F C=CODE   S=_BGI_TEXT      G=(none)  M=GRAPHC     ACBP=28
 0280:188F 0A27 C=CODE   S=_BGI_TEXT      G=(none)  M=GRAPH      ACBP=28
 0280:22C0 199A C=CODE   S=_BGI_TEXT      G=(none)  M=BGIOVR     ACBP=68
 0646:0000 0000 C=FAR_DATA S=_FARDATA       G=(none)  M=c0.ASM     ACBP=68
 0646:0000 008B C=FAR_DATA S=USERFONT_DATA  G=(none)  M=USERFONT.CPP ACBP=48
 064F:0000 0000 C=FAR_BSS S=_FARBSS        G=(none)  M=c0.ASM     ACBP=68
 064F:0000 0000 C=OVRINFO S=_OVERLAY_      G=(none)  M=c0.ASM     ACBP=68
 064F:0000 0000 C=STUBSEG S=_1STUB_        G=(none)  M=c0.ASM     ACBP=68
 064F:0000 0091 C=DATA   S=_DATA          G=DGROUP  M=c0.ASM     ACBP=68
 064F:0092 0006 C=DATA   S=_DATA          G=DGROUP  M=GLOAD      ACBP=48
 064F:0098 065B C=DATA   S=_DATA          G=DGROUP  M=GRAPHC     ACBP=48
 064F:06F4 000B C=DATA   S=_DATA          G=DGROUP  M=GRAPH      ACBP=48
 064F:0700 0082 C=DATA   S=_DATA          G=DGROUP  M=ATEXIT     ACBP=48
 064F:0782 000C C=DATA   S=_DATA          G=DGROUP  M=EXIT       ACBP=48
 064F:078E 0190 C=DATA   S=_DATA          G=DGROUP  M=FILES      ACBP=48
 064F:091E 002A C=DATA   S=_DATA          G=DGROUP  M=FILES2     ACBP=48
 064F:0948 0000 C=DATA   S=_DATA          G=DGROUP  M=F_LXMUL    ACBP=48
 064F:0948 0000 C=DATA   S=_DATA          G=DGROUP  M=F_SCOPY    ACBP=48
 064F:0948 0000 C=DATA   S=_DATA          G=DGROUP  M=H_LDIV     ACBP=48
 064F:0948 0000 C=DATA   S=_DATA          G=DGROUP  M=H_LLSH     ACBP=48
 064F:0948 0000 C=DATA   S=_DATA          G=DGROUP  M=H_PADD     ACBP=48
 064F:0948 005B C=DATA   S=_DATA          G=DGROUP  M=IOERROR    ACBP=48
 064F:09A4 0000 C=DATA   S=_DATA          G=DGROUP  M=ISATTY     ACBP=48
 064F:09A4 0000 C=DATA   S=_DATA          G=DGROUP  M=LONGTOA    ACBP=48
 064F:09A4 0000 C=DATA   S=_DATA          G=DGROUP  M=LSEEK      ACBP=48
 064F:09A4 0000 C=DATA   S=_DATA          G=DGROUP  M=N_PCMP     ACBP=48
 064F:09A4 0000 C=DATA   S=_DATA          G=DGROUP  M=SETUPIO    ACBP=48
 064F:09A4 0002 C=DATA   S=_DATA          G=DGROUP  M=STKLEN     ACBP=48
 064F:09A6 0000 C=DATA   S=_DATA          G=DGROUP  M=TELL       ACBP=48
 064F:09A6 0067 C=DATA   S=_DATA          G=DGROUP  M=VPRINTER   ACBP=48
 064F:0A0E 0000 C=DATA   S=_DATA          G=DGROUP  M=VRAM       ACBP=48
 064F:0A0E 0002 C=DATA   S=_DATA          G=DGROUP  M=WSCROLL    ACBP=48
 064F:0A10 0000 C=DATA   S=_DATA          G=DGROUP  M=CPRINTF    ACBP=48
 064F:0A10 0018 C=DATA   S=_DATA          G=DGROUP  M=CRTINIT    ACBP=48
 064F:0A28 0031 C=DATA   S=_DATA          G=DGROUP  M=CVTFAK     ACBP=48
 064F:0A5A 0000 C=DATA   S=_DATA          G=DGROUP  M=FARHEAP    ACBP=48
 064F:0A5A 0002 C=DATA   S=_DATA          G=DGROUP  M=FBRK       ACBP=48
 064F:0A5C 0000 C=DATA   S=_DATA          G=DGROUP  M=GETCH      ACBP=48
 064F:0A5C 0000 C=DATA   S=_DATA          G=DGROUP  M=GEXIT      ACBP=48
 064F:0A5C 0000 C=DATA   S=_DATA          G=DGROUP  M=GFREEMEM   ACBP=48
 064F:0A5C 0000 C=DATA   S=_DATA          G=DGROUP  M=GGETMEM    ACBP=48
 064F:0A5C 0000 C=DATA   S=_DATA          G=DGROUP  M=GPTEXT     ACBP=48
 064F:0A5C 0002 C=DATA   S=_DATA          G=DGROUP  M=KBHIT      ACBP=48
 064F:0A5E 0000 C=DATA   S=_DATA          G=DGROUP  M=MOVETEXT   ACBP=48
 064F:0A5E 0000 C=DATA   S=_DATA          G=DGROUP  M=PUTCH      ACBP=48
 064F:0A5E 0000 C=DATA   S=_DATA          G=DGROUP  M=REALCVT    ACBP=48
 064F:0A5E 0000 C=DATA   S=_DATA          G=DGROUP  M=SCREEN     ACBP=48
 064F:0A5E 0000 C=DATA   S=_DATA          G=DGROUP  M=SCROLL     ACBP=48
 064F:0A5E 0000 C=DATA   S=_DATA          G=DGROUP  M=SETBLOCK   ACBP=48
 064F:0A5E 0000 C=DATA   S=_DATA          G=DGROUP  M=WHEREXY    ACBP=48
 064F:0A5E 0000 C=DATA   S=_DATA          G=DGROUP  M=FFLUSH     ACBP=48
 064F:0A5E 0000 C=DATA   S=_DATA          G=DGROUP  M=FLUSHALL   ACBP=48
 064F:0A5E 0000 C=DATA   S=_DATA          G=DGROUP  M=FSEEK      ACBP=48
 064F:0A5E 0000 C=DATA   S=_DATA          G=DGROUP  M=MEMCPY     ACBP=48
 064F:0A5E 0000 C=DATA   S=_DATA          G=DGROUP  M=PRINTF     ACBP=48
 064F:0A5E 0002 C=DATA   S=_DATA          G=DGROUP  M=PUTC       ACBP=48
 064F:0A60 0004 C=DATA   S=_DATA          G=DGROUP  M=SETVBUF    ACBP=48
 064F:0A64 0000 C=DATA   S=_DATA          G=DGROUP  M=WRITE      ACBP=48
 064F:0A64 0000 C=DATA   S=_DATA          G=DGROUP  M=WRITEA     ACBP=48
 064F:0A64 0000 C=DATA   S=_DATA          G=DGROUP  M=XFFLUSH    ACBP=48
 064F:0A64 0000 C=DATA   S=_CVTSEG        G=DGROUP  M=c0.ASM     ACBP=48
 064F:0A64 0002 C=DATA   S=_CVTSEG        G=DGROUP  M=CVTFAK     ACBP=48
 064F:0A66 0000 C=DATA   S=_CVTSEG        G=DGROUP  M=REALCVT    ACBP=48
 064F:0A66 0000 C=DATA   S=_SCNSEG        G=DGROUP  M=c0.ASM     ACBP=48
 064F:0A66 0006 C=DATA   S=_SCNSEG        G=DGROUP  M=CVTFAK     ACBP=48
 064F:0A6C 0000 C=DATA   S=GRAPH          G=DGROUP  M=GRAPHC     ACBP=48
 064F:0A6C 0000 C=CONST  S=_CONST         G=DGROUP  M=c0.ASM     ACBP=48
 064F:0A6C 0000 C=INITDATA S=_INIT_         G=DGROUP  M=c0.ASM     ACBP=48
 064F:0A6C 0006 C=INITDATA S=_INIT_         G=DGROUP  M=SETUPIO    ACBP=48
 064F:0A72 0006 C=INITDATA S=_INIT_         G=DGROUP  M=CRTINIT    ACBP=48
 064F:0A78 0000 C=INITDATA S=_INITEND_      G=DGROUP  M=c0.ASM     ACBP=28
 064F:0A78 0000 C=EXITDATA S=_EXIT_         G=DGROUP  M=c0.ASM     ACBP=48
 064F:0A78 0000 C=EXITDATA S=_EXITEND_      G=DGROUP  M=c0.ASM     ACBP=28
 06F7:0000 0080 C=STACK  S=_STACK         G=(none)  M=c0.ASM     ACBP=74

  Address         Publics by Name

 0280:188F idle  @DGROUP
 064F:0000 idle  DATASEG@
 0000:0253       DGROUP@
 0000:0391       F_LDIV@
 0000:03A0 idle  F_LMOD@
 0000:0398 idle  F_LUDIV@
 0000:03A8 idle  F_LUMOD@
 0000:043F idle  F_LXLSH@
 0000:035B       F_LXMUL@
 0000:0460 idle  F_PADD@
 0000:048F idle  F_PSUB@
 0000:0372       F_SCOPY@
 0000:0391 idle  LDIV@
 0000:03A0 idle  LMOD@
 0000:0398 idle  LUDIV@
 0000:03A8 idle  LUMOD@
 0000:043F idle  LXLSH@
 0000:035B idle  LXMUL@
 0000:038E idle  N_LDIV@
 0000:039D idle  N_LMOD@
 0000:0395 idle  N_LUDIV@
 0000:03A5 idle  N_LUMOD@
 0000:043C       N_LXLSH@
 0000:045D       N_PADD@
 0000:061A       N_PCMP@
 0000:048C idle  N_PSUB@
 0000:0460 idle  PADD@
 0000:048F idle  PSUB@
 0000:0372 idle  SCOPY@
 0000:023C       _abort
 0280:12FB idle  _arc
 0000:0257 idle  _atexit
 0280:1C68       _bar
 0280:1C8B idle  _bar3d
 0280:1326 idle  _circle
 0280:0EFD       _cleardevice
 0280:0FB3 idle  _clearviewport
 0280:0E53       _closegraph
 0000:0E77 idle  _cprintf
 0280:0656 idle  _detectgraph
 064F:0A1F       _directvideo
 0280:1C28 idle  _drawpoly
 0280:1CCC       _ellipse
 064F:007F       _errno
 0000:0304       _exit
 0000:11D8 idle  _farfree
 0000:12EC idle  _farmalloc
 0000:1450 idle  _farrealloc
 0000:1D1E       _fflush
 0280:1CFC idle  _fillellipse
 0280:1C48 idle  _fillpoly
 0280:1EEB idle  _floodfill
 0000:1DF2       _flushall
 0646:0000 idle  _fname
 0000:2021 idle  _fputc
 0000:21C1 idle  _fputchar
 0000:11D8       _free
 0000:1ECC       _fseek
 0000:1F53 idle  _ftell
 0280:1D69 idle  _getarccoords
 0280:1352 idle  _getaspectratio
 0280:13FE idle  _getbkcolor
 0000:1689       _getch
 0000:16BB idle  _getche
 0280:13ED idle  _getcolor
 0280:1DE9       _getdefaultpalette
 0280:10AF idle  _getdrivername
 0280:1264 idle  _getfillpattern
 0280:1213 idle  _getfillsettings
 0280:0DFE idle  _getgraphmode
 0280:209C idle  _getimage
 0280:115B idle  _getlinesettings
 0280:1DB3       _getmaxcolor
 0280:1E27       _getmaxmode
 0280:1089       _getmaxx
 0280:109C       _getmaxy
 0280:10D5 idle  _getmodename
 0280:05B7 idle  _getmoderange
 0280:14F8 idle  _getpalette
 0280:1DCE       _getpalettesize
 0280:205B idle  _getpixel
 0000:1764       _gettext
 0280:15DB idle  _gettextsettings
 0280:0F94 idle  _getviewsettings
 0280:106B idle  _getx
 0280:107A idle  _gety
 0280:0884 idle  _graphdefaults
 0280:0193       _grapherrormsg
 0280:030D       _graphresult
 0280:1517 idle  _imagesize
 0280:096A       _initgraph
 0280:0BDE idle  _installuserdriver
 0280:0CCC idle  _installuserfont
 0000:051C       _isatty
 0000:180B idle  _kbhit
 0280:1C05       _line
 0280:1120 idle  _linerel
 0280:10F9 idle  _lineto
 0000:05E4       _lseek
 0271:0008       _main
 0000:12E2       _malloc
 0000:1FB2       _memcpy
 0280:104B idle  _moverel
 0000:1824       _movetext
 0280:1024 idle  _moveto
 0280:15FA idle  _outtext
 0280:1F60       _outtextxy
 0280:1388 idle  _pieslice
 0280:18D3 idle  _postdevice
 0000:1FD9       _printf
 0000:18C8       _putch
 0280:154C idle  _putimage
 0280:207C idle  _putpixel
 0000:17C1       _puttext
 0000:1449 idle  _realloc
 0280:11BD idle  _rectangle
 0280:03F3 idle  _registerfarbgidriver
 0280:04AC idle  _registerfarbgifont
 0280:0E21 idle  _restorecrtmode
 0280:1D39       _sector
 0280:19F7 idle  _setactivepage
 0280:140F idle  _setallpalette
 0280:1370 idle  _setaspectratio
 0280:13B3 idle  _setbkcolor
 0000:1CAE       _setblock
 0280:1D92       _setcolor
 0280:1284 idle  _setfillpattern
 0280:1230 idle  _setfillstyle
 0280:0580 idle  _setgraphbufsize
 0280:0D76 idle  _setgraphmode
 0280:117A idle  _setlinestyle
 0280:14B5 idle  _setpalette
 0280:1E62 idle  _setrgbpalette
 0280:1648       _settextjustify
 0280:1689       _settextstyle
 0280:1858 idle  _setusercharsize
 0000:23F1       _setvbuf
 0280:0F18 idle  _setviewport
 0280:19D4 idle  _setvisualpage
 0280:1A1D       _setwritemode
 0000:0736       _tell
 0280:187E idle  _textheight
 0280:200D       _textwidth
 0000:16EC idle  _ungetch
 0000:1CE2 idle  _wherex
 0000:1CFE idle  _wherey
 0000:1000 idle  __AHINCR
 0000:000C idle  __AHSHIFT
 064F:0700       __atexitcnt
 064F:0702       __atexittbl
 0280:1AE1       __autodetect
 064F:02B8 idle  __backcolor
 064F:0233       __BGI_ADD
 064F:0096       __BGI_auto
 064F:0092       __BGI_ovr
 0000:1579       __brk
 064F:0089       __brklvl
 064F:006B idle  __C0argc
 064F:006D idle  __C0argv
 0000:0F6E idle  __c0crtinit
 064F:0071 idle  __C0environ
 064F:0A5D       __cChar
 0000:0333 idle  __cexit
 064F:0A5C       __cFlag
 0000:0155       __checknull
 0000:0142       __cleanup
 0000:0CE5       __CPUTN
 0000:0F92 idle  __crtinit
 0000:0000  Abs  __cvtfak
 0000:0348 idle  __c_exit
 064F:022F       __DDO_ADD
 064F:0948 idle  __doserrno
 0000:0503 idle  __DOSERROR
 064F:094A idle  __dosErrorToSV
 064F:02B6       __drawcolor
 064F:0075 idle  __envLng
 064F:0077 idle  __envseg
 064F:0079 idle  __envSize
 0000:031A       __exit
 064F:0782       __exitbuf
 064F:0786 idle  __exitfopen
 064F:078A idle  __exitopen
 064F:02B7       __fillcolor
 064F:02BA       __fillstyle
 064F:02AE       __FON_ADD
 0000:1FFE idle  __fputc
 0000:21DF       __FPUTN
 0000:1721       __graphexit
 0000:1736       __graphfreemem
 0000:174F       __graphgetmem
 0280:0329 idle  __GraphNotInstalled
 0280:22C0       __GRP_ovr
 0280:1BB4       __gr_cleardevice
 0280:1B52       __gr_detectgraph
 064F:02AC idle  __gr_ErrCode
 0280:1E06       __gr_getmodename
 0280:1A90       __gr_imagesize
 0280:1BE8       __gr_lineto
 0280:1BCB       __gr_moveto
 0280:20D9       __gr_putimage
 0280:1995       __gr_restorecrtmode
 0280:1EA7       __gr_setallpalette
 0280:1E43       __gr_setbkcolor
 0280:1A40       __gr_setfillpattern
 0280:1F30       __gr_setfillstyle
 0280:195F       __gr_setgraphmode
 0280:1EC2       __gr_setlinestyle
 0280:1E88       __gr_setpalette
 0280:1A73       __gr_settextjustify
 0280:1F96       __gr_settextstyle
 0280:1FE7       __gr_setusercharsize
 0280:1933       __gr_setviewport
 0280:203A       __gr_textheight
 064F:0085       __heapbase
 064F:008D       __heaptop
 0280:1B8F       __initdevice
 0280:18EA       __installdevice
 064F:005B idle  __Int0Vector
 064F:005F idle  __Int4Vector
 064F:0063 idle  __Int5Vector
 064F:0067 idle  __Int6Vector
 0000:04BD       __IOERROR
 064F:02B9       __linestyle
 0000:0534       __LONGTOA
 0000:0255 idle  __MMODEL
 064F:091E       __nfile
 0000:16B8 idle  __Ngetche
 0000:16E9 idle  __Nungetch
 064F:0920       __openfd
 064F:007D idle  __osmajor
 064F:007E idle  __osminor
 064F:007D idle  __osversion
 064F:02C1 idle  __OverScanColor
 064F:007B       __psp
 0000:18E4       __REALCVT
 064F:0A64       __RealCvtVector
 0280:18EF       __reinstalldevice
 0000:01AB       __restorezero
 0000:15CB       __sbrk
 064F:0A66 idle  __ScanTodVector
 0000:1A55       __SCREENIO
 0000:1B29       __SCROLL
 0000:063B       __setupio
 064F:0081 idle  __StartTime
 064F:02B2       __StatOfs
 064F:02B4       __StatSeg
 064F:09A4       __stklen
 064F:078E       __streams
 0000:0156       __terminate
 0000:0000 idle  __turboCrt
 0000:05BD idle  __UTOA
 0000:1AA4       __VALIDATEXY
 064F:007D idle  __version
 064F:0A10       __video
 0000:0EE1       __VideoInt
 0000:076D       __VPRINTER
 0000:0C20       __VPTR
 0000:0C5E       __VRAM
 0000:1CD1       __wherexy
 0000:2688       __write
 064F:0A0E       __wscroll
 0000:26D7       __xfflush
 0000:1098 idle  ___first
 0000:109A idle  ___last
 0280:0178 idle  ___move
 0000:109C idle  ___rover
 0000:251A       ___write

  Address         Publics by Value

 0000:0000 idle  __turboCrt
 0000:0000  Abs  __cvtfak
 0000:000C idle  __AHSHIFT
 0000:1000 idle  __AHINCR
 0000:0142       __cleanup
 0000:0155       __checknull
 0000:0156       __terminate
 0000:01AB       __restorezero
 0000:023C       _abort
 0000:0253       DGROUP@
 0000:0255 idle  __MMODEL
 0000:0257 idle  _atexit
 0000:0304       _exit
 0000:031A       __exit
 0000:0333 idle  __cexit
 0000:0348 idle  __c_exit
 0000:035B       F_LXMUL@
 0000:035B idle  LXMUL@
 0000:0372       F_SCOPY@
 0000:0372 idle  SCOPY@
 0000:038E idle  N_LDIV@
 0000:0391       F_LDIV@
 0000:0391 idle  LDIV@
 0000:0395 idle  N_LUDIV@
 0000:0398 idle  F_LUDIV@
 0000:0398 idle  LUDIV@
 0000:039D idle  N_LMOD@
 0000:03A0 idle  F_LMOD@
 0000:03A0 idle  LMOD@
 0000:03A5 idle  N_LUMOD@
 0000:03A8 idle  LUMOD@
 0000:03A8 idle  F_LUMOD@
 0000:043C       N_LXLSH@
 0000:043F idle  LXLSH@
 0000:043F idle  F_LXLSH@
 0000:045D       N_PADD@
 0000:0460 idle  F_PADD@
 0000:0460 idle  PADD@
 0000:048C idle  N_PSUB@
 0000:048F idle  F_PSUB@
 0000:048F idle  PSUB@
 0000:04BD       __IOERROR
 0000:0503 idle  __DOSERROR
 0000:051C       _isatty
 0000:0534       __LONGTOA
 0000:05BD idle  __UTOA
 0000:05E4       _lseek
 0000:061A       N_PCMP@
 0000:063B       __setupio
 0000:0736       _tell
 0000:076D       __VPRINTER
 0000:0C20       __VPTR
 0000:0C5E       __VRAM
 0000:0CE5       __CPUTN
 0000:0E77 idle  _cprintf
 0000:0EE1       __VideoInt
 0000:0F6E idle  __c0crtinit
 0000:0F92 idle  __crtinit
 0000:1098 idle  ___first
 0000:109A idle  ___last
 0000:109C idle  ___rover
 0000:11D8       _free
 0000:11D8 idle  _farfree
 0000:12E2       _malloc
 0000:12EC idle  _farmalloc
 0000:1449 idle  _realloc
 0000:1450 idle  _farrealloc
 0000:1579       __brk
 0000:15CB       __sbrk
 0000:1689       _getch
 0000:16B8 idle  __Ngetche
 0000:16BB idle  _getche
 0000:16E9 idle  __Nungetch
 0000:16EC idle  _ungetch
 0000:1721       __graphexit
 0000:1736       __graphfreemem
 0000:174F       __graphgetmem
 0000:1764       _gettext
 0000:17C1       _puttext
 0000:180B idle  _kbhit
 0000:1824       _movetext
 0000:18C8       _putch
 0000:18E4       __REALCVT
 0000:1A55       __SCREENIO
 0000:1AA4       __VALIDATEXY
 0000:1B29       __SCROLL
 0000:1CAE       _setblock
 0000:1CD1       __wherexy
 0000:1CE2 idle  _wherex
 0000:1CFE idle  _wherey
 0000:1D1E       _fflush
 0000:1DF2       _flushall
 0000:1ECC       _fseek
 0000:1F53 idle  _ftell
 0000:1FB2       _memcpy
 0000:1FD9       _printf
 0000:1FFE idle  __fputc
 0000:2021 idle  _fputc
 0000:21C1 idle  _fputchar
 0000:21DF       __FPUTN
 0000:23F1       _setvbuf
 0000:251A       ___write
 0000:2688       __write
 0000:26D7       __xfflush
 0271:0008       _main
 0280:0178 idle  ___move
 0280:0193       _grapherrormsg
 0280:030D       _graphresult
 0280:0329 idle  __GraphNotInstalled
 0280:03F3 idle  _registerfarbgidriver
 0280:04AC idle  _registerfarbgifont
 0280:0580 idle  _setgraphbufsize
 0280:05B7 idle  _getmoderange
 0280:0656 idle  _detectgraph
 0280:0884 idle  _graphdefaults
 0280:096A       _initgraph
 0280:0BDE idle  _installuserdriver
 0280:0CCC idle  _installuserfont
 0280:0D76 idle  _setgraphmode
 0280:0DFE idle  _getgraphmode
 0280:0E21 idle  _restorecrtmode
 0280:0E53       _closegraph
 0280:0EFD       _cleardevice
 0280:0F18 idle  _setviewport
 0280:0F94 idle  _getviewsettings
 0280:0FB3 idle  _clearviewport
 0280:1024 idle  _moveto
 0280:104B idle  _moverel
 0280:106B idle  _getx
 0280:107A idle  _gety
 0280:1089       _getmaxx
 0280:109C       _getmaxy
 0280:10AF idle  _getdrivername
 0280:10D5 idle  _getmodename
 0280:10F9 idle  _lineto
 0280:1120 idle  _linerel
 0280:115B idle  _getlinesettings
 0280:117A idle  _setlinestyle
 0280:11BD idle  _rectangle
 0280:1213 idle  _getfillsettings
 0280:1230 idle  _setfillstyle
 0280:1264 idle  _getfillpattern
 0280:1284 idle  _setfillpattern
 0280:12FB idle  _arc
 0280:1326 idle  _circle
 0280:1352 idle  _getaspectratio
 0280:1370 idle  _setaspectratio
 0280:1388 idle  _pieslice
 0280:13B3 idle  _setbkcolor
 0280:13ED idle  _getcolor
 0280:13FE idle  _getbkcolor
 0280:140F idle  _setallpalette
 0280:14B5 idle  _setpalette
 0280:14F8 idle  _getpalette
 0280:1517 idle  _imagesize
 0280:154C idle  _putimage
 0280:15DB idle  _gettextsettings
 0280:15FA idle  _outtext
 0280:1648       _settextjustify
 0280:1689       _settextstyle
 0280:1858 idle  _setusercharsize
 0280:187E idle  _textheight
 0280:188F idle  @DGROUP
 0280:18D3 idle  _postdevice
 0280:18EA       __installdevice
 0280:18EF       __reinstalldevice
 0280:1933       __gr_setviewport
 0280:195F       __gr_setgraphmode
 0280:1995       __gr_restorecrtmode
 0280:19D4 idle  _setvisualpage
 0280:19F7 idle  _setactivepage
 0280:1A1D       _setwritemode
 0280:1A40       __gr_setfillpattern
 0280:1A73       __gr_settextjustify
 0280:1A90       __gr_imagesize
 0280:1AE1       __autodetect
 0280:1B52       __gr_detectgraph
 0280:1B8F       __initdevice
 0280:1BB4       __gr_cleardevice
 0280:1BCB       __gr_moveto
 0280:1BE8       __gr_lineto
 0280:1C05       _line
 0280:1C28 idle  _drawpoly
 0280:1C48 idle  _fillpoly
 0280:1C68       _bar
 0280:1C8B idle  _bar3d
 0280:1CCC       _ellipse
 0280:1CFC idle  _fillellipse
 0280:1D39       _sector
 0280:1D69 idle  _getarccoords
 0280:1D92       _setcolor
 0280:1DB3       _getmaxcolor
 0280:1DCE       _getpalettesize
 0280:1DE9       _getdefaultpalette
 0280:1E06       __gr_getmodename
 0280:1E27       _getmaxmode
 0280:1E43       __gr_setbkcolor
 0280:1E62 idle  _setrgbpalette
 0280:1E88       __gr_setpalette
 0280:1EA7       __gr_setallpalette
 0280:1EC2       __gr_setlinestyle
 0280:1EEB idle  _floodfill
 0280:1F30       __gr_setfillstyle
 0280:1F60       _outtextxy
 0280:1F96       __gr_settextstyle
 0280:1FE7       __gr_setusercharsize
 0280:200D       _textwidth
 0280:203A       __gr_textheight
 0280:205B idle  _getpixel
 0280:207C idle  _putpixel
 0280:209C idle  _getimage
 0280:20D9       __gr_putimage
 0280:22C0       __GRP_ovr
 0646:0000 idle  _fname
 064F:0000 idle  DATASEG@
 064F:005B idle  __Int0Vector
 064F:005F idle  __Int4Vector
 064F:0063 idle  __Int5Vector
 064F:0067 idle  __Int6Vector
 064F:006B idle  __C0argc
 064F:006D idle  __C0argv
 064F:0071 idle  __C0environ
 064F:0075 idle  __envLng
 064F:0077 idle  __envseg
 064F:0079 idle  __envSize
 064F:007B       __psp
 064F:007D idle  __osversion
 064F:007D idle  __osmajor
 064F:007D idle  __version
 064F:007E idle  __osminor
 064F:007F       _errno
 064F:0081 idle  __StartTime
 064F:0085       __heapbase
 064F:0089       __brklvl
 064F:008D       __heaptop
 064F:0092       __BGI_ovr
 064F:0096       __BGI_auto
 064F:022F       __DDO_ADD
 064F:0233       __BGI_ADD
 064F:02AC idle  __gr_ErrCode
 064F:02AE       __FON_ADD
 064F:02B2       __StatOfs
 064F:02B4       __StatSeg
 064F:02B6       __drawcolor
 064F:02B7       __fillcolor
 064F:02B8 idle  __backcolor
 064F:02B9       __linestyle
 064F:02BA       __fillstyle
 064F:02C1 idle  __OverScanColor
 064F:0700       __atexitcnt
 064F:0702       __atexittbl
 064F:0782       __exitbuf
 064F:0786 idle  __exitfopen
 064F:078A idle  __exitopen
 064F:078E       __streams
 064F:091E       __nfile
 064F:0920       __openfd
 064F:0948 idle  __doserrno
 064F:094A idle  __dosErrorToSV
 064F:09A4       __stklen
 064F:0A0E       __wscroll
 064F:0A10       __video
 064F:0A1F       _directvideo
 064F:0A5C       __cFlag
 064F:0A5D       __cChar
 064F:0A64       __RealCvtVector
 064F:0A66 idle  __ScanTodVector

Line numbers for USERFONT.OBJ(USERFONT.CPP) segment USERFONT_TEXT

    15 0271:0008    18 0271:0016    20 0271:001B    23 0271:0020
    26 0271:0037    27 0271:003F    29 0271:0045    30 0271:005F
    31 0271:006C    32 0271:0071    35 0271:007D    36 0271:008A
    38 0271:0098    41 0271:00A8    43 0271:00AC    49 0271:00B1
    52 0271:00C0    53 0271:00D1    57 0271:00DC    58 0271:00E1
    59 0271:00E3
Program entry point at 0000:0000

