
 Start  Stop   Length Name               Class

 00000H 0A494H 0A495H _TEXT              CODE
 0A495H 16184H 0BCF0H WWW_TEXT           CODE
 16190H 19DE9H 03C5AH _BGI_TEXT          CODE
 19DF0H 1C566H 02777H EMU_PROG           CODE
 1C570H 1CB37H 005C8H E87_PROG           CODE
 1CB40H 1CB40H 00000H _FARDATA           FAR_DATA
 1CB40H 1DD6BH 0122CH WWW_DATA           FAR_DATA
 1DD70H 20361H 025F2H WWW5_DATA          FAR_DATA
 20362H 20362H 00000H ATOF_DATA          FAR_DATA
 20362H 20385H 00024H HUGEVAL_DATA       FAR_DATA
 20386H 20386H 00000H LDTRUNC_DATA       FAR_DATA
 20386H 203C8H 00043H MATHWHY_DATA       FAR_DATA
 203CAH 203CAH 00000H REALCVT_DATA       FAR_DATA
 203CAH 203E1H 00018H SCANTOD_DATA       FAR_DATA
 203E2H 203E2H 00000H STRTOD_DATA        FAR_DATA
 203E2H 203E2H 00000H XCVT_DATA          FAR_DATA
 203E2H 2047BH 0009AH FPERR_DATA         FAR_DATA
 2047CH 2047CH 00000H FPRESET_DATA       FAR_DATA
 2047CH 204FBH 00080H _POW10_DATA        FAR_DATA
 204FCH 204FCH 00000H POW10D_DATA        FAR_DATA
 204FCH 204FCH 00000H MATHERR_DATA       FAR_DATA
 204FCH 20508H 0000DH SQRT_DATA          FAR_DATA
 2050AH 20519H 00010H POW_DATA           FAR_DATA
 2051AH 20525H 0000CH SIN_DATA           FAR_DATA
 20526H 20533H 0000EH _MATHERR_DATA      FAR_DATA
 20534H 2053FH 0000CH COS_DATA           FAR_DATA
 20540H 20551H 00012H ACOSASIN_DATA      FAR_DATA
 20560H 20561H 00002H FSBDTR5_DATA       FAR_DATA
 20570H 20585H 00016H STDTR5_DATA        FAR_DATA
 20590H 20590H 00000H _FARBSS            FAR_BSS
 20590H 20590H 00000H _OVERLAY_          OVRINFO
 20590H 20590H 00000H _1STUB_            STUBSEG
 20590H 213C9H 00E3AH _DATA              DATA
 213CAH 213CDH 00004H _CVTSEG            DATA
 213CEH 213D9H 0000CH _SCNSEG            DATA
 213DAH 213DAH 00000H GRAPH              DATA
 213DAH 213DAH 00000H _CONST             CONST
 213DAH 21409H 00030H _INIT_             INITDATA
 2140AH 2140AH 00000H _INITEND_          INITDATA
 2140AH 21421H 00018H _EXIT_             EXITDATA
 21422H 21422H 00000H _EXITEND_          EXITDATA
 21430H 2153FH 00110H _STACK             STACK


Detailed map of segments

 0000:0000 0257 C=CODE   S=_TEXT          G=(none)  M=c0.ASM     ACBP=28
 0000:0257 0258 C=CODE   S=_TEXT          G=(none)  M=FPINIT     ACBP=28
 0000:04AF 0000 C=CODE   S=_TEXT          G=(none)  M=E87TRAP    ACBP=28
 0000:04AF 0000 C=CODE   S=_TEXT          G=(none)  M=PROTFLAG   ACBP=28
 0000:04AF 0000 C=CODE   S=_TEXT          G=(none)  M=DEFLT87    ACBP=28
 0000:04AF 001E C=CODE   S=_TEXT          G=(none)  M=ATOF       ACBP=28
 0000:04CD 0000 C=CODE   S=_TEXT          G=(none)  M=HUGEVAL    ACBP=28
 0000:04CD 00A7 C=CODE   S=_TEXT          G=(none)  M=LDTRUNC    ACBP=28
 0000:0574 0000 C=CODE   S=_TEXT          G=(none)  M=MATHWHY    ACBP=28
 0000:0574 01D2 C=CODE   S=_TEXT          G=(none)  M=REALCVT    ACBP=28
 0000:0746 03BD C=CODE   S=_TEXT          G=(none)  M=SCANTOD    ACBP=28
 0000:0B03 00FA C=CODE   S=_TEXT          G=(none)  M=STRTOD     ACBP=28
 0000:0BFD 020F C=CODE   S=_TEXT          G=(none)  M=XCVT       ACBP=28
 0000:0E0C 00D2 C=CODE   S=_TEXT          G=(none)  M=FPERR      ACBP=28
 0000:0EDE 000F C=CODE   S=_TEXT          G=(none)  M=FPRESET    ACBP=28
 0000:0EED 00D5 C=CODE   S=_TEXT          G=(none)  M=_POW10     ACBP=28
 0000:0FC2 0012 C=CODE   S=_TEXT          G=(none)  M=POW10D     ACBP=28
 0000:0FD4 0031 C=CODE   S=_TEXT          G=(none)  M=MATHERR    ACBP=28
 0000:1005 0049 C=CODE   S=_TEXT          G=(none)  M=SQRT       ACBP=28
 0000:104E 0214 C=CODE   S=_TEXT          G=(none)  M=POW        ACBP=28
 0000:1262 005D C=CODE   S=_TEXT          G=(none)  M=SIN        ACBP=28
 0000:12BF 00C0 C=CODE   S=_TEXT          G=(none)  M=_MATHERR   ACBP=28
 0000:137F 005D C=CODE   S=_TEXT          G=(none)  M=COS        ACBP=28
 0000:13DC 0154 C=CODE   S=_TEXT          G=(none)  M=ACOSASIN   ACBP=28
 0000:1530 002C C=CODE   S=_TEXT          G=(none)  M=FFTOL      ACBP=28
 0000:155C 002C C=CODE   S=_TEXT          G=(none)  M=NFTOL      ACBP=28
 0000:1588 0034 C=CODE   S=_TEXT          G=(none)  M=ATEXIT     ACBP=28
 0000:15BC 0000 C=CODE   S=_TEXT          G=(none)  M=CTYPE      ACBP=28
 0000:15BC 0019 C=CODE   S=_TEXT          G=(none)  M=DEL        ACBP=28
 0000:15D5 004B C=CODE   S=_TEXT          G=(none)  M=DOSFATTR   ACBP=28
 0000:1620 006E C=CODE   S=_TEXT          G=(none)  M=DOSFIND    ACBP=28
 0000:168E 0044 C=CODE   S=_TEXT          G=(none)  M=DOSGDATE   ACBP=28
 0000:16D2 00D0 C=CODE   S=_TEXT          G=(none)  M=EXIT       ACBP=28
 0000:17A2 0000 C=CODE   S=_TEXT          G=(none)  M=FILES      ACBP=28
 0000:17A2 0000 C=CODE   S=_TEXT          G=(none)  M=FILES2     ACBP=28
 0000:17A2 0000 C=CODE   S=_TEXT          G=(none)  M=FMODE      ACBP=28
 0000:17A2 0000 C=CODE   S=_TEXT          G=(none)  M=FPSTKLEN   ACBP=28
 0000:17A2 0017 C=CODE   S=_TEXT          G=(none)  M=F_LXMUL    ACBP=28
 0000:17B9 001C C=CODE   S=_TEXT          G=(none)  M=F_SCOPY    ACBP=28
 0000:17D5 0034 C=CODE   S=_TEXT          G=(none)  M=GETDATE    ACBP=28
 0000:1809 002E C=CODE   S=_TEXT          G=(none)  M=GETVECT    ACBP=28
 0000:1837 00AE C=CODE   S=_TEXT          G=(none)  M=H_LDIV     ACBP=28
 0000:18E5 0021 C=CODE   S=_TEXT          G=(none)  M=H_LLSH     ACBP=28
 0000:1906 0020 C=CODE   S=_TEXT          G=(none)  M=H_LRSH     ACBP=28
 0000:1926 0088 C=CODE   S=_TEXT          G=(none)  M=H_PADA     ACBP=28
 0000:19AE 0060 C=CODE   S=_TEXT          G=(none)  M=H_PADD     ACBP=28
 0000:1A0E 0027 C=CODE   S=_TEXT          G=(none)  M=H_SPUSH    ACBP=28
 0000:1A35 005F C=CODE   S=_TEXT          G=(none)  M=IOERROR    ACBP=28
 0000:1A94 0018 C=CODE   S=_TEXT          G=(none)  M=ISATTY     ACBP=28
 0000:1AAC 00B0 C=CODE   S=_TEXT          G=(none)  M=LONGTOA    ACBP=28
 0000:1B5C 0036 C=CODE   S=_TEXT          G=(none)  M=LSEEK      ACBP=28
 0000:1B92 00C2 C=CODE   S=_TEXT          G=(none)  M=MKNAME     ACBP=28
 0000:1C54 007A C=CODE   S=_TEXT          G=(none)  M=NEW        ACBP=28
 0000:1CCE 0065 C=CODE   S=_TEXT          G=(none)  M=NEWF       ACBP=28
 0000:1D33 0017 C=CODE   S=_TEXT          G=(none)  M=N_LXMUL    ACBP=28
 0000:1D4A 0021 C=CODE   S=_TEXT          G=(none)  M=N_PCMP     ACBP=28
 0000:1D6B 0045 C=CODE   S=_TEXT          G=(none)  M=RAND       ACBP=28
 0000:1DB0 003C C=CODE   S=_TEXT          G=(none)  M=READA      ACBP=28
 0000:1DEC 050D C=CODE   S=_TEXT          G=(none)  M=SCANNER    ACBP=28
 0000:22F9 01E0 C=CODE   S=_TEXT          G=(none)  M=SCANTOL    ACBP=28
 0000:24D9 002A C=CODE   S=_TEXT          G=(none)  M=SEGREAD    ACBP=28
 0000:2503 00FB C=CODE   S=_TEXT          G=(none)  M=SETUPIO    ACBP=28
 0000:25FE 0000 C=CODE   S=_TEXT          G=(none)  M=SIGDATA    ACBP=28
 0000:25FE 0000 C=CODE   S=_TEXT          G=(none)  M=STKLEN     ACBP=28
 0000:25FE 001F C=CODE   S=_TEXT          G=(none)  M=TELL       ACBP=28
 0000:261D 001F C=CODE   S=_TEXT          G=(none)  M=UNLINK     ACBP=28
 0000:263C 019C C=CODE   S=_TEXT          G=(none)  M=VDELF      ACBP=28
 0000:27D8 01F1 C=CODE   S=_TEXT          G=(none)  M=VNEWF      ACBP=28
 0000:29C9 04CB C=CODE   S=_TEXT          G=(none)  M=VPRINTER   ACBP=28
 0000:2E94 00C5 C=CODE   S=_TEXT          G=(none)  M=VRAM       ACBP=28
 0000:2F59 0000 C=CODE   S=_TEXT          G=(none)  M=WSCROLL    ACBP=28
 0000:2F59 003B C=CODE   S=_TEXT          G=(none)  M=_STPCPY    ACBP=28
 0000:2F94 002C C=CODE   S=_TEXT          G=(none)  M=BIOS_KEY   ACBP=28
 0000:2FC0 01B3 C=CODE   S=_TEXT          G=(none)  M=CPRINTF    ACBP=28
 0000:3173 01DC C=CODE   S=_TEXT          G=(none)  M=CRTINIT    ACBP=28
 0000:334F 0024 C=CODE   S=_TEXT          G=(none)  M=CVTFAK     ACBP=28
 0000:3373 00B9 C=CODE   S=_TEXT          G=(none)  M=DELAY      ACBP=28
 0000:342C 0432 C=CODE   S=_TEXT          G=(none)  M=FARHEAP    ACBP=28
 0000:385E 01BF C=CODE   S=_TEXT          G=(none)  M=FBRK       ACBP=28
 0000:3A1D 0098 C=CODE   S=_TEXT          G=(none)  M=GETCH      ACBP=28
 0000:3AB5 0015 C=CODE   S=_TEXT          G=(none)  M=GEXIT      ACBP=28
 0000:3ACA 0019 C=CODE   S=_TEXT          G=(none)  M=GFREEMEM   ACBP=28
 0000:3AE3 0015 C=CODE   S=_TEXT          G=(none)  M=GGETMEM    ACBP=28
 0000:3AF8 006F C=CODE   S=_TEXT          G=(none)  M=GOTOXY     ACBP=28
 0000:3B67 00A7 C=CODE   S=_TEXT          G=(none)  M=GPTEXT     ACBP=28
 0000:3C0E 00D8 C=CODE   S=_TEXT          G=(none)  M=INT86      ACBP=28
 0000:3CE6 0030 C=CODE   S=_TEXT          G=(none)  M=IOCTL      ACBP=28
 0000:3D16 0019 C=CODE   S=_TEXT          G=(none)  M=KBHIT      ACBP=28
 0000:3D2F 00A4 C=CODE   S=_TEXT          G=(none)  M=MOVETEXT   ACBP=28
 0000:3DD3 001C C=CODE   S=_TEXT          G=(none)  M=PUTCH      ACBP=28
 0000:3DEF 000A C=CODE   S=_TEXT          G=(none)  M=REALCVT    ACBP=28
 0000:3DF9 001E C=CODE   S=_TEXT          G=(none)  M=SCANTOD    ACBP=28
 0000:3E17 020C C=CODE   S=_TEXT          G=(none)  M=SCREEN     ACBP=28
 0000:4023 01B4 C=CODE   S=_TEXT          G=(none)  M=SCROLL     ACBP=28
 0000:41D7 0023 C=CODE   S=_TEXT          G=(none)  M=SETBLOCK   ACBP=28
 0000:41FA 0058 C=CODE   S=_TEXT          G=(none)  M=SETENVP    ACBP=28
 0000:4252 0078 C=CODE   S=_TEXT          G=(none)  M=SETJMP     ACBP=28
 0000:42CA 0453 C=CODE   S=_TEXT          G=(none)  M=SIGNAL     ACBP=28
 0000:471D 0070 C=CODE   S=_TEXT          G=(none)  M=SLEEP      ACBP=28
 0000:478D 0041 C=CODE   S=_TEXT          G=(none)  M=SOUND      ACBP=28
 0000:47CE 0024 C=CODE   S=_TEXT          G=(none)  M=STACK      ACBP=28
 0000:47F2 0038 C=CODE   S=_TEXT          G=(none)  M=TEXTMODE   ACBP=28
 0000:482A 004D C=CODE   S=_TEXT          G=(none)  M=WHEREXY    ACBP=28
 0000:4877 0024 C=CODE   S=_TEXT          G=(none)  M=CHMODA     ACBP=28
 0000:489B 003B C=CODE   S=_TEXT          G=(none)  M=CLOSE      ACBP=28
 0000:48D6 002B C=CODE   S=_TEXT          G=(none)  M=CLOSEA     ACBP=28
 0000:4901 0089 C=CODE   S=_TEXT          G=(none)  M=EOF        ACBP=28
 0000:498A 00B2 C=CODE   S=_TEXT          G=(none)  M=FCLOSE     ACBP=28
 0000:4A3C 00D4 C=CODE   S=_TEXT          G=(none)  M=FFLUSH     ACBP=28
 0000:4B10 0051 C=CODE   S=_TEXT          G=(none)  M=FLUSHALL   ACBP=28
 0000:4B61 023C C=CODE   S=_TEXT          G=(none)  M=FOPEN      ACBP=28
 0000:4D9D 0023 C=CODE   S=_TEXT          G=(none)  M=FPRINTF    ACBP=28
 0000:4DC0 004F C=CODE   S=_TEXT          G=(none)  M=FPUTS      ACBP=28
 0000:4E0F 0190 C=CODE   S=_TEXT          G=(none)  M=FREAD      ACBP=28
 0000:4F9F 002B C=CODE   S=_TEXT          G=(none)  M=FSCANF     ACBP=28
 0000:4FCA 016F C=CODE   S=_TEXT          G=(none)  M=FSEEK      ACBP=28
 0000:5139 01F0 C=CODE   S=_TEXT          G=(none)  M=GETC       ACBP=28
 0000:5329 0027 C=CODE   S=_TEXT          G=(none)  M=MEMCPY     ACBP=28
 0000:5350 01CC C=CODE   S=_TEXT          G=(none)  M=OPEN       ACBP=28
 0000:551C 005C C=CODE   S=_TEXT          G=(none)  M=OPENA      ACBP=28
 0000:5578 0025 C=CODE   S=_TEXT          G=(none)  M=PRINTF     ACBP=28
 0000:559D 03F3 C=CODE   S=_TEXT          G=(none)  M=PUTC       ACBP=28
 0000:5990 00EF C=CODE   S=_TEXT          G=(none)  M=READ       ACBP=28
 0000:5A7F 0003 C=CODE   S=_TEXT          G=(none)  M=READU      ACBP=28
 0000:5A82 002D C=CODE   S=_TEXT          G=(none)  M=SCANF      ACBP=28
 0000:5AAF 0129 C=CODE   S=_TEXT          G=(none)  M=SETVBUF    ACBP=28
 0000:5BD8 0098 C=CODE   S=_TEXT          G=(none)  M=SPRINTF    ACBP=28
 0000:5C70 0096 C=CODE   S=_TEXT          G=(none)  M=SSCANF     ACBP=28
 0000:5D06 0044 C=CODE   S=_TEXT          G=(none)  M=STRCAT     ACBP=28
 0000:5D4A 0033 C=CODE   S=_TEXT          G=(none)  M=STRCMP     ACBP=28
 0000:5D7D 002E C=CODE   S=_TEXT          G=(none)  M=STRCPY     ACBP=28
 0000:5DAB 011F C=CODE   S=_TEXT          G=(none)  M=STRDATE    ACBP=28
 0000:5ECA 0026 C=CODE   S=_TEXT          G=(none)  M=STRLEN     ACBP=28
 0000:5EF0 0036 C=CODE   S=_TEXT          G=(none)  M=STRNCPY    ACBP=28
 0000:5F26 0075 C=CODE   S=_TEXT          G=(none)  M=UNGETC     ACBP=28
 0000:5F9B 016E C=CODE   S=_TEXT          G=(none)  M=WRITE      ACBP=28
 0000:6109 004F C=CODE   S=_TEXT          G=(none)  M=WRITEA     ACBP=28
 0000:6158 0003 C=CODE   S=_TEXT          G=(none)  M=WRITEU     ACBP=28
 0000:615B 0048 C=CODE   S=_TEXT          G=(none)  M=XFCLOSE    ACBP=28
 0000:61A3 0041 C=CODE   S=_TEXT          G=(none)  M=XFFLUSH    ACBP=28
 0000:61E4 0252 C=CODE   S=_TEXT          G=(none)  M=IOSTSTD    ACBP=28
 0000:6436 0030 C=CODE   S=_TEXT          G=(none)  M=OSTENDL    ACBP=28
 0000:6466 00AE C=CODE   S=_TEXT          G=(none)  M=FSBCLOSE   ACBP=28
 0000:6514 011C C=CODE   S=_TEXT          G=(none)  M=FSBCTR1    ACBP=28
 0000:6630 011D C=CODE   S=_TEXT          G=(none)  M=FSBCTR2    ACBP=28
 0000:674D 00A2 C=CODE   S=_TEXT          G=(none)  M=FSBDTR     ACBP=28
 0000:67EF 0187 C=CODE   S=_TEXT          G=(none)  M=FSBOFLOW   ACBP=28
 0000:6976 0166 C=CODE   S=_TEXT          G=(none)  M=FSBOPEN    ACBP=28
 0000:6ADC 00C3 C=CODE   S=_TEXT          G=(none)  M=FSBSBUF    ACBP=28
 0000:6B9F 01BC C=CODE   S=_TEXT          G=(none)  M=FSBSKOFF   ACBP=28
 0000:6D5B 010A C=CODE   S=_TEXT          G=(none)  M=FSBSYNC    ACBP=28
 0000:6E65 01EA C=CODE   S=_TEXT          G=(none)  M=FSBUFLOW   ACBP=28
 0000:704F 0045 C=CODE   S=_TEXT          G=(none)  M=FSCLOSE    ACBP=28
 0000:7094 00AF C=CODE   S=_TEXT          G=(none)  M=FSCTR1     ACBP=28
 0000:7143 00CC C=CODE   S=_TEXT          G=(none)  M=FSCTR2     ACBP=28
 0000:720F 008E C=CODE   S=_TEXT          G=(none)  M=FSDTR      ACBP=28
 0000:729D 006D C=CODE   S=_TEXT          G=(none)  M=FSOPEN     ACBP=28
 0000:730A 00FC C=CODE   S=_TEXT          G=(none)  M=IOFSCTR1   ACBP=28
 0000:7406 0108 C=CODE   S=_TEXT          G=(none)  M=IOFSCTR2   ACBP=28
 0000:750E 00D9 C=CODE   S=_TEXT          G=(none)  M=IOFSDTR    ACBP=28
 0000:75E7 00D3 C=CODE   S=_TEXT          G=(none)  M=IOSTCTR2   ACBP=28
 0000:76BA 00BA C=CODE   S=_TEXT          G=(none)  M=IOSTDTR1   ACBP=28
 0000:7774 0027 C=CODE   S=_TEXT          G=(none)  M=ISTASN2    ACBP=28
 0000:779B 008E C=CODE   S=_TEXT          G=(none)  M=ISTCTR1    ACBP=28
 0000:7829 0097 C=CODE   S=_TEXT          G=(none)  M=ISTCTR4    ACBP=28
 0000:78C0 009B C=CODE   S=_TEXT          G=(none)  M=ISTDGET    ACBP=28
 0000:795B 00C2 C=CODE   S=_TEXT          G=(none)  M=ISTDIPFX   ACBP=28
 0000:7A1D 0078 C=CODE   S=_TEXT          G=(none)  M=ISTDTR1    ACBP=28
 0000:7A95 0089 C=CODE   S=_TEXT          G=(none)  M=ISTDTR2    ACBP=28
 0000:7B1E 00DD C=CODE   S=_TEXT          G=(none)  M=ISTEATWH   ACBP=28
 0000:7BFB 0092 C=CODE   S=_TEXT          G=(none)  M=ISTEDBL    ACBP=28
 0000:7C8D 0041 C=CODE   S=_TEXT          G=(none)  M=ISTEINT    ACBP=28
 0000:7CCE 0785 C=CODE   S=_TEXT          G=(none)  M=ISTELDBL   ACBP=28
 0000:8453 0585 C=CODE   S=_TEXT          G=(none)  M=ISTELNG    ACBP=28
 0000:89D8 00F1 C=CODE   S=_TEXT          G=(none)  M=ISTGSCHR   ACBP=28
 0000:8AC9 00F1 C=CODE   S=_TEXT          G=(none)  M=ISTGUCHR   ACBP=28
 0000:8BBA 0113 C=CODE   S=_TEXT          G=(none)  M=ISTREAD    ACBP=28
 0000:8CCD 0060 C=CODE   S=_TEXT          G=(none)  M=ISTSKOFF   ACBP=28
 0000:8D2D 068A C=CODE   S=_TEXT          G=(none)  M=OSTFLOAT   ACBP=28
 0000:93B7 0027 C=CODE   S=_TEXT          G=(none)  M=OSTASN2    ACBP=28
 0000:93DE 0085 C=CODE   S=_TEXT          G=(none)  M=OSTCTR1    ACBP=28
 0000:9463 0097 C=CODE   S=_TEXT          G=(none)  M=OSTCTR3    ACBP=28
 0000:94FA 0085 C=CODE   S=_TEXT          G=(none)  M=OSTDTR1    ACBP=28
 0000:957F 0089 C=CODE   S=_TEXT          G=(none)  M=OSTDTR2    ACBP=28
 0000:9608 0045 C=CODE   S=_TEXT          G=(none)  M=OSTFLUSH   ACBP=28
 0000:964D 00D7 C=CODE   S=_TEXT          G=(none)  M=OSTISCHR   ACBP=28
 0000:9724 003A C=CODE   S=_TEXT          G=(none)  M=OSTOPFX    ACBP=28
 0000:975E 005B C=CODE   S=_TEXT          G=(none)  M=OSTOSFX    ACBP=28
 0000:97B9 031A C=CODE   S=_TEXT          G=(none)  M=OSTOUTST   ACBP=28
 0000:9AD3 0060 C=CODE   S=_TEXT          G=(none)  M=OSTSKOFF   ACBP=28
 0000:9B33 0053 C=CODE   S=_TEXT          G=(none)  M=OSTWRITE   ACBP=28
 0000:9B86 0051 C=CODE   S=_TEXT          G=(none)  M=STBALC     ACBP=28
 0000:9BD7 00D4 C=CODE   S=_TEXT          G=(none)  M=STBCTR1    ACBP=28
 0000:9CAB 0034 C=CODE   S=_TEXT          G=(none)  M=STBDNEXT   ACBP=28
 0000:9CDF 00B7 C=CODE   S=_TEXT          G=(none)  M=STBDSGTN   ACBP=28
 0000:9D96 00A9 C=CODE   S=_TEXT          G=(none)  M=STBDSPTN   ACBP=28
 0000:9E3F 007C C=CODE   S=_TEXT          G=(none)  M=STBDTR     ACBP=28
 0000:9EBB 000F C=CODE   S=_TEXT          G=(none)  M=STBOFLOW   ACBP=28
 0000:9ECA 000F C=CODE   S=_TEXT          G=(none)  M=STBPBFL    ACBP=28
 0000:9ED9 0033 C=CODE   S=_TEXT          G=(none)  M=STBSBUF    ACBP=28
 0000:9F0C 00B6 C=CODE   S=_TEXT          G=(none)  M=STBSETB    ACBP=28
 0000:9FC2 0071 C=CODE   S=_TEXT          G=(none)  M=STBSETG    ACBP=28
 0000:A033 0053 C=CODE   S=_TEXT          G=(none)  M=STBSETP    ACBP=28
 0000:A086 0012 C=CODE   S=_TEXT          G=(none)  M=STBSKOFF   ACBP=28
 0000:A098 002B C=CODE   S=_TEXT          G=(none)  M=STBSKPOS   ACBP=28
 0000:A0C3 007D C=CODE   S=_TEXT          G=(none)  M=STBSPUTN   ACBP=28
 0000:A140 0053 C=CODE   S=_TEXT          G=(none)  M=STBSYNC    ACBP=28
 0000:A193 003A C=CODE   S=_TEXT          G=(none)  M=STBUFLOW   ACBP=28
 0000:A1CD 0041 C=CODE   S=_TEXT          G=(none)  M=STCLEAR    ACBP=28
 0000:A20E 004C C=CODE   S=_TEXT          G=(none)  M=STCTR1     ACBP=28
 0000:A25A 0057 C=CODE   S=_TEXT          G=(none)  M=STDTR      ACBP=28
 0000:A2B1 005B C=CODE   S=_TEXT          G=(none)  M=STINIT     ACBP=28
 0000:A30C 00EB C=CODE   S=_TEXT          G=(none)  M=STSETF1    ACBP=28
 0000:A3F7 002D C=CODE   S=_TEXT          G=(none)  M=STSETST    ACBP=28
 0000:A424 0071 C=CODE   S=_TEXT          G=(none)  M=STTIE      ACBP=28
 0A49:0005 BCF0 C=CODE   S=WWW_TEXT       G=(none)  M=WWW.CPP    ACBP=28
 1619:0000 188F C=CODE   S=_BGI_TEXT      G=(none)  M=GRAPHC     ACBP=28
 1619:188F 0A27 C=CODE   S=_BGI_TEXT      G=(none)  M=GRAPH      ACBP=28
 1619:22C0 199A C=CODE   S=_BGI_TEXT      G=(none)  M=BGIOVR     ACBP=68
 19DF:0000 0000 C=CODE   S=EMU_PROG       G=(none)  M=FPINIT     ACBP=68
 19DF:0000 2777 C=CODE   S=EMU_PROG       G=(none)  M=EMU086     ACBP=68
 1C57:0000 0000 C=CODE   S=E87_PROG       G=(none)  M=FPINIT     ACBP=68
 1C57:0000 03E3 C=CODE   S=E87_PROG       G=(none)  M=EMU087     ACBP=68
 1C57:03F0 01D8 C=CODE   S=E87_PROG       G=(none)  M=E87TRAP    ACBP=68
 1CB4:0000 0000 C=FAR_DATA S=_FARDATA       G=(none)  M=c0.ASM     ACBP=68
 1CB4:0000 122C C=FAR_DATA S=WWW_DATA       G=(none)  M=WWW.CPP    ACBP=48
 1DD7:0000 25F2 C=FAR_DATA S=WWW5_DATA      G=(none)  M=WWW.CPP    ACBP=68
 2036:0002 0000 C=FAR_DATA S=ATOF_DATA      G=(none)  M=ATOF       ACBP=48
 2036:0002 0024 C=FAR_DATA S=HUGEVAL_DATA   G=(none)  M=HUGEVAL    ACBP=48
 2038:0006 0000 C=FAR_DATA S=LDTRUNC_DATA   G=(none)  M=LDTRUNC    ACBP=48
 2038:0006 0043 C=FAR_DATA S=MATHWHY_DATA   G=(none)  M=MATHWHY    ACBP=48
 203C:000A 0000 C=FAR_DATA S=REALCVT_DATA   G=(none)  M=REALCVT    ACBP=48
 203C:000A 0018 C=FAR_DATA S=SCANTOD_DATA   G=(none)  M=SCANTOD    ACBP=48
 203E:0002 0000 C=FAR_DATA S=STRTOD_DATA    G=(none)  M=STRTOD     ACBP=48
 203E:0002 0000 C=FAR_DATA S=XCVT_DATA      G=(none)  M=XCVT       ACBP=48
 203E:0002 009A C=FAR_DATA S=FPERR_DATA     G=(none)  M=FPERR      ACBP=48
 2047:000C 0000 C=FAR_DATA S=FPRESET_DATA   G=(none)  M=FPRESET    ACBP=48
 2047:000C 0080 C=FAR_DATA S=_POW10_DATA    G=(none)  M=_POW10     ACBP=48
 204F:000C 0000 C=FAR_DATA S=POW10D_DATA    G=(none)  M=POW10D     ACBP=48
 204F:000C 0000 C=FAR_DATA S=MATHERR_DATA   G=(none)  M=MATHERR    ACBP=48
 204F:000C 000D C=FAR_DATA S=SQRT_DATA      G=(none)  M=SQRT       ACBP=48
 2050:000A 0010 C=FAR_DATA S=POW_DATA       G=(none)  M=POW        ACBP=48
 2051:000A 000C C=FAR_DATA S=SIN_DATA       G=(none)  M=SIN        ACBP=48
 2052:0006 000E C=FAR_DATA S=_MATHERR_DATA  G=(none)  M=_MATHERR   ACBP=48
 2053:0004 000C C=FAR_DATA S=COS_DATA       G=(none)  M=COS        ACBP=48
 2054:0000 0012 C=FAR_DATA S=ACOSASIN_DATA  G=(none)  M=ACOSASIN   ACBP=48
 2056:0000 0002 C=FAR_DATA S=FSBDTR5_DATA   G=(none)  M=FSBDTR     ACBP=68
 2057:0000 0016 C=FAR_DATA S=STDTR5_DATA    G=(none)  M=STDTR      ACBP=68
 2059:0000 0000 C=FAR_BSS S=_FARBSS        G=(none)  M=c0.ASM     ACBP=68
 2059:0000 0000 C=OVRINFO S=_OVERLAY_      G=(none)  M=c0.ASM     ACBP=68
 2059:0000 0000 C=STUBSEG S=_1STUB_        G=(none)  M=c0.ASM     ACBP=68
 2059:0000 0091 C=DATA   S=_DATA          G=DGROUP  M=c0.ASM     ACBP=68
 2059:0092 0006 C=DATA   S=_DATA          G=DGROUP  M=GLOAD      ACBP=48
 2059:0098 065B C=DATA   S=_DATA          G=DGROUP  M=GRAPHC     ACBP=48
 2059:06F4 000B C=DATA   S=_DATA          G=DGROUP  M=GRAPH      ACBP=48
 2059:0700 0002 C=DATA   S=_DATA          G=DGROUP  M=FPINIT     ACBP=68
 2059:0710 0000 C=DATA   S=_DATA          G=DGROUP  M=E87TRAP    ACBP=68
 2059:0710 0003 C=DATA   S=_DATA          G=DGROUP  M=PROTFLAG   ACBP=48
 2059:0714 0002 C=DATA   S=_DATA          G=DGROUP  M=DEFLT87    ACBP=48
 2059:0716 0000 C=DATA   S=_DATA          G=DGROUP  M=FFTOL      ACBP=48
 2059:0716 0000 C=DATA   S=_DATA          G=DGROUP  M=NFTOL      ACBP=48
 2059:0716 0082 C=DATA   S=_DATA          G=DGROUP  M=ATEXIT     ACBP=48
 2059:0798 0101 C=DATA   S=_DATA          G=DGROUP  M=CTYPE      ACBP=48
 2059:089A 0000 C=DATA   S=_DATA          G=DGROUP  M=DEL        ACBP=48
 2059:089A 0000 C=DATA   S=_DATA          G=DGROUP  M=DOSFATTR   ACBP=48
 2059:089A 0000 C=DATA   S=_DATA          G=DGROUP  M=DOSFIND    ACBP=48
 2059:089A 0000 C=DATA   S=_DATA          G=DGROUP  M=DOSGDATE   ACBP=48
 2059:089A 000C C=DATA   S=_DATA          G=DGROUP  M=EXIT       ACBP=48
 2059:08A6 0190 C=DATA   S=_DATA          G=DGROUP  M=FILES      ACBP=48
 2059:0A36 002A C=DATA   S=_DATA          G=DGROUP  M=FILES2     ACBP=48
 2059:0A60 0004 C=DATA   S=_DATA          G=DGROUP  M=FMODE      ACBP=48
 2059:0A64 0002 C=DATA   S=_DATA          G=DGROUP  M=FPSTKLEN   ACBP=48
 2059:0A66 0000 C=DATA   S=_DATA          G=DGROUP  M=F_LXMUL    ACBP=48
 2059:0A66 0000 C=DATA   S=_DATA          G=DGROUP  M=F_SCOPY    ACBP=48
 2059:0A66 0000 C=DATA   S=_DATA          G=DGROUP  M=GETDATE    ACBP=48
 2059:0A66 0000 C=DATA   S=_DATA          G=DGROUP  M=GETVECT    ACBP=48
 2059:0A66 0000 C=DATA   S=_DATA          G=DGROUP  M=H_LDIV     ACBP=48
 2059:0A66 0000 C=DATA   S=_DATA          G=DGROUP  M=H_LLSH     ACBP=48
 2059:0A66 0000 C=DATA   S=_DATA          G=DGROUP  M=H_LRSH     ACBP=48
 2059:0A66 0000 C=DATA   S=_DATA          G=DGROUP  M=H_PADA     ACBP=48
 2059:0A66 0000 C=DATA   S=_DATA          G=DGROUP  M=H_PADD     ACBP=48
 2059:0A66 0000 C=DATA   S=_DATA          G=DGROUP  M=H_SPUSH    ACBP=48
 2059:0A66 005B C=DATA   S=_DATA          G=DGROUP  M=IOERROR    ACBP=48
 2059:0AC2 0000 C=DATA   S=_DATA          G=DGROUP  M=ISATTY     ACBP=48
 2059:0AC2 0000 C=DATA   S=_DATA          G=DGROUP  M=LONGTOA    ACBP=48
 2059:0AC2 0000 C=DATA   S=_DATA          G=DGROUP  M=LSEEK      ACBP=48
 2059:0AC2 0016 C=DATA   S=_DATA          G=DGROUP  M=MKNAME     ACBP=48
 2059:0AD8 0004 C=DATA   S=_DATA          G=DGROUP  M=NEW        ACBP=48
 2059:0ADC 0000 C=DATA   S=_DATA          G=DGROUP  M=NEWF       ACBP=48
 2059:0ADC 0000 C=DATA   S=_DATA          G=DGROUP  M=N_LXMUL    ACBP=48
 2059:0ADC 0000 C=DATA   S=_DATA          G=DGROUP  M=N_PCMP     ACBP=48
 2059:0ADC 0004 C=DATA   S=_DATA          G=DGROUP  M=RAND       ACBP=48
 2059:0AE0 0000 C=DATA   S=_DATA          G=DGROUP  M=READA      ACBP=48
 2059:0AE0 0080 C=DATA   S=_DATA          G=DGROUP  M=SCANNER    ACBP=48
 2059:0B60 0000 C=DATA   S=_DATA          G=DGROUP  M=SCANTOL    ACBP=48
 2059:0B60 0000 C=DATA   S=_DATA          G=DGROUP  M=SEGREAD    ACBP=48
 2059:0B60 0000 C=DATA   S=_DATA          G=DGROUP  M=SETUPIO    ACBP=48
 2059:0B60 0004 C=DATA   S=_DATA          G=DGROUP  M=SIGDATA    ACBP=48
 2059:0B64 0002 C=DATA   S=_DATA          G=DGROUP  M=STKLEN     ACBP=48
 2059:0B66 0000 C=DATA   S=_DATA          G=DGROUP  M=TELL       ACBP=48
 2059:0B66 0000 C=DATA   S=_DATA          G=DGROUP  M=UNLINK     ACBP=48
 2059:0B66 0000 C=DATA   S=_DATA          G=DGROUP  M=VDELF      ACBP=48
 2059:0B66 0000 C=DATA   S=_DATA          G=DGROUP  M=VNEWF      ACBP=48
 2059:0B66 0067 C=DATA   S=_DATA          G=DGROUP  M=VPRINTER   ACBP=48
 2059:0BCE 0000 C=DATA   S=_DATA          G=DGROUP  M=VRAM       ACBP=48
 2059:0BCE 0002 C=DATA   S=_DATA          G=DGROUP  M=WSCROLL    ACBP=48
 2059:0BD0 0000 C=DATA   S=_DATA          G=DGROUP  M=_STPCPY    ACBP=48
 2059:0BD0 0000 C=DATA   S=_DATA          G=DGROUP  M=BIOS_KEY   ACBP=48
 2059:0BD0 0000 C=DATA   S=_DATA          G=DGROUP  M=CPRINTF    ACBP=48
 2059:0BD0 0018 C=DATA   S=_DATA          G=DGROUP  M=CRTINIT    ACBP=48
 2059:0BE8 0031 C=DATA   S=_DATA          G=DGROUP  M=CVTFAK     ACBP=48
 2059:0C1A 0004 C=DATA   S=_DATA          G=DGROUP  M=DELAY      ACBP=48
 2059:0C1E 0000 C=DATA   S=_DATA          G=DGROUP  M=FARHEAP    ACBP=48
 2059:0C1E 0002 C=DATA   S=_DATA          G=DGROUP  M=FBRK       ACBP=48
 2059:0C20 0000 C=DATA   S=_DATA          G=DGROUP  M=GETCH      ACBP=48
 2059:0C20 0000 C=DATA   S=_DATA          G=DGROUP  M=GEXIT      ACBP=48
 2059:0C20 0000 C=DATA   S=_DATA          G=DGROUP  M=GFREEMEM   ACBP=48
 2059:0C20 0000 C=DATA   S=_DATA          G=DGROUP  M=GGETMEM    ACBP=48
 2059:0C20 0000 C=DATA   S=_DATA          G=DGROUP  M=GOTOXY     ACBP=48
 2059:0C20 0000 C=DATA   S=_DATA          G=DGROUP  M=GPTEXT     ACBP=48
 2059:0C20 0000 C=DATA   S=_DATA          G=DGROUP  M=INT86      ACBP=48
 2059:0C20 0000 C=DATA   S=_DATA          G=DGROUP  M=IOCTL      ACBP=48
 2059:0C20 0002 C=DATA   S=_DATA          G=DGROUP  M=KBHIT      ACBP=48
 2059:0C22 0000 C=DATA   S=_DATA          G=DGROUP  M=MOVETEXT   ACBP=48
 2059:0C22 0000 C=DATA   S=_DATA          G=DGROUP  M=PUTCH      ACBP=48
 2059:0C22 0000 C=DATA   S=_DATA          G=DGROUP  M=REALCVT    ACBP=48
 2059:0C22 0000 C=DATA   S=_DATA          G=DGROUP  M=SCANTOD    ACBP=48
 2059:0C22 0000 C=DATA   S=_DATA          G=DGROUP  M=SCREEN     ACBP=48
 2059:0C22 0000 C=DATA   S=_DATA          G=DGROUP  M=SCROLL     ACBP=48
 2059:0C22 0000 C=DATA   S=_DATA          G=DGROUP  M=SETBLOCK   ACBP=48
 2059:0C22 0004 C=DATA   S=_DATA          G=DGROUP  M=SETENVP    ACBP=48
 2059:0C26 0000 C=DATA   S=_DATA          G=DGROUP  M=SETJMP     ACBP=48
 2059:0C26 002F C=DATA   S=_DATA          G=DGROUP  M=SIGNAL     ACBP=48
 2059:0C56 0000 C=DATA   S=_DATA          G=DGROUP  M=SLEEP      ACBP=48
 2059:0C56 0000 C=DATA   S=_DATA          G=DGROUP  M=SOUND      ACBP=48
 2059:0C56 0000 C=DATA   S=_DATA          G=DGROUP  M=STACK      ACBP=48
 2059:0C56 0000 C=DATA   S=_DATA          G=DGROUP  M=TEXTMODE   ACBP=48
 2059:0C56 0000 C=DATA   S=_DATA          G=DGROUP  M=WHEREXY    ACBP=48
 2059:0C56 0000 C=DATA   S=_DATA          G=DGROUP  M=CHMODA     ACBP=48
 2059:0C56 0000 C=DATA   S=_DATA          G=DGROUP  M=CLOSE      ACBP=48
 2059:0C56 0000 C=DATA   S=_DATA          G=DGROUP  M=CLOSEA     ACBP=48
 2059:0C56 0000 C=DATA   S=_DATA          G=DGROUP  M=EOF        ACBP=48
 2059:0C56 0000 C=DATA   S=_DATA          G=DGROUP  M=FCLOSE     ACBP=48
 2059:0C56 0000 C=DATA   S=_DATA          G=DGROUP  M=FFLUSH     ACBP=48
 2059:0C56 0000 C=DATA   S=_DATA          G=DGROUP  M=FLUSHALL   ACBP=48
 2059:0C56 0000 C=DATA   S=_DATA          G=DGROUP  M=FOPEN      ACBP=48
 2059:0C56 0000 C=DATA   S=_DATA          G=DGROUP  M=FPRINTF    ACBP=48
 2059:0C56 0000 C=DATA   S=_DATA          G=DGROUP  M=FPUTS      ACBP=48
 2059:0C56 0000 C=DATA   S=_DATA          G=DGROUP  M=FREAD      ACBP=48
 2059:0C56 0000 C=DATA   S=_DATA          G=DGROUP  M=FSCANF     ACBP=48
 2059:0C56 0000 C=DATA   S=_DATA          G=DGROUP  M=FSEEK      ACBP=48
 2059:0C56 0001 C=DATA   S=_DATA          G=DGROUP  M=GETC       ACBP=48
 2059:0C58 0000 C=DATA   S=_DATA          G=DGROUP  M=MEMCPY     ACBP=48
 2059:0C58 0000 C=DATA   S=_DATA          G=DGROUP  M=OPEN       ACBP=48
 2059:0C58 0000 C=DATA   S=_DATA          G=DGROUP  M=OPENA      ACBP=48
 2059:0C58 0000 C=DATA   S=_DATA          G=DGROUP  M=PRINTF     ACBP=48
 2059:0C58 0002 C=DATA   S=_DATA          G=DGROUP  M=PUTC       ACBP=48
 2059:0C5A 0000 C=DATA   S=_DATA          G=DGROUP  M=READ       ACBP=48
 2059:0C5A 0000 C=DATA   S=_DATA          G=DGROUP  M=READU      ACBP=48
 2059:0C5A 0000 C=DATA   S=_DATA          G=DGROUP  M=SCANF      ACBP=48
 2059:0C5A 0004 C=DATA   S=_DATA          G=DGROUP  M=SETVBUF    ACBP=48
 2059:0C5E 0000 C=DATA   S=_DATA          G=DGROUP  M=SPRINTF    ACBP=48
 2059:0C5E 0000 C=DATA   S=_DATA          G=DGROUP  M=SSCANF     ACBP=48
 2059:0C5E 0000 C=DATA   S=_DATA          G=DGROUP  M=STRCAT     ACBP=48
 2059:0C5E 0000 C=DATA   S=_DATA          G=DGROUP  M=STRCMP     ACBP=48
 2059:0C5E 0000 C=DATA   S=_DATA          G=DGROUP  M=STRCPY     ACBP=48
 2059:0C5E 0000 C=DATA   S=_DATA          G=DGROUP  M=STRDATE    ACBP=48
 2059:0C5E 0000 C=DATA   S=_DATA          G=DGROUP  M=STRLEN     ACBP=48
 2059:0C5E 0000 C=DATA   S=_DATA          G=DGROUP  M=STRNCPY    ACBP=48
 2059:0C5E 0000 C=DATA   S=_DATA          G=DGROUP  M=UNGETC     ACBP=48
 2059:0C5E 0000 C=DATA   S=_DATA          G=DGROUP  M=WRITE      ACBP=48
 2059:0C5E 0000 C=DATA   S=_DATA          G=DGROUP  M=WRITEA     ACBP=48
 2059:0C5E 0000 C=DATA   S=_DATA          G=DGROUP  M=WRITEU     ACBP=48
 2059:0C5E 0000 C=DATA   S=_DATA          G=DGROUP  M=XFCLOSE    ACBP=48
 2059:0C5E 0000 C=DATA   S=_DATA          G=DGROUP  M=XFFLUSH    ACBP=48
 2059:0C5E 00CE C=DATA   S=_DATA          G=DGROUP  M=IOSTSTD    ACBP=48
 2059:0D2C 0000 C=DATA   S=_DATA          G=DGROUP  M=OSTENDL    ACBP=48
 2059:0D2C 0000 C=DATA   S=_DATA          G=DGROUP  M=FSBCLOSE   ACBP=48
 2059:0D2C 0000 C=DATA   S=_DATA          G=DGROUP  M=FSBCTR1    ACBP=48
 2059:0D2C 0000 C=DATA   S=_DATA          G=DGROUP  M=FSBCTR2    ACBP=48
 2059:0D2C 0000 C=DATA   S=_DATA          G=DGROUP  M=FSBDTR     ACBP=48
 2059:0D2C 0000 C=DATA   S=_DATA          G=DGROUP  M=FSBOFLOW   ACBP=48
 2059:0D2C 0000 C=DATA   S=_DATA          G=DGROUP  M=FSBOPEN    ACBP=48
 2059:0D2C 0000 C=DATA   S=_DATA          G=DGROUP  M=FSBSBUF    ACBP=48
 2059:0D2C 0000 C=DATA   S=_DATA          G=DGROUP  M=FSBSKOFF   ACBP=48
 2059:0D2C 0000 C=DATA   S=_DATA          G=DGROUP  M=FSBSYNC    ACBP=48
 2059:0D2C 0000 C=DATA   S=_DATA          G=DGROUP  M=FSBUFLOW   ACBP=48
 2059:0D2C 0000 C=DATA   S=_DATA          G=DGROUP  M=FSCLOSE    ACBP=48
 2059:0D2C 0000 C=DATA   S=_DATA          G=DGROUP  M=FSCTR1     ACBP=48
 2059:0D2C 0000 C=DATA   S=_DATA          G=DGROUP  M=FSCTR2     ACBP=48
 2059:0D2C 0000 C=DATA   S=_DATA          G=DGROUP  M=FSDTR      ACBP=48
 2059:0D2C 0000 C=DATA   S=_DATA          G=DGROUP  M=FSOPEN     ACBP=48
 2059:0D2C 0000 C=DATA   S=_DATA          G=DGROUP  M=IOFSCTR1   ACBP=48
 2059:0D2C 0000 C=DATA   S=_DATA          G=DGROUP  M=IOFSCTR2   ACBP=48
 2059:0D2C 0000 C=DATA   S=_DATA          G=DGROUP  M=IOFSDTR    ACBP=48
 2059:0D2C 0000 C=DATA   S=_DATA          G=DGROUP  M=IOSTCTR2   ACBP=48
 2059:0D2C 0000 C=DATA   S=_DATA          G=DGROUP  M=IOSTDTR1   ACBP=48
 2059:0D2C 0000 C=DATA   S=_DATA          G=DGROUP  M=ISTASN2    ACBP=48
 2059:0D2C 0000 C=DATA   S=_DATA          G=DGROUP  M=ISTCTR1    ACBP=48
 2059:0D2C 0000 C=DATA   S=_DATA          G=DGROUP  M=ISTCTR4    ACBP=48
 2059:0D2C 0000 C=DATA   S=_DATA          G=DGROUP  M=ISTDGET    ACBP=48
 2059:0D2C 0000 C=DATA   S=_DATA          G=DGROUP  M=ISTDIPFX   ACBP=48
 2059:0D2C 0000 C=DATA   S=_DATA          G=DGROUP  M=ISTDTR1    ACBP=48
 2059:0D2C 0000 C=DATA   S=_DATA          G=DGROUP  M=ISTDTR2    ACBP=48
 2059:0D2C 0000 C=DATA   S=_DATA          G=DGROUP  M=ISTEATWH   ACBP=48
 2059:0D2C 0000 C=DATA   S=_DATA          G=DGROUP  M=ISTEDBL    ACBP=48
 2059:0D2C 0000 C=DATA   S=_DATA          G=DGROUP  M=ISTEINT    ACBP=48
 2059:0D2C 000E C=DATA   S=_DATA          G=DGROUP  M=ISTELDBL   ACBP=48
 2059:0D3A 0000 C=DATA   S=_DATA          G=DGROUP  M=ISTELNG    ACBP=48
 2059:0D3A 0000 C=DATA   S=_DATA          G=DGROUP  M=ISTGSCHR   ACBP=48
 2059:0D3A 0000 C=DATA   S=_DATA          G=DGROUP  M=ISTGUCHR   ACBP=48
 2059:0D3A 0000 C=DATA   S=_DATA          G=DGROUP  M=ISTREAD    ACBP=48
 2059:0D3A 0000 C=DATA   S=_DATA          G=DGROUP  M=ISTSKOFF   ACBP=48
 2059:0D3A 00FF C=DATA   S=_DATA          G=DGROUP  M=OSTFLOAT   ACBP=48
 2059:0E3A 0000 C=DATA   S=_DATA          G=DGROUP  M=OSTASN2    ACBP=48
 2059:0E3A 0000 C=DATA   S=_DATA          G=DGROUP  M=OSTCTR1    ACBP=48
 2059:0E3A 0000 C=DATA   S=_DATA          G=DGROUP  M=OSTCTR3    ACBP=48
 2059:0E3A 0000 C=DATA   S=_DATA          G=DGROUP  M=OSTDTR1    ACBP=48
 2059:0E3A 0000 C=DATA   S=_DATA          G=DGROUP  M=OSTDTR2    ACBP=48
 2059:0E3A 0000 C=DATA   S=_DATA          G=DGROUP  M=OSTFLUSH   ACBP=48
 2059:0E3A 0000 C=DATA   S=_DATA          G=DGROUP  M=OSTISCHR   ACBP=48
 2059:0E3A 0000 C=DATA   S=_DATA          G=DGROUP  M=OSTOPFX    ACBP=48
 2059:0E3A 0000 C=DATA   S=_DATA          G=DGROUP  M=OSTOSFX    ACBP=48
 2059:0E3A 0000 C=DATA   S=_DATA          G=DGROUP  M=OSTOUTST   ACBP=48
 2059:0E3A 0000 C=DATA   S=_DATA          G=DGROUP  M=OSTSKOFF   ACBP=48
 2059:0E3A 0000 C=DATA   S=_DATA          G=DGROUP  M=OSTWRITE   ACBP=48
 2059:0E3A 0000 C=DATA   S=_DATA          G=DGROUP  M=STBALC     ACBP=48
 2059:0E3A 0000 C=DATA   S=_DATA          G=DGROUP  M=STBCTR1    ACBP=48
 2059:0E3A 0000 C=DATA   S=_DATA          G=DGROUP  M=STBDNEXT   ACBP=48
 2059:0E3A 0000 C=DATA   S=_DATA          G=DGROUP  M=STBDSGTN   ACBP=48
 2059:0E3A 0000 C=DATA   S=_DATA          G=DGROUP  M=STBDSPTN   ACBP=48
 2059:0E3A 0000 C=DATA   S=_DATA          G=DGROUP  M=STBDTR     ACBP=48
 2059:0E3A 0000 C=DATA   S=_DATA          G=DGROUP  M=STBOFLOW   ACBP=48
 2059:0E3A 0000 C=DATA   S=_DATA          G=DGROUP  M=STBPBFL    ACBP=48
 2059:0E3A 0000 C=DATA   S=_DATA          G=DGROUP  M=STBSBUF    ACBP=48
 2059:0E3A 0000 C=DATA   S=_DATA          G=DGROUP  M=STBSETB    ACBP=48
 2059:0E3A 0000 C=DATA   S=_DATA          G=DGROUP  M=STBSETG    ACBP=48
 2059:0E3A 0000 C=DATA   S=_DATA          G=DGROUP  M=STBSETP    ACBP=48
 2059:0E3A 0000 C=DATA   S=_DATA          G=DGROUP  M=STBSKOFF   ACBP=48
 2059:0E3A 0000 C=DATA   S=_DATA          G=DGROUP  M=STBSKPOS   ACBP=48
 2059:0E3A 0000 C=DATA   S=_DATA          G=DGROUP  M=STBSPUTN   ACBP=48
 2059:0E3A 0000 C=DATA   S=_DATA          G=DGROUP  M=STBSYNC    ACBP=48
 2059:0E3A 0000 C=DATA   S=_DATA          G=DGROUP  M=STBUFLOW   ACBP=48
 2059:0E3A 0000 C=DATA   S=_DATA          G=DGROUP  M=STCLEAR    ACBP=48
 2059:0E3A 0000 C=DATA   S=_DATA          G=DGROUP  M=STCTR1     ACBP=48
 2059:0E3A 0000 C=DATA   S=_DATA          G=DGROUP  M=STDTR      ACBP=48
 2059:0E3A 0000 C=DATA   S=_DATA          G=DGROUP  M=STINIT     ACBP=48
 2059:0E3A 0000 C=DATA   S=_DATA          G=DGROUP  M=STSETF1    ACBP=48
 2059:0E3A 0000 C=DATA   S=_DATA          G=DGROUP  M=STSETST    ACBP=48
 2059:0E3A 0000 C=DATA   S=_DATA          G=DGROUP  M=STTIE      ACBP=48
 2059:0E3A 0000 C=DATA   S=_CVTSEG        G=DGROUP  M=c0.ASM     ACBP=48
 2059:0E3A 0002 C=DATA   S=_CVTSEG        G=DGROUP  M=REALCVT    ACBP=48
 2059:0E3C 0002 C=DATA   S=_CVTSEG        G=DGROUP  M=CVTFAK     ACBP=48
 2059:0E3E 0000 C=DATA   S=_CVTSEG        G=DGROUP  M=REALCVT    ACBP=48
 2059:0E3E 0000 C=DATA   S=_SCNSEG        G=DGROUP  M=c0.ASM     ACBP=48
 2059:0E3E 0006 C=DATA   S=_SCNSEG        G=DGROUP  M=SCANTOD    ACBP=48
 2059:0E44 0006 C=DATA   S=_SCNSEG        G=DGROUP  M=CVTFAK     ACBP=48
 2059:0E4A 0000 C=DATA   S=_SCNSEG        G=DGROUP  M=SCANTOD    ACBP=48
 2059:0E4A 0000 C=DATA   S=GRAPH          G=DGROUP  M=GRAPHC     ACBP=48
 2059:0E4A 0000 C=CONST  S=_CONST         G=DGROUP  M=c0.ASM     ACBP=48
 2059:0E4A 0000 C=INITDATA S=_INIT_         G=DGROUP  M=c0.ASM     ACBP=48
 2059:0E4A 0006 C=INITDATA S=_INIT_         G=DGROUP  M=WWW.CPP    ACBP=48
 2059:0E50 0006 C=INITDATA S=_INIT_         G=DGROUP  M=FPINIT     ACBP=48
 2059:0E56 0006 C=INITDATA S=_INIT_         G=DGROUP  M=SETUPIO    ACBP=48
 2059:0E5C 0006 C=INITDATA S=_INIT_         G=DGROUP  M=CRTINIT    ACBP=48
 2059:0E62 0006 C=INITDATA S=_INIT_         G=DGROUP  M=DELAY      ACBP=48
 2059:0E68 0006 C=INITDATA S=_INIT_         G=DGROUP  M=SETENVP    ACBP=48
 2059:0E6E 000C C=INITDATA S=_INIT_         G=DGROUP  M=IOSTSTD    ACBP=48
 2059:0E7A 0000 C=INITDATA S=_INITEND_      G=DGROUP  M=c0.ASM     ACBP=28
 2059:0E7A 0000 C=EXITDATA S=_EXIT_         G=DGROUP  M=c0.ASM     ACBP=48
 2059:0E7A 0006 C=EXITDATA S=_EXIT_         G=DGROUP  M=WWW.CPP    ACBP=48
 2059:0E80 0006 C=EXITDATA S=_EXIT_         G=DGROUP  M=FPINIT     ACBP=48
 2059:0E86 000C C=EXITDATA S=_EXIT_         G=DGROUP  M=IOSTSTD    ACBP=48
 2059:0E92 0000 C=EXITDATA S=_EXITEND_      G=DGROUP  M=c0.ASM     ACBP=28
 2143:0000 0110 C=STACK  S=_STACK         G=(none)  M=c0.ASM     ACBP=74
 2143:0000 0080 C=STACK  S=_STACK         G=(none)  M=EMUVARS    ACBP=78

  Address         Publics by Name

 0A49:8511 idle  operator +(const vec3d far&,const vec3d far&)
 0000:15BC       operator delete(void far*)
 0A49:8848 idle  operator /(const vec3d far&,const double far&)
 0A49:8417 idle  operator ==(const vec3d far&,const vec3d far&)
 0A49:8351 idle  operator <<(ostream far&,const vec3d far&)
 0A49:87B3 idle  operator *(const vec3d far&,const double far&)
 0A49:871E idle  operator *(const double far&,const vec3d far&)
 0A49:8494 idle  operator !=(const vec3d far&,const vec3d far&)
 0000:1C85       operator new(unsigned int)
 0000:1CCE       operator new(unsigned long)
 0A49:8641 idle  operator -(const vec3d far&)
 0A49:85A9 idle  operator -(const vec3d far&,const vec3d far&)
 0A49:AB50       abs(int)
 0A49:69BA idle  alrot(line3d far&,int,int,int)
 0A49:6ACB idle  alscale(line3d far&,double,double,double)
 0A49:6731 idle  altrans(line3d far&,double,double,double)
 0A49:8E87 idle  angleBetweenDeg(vec3d,vec3d)
 0A49:8DF1 idle  angleBetweenRad(vec3d,vec3d)
 0A49:8FA4 idle  angleFromPlaneDeg(vec3d)
 0A49:8F2A idle  angleFromPlaneRad(vec3d)
 0A49:7686 idle  aorot(gllineobject far&,int,int,int)
 0A49:76EF idle  aoscale(gllineobject far&,double,double,double)
 0A49:75EA idle  aotrans(gllineobject far&,double,double,double)
 0A49:6A09 idle  atrot(triangle3d far&,int,int,int)
 0A49:6B4C idle  atscale(triangle3d far&,double,double,double)
 0A49:67B2 idle  attrans(triangle3d far&,double,double,double)
 0A49:AEC1       bcm::bcm()
 0A49:AF21       bcm::~bcm()
 0A49:61B6 idle  bcm::choice()
 0A49:6307 idle  bcm::initiate(char far*)
 0A49:6129 idle  bcm::movebcm(int,int)
 0A49:AF80       bcm::show()
 0A49:AB75       BITMAP::BITMAP()
 0A49:B912       BITMAP::imageoffset(int,int)
 0A49:1DA0 idle  BITMAP::load_palette()
 0A49:1D3E idle  BITMAP::open_file()
 0A49:1CCF idle  BITMAP::power(int)
 0A49:AE7C       BITMAP::put_BMP(int,int,char far*)
 0A49:1C38 idle  BITMAP::put_pixel(int far&,int far&,unsigned char far&,int)
 0A49:218B idle  BITMAP::setpalette(char far*)
 0A49:232F idle  BITMAP::Show_BMP(char far*)
 0A49:206C idle  BITMAP::show_eight_bit_bitmap()
 0A49:202F idle  BITMAP::show_four_bit_bitmap()
 0A49:1D0B idle  BITMAP::show_message(char far*)
 0A49:1E31 idle  BITMAP::show_one_bit_bitmap()
 0A49:AC9F       bmpFileHeader::bmpFileHeader()
 0A49:AD1F       bmpInfoHeader::bmpInfoHeader()
 0A49:4B6F idle  boxin(int,int,int,int,char far*)
 0A49:4350 idle  Bright(char,char)
 0A49:0FF5 idle  changeacceleration(unsigned int)
 0A49:505B idle  changefileext(char far*,char far*)
 0A49:0FA8 idle  changespeed(unsigned int)
 0A49:40A0 idle  checkerrors()
 0A49:15E9 idle  CHECKHARDWARE()
 0A49:0EB3 idle  CheckMouse()
 0A49:164A idle  checksvga(int far&,int far&)
 0A49:B9D9       ColorPalette::ColorPalette()
 0A49:64A7 idle  complexsquare(complex)
 0A49:752C idle  conplot(point3d,int)
 0A49:5677 idle  crossline(int,int)
 0A49:8C3F idle  crossP(const vec3d far&,const vec3d far&)
 0A49:485D idle  cuttonextline()
 0A49:06A4 idle  DetectBGIVGA256()
 0A49:054C idle  DetectTwk16()
 0A49:05F8 idle  DetectTwk256()
 0A49:04A0 idle  DetectVGA16()
 0A49:0348 idle  DetectVGA24bit()
 0A49:0137 idle  DetectVGA256()
 0A49:03F4 idle  DetectVGA32k()
 0A49:029C idle  DetectVGA64k()
 0A49:01E3 idle  DetectVGAS3()
 1619:188F idle  @DGROUP
 0A49:3CDC idle  digital(int,int,int)
 0A49:532C idle  digitaltime(int,int)
 0A49:3708 idle  digit_write(int,int,int)
 0A49:427B idle  Dim(char,char)
 0A49:420B idle  display_err(char far*)
 0A49:6083 idle  display_globjects(int,int,int,int)
 0A49:4188 idle  display_icon(int,int,char far*)
 0A49:8D13 idle  distanceBetween(const vec3d far&,const vec3d far&)
 0A49:9B4D idle  distanceBetween(const point3d far&,const point3d far&)
 0A49:8BDF idle  dotP(const vec3d far&,const vec3d far&)
 0A49:73DC idle  drawaxis(int)
 0A49:0D30 idle  DrawCursor(unsigned char)
 0A49:715E idle  drawline(line3d,int)
 0A49:7A1A idle  drawobj(gllineobject,int)
 0A49:6F3D idle  drawpoint(point3d,int)
 0A49:701C idle  drawpointc(point3dc,int)
 0A49:730A idle  drawtriangle(triangle3d,int)
 0000:6436       endl(ostream far&)
 0A49:4425 idle  Enlarge(int,int,char far*)
 0A49:56C2 idle  explode_rectangle(int,int,int,int)
 0A49:1AE8 idle  fadein()
 0000:6630       filebuf::filebuf(int)
 0000:6514       filebuf::filebuf()
 0000:674D       filebuf::~filebuf()
 0000:6466       filebuf::close()
 0000:6976       filebuf::open(const char far*,int,int)
 2056:0000       filebuf::openprot
 0000:67EF       filebuf::overflow(int)
 0000:6B9F       filebuf::seekoff(long,seek_dir,int)
 0000:6ADC       filebuf::setbuf(char far*,int)
 0000:6D5B       filebuf::sync()
 0000:6E65       filebuf::underflow()
 0A49:0005 idle  float_trap(int)
 0000:8D2D idle  fpclass(long double)
 0000:8D77 idle  fpcopysign(long double,long double)
 0000:7406       fstream::fstream(const char far*,int,int)
 0000:730A       fstream::fstream()
 0000:750E       fstream::~fstream()
 0A49:AC18       fstream::open(const char far*,int,int)
 0000:7143       fstreambase::fstreambase(const char far*,int,int)
 0000:7094       fstreambase::fstreambase()
 0000:720F       fstreambase::~fstreambase()
 0000:704F       fstreambase::close()
 0000:729D       fstreambase::open(const char far*,int,int)
 0A49:07EA idle  GetModeInfo(int,ModeInfo far*)
 0A49:4DB9 idle  getpass(char far*)
 0A49:0956 idle  GetPixel(int,int)
 0A49:0B2B idle  getsvgainfo()
 0A49:16F9 idle  getsvgapixel(int,int)
 0A49:07B7 idle  GetVesaInfo(VesaInfo far*)
 0A49:0B63 idle  getvesainfo()
 0A49:0B9B idle  getvesamdeinfo(int,modeinfo far*)
 0A49:1B72 idle  get_svga_color()
 0A49:1B92 idle  get_svga_maxx()
 0A49:1BB3 idle  get_svga_maxy()
 0A49:4618 idle  gin()
 0A49:47F0 idle  glnextline()
 0A49:488F idle  glouttext(char far*)
 0A49:49B8 idle  glprintf(char far*,...)
 0A49:4A14 idle  glscanf(char far*,...)
 0A49:803D idle  glsetup(int)
 0A49:2F33 idle  gtclr(const int)
 0A49:9A4C idle  helpnavigator(char far*)
 0A49:0BCE idle  HideMouse()
 0A49:0E04 idle  InitMouse()
 0A49:06C4 idle  initsvga()
 0A49:6CFF idle  intersect(const Box far&,const Box far&)
 0000:A20E       ios::ios()
 0000:A25A       ios::~ios()
 0A49:ADFB       ios::operator !()
 2057:0004       ios::adjustfield
 2057:0000       ios::basefield
 0000:A1CD       ios::clear(int)
 0A49:AC77       ios::eof()
 0A49:AC4F       ios::fail()
 2057:0008       ios::floatfield
 0000:A2B1       ios::init(streambuf far*)
 2057:000C       ios::nextbit
 0000:A30C       ios::setf(long)
 0000:A3F7       ios::setstate(int)
 2057:0012       ios::stdioflush
 0000:A424       ios::tie(ostream far*)
 2057:0010       ios::usercount
 0000:75E7       iostream::iostream()
 0000:76BA       iostream::~iostream()
 0000:632E idle  Iostream_delete()
 0A49:6DE4 idle  isection(const Box far&,const Box far&)
 0A49:1038 idle  ismouse(int,int,int,int)
 0000:779B       istream::istream()
 0000:7A1D       istream::~istream()
 0000:7BFB       istream::operator >>(double far&)
 0000:7CCE       istream::operator >>(long double far&)
 0000:7C8D       istream::operator >>(int far&)
 0000:8768       istream::operator >>(long far&)
 0000:78C0       istream::do_get()
 0000:7B1E       istream::eatwhite()
 0000:8AC9       istream::get(unsigned char far&)
 0000:89D8       istream::get(char far&)
 0000:795B       istream::ipfx(int)
 0000:8BBA       istream::read(char far*,int)
 0000:8CCD       istream::seekg(long,seek_dir)
 0000:7774       istream_withassign::operator =(streambuf far*)
 0000:7829       istream_withassign::istream_withassign()
 0000:7A95       istream_withassign::~istream_withassign()
 0A49:650C idle  iterate(complex,int)
 0A49:357B idle  ldbar(int)
 0A49:3482 idle  ldbar_perc()
 0A49:32F1 idle  ldbmp(const int,const ...
 0A49:9FDA idle  loadreactor()
 0A49:13A2 idle  LoadVoice(WaveData far*,char far*)
 0A49:5878 idle  LOCKON_rectangle(int,int)
 0A49:3F80 idle  log(char far*)
 0A49:65A3 idle  mandelbrot(int,int,int,int,int,float,float,float,float)
 0A49:AFBD       max(float,float)
 0A49:107C idle  mclick(int,int,int,int)
 0A49:AFFD       min(float,float)
 0A49:668B idle  mod(double)
 0A49:10C9 idle  moving()
 0A49:4967 idle  msg_n_gin(int,int,char far*)
 0000:93DE       ostream::ostream()
 0000:94FA       ostream::~ostream()
 0A49:B03D       ostream::operator <<(double)
 0000:9292       ostream::operator <<(long double)
 0A49:B075       ostream::operator <<(ostream far&(far*)(ostream far&))
 0A49:ABDD       ostream::operator <<(const char far*)
 0000:964D       ostream::operator <<(char)
 0000:9724       ostream::do_opfx()
 0000:975E       ostream::do_osfx()
 0000:9608       ostream::flush()
 0000:97B9       ostream::outstr(const char far*,const char far*)
 0A49:AE26       ostream::put(char)
 0000:9AD3       ostream::seekp(long,seek_dir)
 0000:9B33       ostream::write(const char far*,int)
 0000:93B7       ostream_withassign::operator =(streambuf far*)
 0000:9463       ostream_withassign::ostream_withassign()
 0000:957F       ostream_withassign::~ostream_withassign()
 0A49:4100 idle  pageflip()
 0A49:B09E       particle::getdata()
 0A49:B943       particle::update()
 0A49:B96E       particle::updateposition()
 0A49:902B idle  perpProjection(const vec3d far&,const vec3d far&)
 0A49:1291 idle  PlayBack(WaveData far*)
 0A49:1556 idle  playwav(char far*,float)
 0A49:0F5E idle  PutMousePixel(unsigned int,unsigned int)
 0A49:0A19 idle  PutPixel(int,int,unsigned char)
 0A49:16B5 idle  putsvgapixel(int,int,unsigned char)
 0A49:2E51 idle  rdbmpclrtbl(const char far*)
 0A49:2CDC idle  rdbmpflhdr(const char far*)
 0A49:2D95 idle  rdbmpinfhcr(const char far*)
 0A49:A004 idle  reactor()
 0A49:7757 idle  readobj(char far*,gllineobject far&)
 0A49:009D idle  reboot()
 0A49:451F idle  Reduce(int,int,char far*)
 0A49:11D4 idle  ResetDSP(unsigned int)
 0A49:0EFF idle  ResetMouse()
 0A49:5CF1 idle  restore_screen(void far*far*)
 0A49:5FDF idle  restore_screen_area_mem(int,int,int,int,void far*far*,int)
 0A49:5E59 idle  restore_screen_are_mem(void far*far*)
 0A49:694B idle  rot(point3d far&,int,int,int)
 0A49:90F0 idle  rotateAboutX_Deg(const vec3d far&,const double)
 0A49:9698 idle  rotateAboutX_Rad(const vec3d far&,const double)
 0A49:91D4 idle  rotateAboutY_Deg(const vec3d far&,const double)
 0A49:97D4 idle  rotateAboutY_Rad(const vec3d far&,const double)
 0A49:92B8 idle  rotateAboutZ_Deg(const vec3d far&,const double)
 0A49:9910 idle  rotateAboutZ_Rad(const vec3d far&,const double)
 0A49:939C idle  rotate_Deg(const vec3d far&,const double,const ...
 0A49:6C33 idle  rotcamera(point3d far*,double,double,double)
 0A49:6867 idle  rtrans(double far&,double far&,int)
 0A49:5D7F idle  save_screen(void far*far*)
 0A49:5EE7 idle  save_screen_area_mem(int,int,int,int,void far*far*)
 0A49:5C17 idle  save_screen_area_mem(void far*far*)
 0A49:6A6E idle  scale(point3d far&,double,double,double)
 0A49:7590 idle  sconplot(point3d,int,double,double)
 0A49:5BB1 idle  screen_area_select(int far&,int far&,int far&,int far&)
 0A49:5A44 idle  screen_target_select(int far&,int far&)
 0A49:9AE4 idle  selectcolor()
 0A49:50CA idle  set16bitpal()
 0A49:1A4B idle  setbwpal()
 0A49:6C01 idle  setcamera(point3d far*)
 0A49:6C80 idle  setcamzoom(point3d far*)
 0A49:0842 idle  SetMode(int,int)
 0A49:11A2 idle  setmousecursor(unsigned char far*)
 0A49:0766 idle  SetPallete(unsigned char,unsigned char,unsigned char,unsigned char)
 0A49:9C29 idle  setupreactor()
 0A49:006A idle  setup_float_exception()
 0A49:3686 idle  setup_ldbar(int,int,int,int,int)
 0A49:081D idle  setvesamode(int)
 0A49:1608 idle  set_mode_svga(unsigned char)
 0000:1C54 idle  set_new_handler(void(far*)())
 0A49:1B4F idle  set_svga_color(unsigned char)
 0A49:19E7 idle  set_svga_palette(unsigned char far*)
 0A49:1BD4 idle  set_svga_rgbpalette(int,int,int,int)
 0A49:403D idle  shadowtxt(char far*,int,int,int)
 0A49:0F2B idle  ShowMouse()
 0A49:55D8 idle  Show_files(char far*)
 0A49:30E9 idle  shw16clrbmp(const int,const ...
 0A49:BA39       sim_body::sim_body()
 0A49:BB6B       sim_body::~sim_body()
 0A49:9FBA idle  sim_body::changeproperty()
 0A49:9E21 idle  sim_body::create_body()
 0A49:9CCB idle  sim_body::did_collide_with(gllineobject far&)
 0A49:B288       sim_body::drawbody()
 0A49:9DAF idle  sim_body::is_point_inside_object(point3d far&)
 0A49:B2C6       sim_body::preprocesscollition(particle)
 0A49:B61A       sim_body::processcollition()
 0A49:9CAE idle  sim_body::resolve_collition(particle far&)
 0A49:9F9D idle  sim_body::showdetails()
 0A49:B809       sim_body::updategl()
 0A49:B7DA       sim_body::updatephy()
 0000:9BD7       streambuf::streambuf()
 0000:9E3F       streambuf::~streambuf()
 0000:9B86       streambuf::doallocate()
 0000:9CDF       streambuf::do_sgetn(char far*,int)
 0000:9CAB       streambuf::do_snextc()
 0000:9D96       streambuf::do_sputn(const char far*,int)
 0000:9EBB       streambuf::overflow(int)
 0000:9ECA       streambuf::pbackfail(int)
 0000:A086       streambuf::seekoff(long,seek_dir,int)
 0000:A098       streambuf::seekpos(long,int)
 0000:9F0C       streambuf::setb(char far*,char far*,int)
 0000:9ED9       streambuf::setbuf(char far*,int)
 0000:9FC2       streambuf::setg(char far*,char far*,char far*)
 0000:A033       streambuf::setp(char far*,char far*)
 0A49:B8AD       streambuf::sputc(int)
 0000:A0C3       streambuf::sputn(const char far*,int)
 0000:A140       streambuf::sync()
 0000:A193       streambuf::underflow()
 0A49:28D5 idle  sv16clrbmp(const int,const ...
 0A49:2AAC idle  svbmp(const unsigned int,const ...
 0A49:18F7 idle  svgacircle(int,int,int,unsigned char)
 0A49:173A idle  svgaline(int,int,int,int,unsigned char)
 0A49:1884 idle  svgarectangle(int,int,int,int,unsigned char)
 0A49:0AD9 idle  SwitchBank(int)
 0A49:41D4 idle  switchpage(int,int)
 0A49:54E3 idle  sysinfo()
 0A49:4828 idle  tabspace(int)
 0A49:66D4 idle  trans(point3d far&,double,double,double)
 0A49:52B2 idle  ttime(int,int)
 0A49:BCF1       vec3d::
 0A49:82E0 idle  vec3d::operator =(const vec3d far&)
 0A49:819A idle  vec3d::vec3d(double,double,double)
 0A49:8213 idle  vec3d::vec3d(const vec3d far&)
 0A49:8124 idle  vec3d::vec3d()
 0A49:8298 idle  vec3d::~vec3d()
 0A49:8A2D idle  vec3d::operator /=(const double far&)
 0A49:894E idle  vec3d::operator -=(const vec3d far&)
 0A49:89BF idle  vec3d::operator *=(const double far&)
 0A49:88DD idle  vec3d::operator +=(const vec3d far&)
 0A49:8B6E idle  vec3d::length()
 0A49:8A9B idle  vec3d::normalize()
 0A49:0B01 idle  wait()
 0A49:1A21 idle  WaitRetrace()
 0A49:00E9 idle  WhitePixel()
 0A49:1249 idle  WriteDSP(unsigned char)
 0A49:2679 idle  wtbmpclrtbl(const char far*)
 0A49:251B idle  wtbmpflhdr(const char far*)
 0A49:25D4 idle  wtbmpinfhdr(const char far*)
 0A49:4147 idle  Xldbmp(int,int,char far*)
 0A49:4A78 idle  X_glscanf(int,char far*,...)
 0A49:6CB2 idle  zoomcamera(point3d far&,float,float,float)
 0A49:7B6F idle  _2dgltestrun()
 0A49:7D1B idle  _3dgltestrun()
 0000:263C       _vector_delete_(void far*,unsigned int,unsigned long,unsigned int,...)
 0000:27D8       _vector_new_(void far*,unsigned int,unsigned long,unsigned int,...)
 2059:0000 idle  DATASEG@
 0000:0253       DGROUP@
 19DF:2152       e086_Entry
 19DF:26E0       e086_Shortcut
 1C57:0306       e087_Entry
 1C57:03C6       e087_Shortcut
 1C57:0430       e087_Trap
 0000:FE32 idle  FIARQQ
 0000:0E32 idle  FICRQQ
 0000:5C32  Abs  FIDRQQ
 0000:1632  Abs  FIERQQ
 0000:0632  Abs  FISRQQ
 0000:A23D  Abs  FIWRQQ
 0000:4000 idle  FJARQQ
 0000:C000 idle  FJCRQQ
 0000:8000  Abs  FJSRQQ
 0000:1530 idle  FTOL@
 0000:1530       F_FTOL@
 0000:183A       F_LDIV@
 0000:1849       F_LMOD@
 0000:1841       F_LUDIV@
 0000:1851       F_LUMOD@
 0000:18E8       F_LXLSH@
 0000:17A2       F_LXMUL@
 0000:1909       F_LXRSH@
 0000:47E0       F_OVERFLOW@
 0000:1929 idle  F_PADA@
 0000:19B1 idle  F_PADD@
 0000:196D idle  F_PSBA@
 0000:19E0 idle  F_PSUB@
 0000:17B9       F_SCOPY@
 0000:1A14       F_SPUSH@
 0000:183A idle  LDIV@
 0000:1849 idle  LMOD@
 0000:1841 idle  LUDIV@
 0000:1851 idle  LUMOD@
 0000:18E8 idle  LXLSH@
 0000:17A2 idle  LXMUL@
 0000:1909 idle  LXRSH@
 0000:155C       N_FTOL@
 0000:1837       N_LDIV@
 0000:1846       N_LMOD@
 0000:183E idle  N_LUDIV@
 0000:184E idle  N_LUMOD@
 0000:18E5       N_LXLSH@
 0000:1D33       N_LXMUL@
 0000:1906 idle  N_LXRSH@
 0000:47E0 idle  N_OVERFLOW@
 0000:1926       N_PADA@
 0000:19AE       N_PADD@
 0000:1D4A       N_PCMP@
 0000:196A       N_PSBA@
 0000:19DD idle  N_PSUB@
 0000:1A0E idle  N_SPUSH@
 0000:47E0 idle  OVERFLOW@
 0000:1929 idle  PADA@
 0000:19B1 idle  PADD@
 0000:196D idle  PSBA@
 0000:19E0 idle  PSUB@
 0000:17B9 idle  SCOPY@
 0000:1A14 idle  SPUSH@
 0000:023C       _abort
 0000:14F1       _acos
 1DD7:0A14 idle  _activepage
 1619:12FB idle  _arc
 0000:1511 idle  _asin
 0000:1588 idle  _atexit
 0000:04AF       _atof
 1DD7:0A36 idle  _B
 1DD7:0060 idle  _bank
 1619:1C68       _bar
 1619:1C8B idle  _bar3d
 1DD7:00A6 idle  _Base
 1DD7:078C idle  _Bmp_fh
 1DD7:079A idle  _Bmp_ih
 1DD7:0AE0 idle  _cam
 1DD7:0AEC idle  _camera_rot_on
 1DD7:0AEE idle  _camera_trans_on
 1DD7:0AED idle  _camera_zoom_on
 1DD7:0B6E idle  _Camx
 2059:0CC0 idle  _cerr
 2059:0C5E idle  _cin
 1619:1326       _circle
 1619:0EFD       _cleardevice
 1619:0FB3       _clearviewport
 2059:0CF0       _clog
 0000:489B       _close
 1619:0E53       _closegraph
 1CB4:03B2 idle  _COLOR
 1DD7:07C2 idle  _ColorTable
 0000:137F       _cos
 2059:0C90       _cout
 0000:3152 idle  _cprintf
 1CB4:035C idle  _curcolor
 1DD7:0A22 idle  _datebuf
 0000:33C4       _delay
 1619:0656 idle  _detectgraph
 2059:0BDF       _directvideo
 1DD7:03C1 idle  _dpalette
 1619:1C28 idle  _drawpoly
 1DD7:25E6 idle  _dx
 1DD7:25EA idle  _dy
 1DD7:25EE idle  _dz
 1619:1CCC       _ellipse
 2059:0C22       _environ
 0000:4901       _eof
 2059:007F       _errno
 0000:174B       _exit
 0000:356C       _farfree
 0000:3680       _farmalloc
 0000:37E4 idle  _farrealloc
 0000:498A       _fclose
 0000:4A3C       _fflush
 0000:521E idle  _fgetc
 0000:5313 idle  _fgetchar
 1DD7:0AF0 idle  _file
 1619:1CFC idle  _fillellipse
 1619:1C48 idle  _fillpoly
 1CB4:0014 idle  _flag
 1619:1EEB idle  _floodfill
 0000:4B10       _flushall
 0000:4D61       _fopen
 0000:4D9D       _fprintf
 0000:55C0 idle  _fputc
 0000:5760 idle  _fputchar
 0000:4DC0       _fputs
 0000:4F0A       _fread
 0000:356C       _free
 0000:4F9F       _fscanf
 0000:5053       _fseek
 0000:50DA       _ftell
 1619:1D69 idle  _getarccoords
 1619:1352 idle  _getaspectratio
 1619:13FE idle  _getbkcolor
 0000:3A1D       _getch
 0000:3A4F idle  _getche
 1619:13ED       _getcolor
 0000:17D5 idle  _getdate
 1619:1DE9       _getdefaultpalette
 1619:10AF idle  _getdrivername
 1619:1264 idle  _getfillpattern
 1619:1213 idle  _getfillsettings
 1619:0DFE idle  _getgraphmode
 1619:209C       _getimage
 1619:115B idle  _getlinesettings
 1619:1DB3       _getmaxcolor
 1619:1E27       _getmaxmode
 1619:1089       _getmaxx
 1619:109C       _getmaxy
 1619:10D5 idle  _getmodename
 1619:05B7 idle  _getmoderange
 1619:14F8 idle  _getpalette
 1619:1DCE       _getpalettesize
 1619:205B       _getpixel
 0000:3B67       _gettext
 1619:15DB idle  _gettextsettings
 0000:17EF       _gettime
 0000:1809       _getvect
 1619:0F94 idle  _getviewsettings
 1619:106B       _getx
 1619:107A       _gety
 0000:3AF8       _gotoxy
 1619:0884 idle  _graphdefaults
 1619:0193       _grapherrormsg
 1619:030D       _graphresult
 1DD7:006E idle  _Header
 1CB4:0460 idle  _help_index
 1DD7:0034 idle  _i
 1619:1517       _imagesize
 1619:096A       _initgraph
 1DD7:0022 idle  _initpal
 1619:0BDE       _installuserdriver
 1619:0CCC idle  _installuserfont
 0000:3C0E       _int86
 0000:3C46 idle  _int86x
 0000:3CE6       _ioctl
 0000:1A94       _isatty
 0000:3D16       _kbhit
 1DD7:0806 idle  _ldbarsize
 1CB4:03A6 idle  _ldex
 1CB4:03A8 idle  _ldey
 1DD7:0802 idle  _ldstep
 1CB4:03A2 idle  _ldsx
 1CB4:03A4 idle  _ldsy
 1DD7:0A10 idle  _leth
 1DD7:0A0E idle  _letw
 1619:1C05       _line
 1619:1120 idle  _linerel
 1619:10F9 idle  _lineto
 1DD7:0A34 idle  _logstatues
 1CB4:03B4 idle  _logstatus
 0000:428F       _longjmp
 1CB4:03AC idle  _loop_flag
 0000:1B5C       _lseek
 0A49:A7DF       _main
 0000:3676       _malloc
 0000:0FD4       _matherr
 1CB4:03AE idle  _maxx
 1CB4:03B0 idle  _maxy
 0000:5329       _memcpy
 1CB4:03B8 idle  _minx
 1CB4:03BA idle  _miny
 1DD7:0A0A idle  _movedx
 1DD7:0A0C idle  _movedy
 1619:104B       _moverel
 0000:3D2F       _movetext
 1619:1024       _moveto
 1DD7:080A idle  _msg
 1DD7:0000 idle  _no
 0000:47C0       _nosound
 1DD7:0044 idle  _o
 1DD7:0BB6 idle  _obj1
 1DD7:114A idle  _obj2
 0000:538B       _open
 1DD7:0B66 idle  _ot
 1DD7:0A1E idle  _out
 1619:15FA       _outtext
 1619:1F60       _outtextxy
 1CB4:03B6 idle  _page
 1DD7:0A16 idle  _pagelimit
 1CB4:0000 idle  _pal
 1DD7:0AB0 idle  _pg
 1DD7:0AC0 idle  _pg1
 1DD7:0AD0 idle  _pg2
 1619:1388 idle  _pieslice
 1619:18D3 idle  _postdevice
 0000:10C8       _pow
 0000:0FC2       _pow10
 1DD7:16DE idle  _pr
 0000:5578       _printf
 0000:3DD3       _putch
 1619:154C       _putimage
 1619:207C       _putpixel
 0000:3BC4       _puttext
 0000:4684 idle  _raise
 0000:1D83       _rand
 0000:5A7F       _read
 0000:37DD idle  _realloc
 1619:11BD       _rectangle
 1DD7:000E idle  _reenter
 1619:03F3 idle  _registerfarbgidriver
 1619:04AC idle  _registerfarbgifont
 1619:0E21 idle  _restorecrtmode
 1DD7:0054 idle  _s
 1DD7:171E idle  _s1
 0000:5A82       _scanf
 1CB4:035A idle  _screen_height
 1CB4:0358 idle  _screen_width
 1619:1D39       _sector
 0000:24D9       _segread
 1619:19F7       _setactivepage
 1619:140F idle  _setallpalette
 1619:1370 idle  _setaspectratio
 1619:13B3       _setbkcolor
 0000:41D7       _setblock
 1619:1D92       _setcolor
 1619:1284 idle  _setfillpattern
 1619:1230       _setfillstyle
 1619:0580 idle  _setgraphbufsize
 1619:0D76 idle  _setgraphmode
 0000:4252       _setjmp
 1619:117A       _setlinestyle
 1619:14B5 idle  _setpalette
 1619:1E62       _setrgbpalette
 1DD7:0A18 idle  _setsvgamode
 1619:1648       _settextjustify
 1619:1689       _settextstyle
 1619:1858 idle  _setusercharsize
 0000:5AAF       _setvbuf
 0000:181F       _setvect
 1619:0F18 idle  _setviewport
 1619:19D4       _setvisualpage
 1619:1A1D       _setwritemode
 0000:4545       _signal
 1DD7:171A idle  _simbody1
 0000:1262       _sin
 0000:471D       _sleep
 0000:478D       _sound
 0000:5C1F       _sprintf
 0000:1005       _sqrt
 0000:1D6B idle  _srand
 0000:5CB1 idle  _sscanf
 1CB4:03AA idle  _steps
 0000:5D06       _strcat
 0000:5D4A       _strcmp
 0000:5D7D       _strcpy
 0000:5ECA       _strlen
 0000:5EF0       _strncpy
 0000:0BBC       _strtod
 1CB4:0354 idle  _SVGA
 1DD7:005C idle  _switchbank
 1DD7:0A1A idle  _t
 0000:25FE       _tell
 1619:187E       _textheight
 0000:47F2       _textmode
 1619:200D       _textwidth
 1DD7:0A2B idle  _timebuf
 1CB4:039E idle  _timex
 1CB4:03A0 idle  _timey
 1DD7:00C1 idle  _tpalette
 1DD7:0AE4 idle  _Trans
 1DD7:0B9E idle  _Transx
 0000:5F29 idle  _ungetc
 0000:3A80 idle  _ungetch
 0000:261D       _unlink
 1DD7:0A12 idle  _visualpage
 1DD7:009E idle  _Voice
 0000:5C48       _vsprintf
 0000:5CDB       _vsscanf
 1DD7:00A8 idle  _WaveFile
 0000:483B idle  _wherex
 0000:4857 idle  _wherey
 0000:6158       _write
 1DD7:06C2 idle  _X
 1CB4:03BC idle  _xscale
 1CB4:03C4 idle  _yscale
 1DD7:0AE8 idle  _Zoom
 1DD7:0B86 idle  _Zoomx
 1CB4:03CC idle  _zscale
 2059:0700       __8087
 0000:1000 idle  __AHINCR
 0000:000C idle  __AHSHIFT
 1CB4:002C idle  __arrow
 2059:0716       __atexitcnt
 2059:0718       __atexittbl
 1619:1AE1       __autodetect
 2059:02B8 idle  __backcolor
 2059:0233       __BGI_ADD
 2059:0096       __BGI_auto
 2059:0092       __BGI_ovr
 0000:2F94       __bios_keybrd
 0000:390D       __brk
 2059:0089       __brklvl
 1CB4:0284 idle  __brush
 2059:006B idle  __C0argc
 2059:006D idle  __C0argv
 0000:3249 idle  __c0crtinit
 2059:0071       __C0environ
 1CB4:01BC idle  __caret
 2059:0C21       __cChar
 0000:177A idle  __cexit
 2059:0C20       __cFlag
 0000:0155       __checknull
 0000:4877       __chmod
 0000:0142       __cleanup
 0000:48D6       __close
 0000:2FC0       __CPUTN
 1CB4:00F4 idle  __cross
 0000:326D       __crtinit
 2059:0798       __ctype
 1DD7:0062 idle  __cursor
 0000:0000  Abs  __cvtfak
 0000:178F idle  __c_exit
 2059:022F       __DDO_ADD
 2059:0714       __default87
 2059:0A66       __doserrno
 0000:1A7B       __DOSERROR
 2059:0A68 idle  __dosErrorToSV
 0000:1620       __dos_findfirst
 0000:165A       __dos_findnext
 0000:168E       __dos_getdate
 0000:15D5       __dos_getfileattr
 0000:16B0       __dos_gettime
 0000:15FC idle  __dos_setfileattr
 2059:02B6       __drawcolor
 2143:0000       __emu
 2059:0075       __envLng
 2059:0077       __envseg
 2059:0079       __envSize
 1CB4:0090 idle  __eraser
 0000:1761       __exit
 2059:089A       __exitbuf
 2059:089E       __exitfopen
 2059:08A2 idle  __exitopen
 0000:104E idle  __EXPL
 0000:51FF       __fgetc
 1CB4:0220 idle  __fill
 2059:02B7       __fillcolor
 2059:02BA       __fillstyle
 0000:8087 idle  __floatconvert
 2059:0A60       __fmode
 2059:02AE       __FON_ADD
 0000:0E0C       __fperror
 0000:0EDE       __fpreset
 2059:0A64       __fpstklen
 0000:04AB       __fpuint
 0000:559D idle  __fputc
 0000:577E       __FPUTN
 1CB4:0158 idle  __free
 1DD7:16E2 idle  __G
 0000:4D08 idle  __GETFP
 0000:3AB5       __graphexit
 0000:3ACA       __graphfreemem
 0000:3AE3       __graphgetmem
 1619:0329 idle  __GraphNotInstalled
 1619:22C0       __GRP_ovr
 1619:1BB4       __gr_cleardevice
 1619:1B52       __gr_detectgraph
 2059:02AC idle  __gr_ErrCode
 1619:1E06       __gr_getmodename
 1619:1A90       __gr_imagesize
 1619:1BE8       __gr_lineto
 1619:1BCB       __gr_moveto
 1619:20D9       __gr_putimage
 1619:1995       __gr_restorecrtmode
 1619:1EA7       __gr_setallpalette
 1619:1E43       __gr_setbkcolor
 1619:1A40       __gr_setfillpattern
 1619:1F30       __gr_setfillstyle
 1619:195F       __gr_setgraphmode
 1619:1EC2       __gr_setlinestyle
 1619:1E88       __gr_setpalette
 1619:1A73       __gr_settextjustify
 1619:1F96       __gr_settextstyle
 1619:1FE7       __gr_setusercharsize
 1619:1933       __gr_setviewport
 1619:203A       __gr_textheight
 2059:0085       __heapbase
 2059:008D       __heaptop
 2036:0006       __huge_dble
 2036:0002 idle  __huge_flt
 2036:000E idle  __huge_ldble
 2036:0018 idle  __indefinite
 1619:1B8F       __initdevice
 1619:18EA       __installdevice
 2059:005B idle  __Int0Vector
 2059:005F idle  __Int4Vector
 2059:0063 idle  __Int5Vector
 2059:0067 idle  __Int6Vector
 0000:1A35       __IOERROR
 1CB4:02E8 idle  __larrow
 2059:0711       __LDT
 0000:04CD       __LDTRUNC
 2059:02B9       __linestyle
 0000:1AAC       __LONGTOA
 0000:12BF       __matherr
 2038:0006       __mathwhy
 0000:1B92       __MKNAME
 0000:0255 idle  __MMODEL
 2059:0AD8       __new_handler
 0000:521B       __Nfgetc
 2059:0A36       __nfile
 0000:3A4C idle  __Ngetche
 2059:0A62       __notUmask
 0000:5F26       __Nungetc
 0000:3A7D idle  __Nungetch
 0000:551C       __open
 2059:0A38       __openfd
 0000:4C32 idle  __OPENFP
 2059:007D idle  __osmajor
 2059:007E idle  __osminor
 2059:007D idle  __osversion
 2059:02C1 idle  __OverScanColor
 0000:0EED       __POW10
 2059:0710       __protected
 2059:007B       __psp
 0000:1DB0       __read
 0000:3DEF       __REALCVT
 2059:0E3A       __RealCvtVector
 1619:18EF       __reinstalldevice
 0000:01AB       __restorezero
 0000:395F       __sbrk
 0000:1DEC       __scanner
 0000:3E0D       __scanpop
 0000:3E03       __scanrslt
 0000:3DF9       __scantod
 2059:0E3E       __ScanTodVector
 0000:232B       __scantol
 0000:3F7E       __SCREENIO
 0000:4052       __SCROLL
 0000:0000 idle  __setenvp__
 0000:2503       __setupio
 1CB4:002A idle  __showMouseStatus
 2059:0081 idle  __StartTime
 2059:02B2       __StatOfs
 2059:02B4       __StatSeg
 2059:0B64       __stklen
 0000:2F59       __stpcpy
 0000:5E53 idle  __strdate
 2059:08A6       __streams
 0000:5E8F       __strtime
 0000:0B43 idle  __strtold
 1DD7:006A idle  __temp
 0000:0156       __terminate
 2036:001C idle  __tiny_ldble
 0000:1BF6 idle  __TMPNAM
 1DD7:0066 idle  __tool
 0000:0000 idle  __turboCrt
 0000:0000  Abs  __turboCvt
 0000:8087  Abs  __turboFloat
 0000:1B35       __UTOA
 0000:3FCD       __VALIDATEXY
 2059:007D       __version
 2059:0BD0       __video
 0000:31BC       __VideoInt
 0000:29E1       __VPRINTER
 0000:2E94       __VPTR
 0000:2ED2       __VRAM
 0000:482A       __wherexy
 1DD7:16FE idle  __wind
 1CB4:002B idle  __wrapAround
 0000:6109       __write
 2059:0BCE       __wscroll
 0000:0BFD       __XCVT
 0000:615B       __xfclose
 0000:61A3       __xfflush
 1CB4:0026 idle  __xmaxm
 1CB4:0022 idle  __xminm
 1DD7:0002 idle  __xscale
 1CB4:0028 idle  __ymaxm
 1CB4:0024 idle  __yminm
 1DD7:0006 idle  __yscale
 1DD7:000A idle  __zscale
 0000:342C idle  ___first
 0000:03C4       ___fpreset
 0000:342E idle  ___last
 1619:0178 idle  ___move
 0000:5990       ___read
 0000:3430 idle  ___rover
 2059:0B60       ___SignalPtr
 0000:5F9B       ___write

  Address         Publics by Value

 0000:0000  Abs  __turboCvt
 0000:0000 idle  __turboCrt
 0000:0000  Abs  __cvtfak
 0000:0000 idle  __setenvp__
 0000:000C idle  __AHSHIFT
 0000:0632  Abs  FISRQQ
 0000:0E32 idle  FICRQQ
 0000:1000 idle  __AHINCR
 0000:1632  Abs  FIERQQ
 0000:4000 idle  FJARQQ
 0000:5C32  Abs  FIDRQQ
 0000:8000  Abs  FJSRQQ
 0000:8087  Abs  __turboFloat
 0000:8087 idle  __floatconvert
 0000:A23D  Abs  FIWRQQ
 0000:C000 idle  FJCRQQ
 0000:FE32 idle  FIARQQ
 0000:0142       __cleanup
 0000:0155       __checknull
 0000:0156       __terminate
 0000:01AB       __restorezero
 0000:023C       _abort
 0000:0253       DGROUP@
 0000:0255 idle  __MMODEL
 0000:03C4       ___fpreset
 0000:04AB       __fpuint
 0000:04AF       _atof
 0000:04CD       __LDTRUNC
 0000:0B43 idle  __strtold
 0000:0BBC       _strtod
 0000:0BFD       __XCVT
 0000:0E0C       __fperror
 0000:0EDE       __fpreset
 0000:0EED       __POW10
 0000:0FC2       _pow10
 0000:0FD4       _matherr
 0000:1005       _sqrt
 0000:104E idle  __EXPL
 0000:10C8       _pow
 0000:1262       _sin
 0000:12BF       __matherr
 0000:137F       _cos
 0000:14F1       _acos
 0000:1511 idle  _asin
 0000:1530       F_FTOL@
 0000:1530 idle  FTOL@
 0000:155C       N_FTOL@
 0000:1588 idle  _atexit
 0000:15BC       operator delete(void far*)
 0000:15D5       __dos_getfileattr
 0000:15FC idle  __dos_setfileattr
 0000:1620       __dos_findfirst
 0000:165A       __dos_findnext
 0000:168E       __dos_getdate
 0000:16B0       __dos_gettime
 0000:174B       _exit
 0000:1761       __exit
 0000:177A idle  __cexit
 0000:178F idle  __c_exit
 0000:17A2       F_LXMUL@
 0000:17A2 idle  LXMUL@
 0000:17B9       F_SCOPY@
 0000:17B9 idle  SCOPY@
 0000:17D5 idle  _getdate
 0000:17EF       _gettime
 0000:1809       _getvect
 0000:181F       _setvect
 0000:1837       N_LDIV@
 0000:183A       F_LDIV@
 0000:183A idle  LDIV@
 0000:183E idle  N_LUDIV@
 0000:1841       F_LUDIV@
 0000:1841 idle  LUDIV@
 0000:1846       N_LMOD@
 0000:1849       F_LMOD@
 0000:1849 idle  LMOD@
 0000:184E idle  N_LUMOD@
 0000:1851       F_LUMOD@
 0000:1851 idle  LUMOD@
 0000:18E5       N_LXLSH@
 0000:18E8       F_LXLSH@
 0000:18E8 idle  LXLSH@
 0000:1906 idle  N_LXRSH@
 0000:1909       F_LXRSH@
 0000:1909 idle  LXRSH@
 0000:1926       N_PADA@
 0000:1929 idle  F_PADA@
 0000:1929 idle  PADA@
 0000:196A       N_PSBA@
 0000:196D idle  PSBA@
 0000:196D idle  F_PSBA@
 0000:19AE       N_PADD@
 0000:19B1 idle  F_PADD@
 0000:19B1 idle  PADD@
 0000:19DD idle  N_PSUB@
 0000:19E0 idle  F_PSUB@
 0000:19E0 idle  PSUB@
 0000:1A0E idle  N_SPUSH@
 0000:1A14       F_SPUSH@
 0000:1A14 idle  SPUSH@
 0000:1A35       __IOERROR
 0000:1A7B       __DOSERROR
 0000:1A94       _isatty
 0000:1AAC       __LONGTOA
 0000:1B35       __UTOA
 0000:1B5C       _lseek
 0000:1B92       __MKNAME
 0000:1BF6 idle  __TMPNAM
 0000:1C54 idle  set_new_handler(void(far*)())
 0000:1C85       operator new(unsigned int)
 0000:1CCE       operator new(unsigned long)
 0000:1D33       N_LXMUL@
 0000:1D4A       N_PCMP@
 0000:1D6B idle  _srand
 0000:1D83       _rand
 0000:1DB0       __read
 0000:1DEC       __scanner
 0000:232B       __scantol
 0000:24D9       _segread
 0000:2503       __setupio
 0000:25FE       _tell
 0000:261D       _unlink
 0000:263C       _vector_delete_(void far*,unsigned int,unsigned long,unsigned int,...)
 0000:27D8       _vector_new_(void far*,unsigned int,unsigned long,unsigned int,...)
 0000:29E1       __VPRINTER
 0000:2E94       __VPTR
 0000:2ED2       __VRAM
 0000:2F59       __stpcpy
 0000:2F94       __bios_keybrd
 0000:2FC0       __CPUTN
 0000:3152 idle  _cprintf
 0000:31BC       __VideoInt
 0000:3249 idle  __c0crtinit
 0000:326D       __crtinit
 0000:33C4       _delay
 0000:342C idle  ___first
 0000:342E idle  ___last
 0000:3430 idle  ___rover
 0000:356C       _farfree
 0000:356C       _free
 0000:3676       _malloc
 0000:3680       _farmalloc
 0000:37DD idle  _realloc
 0000:37E4 idle  _farrealloc
 0000:390D       __brk
 0000:395F       __sbrk
 0000:3A1D       _getch
 0000:3A4C idle  __Ngetche
 0000:3A4F idle  _getche
 0000:3A7D idle  __Nungetch
 0000:3A80 idle  _ungetch
 0000:3AB5       __graphexit
 0000:3ACA       __graphfreemem
 0000:3AE3       __graphgetmem
 0000:3AF8       _gotoxy
 0000:3B67       _gettext
 0000:3BC4       _puttext
 0000:3C0E       _int86
 0000:3C46 idle  _int86x
 0000:3CE6       _ioctl
 0000:3D16       _kbhit
 0000:3D2F       _movetext
 0000:3DD3       _putch
 0000:3DEF       __REALCVT
 0000:3DF9       __scantod
 0000:3E03       __scanrslt
 0000:3E0D       __scanpop
 0000:3F7E       __SCREENIO
 0000:3FCD       __VALIDATEXY
 0000:4052       __SCROLL
 0000:41D7       _setblock
 0000:4252       _setjmp
 0000:428F       _longjmp
 0000:4545       _signal
 0000:4684 idle  _raise
 0000:471D       _sleep
 0000:478D       _sound
 0000:47C0       _nosound
 0000:47E0       F_OVERFLOW@
 0000:47E0 idle  N_OVERFLOW@
 0000:47E0 idle  OVERFLOW@
 0000:47F2       _textmode
 0000:482A       __wherexy
 0000:483B idle  _wherex
 0000:4857 idle  _wherey
 0000:4877       __chmod
 0000:489B       _close
 0000:48D6       __close
 0000:4901       _eof
 0000:498A       _fclose
 0000:4A3C       _fflush
 0000:4B10       _flushall
 0000:4C32 idle  __OPENFP
 0000:4D08 idle  __GETFP
 0000:4D61       _fopen
 0000:4D9D       _fprintf
 0000:4DC0       _fputs
 0000:4F0A       _fread
 0000:4F9F       _fscanf
 0000:5053       _fseek
 0000:50DA       _ftell
 0000:51FF       __fgetc
 0000:521B       __Nfgetc
 0000:521E idle  _fgetc
 0000:5313 idle  _fgetchar
 0000:5329       _memcpy
 0000:538B       _open
 0000:551C       __open
 0000:5578       _printf
 0000:559D idle  __fputc
 0000:55C0 idle  _fputc
 0000:5760 idle  _fputchar
 0000:577E       __FPUTN
 0000:5990       ___read
 0000:5A7F       _read
 0000:5A82       _scanf
 0000:5AAF       _setvbuf
 0000:5C1F       _sprintf
 0000:5C48       _vsprintf
 0000:5CB1 idle  _sscanf
 0000:5CDB       _vsscanf
 0000:5D06       _strcat
 0000:5D4A       _strcmp
 0000:5D7D       _strcpy
 0000:5E53 idle  __strdate
 0000:5E8F       __strtime
 0000:5ECA       _strlen
 0000:5EF0       _strncpy
 0000:5F26       __Nungetc
 0000:5F29 idle  _ungetc
 0000:5F9B       ___write
 0000:6109       __write
 0000:6158       _write
 0000:615B       __xfclose
 0000:61A3       __xfflush
 0000:632E idle  Iostream_delete()
 0000:6436       endl(ostream far&)
 0000:6466       filebuf::close()
 0000:6514       filebuf::filebuf()
 0000:6630       filebuf::filebuf(int)
 0000:674D       filebuf::~filebuf()
 0000:67EF       filebuf::overflow(int)
 0000:6976       filebuf::open(const char far*,int,int)
 0000:6ADC       filebuf::setbuf(char far*,int)
 0000:6B9F       filebuf::seekoff(long,seek_dir,int)
 0000:6D5B       filebuf::sync()
 0000:6E65       filebuf::underflow()
 0000:704F       fstreambase::close()
 0000:7094       fstreambase::fstreambase()
 0000:7143       fstreambase::fstreambase(const char far*,int,int)
 0000:720F       fstreambase::~fstreambase()
 0000:729D       fstreambase::open(const char far*,int,int)
 0000:730A       fstream::fstream()
 0000:7406       fstream::fstream(const char far*,int,int)
 0000:750E       fstream::~fstream()
 0000:75E7       iostream::iostream()
 0000:76BA       iostream::~iostream()
 0000:7774       istream_withassign::operator =(streambuf far*)
 0000:779B       istream::istream()
 0000:7829       istream_withassign::istream_withassign()
 0000:78C0       istream::do_get()
 0000:795B       istream::ipfx(int)
 0000:7A1D       istream::~istream()
 0000:7A95       istream_withassign::~istream_withassign()
 0000:7B1E       istream::eatwhite()
 0000:7BFB       istream::operator >>(double far&)
 0000:7C8D       istream::operator >>(int far&)
 0000:7CCE       istream::operator >>(long double far&)
 0000:8768       istream::operator >>(long far&)
 0000:89D8       istream::get(char far&)
 0000:8AC9       istream::get(unsigned char far&)
 0000:8BBA       istream::read(char far*,int)
 0000:8CCD       istream::seekg(long,seek_dir)
 0000:8D2D idle  fpclass(long double)
 0000:8D77 idle  fpcopysign(long double,long double)
 0000:9292       ostream::operator <<(long double)
 0000:93B7       ostream_withassign::operator =(streambuf far*)
 0000:93DE       ostream::ostream()
 0000:9463       ostream_withassign::ostream_withassign()
 0000:94FA       ostream::~ostream()
 0000:957F       ostream_withassign::~ostream_withassign()
 0000:9608       ostream::flush()
 0000:964D       ostream::operator <<(char)
 0000:9724       ostream::do_opfx()
 0000:975E       ostream::do_osfx()
 0000:97B9       ostream::outstr(const char far*,const char far*)
 0000:9AD3       ostream::seekp(long,seek_dir)
 0000:9B33       ostream::write(const char far*,int)
 0000:9B86       streambuf::doallocate()
 0000:9BD7       streambuf::streambuf()
 0000:9CAB       streambuf::do_snextc()
 0000:9CDF       streambuf::do_sgetn(char far*,int)
 0000:9D96       streambuf::do_sputn(const char far*,int)
 0000:9E3F       streambuf::~streambuf()
 0000:9EBB       streambuf::overflow(int)
 0000:9ECA       streambuf::pbackfail(int)
 0000:9ED9       streambuf::setbuf(char far*,int)
 0000:9F0C       streambuf::setb(char far*,char far*,int)
 0000:9FC2       streambuf::setg(char far*,char far*,char far*)
 0000:A033       streambuf::setp(char far*,char far*)
 0000:A086       streambuf::seekoff(long,seek_dir,int)
 0000:A098       streambuf::seekpos(long,int)
 0000:A0C3       streambuf::sputn(const char far*,int)
 0000:A140       streambuf::sync()
 0000:A193       streambuf::underflow()
 0000:A1CD       ios::clear(int)
 0000:A20E       ios::ios()
 0000:A25A       ios::~ios()
 0000:A2B1       ios::init(streambuf far*)
 0000:A30C       ios::setf(long)
 0000:A3F7       ios::setstate(int)
 0000:A424       ios::tie(ostream far*)
 0A49:0005 idle  float_trap(int)
 0A49:006A idle  setup_float_exception()
 0A49:009D idle  reboot()
 0A49:00E9 idle  WhitePixel()
 0A49:0137 idle  DetectVGA256()
 0A49:01E3 idle  DetectVGAS3()
 0A49:029C idle  DetectVGA64k()
 0A49:0348 idle  DetectVGA24bit()
 0A49:03F4 idle  DetectVGA32k()
 0A49:04A0 idle  DetectVGA16()
 0A49:054C idle  DetectTwk16()
 0A49:05F8 idle  DetectTwk256()
 0A49:06A4 idle  DetectBGIVGA256()
 0A49:06C4 idle  initsvga()
 0A49:0766 idle  SetPallete(unsigned char,unsigned char,unsigned char,unsigned char)
 0A49:07B7 idle  GetVesaInfo(VesaInfo far*)
 0A49:07EA idle  GetModeInfo(int,ModeInfo far*)
 0A49:081D idle  setvesamode(int)
 0A49:0842 idle  SetMode(int,int)
 0A49:0956 idle  GetPixel(int,int)
 0A49:0A19 idle  PutPixel(int,int,unsigned char)
 0A49:0AD9 idle  SwitchBank(int)
 0A49:0B01 idle  wait()
 0A49:0B2B idle  getsvgainfo()
 0A49:0B63 idle  getvesainfo()
 0A49:0B9B idle  getvesamdeinfo(int,modeinfo far*)
 0A49:0BCE idle  HideMouse()
 0A49:0D30 idle  DrawCursor(unsigned char)
 0A49:0E04 idle  InitMouse()
 0A49:0EB3 idle  CheckMouse()
 0A49:0EFF idle  ResetMouse()
 0A49:0F2B idle  ShowMouse()
 0A49:0F5E idle  PutMousePixel(unsigned int,unsigned int)
 0A49:0FA8 idle  changespeed(unsigned int)
 0A49:0FF5 idle  changeacceleration(unsigned int)
 0A49:1038 idle  ismouse(int,int,int,int)
 0A49:107C idle  mclick(int,int,int,int)
 0A49:10C9 idle  moving()
 0A49:11A2 idle  setmousecursor(unsigned char far*)
 0A49:11D4 idle  ResetDSP(unsigned int)
 0A49:1249 idle  WriteDSP(unsigned char)
 0A49:1291 idle  PlayBack(WaveData far*)
 0A49:13A2 idle  LoadVoice(WaveData far*,char far*)
 0A49:1556 idle  playwav(char far*,float)
 0A49:15E9 idle  CHECKHARDWARE()
 0A49:1608 idle  set_mode_svga(unsigned char)
 0A49:164A idle  checksvga(int far&,int far&)
 0A49:16B5 idle  putsvgapixel(int,int,unsigned char)
 0A49:16F9 idle  getsvgapixel(int,int)
 0A49:173A idle  svgaline(int,int,int,int,unsigned char)
 0A49:1884 idle  svgarectangle(int,int,int,int,unsigned char)
 0A49:18F7 idle  svgacircle(int,int,int,unsigned char)
 0A49:19E7 idle  set_svga_palette(unsigned char far*)
 0A49:1A21 idle  WaitRetrace()
 0A49:1A4B idle  setbwpal()
 0A49:1AE8 idle  fadein()
 0A49:1B4F idle  set_svga_color(unsigned char)
 0A49:1B72 idle  get_svga_color()
 0A49:1B92 idle  get_svga_maxx()
 0A49:1BB3 idle  get_svga_maxy()
 0A49:1BD4 idle  set_svga_rgbpalette(int,int,int,int)
 0A49:1C38 idle  BITMAP::put_pixel(int far&,int far&,unsigned char far&,int)
 0A49:1CCF idle  BITMAP::power(int)
 0A49:1D0B idle  BITMAP::show_message(char far*)
 0A49:1D3E idle  BITMAP::open_file()
 0A49:1DA0 idle  BITMAP::load_palette()
 0A49:1E31 idle  BITMAP::show_one_bit_bitmap()
 0A49:202F idle  BITMAP::show_four_bit_bitmap()
 0A49:206C idle  BITMAP::show_eight_bit_bitmap()
 0A49:218B idle  BITMAP::setpalette(char far*)
 0A49:232F idle  BITMAP::Show_BMP(char far*)
 0A49:251B idle  wtbmpflhdr(const char far*)
 0A49:25D4 idle  wtbmpinfhdr(const char far*)
 0A49:2679 idle  wtbmpclrtbl(const char far*)
 0A49:28D5 idle  sv16clrbmp(const int,const ...
 0A49:2AAC idle  svbmp(const unsigned int,const ...
 0A49:2CDC idle  rdbmpflhdr(const char far*)
 0A49:2D95 idle  rdbmpinfhcr(const char far*)
 0A49:2E51 idle  rdbmpclrtbl(const char far*)
 0A49:2F33 idle  gtclr(const int)
 0A49:30E9 idle  shw16clrbmp(const int,const ...
 0A49:32F1 idle  ldbmp(const int,const ...
 0A49:3482 idle  ldbar_perc()
 0A49:357B idle  ldbar(int)
 0A49:3686 idle  setup_ldbar(int,int,int,int,int)
 0A49:3708 idle  digit_write(int,int,int)
 0A49:3CDC idle  digital(int,int,int)
 0A49:3F80 idle  log(char far*)
 0A49:403D idle  shadowtxt(char far*,int,int,int)
 0A49:40A0 idle  checkerrors()
 0A49:4100 idle  pageflip()
 0A49:4147 idle  Xldbmp(int,int,char far*)
 0A49:4188 idle  display_icon(int,int,char far*)
 0A49:41D4 idle  switchpage(int,int)
 0A49:420B idle  display_err(char far*)
 0A49:427B idle  Dim(char,char)
 0A49:4350 idle  Bright(char,char)
 0A49:4425 idle  Enlarge(int,int,char far*)
 0A49:451F idle  Reduce(int,int,char far*)
 0A49:4618 idle  gin()
 0A49:47F0 idle  glnextline()
 0A49:4828 idle  tabspace(int)
 0A49:485D idle  cuttonextline()
 0A49:488F idle  glouttext(char far*)
 0A49:4967 idle  msg_n_gin(int,int,char far*)
 0A49:49B8 idle  glprintf(char far*,...)
[...]
   660 0A49:4BA7   661 0A49:4BB7   662 0A49:4BC0   663 0A49:4BC9
   664 0A49:4BD5   665 0A49:4BE0   666 0A49:4BF0   667 0A49:4C02
   668 0A49:4C12   669 0A49:4C1D   670 0A49:4C46   671 0A49:4C52
   673 0A49:4C74   674 0A49:4C77   677 0A49:4C7E   678 0A49:4C86
   679 0A49:4C87   680 0A49:4C92   681 0A49:4CB4   682 0A49:4CC0
   683 0A49:4CE2   684 0A49:4CE8   685 0A49:4CEC   687 0A49:4CFD
   689 0A49:4D03   690 0A49:4D0A   692 0A49:4D0D   694 0A49:4D13
   695 0A49:4D16   696 0A49:4D21   697 0A49:4D43   698 0A49:4D4F
   699 0A49:4D71   700 0A49:4D75   701 0A49:4D86   703 0A49:4D89
   704 0A49:4D92   706 0A49:4DA0   707 0A49:4DA7   711 0A49:4DAC
   712 0A49:4DB2   715 0A49:4DB9   722 0A49:4DD8   723 0A49:4DE6
   725 0A49:4DF4   729 0A49:4E06   730 0A49:4E16   732 0A49:4E26
   735 0A49:4E2B   736 0A49:4E37   737 0A49:4E42   738 0A49:4E52
   739 0A49:4E64   741 0A49:4E74   742 0A49:4E7F   743 0A49:4EB1
   744 0A49:4EBD   746 0A49:4EEF   747 0A49:4EF4   750 0A49:4EF8
   751 0A49:4F00   752 0A49:4F01   753 0A49:4F05   754 0A49:4F0E
   755 0A49:4F12   757 0A49:4F25   759 0A49:4F2B   760 0A49:4F2F
   763 0A49:4F32   765 0A49:4F3B   766 0A49:4F3E   768 0A49:4F45
   769 0A49:4F50   770 0A49:4F82   771 0A49:4F8E   773 0A49:4FC0
   774 0A49:4FC4   775 0A49:4FCD   776 0A49:4FD1   777 0A49:4FE4
   779 0A49:4FE7   780 0A49:4FED   782 0A49:4FF0   784 0A49:4FFC
   785 0A49:5001   787 0A49:5018   788 0A49:502C   793 0A49:5030
   794 0A49:5044   797 0A49:5051   798 0A49:5054   800 0A49:505B
   802 0A49:5077   803 0A49:508E   804 0A49:5097   805 0A49:509E
   806 0A49:509F   807 0A49:50A3   808 0A49:50BF   809 0A49:50C5
   810 0A49:50CA   812 0A49:50E4   813 0A49:50FF   814 0A49:511B
   815 0A49:5137   816 0A49:5154   817 0A49:5170   818 0A49:518D
   819 0A49:51AA   820 0A49:51C8   821 0A49:51E6   822 0A49:5202
   823 0A49:521E   824 0A49:523B   825 0A49:5257   826 0A49:5274
   827 0A49:5291   828 0A49:52AF   831 0A49:52B2   833 0A49:52CC
   834 0A49:52DC   835 0A49:52EA   836 0A49:5327   837 0A49:5329
   838 0A49:532C   840 0A49:5351   841 0A49:5359   842 0A49:5368
   843 0A49:537E   844 0A49:5389   845 0A49:53A2   846 0A49:53B2
   847 0A49:53CC   848 0A49:53EC   849 0A49:540C   850 0A49:5426
   851 0A49:5446   852 0A49:5466   853 0A49:5480   854 0A49:54A0
   855 0A49:54C0   856 0A49:54DA   858 0A49:54DC   860 0A49:54E3
   863 0A49:5503   865 0A49:550F   868 0A49:5516   869 0A49:5522
   870 0A49:5524   873 0A49:554D   874 0A49:5567   875 0A49:556E
   876 0A49:557C   877 0A49:5583   879 0A49:5591   871 0A49:559D
   882 0A49:55A4   883 0A49:55A5   866 0A49:55B1   886 0A49:55CF
   887 0A49:55D1   888 0A49:55D8   892 0A49:55F6   894 0A49:5610
   896 0A49:5619   897 0A49:5637   898 0A49:5643   899 0A49:5652
   902 0A49:5654   903 0A49:5659   904 0A49:5666   893 0A49:566B
   907 0A49:566F   908 0A49:5671   910 0A49:5677   912 0A49:5699
   913 0A49:56AA   914 0A49:56BB   915 0A49:56BD   917 0A49:56C2
   918 0A49:56E7   919 0A49:56F5   920 0A49:5703   922 0A49:570B
   923 0A49:571C   924 0A49:572D   925 0A49:5741   926 0A49:5756
   927 0A49:576B   928 0A49:577F   929 0A49:5797   930 0A49:57AF
   931 0A49:57B3   932 0A49:57C4   933 0A49:57D5   934 0A49:57E9
   935 0A49:57FE   936 0A49:5813   937 0A49:5827   938 0A49:583F
   940 0A49:5871   942 0A49:5878   943 0A49:589D   944 0A49:58AD
   945 0A49:58B3   946 0A49:58C1   947 0A49:58CF   949 0A49:58D7
   950 0A49:58E8   951 0A49:58F9   952 0A49:590D   953 0A49:5922
   954 0A49:5937   955 0A49:594B   956 0A49:5963   957 0A49:597B
   958 0A49:597F   959 0A49:5990   960 0A49:59A1   961 0A49:59B5
   962 0A49:59CA   963 0A49:59DF   964 0A49:59F3   965 0A49:5A0B
   967 0A49:5A3D   968 0A49:5A44   970 0A49:5A5E   971 0A49:5A62
   973 0A49:5A6E   975 0A49:5A83   976 0A49:5A96   977 0A49:5AC6
   978 0A49:5AD2   979 0A49:5AD6   980 0A49:5AE9   982 0A49:5B40
   983 0A49:5B53   984 0A49:5B82   985 0A49:5B95   986 0A49:5B9E
   987 0A49:5BA2   989 0A49:5BA7   992 0A49:5BAB   994 0A49:5BAE
   996 0A49:5BB1   998 0A49:5BCB   999 0A49:5BDE  1000 0A49:5BF1
  1002 0A49:5C11  1004 0A49:5C14  1006 0A49:5C17  1009 0A49:5C36
  1011 0A49:5C3B  1012 0A49:5C48  1013 0A49:5C4B  1016 0A49:5C61
  1018 0A49:5C65  1020 0A49:5C92  1021 0A49:5C97  1022 0A49:5CA4
  1025 0A49:5CB0  1026 0A49:5CD5  1027 0A49:5CDB  1029 0A49:5CEA
  1031 0A49:5CF1  1033 0A49:5D10  1035 0A49:5D15  1036 0A49:5D22
  1038 0A49:5D25  1040 0A49:5D29  1041 0A49:5D4C  1042 0A49:5D66
  1043 0A49:5D6C  1045 0A49:5D78  1047 0A49:5D7F  1050 0A49:5D9E
  1052 0A49:5DA3  1053 0A49:5DB0  1054 0A49:5DB3  1057 0A49:5DC9
  1059 0A49:5DCD  1061 0A49:5DFA  1062 0A49:5DFF  1063 0A49:5E0C
  1066 0A49:5E18  1067 0A49:5E3D  1068 0A49:5E43  1070 0A49:5E52
  1072 0A49:5E59  1074 0A49:5E78  1076 0A49:5E7D  1077 0A49:5E8A
  1079 0A49:5E8D  1081 0A49:5E91  1082 0A49:5EB4  1083 0A49:5ECE
  1084 0A49:5ED4  1086 0A49:5EE0  1088 0A49:5EE7  1091 0A49:5F09
  1092 0A49:5F28  1093 0A49:5F2B  1096 0A49:5F40  1098 0A49:5F45
  1100 0A49:5F72  1101 0A49:5F77  1102 0A49:5F84  1105 0A49:5F90
  1106 0A49:5F96  1108 0A49:5F9B  1109 0A49:5F9E  1110 0A49:5FA4
  1112 0A49:5FD8  1114 0A49:5FDF  1116 0A49:6001  1117 0A49:6020
  1118 0A49:6023  1120 0A49:6027  1121 0A49:602D  1123 0A49:6032
  1124 0A49:6035  1125 0A49:603B  1126 0A49:605C  1129 0A49:607C
  1131 0A49:6083  1133 0A49:60A2  1134 0A49:60A6  1138 0A49:60AC
  1141 0A49:60C6  1142 0A49:60D4  1143 0A49:60DB  1145 0A49:60DF
  1146 0A49:60E2  1148 0A49:60E9  1150 0A49:60EE  1151 0A49:6102
  1154 0A49:6105  1155 0A49:610A  1139 0A49:611A  1159 0A49:6120
  1160 0A49:6122
    45 0A49:6129    48 0A49:6148    49 0A49:614C    50 0A49:6190
    51 0A49:61A1    52 0A49:61AF    53 0A49:61B1    55 0A49:61B6
    59 0A49:61D4    60 0A49:61E7    62 0A49:61F3    65 0A49:61F8
    67 0A49:623B    68 0A49:6277    69 0A49:6283    70 0A49:6287
    74 0A49:62C3    77 0A49:62C7    79 0A49:62D5    80 0A49:62DF
    81 0A49:62EB    84 0A49:6301    88 0A49:6307    95 0A49:6325
    96 0A49:633E    97 0A49:6343    98 0A49:634B    99 0A49:6358
   101 0A49:6363   102 0A49:6368   103 0A49:637A   104 0A49:63A1
   105 0A49:63AA   112 0A49:63C7   114 0A49:63CB   117 0A49:6428
   119 0A49:6436   120 0A49:644D   121 0A49:646D   122 0A49:6485
   123 0A49:649A   125 0A49:64A1
     2 0A49:64A7     5 0A49:64C4     6 0A49:64DB     7 0A49:64EC
     8 0A49:6507    10 0A49:650C    12 0A49:652A    13 0A49:653C
    16 0A49:6540    17 0A49:6559    18 0A49:6565    19 0A49:6571
    14 0A49:6572    21 0A49:659B    22 0A49:659D    24 0A49:65A3
    26 0A49:65C2    27 0A49:65DB    31 0A49:65F6    32 0A49:6609
    34 0A49:6617    35 0A49:6630    36 0A49:6635    38 0A49:663C
    39 0A49:663F    41 0A49:6684
    20 0A49:668B    22 0A49:66A8    23 0A49:66BE    24 0A49:66CB
    25 0A49:66CF    52 0A49:66D4    54 0A49:66EE    55 0A49:6700
    56 0A49:6716    57 0A49:672E    59 0A49:6731    61 0A49:674B
    62 0A49:677B    63 0A49:67AF    66 0A49:67B2    68 0A49:67CC
    69 0A49:67FC    70 0A49:6830    71 0A49:6864    73 0A49:6867
    75 0A49:6884    77 0A49:689C    78 0A49:68E3    79 0A49:692A
    80 0A49:6937    81 0A49:6946    83 0A49:694B    85 0A49:6965
    86 0A49:6983    87 0A49:699D    88 0A49:69B7    90 0A49:69BA
    92 0A49:69DC    93 0A49:69EE    94 0A49:6A04    96 0A49:6A09
    98 0A49:6A2B    99 0A49:6A3D   100 0A49:6A53   101 0A49:6A69
   104 0A49:6A6E   106 0A49:6A88   107 0A49:6A9A   108 0A49:6AB0
   109 0A49:6AC8   112 0A49:6ACB   114 0A49:6AE5   115 0A49:6B15
   116 0A49:6B49   118 0A49:6B4C   120 0A49:6B66   121 0A49:6B96
   122 0A49:6BCA   123 0A49:6BFE
    10 0A49:6C01    12 0A49:6C1B    13 0A49:6C30    15 0A49:6C33
    17 0A49:6C4D    18 0A49:6C7D    20 0A49:6C80    22 0A49:6C9A
    23 0A49:6CAF    24 0A49:6CB2    26 0A49:6CCC    28 0A49:6CFC
    20 0A49:6CFF    22 0A49:6D1C    23 0A49:6D3C    25 0A49:6D5C
    26 0A49:6D7C    28 0A49:6D9C    29 0A49:6DBC    31 0A49:6DDC
    32 0A49:6DDF    36 0A49:6DE4    39 0A49:6E01    40 0A49:6E2D
    42 0A49:6E5D    43 0A49:6E8D    45 0A49:6EBD    46 0A49:6EED
    48 0A49:6F1D    49 0A49:6F38
    67 0A49:6F3D    69 0A49:6F5A    70 0A49:6FEA    71 0A49:7017
    73 0A49:701C    75 0A49:7039    76 0A49:7052    77 0A49:712C
    78 0A49:7159    80 0A49:715E    82 0A49:717B    83 0A49:7183
    84 0A49:7213    85 0A49:72A3    86 0A49:72AE    87 0A49:72FA
    88 0A49:7305    90 0A49:730A    93 0A49:732B    94 0A49:734F
    95 0A49:7364    96 0A49:7388    97 0A49:739D    98 0A49:73C1
    99 0A49:73D6   101 0A49:73DC   104 0A49:73FD   105 0A49:7412
   106 0A49:7429   107 0A49:7440   108 0A49:7457   109 0A49:746E
   110 0A49:7485   111 0A49:749C   112 0A49:74B3   113 0A49:74CA
   114 0A49:74E1   115 0A49:74F8   116 0A49:750F   117 0A49:7526
   119 0A49:752C   121 0A49:7546   123 0A49:7576   125 0A49:758D
   127 0A49:7590   129 0A49:75AA   131 0A49:75D0   133 0A49:75E7
   135 0A49:75EA   138 0A49:7605   140 0A49:7609   142 0A49:764E
   143 0A49:7682   145 0A49:7686   148 0A49:76A5   150 0A49:76A9
   152 0A49:76D2   153 0A49:76EA   155 0A49:76EF   158 0A49:770A
   160 0A49:770E   162 0A49:7753   165 0A49:7757   169 0A49:7775
   170 0A49:777F   171 0A49:77A3   172 0A49:77C0   173 0A49:77DA
   174 0A49:7802   176 0A49:7809   177 0A49:7829   178 0A49:784B
   179 0A49:7862   180 0A49:7885   181 0A49:78A8   182 0A49:78BF
   183 0A49:78E2   185 0A49:7915   186 0A49:797C   187 0A49:7998
   189 0A49:799C   190 0A49:79BF   191 0A49:79D4   193 0A49:7A02
   194 0A49:7A12   195 0A49:7A14   197 0A49:7A1A   201 0A49:7A3D
   203 0A49:7A42   204 0A49:7A6A   206 0A49:7A92   207 0A49:7A9F
   208 0A49:7AE9   209 0A49:7AF6   216 0A49:7B49   218 0A49:7B68
    46 0A49:7B6F    50 0A49:7B8A    52 0A49:7B8F    53 0A49:7B93
    54 0A49:7BB9    55 0A49:7C01    56 0A49:7C49    57 0A49:7C52
    58 0A49:7C73    60 0A49:7CC3    61 0A49:7CC7    62 0A49:7D14
    63 0A49:7D17    65 0A49:7D1B    67 0A49:7D38    69 0A49:7D3C
    71 0A49:7D51    72 0A49:7D66    73 0A49:7D74    75 0A49:7D80
    77 0A49:7D85    78 0A49:7D91    79 0A49:7D9D    80 0A49:7DA9
    81 0A49:7DB5    82 0A49:7DC9    83 0A49:7DDD    84 0A49:7E2D
    85 0A49:7E62    86 0A49:7EB2    87 0A49:7EE7    88 0A49:7EF3
    89 0A49:7EFE    90 0A49:7F09    91 0A49:7F14    95 0A49:7F22
    96 0A49:7F54    97 0A49:7F6E    98 0A49:7F88   100 0A49:7FA2
   101 0A49:7FAE   102 0A49:7FC1   103 0A49:7FDB    93 0A49:7FF5
   106 0A49:8001   108 0A49:800B   109 0A49:8010   110 0A49:8025
   111 0A49:8031   113 0A49:8035   114 0A49:8038   116 0A49:803D
   118 0A49:8057   119 0A49:8081   120 0A49:8092   121 0A49:80BC
   122 0A49:80CD   123 0A49:80F7   124 0A49:8105   126 0A49:810B
   127 0A49:810F   128 0A49:8114   129 0A49:8119   131 0A49:811F
   132 0A49:8121
    63 0A49:8124    64 0A49:813E    65 0A49:816A    66 0A49:8175
    67 0A49:8182    68 0A49:8191    70 0A49:819A    71 0A49:81B4
    72 0A49:81E0    73 0A49:81EC    74 0A49:81FA    75 0A49:820A
    77 0A49:8213    78 0A49:822D    79 0A49:8259    80 0A49:8269
    81 0A49:827B    82 0A49:828F    84 0A49:8298    85 0A49:82B2
    87 0A49:82E0    89 0A49:82FA    90 0A49:830A    92 0A49:8312
    93 0A49:8324    94 0A49:8334    95 0A49:8346    96 0A49:834E
    98 0A49:8351   100 0A49:836B   101 0A49:840E   102 0A49:8414
   105 0A49:8417   107 0A49:8434   108 0A49:8488   110 0A49:848D
   111 0A49:848F   113 0A49:8494   115 0A49:84B1   116 0A49:8505
   118 0A49:850A   119 0A49:850C   121 0A49:8511   123 0A49:852E
   125 0A49:853A   126 0A49:854E   127 0A49:8564   128 0A49:857A
   129 0A49:85A4   131 0A49:85A9   133 0A49:85C6   135 0A49:85D2
   136 0A49:85E6   137 0A49:85FC   138 0A49:8612   139 0A49:863C
   141 0A49:8641   143 0A49:865E   145 0A49:866A   146 0A49:8684
   147 0A49:8697   148 0A49:86B1   149 0A49:86C4   150 0A49:86DE
   151 0A49:86F1   152 0A49:8719   154 0A49:871E   156 0A49:873B
   158 0A49:8747   159 0A49:875A   160 0A49:876F   161 0A49:8784
   162 0A49:87AE   164 0A49:87B3   166 0A49:87D0   168 0A49:87DC
   169 0A49:87EF   170 0A49:8804   171 0A49:8819   172 0A49:8843
   174 0A49:8848   176 0A49:8865   178 0A49:8871   179 0A49:8884
   180 0A49:8899   181 0A49:88AE   182 0A49:88D8   184 0A49:88DD
   186 0A49:88F7   187 0A49:890F   188 0A49:8929   189 0A49:8943
   190 0A49:894B   192 0A49:894E   194 0A49:8968   195 0A49:8980
   196 0A49:899A   197 0A49:89B4   198 0A49:89BC   200 0A49:89BF
   202 0A49:89D9   203 0A49:89F0   204 0A49:8A09   205 0A49:8A22
   206 0A49:8A2A   208 0A49:8A2D   210 0A49:8A47   211 0A49:8A5E
   212 0A49:8A77   213 0A49:8A90   214 0A49:8A98   216 0A49:8A9B
   218 0A49:8AB8   219 0A49:8ACA   220 0A49:8AE0   221 0A49:8AF4
   222 0A49:8B0A   225 0A49:8B24   226 0A49:8B39   227 0A49:8B50
   230 0A49:8B69   232 0A49:8B6E   234 0A49:8B8B   235 0A49:8BD6
   236 0A49:8BDA   238 0A49:8BDF   240 0A49:8BFC   241 0A49:8C36
   242 0A49:8C3A   244 0A49:8C3F   246 0A49:8C5C   247 0A49:8C68
   248 0A49:8C8F   249 0A49:8CBB   250 0A49:8CE4   251 0A49:8D0E
   253 0A49:8D13   255 0A49:8D30   256 0A49:8DE8   257 0A49:8DEC
   259 0A49:8DF1   261 0A49:8E0E   262 0A49:8E1A   264 0A49:8E26
   265 0A49:8E3B   266 0A49:8E54   267 0A49:8E82   269 0A49:8E87
   271 0A49:8EA4   272 0A49:8EB0   274 0A49:8EBC   275 0A49:8ED1
   276 0A49:8EEA   277 0A49:8EF7   278 0A49:8F25   280 0A49:8F2A
   282 0A49:8F47   284 0A49:8F53   285 0A49:8F68   286 0A49:8F81
   287 0A49:8F9F   289 0A49:8FA4   291 0A49:8FC1   293 0A49:8FCD
   294 0A49:8FE2   295 0A49:8FFB   296 0A49:9008   297 0A49:9026
   299 0A49:902B   301 0A49:9048   302 0A49:9054   303 0A49:90C3
   304 0A49:90EB   306 0A49:90F0   308 0A49:910D   309 0A49:9119
   310 0A49:9137   312 0A49:9155   313 0A49:9163   316 0A49:9184
   319 0A49:91A5   320 0A49:91CF   322 0A49:91D4   324 0A49:91F1
   325 0A49:91FD   326 0A49:921B   328 0A49:9239   331 0A49:925A
   332 0A49:9268   335 0A49:9289   336 0A49:92B3   338 0A49:92B8
   340 0A49:92D5   341 0A49:92E1   342 0A49:92FF   344 0A49:931D
   347 0A49:933E   350 0A49:935F   351 0A49:936D   352 0A49:9397
   354 0A49:939C   356 0A49:93B9   358 0A49:93C5   359 0A49:93E3
   361 0A49:9401   362 0A49:9422   363 0A49:944C   364 0A49:9455
   365 0A49:9474   366 0A49:949E   369 0A49:94A7   370 0A49:94C5
   372 0A49:94E3   373 0A49:9504   374 0A49:952E   375 0A49:9537
   376 0A49:9556   377 0A49:9580   379 0A49:9589   380 0A49:95A7
   382 0A49:95C5   383 0A49:95E6   384 0A49:9610   385 0A49:9619
   386 0A49:9638   387 0A49:9662   389 0A49:966B   390 0A49:9693
   392 0A49:9698   394 0A49:96B5   395 0A49:96C1   396 0A49:96DA
   398 0A49:96F3   399 0A49:9701   400 0A49:9722   401 0A49:974C
   402 0A49:9755   403 0A49:9774   404 0A49:979E   405 0A49:97A7
   406 0A49:97CF   408 0A49:97D4   410 0A49:97F1   411 0A49:97FD
   412 0A49:9816   414 0A49:982F   415 0A49:9850   416 0A49:987A
   417 0A49:9883   418 0A49:988F   419 0A49:98B0   420 0A49:98DA
   421 0A49:98E3   422 0A49:990B   424 0A49:9910   426 0A49:992D
   427 0A49:9939   428 0A49:9952   430 0A49:996B   431 0A49:998C
   432 0A49:99B6   433 0A49:99BF   434 0A49:99DE   435 0A49:9A08
   436 0A49:9A11   437 0A49:9A1D   438 0A49:9A47
     3 0A49:9A4C     7 0A49:9A6A     8 0A49:9A77    14 0A49:9A89
    15 0A49:9A96    17 0A49:9AA4    18 0A49:9AB9    20 0A49:9ABD
    21 0A49:9AD5    28 0A49:9ADE
     2 0A49:9AE4     5 0A49:9B01     6 0A49:9B15     7 0A49:9B26
     8 0A49:9B3A     9 0A49:9B48    11 0A49:9B4D    13 0A49:9B6A
    14 0A49:9C20    15 0A49:9C24    18 0A49:9C29    20 0A49:9C43
    21 0A49:9C4F    22 0A49:9C77    23 0A49:9C83    25 0A49:9CAB
    86 0A49:9CAE   100 0A49:9CC8   103 0A49:9CCB   106 0A49:9CEA
   108 0A49:9CF1   110 0A49:9CF6   112 0A49:9D31   113 0A49:9D83
   117 0A49:9DA5   118 0A49:9DA8   120 0A49:9DAF   123 0A49:9DCD
   125 0A49:9DD6   126 0A49:9E08   142 0A49:9E18   144 0A49:9E1B
   146 0A49:9E21   148 0A49:9E3B   151 0A49:9E3F   152 0A49:9E44
   153 0A49:9E59   154 0A49:9E5D   155 0A49:9E6A   156 0A49:9E87
   158 0A49:9EA5   159 0A49:9EB1   160 0A49:9EBD   164 0A49:9EBF
   165 0A49:9ECC   170 0A49:9ED7   171 0A49:9EED   172 0A49:9EF2
   173 0A49:9F04   174 0A49:9F66   175 0A49:9F7B   176 0A49:9F8E
   177 0A49:9F9A   180 0A49:9F9A   181 0A49:9F9D   225 0A49:9FB7
   227 0A49:9FBA   229 0A49:9FD4   230 0A49:9FD7
     6 0A49:9FDA     8 0A49:9FF4     9 0A49:9FFA    10 0A49:9FFE
    11 0A49:A001    17 0A49:A004    21 0A49:A023    22 0A49:A027
    23 0A49:A02B    25 0A49:A02F    27 0A49:A044    28 0A49:A059
    29 0A49:A067    31 0A49:A073    32 0A49:A07E    33 0A49:A089
    35 0A49:A094    36 0A49:A099    38 0A49:A0A7    39 0A49:A0C4
    44 0A49:A0E2    46 0A49:A0EE    47 0A49:A0F3    49 0A49:A0FE
    50 0A49:A10A    56 0A49:A11A    57 0A49:A123    58 0A49:A12B
    59 0A49:A130    60 0A49:A172    61 0A49:A198    63 0A49:A1AE
    64 0A49:A1C3    65 0A49:A1D4    66 0A49:A1D9    67 0A49:A1EA
    68 0A49:A22C    69 0A49:A23D    70 0A49:A27F    71 0A49:A2A1
    73 0A49:A2E3    74 0A49:A2FB    75 0A49:A30B    77 0A49:A34F
    78 0A49:A360    83 0A49:A378    86 0A49:A386    88 0A49:A3BD
    90 0A49:A3C9    91 0A49:A3D7    92 0A49:A40E    94 0A49:A421
    97 0A49:A424    98 0A49:A438   100 0A49:A440   102 0A49:A44F
   103 0A49:A47D   104 0A49:A48D   105 0A49:A4A5   106 0A49:A4B2
   109 0A49:A4B9   110 0A49:A4BC   115 0A49:A647   116 0A49:A66D
   119 0A49:A672   120 0A49:A676   122 0A49:A684   124 0A49:A6BB
   126 0A49:A6C7   127 0A49:A6D5   128 0A49:A70C   130 0A49:A71F
   133 0A49:A72E   134 0A49:A74B   136 0A49:A76B   138 0A49:A789
    51 0A49:A7C3   143 0A49:A7CC   144 0A49:A7D0   145 0A49:A7D5
   146 0A49:A7D8   147 0A49:A7DF   151 0A49:A7F9   152 0A49:A808
   153 0A49:A80C   154 0A49:A810   158 0A49:A814   160 0A49:A818
   162 0A49:A826   163 0A49:A82B   164 0A49:A837   165 0A49:A844
   166 0A49:A849   169 0A49:A84E   174 0A49:A862   176 0A49:A866
   177 0A49:A872   178 0A49:A877   179 0A49:A883   180 0A49:A888
   181 0A49:A88B
    66 0A49:AB50
    58 0A49:AB75    59 0A49:AB8F    60 0A49:ABC2    61 0A49:ABCB
    62 0A49:ABD4
   600 0A49:ABDD   601 0A49:ABF7   602 0A49:AC0F   603 0A49:AC15
   162 0A49:AC18   163 0A49:AC32   164 0A49:AC4C
   205 0A49:AC4F   206 0A49:AC69
   204 0A49:AC77
    14 0A49:AC9F    15 0A49:ACB9    16 0A49:ACD7    17 0A49:ACDE
    18 0A49:ACE6    19 0A49:ACF5    20 0A49:ACFE    21 0A49:AD07
    22 0A49:AD16
    39 0A49:AD1F    40 0A49:AD39    41 0A49:AD5A    42 0A49:AD68
    43 0A49:AD77    44 0A49:AD86    45 0A49:AD8F    46 0A49:AD98
    47 0A49:ADA7    48 0A49:ADB6    49 0A49:ADC5    50 0A49:ADD4
    51 0A49:ADE3    52 0A49:ADF2
   219 0A49:ADFB
   624 0A49:AE26   625 0A49:AE40   626 0A49:AE73   627 0A49:AE79
    79 0A49:AE7C    81 0A49:AE96    82 0A49:AEAA    83 0A49:AEBE
    16 0A49:AEC1    17 0A49:AEDB    18 0A49:AEF9    19 0A49:AF00
    20 0A49:AF09    21 0A49:AF18
    23 0A49:AF21    24 0A49:AF3B    25 0A49:AF43    26 0A49:AF55
    27 0A49:AF7D
    40 0A49:AF80    41 0A49:AF9A    42 0A49:AFBA
    13 0A49:AFBD    15 0A49:AFDA    16 0A49:AFF8
     8 0A49:AFFD    10 0A49:B01A    11 0A49:B038
   618 0A49:B03D   619 0A49:B057
   620 0A49:B075   621 0A49:B08F
    26 0A49:B09E    29 0A49:B0BB    30 0A49:B0C0    31 0A49:B0CD
    32 0A49:B0FC    33 0A49:B109    34 0A49:B138    35 0A49:B145
    36 0A49:B15B    37 0A49:B17A    38 0A49:B199    39 0A49:B1B8
    40 0A49:B1C7    41 0A49:B1F6    42 0A49:B203    43 0A49:B23C
    44 0A49:B241    45 0A49:B25C    46 0A49:B269    47 0A49:B273
    49 0A49:B283
    43 0A49:B288    45 0A49:B2A2    46 0A49:B2C3
    65 0A49:B2C6    67 0A49:B2E4    68 0A49:B2EC    69 0A49:B315
    70 0A49:B32B    71 0A49:B4C3    76 0A49:B615
    77 0A49:B61A    79 0A49:B637    80 0A49:B63F    81 0A49:B7D5
    47 0A49:B7DA    49 0A49:B7F4    52 0A49:B806
    53 0A49:B809    55 0A49:B823    56 0A49:B86B    57 0A49:B8AA
   350 0A49:B8AD   351 0A49:B8C8   353 0A49:B8C8   354 0A49:B90E
    75 0A49:B912    77 0A49:B92C    78 0A49:B940
   122 0A49:B943   126 0A49:B95D   127 0A49:B96B
    96 0A49:B96E   104 0A49:B98B   105 0A49:B9D4
    63 0A49:B9D9    64 0A49:B9F3    65 0A49:BA11    66 0A49:BA18
    67 0A49:BA20    68 0A49:BA28    69 0A49:BA30
Program entry point at 0000:0000

